--------- beginning of /dev/log/main
07-23 14:09:08.304  2069  8402 W Launcher: loadAndBindWorkspace
07-23 14:09:08.304  2069  8402 W Launcher: bindWorkspace
07-23 14:09:08.304  2069  8402 W Launcher: bindWorkspace - startBinding
07-23 14:09:08.304  2069  8402 W Launcher: bindWorkspace - bindHotSeats
07-23 14:09:08.304  2069  8402 W Launcher: bindWorkspace - bindItems
07-23 14:09:08.304  2069  8402 W Launcher: bindWorkspace - bindFolders
07-23 14:09:08.304  2069  8402 W Launcher: bindWorkspace - finishBindingIcons
07-23 14:09:08.304  2069  8402 W Launcher: bindWorkspace - bindWidget - current panel
07-23 14:09:08.304  2069  8402 W Launcher: bindWorkspace - bindOpenedFolderOnCurrentScreen
07-23 14:09:08.304  2069  8402 W Launcher: bindWorkspace - bindWidget - others panel
07-23 14:09:08.304  2069  8402 W Launcher: bindWorkspace - bindOpenedFolderOutCurrentScreen
07-23 14:09:08.304  2069  8402 W Launcher: bindWorkspace - finishBindingItems
07-23 14:09:08.304  2069  8402 W Launcher: LoaderThread.run - ends
07-23 14:09:08.314  7095  7095 I GpsToggle: OnReceive
07-23 14:09:08.314  7095  7095 I GpsToggle: getServiceState.ENABLED_STATE
07-23 14:09:08.314  7095  7095 I GpsToggle: UpdateWidget - currentState=ENABLED_STATE
07-23 14:09:08.314  7095  7095 I GpsToggle: updateButtons
07-23 14:09:08.324  7095  7095 I WifiToggle: OnReceive
07-23 14:09:08.324  7095  7095 I WifiToggle: getServiceState.DISABLED_STATE
07-23 14:09:08.324  7095  7095 I WifiToggle: UpdateWidget - currentState=DISABLED_STATE
07-23 14:09:08.324  7095  7095 I WifiToggle: updateButtons
07-23 14:09:08.324  7095  7095 I BluetoothToggle: OnReceive
07-23 14:09:08.324  7095  7095 I BluetoothToggle: getServiceState
07-23 14:09:08.324  7095  7095 I BluetoothToggle: getServiceState.DISABLED_STATE
07-23 14:09:08.324  7095  7095 I BluetoothToggle: UpdateWidget - currentState=DISABLED_STATE
07-23 14:09:08.324  7095  7095 I BluetoothToggle: updateButtons
07-23 14:09:08.334  7095  7095 I AirplaneModeToggle: OnReceive
07-23 14:09:08.334  7095  7095 I AirplaneModeToggle: getServiceState.DISABLED_STATE
07-23 14:09:08.334  7095  7095 I AirplaneModeToggle: UpdateWidget - currentState=DISABLED_STATE
07-23 14:09:08.334  7095  7095 I AirplaneModeToggle: updateButtons
07-23 14:09:08.344  2069  2069 W Launcher: startingBinding
07-23 14:09:08.344  7095  7095 I AirplaneModeToggle: OnReceive
07-23 14:09:08.344  7095  7095 I AirplaneModeToggle: OnUpdate
07-23 14:09:08.344  7095  7095 I AirplaneModeToggle: getServiceState.DISABLED_STATE
07-23 14:09:08.344  7095  7095 I AirplaneModeToggle: UpdateWidget - currentState=DISABLED_STATE
07-23 14:09:08.354  7095  7095 I AirplaneModeToggle: updateButtons
07-23 14:09:08.354  7095  7095 I AirplaneModeToggle: getServiceState.DISABLED_STATE
07-23 14:09:08.354  7095  7095 I AirplaneModeToggle: UpdateWidget - currentState=DISABLED_STATE
07-23 14:09:08.354  7095  7095 I AirplaneModeToggle: updateButtons
07-23 14:09:08.354  7095  7095 I GpsToggle: OnReceive
07-23 14:09:08.354  7095  7095 I GpsToggle: OnUpdate
07-23 14:09:08.354  7095  7095 I GpsToggle: getServiceState.ENABLED_STATE
07-23 14:09:08.354  7095  7095 I GpsToggle: UpdateWidget - currentState=ENABLED_STATE
07-23 14:09:08.354  7095  7095 I GpsToggle: updateButtons
07-23 14:09:08.354  7095  7095 I GpsToggle: getServiceState.ENABLED_STATE
07-23 14:09:08.354  7095  7095 I GpsToggle: UpdateWidget - currentState=ENABLED_STATE
07-23 14:09:08.354  7095  7095 I GpsToggle: updateButtons
07-23 14:09:08.364  7095  7095 I WifiToggle: OnReceive
07-23 14:09:08.364  7095  7095 I WifiToggle: OnUpdate
07-23 14:09:08.364  7095  7095 I WifiToggle: getServiceState.DISABLED_STATE
07-23 14:09:08.364  7095  7095 I WifiToggle: UpdateWidget - currentState=DISABLED_STATE
07-23 14:09:08.364  7095  7095 I WifiToggle: updateButtons
07-23 14:09:08.364  7095  7095 I WifiToggle: getServiceState.DISABLED_STATE
07-23 14:09:08.364  7095  7095 I WifiToggle: UpdateWidget - currentState=DISABLED_STATE
07-23 14:09:08.364  7095  7095 I WifiToggle: updateButtons
07-23 14:09:08.364  7095  7095 I BluetoothToggle: OnReceive
07-23 14:09:08.364  7095  7095 I BluetoothToggle: OnUpdate
07-23 14:09:08.364  7095  7095 I BluetoothToggle: getServiceState
07-23 14:09:08.364  7095  7095 I BluetoothToggle: getServiceState.DISABLED_STATE
07-23 14:09:08.364  7095  7095 I BluetoothToggle: UpdateWidget - currentState=DISABLED_STATE
07-23 14:09:08.374  7095  7095 I BluetoothToggle: updateButtons
07-23 14:09:08.374  7095  7095 I BluetoothToggle: getServiceState
07-23 14:09:08.374  7095  7095 I BluetoothToggle: getServiceState.DISABLED_STATE
07-23 14:09:08.374  7095  7095 I BluetoothToggle: UpdateWidget - currentState=DISABLED_STATE
07-23 14:09:08.374  7095  7095 I BluetoothToggle: updateButtons
07-23 14:09:08.384  2069  2069 I Launcher: setLoadOnResume
07-23 14:09:08.436  2069  2069 I Launcher: setLoadOnResume
07-23 14:09:08.446  2069  2069 I Launcher: setLoadOnResume
07-23 14:09:08.454  2069  2069 I Launcher: setLoadOnResume
07-23 14:09:08.474  2069  2069 I Launcher: setLoadOnResume
07-23 14:09:08.484  2069  2069 I Launcher: setLoadOnResume
07-23 14:09:08.494  2069  2069 I Launcher: setLoadOnResume
07-23 14:09:08.504  2069  2069 I Launcher: setLoadOnResume
07-23 14:09:08.524  8343  8343 I dalvikvm: Could not find method android.os.Build.getRadioVersion, referenced from method com.google.android.play.analytics.EventLogger.getRadioVersion
07-23 14:09:08.524  8343  8343 W dalvikvm: VFY: unable to resolve static method 701: Landroid/os/Build;.getRadioVersion ()Ljava/lang/String;
07-23 14:09:08.524  8343  8343 D dalvikvm: VFY: replacing opcode 0x71 at 0x0006
07-23 14:09:08.524  8343  8343 D dalvikvm: VFY: dead code 0x0009-0009 in Lcom/google/android/play/analytics/EventLogger;.getRadioVersion ()Ljava/lang/String;
07-23 14:09:08.554  2069  2069 I Launcher: setLoadOnResume
07-23 14:09:08.574  7095  7095 I GpsToggle: OnReceive
07-23 14:09:08.574  7095  7095 I GpsToggle: getServiceState.ENABLED_STATE
07-23 14:09:08.574  7095  7095 I GpsToggle: UpdateWidget - currentState=ENABLED_STATE
07-23 14:09:08.574  7095  7095 I GpsToggle: updateButtons
07-23 14:09:08.614  2069  2069 I Launcher: setLoadOnResume
07-23 14:09:08.624  7095  7095 I WifiToggle: OnReceive
07-23 14:09:08.624  7095  7095 I WifiToggle: getServiceState.DISABLED_STATE
07-23 14:09:08.624  7095  7095 I WifiToggle: UpdateWidget - currentState=DISABLED_STATE
07-23 14:09:08.624  7095  7095 I WifiToggle: updateButtons
07-23 14:09:08.634  8408  8408 D AndroidRuntime: 
07-23 14:09:08.634  8408  8408 D AndroidRuntime: >>>>>> AndroidRuntime START com.android.internal.os.RuntimeInit <<<<<<
07-23 14:09:08.634  8408  8408 D AndroidRuntime: CheckJNI is OFF
07-23 14:09:08.634  8408  8408 D dalvikvm: creating instr width table
07-23 14:09:08.654  2069  2069 I Launcher: setLoadOnResume
07-23 14:09:08.664  7095  7095 I BluetoothToggle: OnReceive
07-23 14:09:08.664  7095  7095 I BluetoothToggle: getServiceState
07-23 14:09:08.664  7095  7095 I BluetoothToggle: getServiceState.DISABLED_STATE
07-23 14:09:08.664  7095  7095 I BluetoothToggle: UpdateWidget - currentState=DISABLED_STATE
07-23 14:09:08.664  7095  7095 I BluetoothToggle: updateButtons
07-23 14:09:08.684  2069  2069 I Launcher: setLoadOnResume
07-23 14:09:08.694  7095  7095 I AirplaneModeToggle: OnReceive
07-23 14:09:08.694  7095  7095 I AirplaneModeToggle: getServiceState.DISABLED_STATE
07-23 14:09:08.694  7095  7095 I AirplaneModeToggle: UpdateWidget - currentState=DISABLED_STATE
07-23 14:09:08.704  7095  7095 I AirplaneModeToggle: updateButtons
07-23 14:09:08.724  2069  2069 I Launcher: setLoadOnResume
07-23 14:09:08.724  2069  2069 I Launcher: setLoadOnResume
07-23 14:09:08.734  2069  2069 I Launcher: setLoadOnResume
07-23 14:09:08.774  8408  8408 D AndroidRuntime: Calling main entry com.android.commands.pm.Pm
07-23 14:09:08.794  2069  2069 I Launcher: setLoadOnResume
07-23 14:09:08.804  7780  7787 D dalvikvm: GC_EXPLICIT freed 5K, 49% free 2780K/5379K, external 2357K/2773K, paused 21ms
--------- beginning of /dev/log/system
07-23 14:09:08.804  1637  1670 W ActivityManager: No content provider found for: 
07-23 14:09:08.824  2069  2069 I Launcher: setLoadOnResume
07-23 14:09:08.824  2069  2069 W Launcher: finishBindingItems
07-23 14:09:08.824  2069  2798 W Launcher: WorkspaceModel - saveModel
07-23 14:09:08.824  2069  2798 W Launcher: saveModel. Exiting because fav_loaded.0 not true
07-23 14:09:08.824  1637  1670 W ActivityManager: No content provider found for: 
07-23 14:09:08.834  1637  1670 D PackageParser: Scanning package: /data/app/vmdl-1347385409.tmp
07-23 14:09:08.844  2069  2113 D dalvikvm: GC_CONCURRENT freed 1992K, 54% free 4077K/8839K, external 14080K/15796K, paused 2ms+5ms
07-23 14:09:08.874  1637  1670 D PackageManager: Scanning package com.johnpritchard.docking
07-23 14:09:08.874  1637  1670 I PackageManager: Unpacking native libraries for /data/app/com.johnpritchard.docking-1.apk
07-23 14:09:08.886  1473  1473 D installd: DexInv: --- BEGIN '/data/app/com.johnpritchard.docking-1.apk' ---
07-23 14:09:08.886  1450  1518 E NetlinkEvent: NetlinkEvent::FindParam(): Parameter 'UDEV_LOG' not found
07-23 14:09:08.896  1450  1518 E NetlinkListener: ignoring non-kernel netlink multicast message
07-23 14:09:08.896  1452  1500 E NetlinkListener: ignoring non-kernel netlink multicast message
07-23 14:09:08.916  8418  8418 D dalvikvm: creating instr width table
07-23 14:09:09.024  8418  8418 D dalvikvm: DexOpt: load 13ms, verify+opt 80ms
07-23 14:09:09.344  1450  1518 E NetlinkEvent: NetlinkEvent::FindParam(): Parameter 'UDEV_LOG' not found
07-23 14:09:09.344  1450  1518 E NetlinkListener: ignoring non-kernel netlink multicast message
07-23 14:09:09.344  1452  1500 E NetlinkListener: ignoring non-kernel netlink multicast message
07-23 14:09:10.664  1637  1782 D KeyguardViewMediator: wakeWhenReadyLocked(26)
07-23 14:09:10.664  1637  1780 I power   : *** set_screen_state 1
07-23 14:09:10.664  1637  1776 D lights  : LCD: SENSOR, 1 * 1.00 => 1
07-23 14:09:10.664  1637  1777 D lights  : buttons: USER, 255
07-23 14:09:10.674  2069  8428 W Launcher: LoaderThread.run - starts
07-23 14:09:10.694  1637  1776 D lights  : LCD: SENSOR, 2 * 1.00 => 2
07-23 14:09:10.704  1637  1665 D WifiService: ACTION_SCREEN_ON -- Checked by Moto
07-23 14:09:10.714  1637  1776 D lights  : LCD: SENSOR, 4 * 1.00 => 4
07-23 14:09:10.714  2069  8428 W Launcher: loadAndBindWorkspace
07-23 14:09:10.714  2069  8428 W Launcher: bindWorkspace
07-23 14:09:10.714  2069  8428 W Launcher: bindWorkspace - startBinding
07-23 14:09:10.714  2069  8428 W Launcher: bindWorkspace - bindHotSeats
07-23 14:09:10.714  2069  8428 W Launcher: bindWorkspace - bindItems
07-23 14:09:10.714  2069  8428 W Launcher: bindWorkspace - bindFolders
07-23 14:09:10.714  2069  8428 W Launcher: bindWorkspace - finishBindingIcons
07-23 14:09:10.714  2069  8428 W Launcher: bindWorkspace - bindWidget - current panel
07-23 14:09:10.714  2069  8428 W Launcher: bindWorkspace - bindOpenedFolderOnCurrentScreen
07-23 14:09:10.714  2069  8428 W Launcher: bindWorkspace - bindWidget - others panel
07-23 14:09:10.714  2069  8428 W Launcher: bindWorkspace - bindOpenedFolderOutCurrentScreen
07-23 14:09:10.714  2069  8428 W Launcher: bindWorkspace - finishBindingItems
07-23 14:09:10.714  2069  8428 W Launcher: LoaderThread.run - ends
07-23 14:09:10.724  2118  2118 D PortalService: Portal onReceive: 
07-23 14:09:10.724  2118  2353 I PortalService: onHandleIntent() action android.intent.action.SCREEN_ON
07-23 14:09:10.724  2118  2353 D PortalService: Android Display On
07-23 14:09:10.724  2118  2353 D PortalHdmiHelper: setDetection: true
07-23 14:09:10.724  2118  2353 E PortalHdmiHelper: setDetection: enableing 
07-23 14:09:10.734  2119  2629 D ExtDispService: handleControlDetection: hdmi/true
07-23 14:09:10.734  1637  1776 D lights  : LCD: SENSOR, 5 * 1.00 => 5
07-23 14:09:10.734  2069  2069 W Launcher: startingBinding
07-23 14:09:10.734  2119  2629 E ExtDispService: getStandardSetting: moveToFirst failed
07-23 14:09:10.734  2119  2629 I ExtDispService: setHdmiStandard with automatic
07-23 14:09:10.734  2119  2629 D extdisp : HDMI SetStandard (0)
07-23 14:09:10.734  2119  2629 D extdisp : HDMI Adjusted Standard (0)
07-23 14:09:10.734  2119  2629 D HDMI    : HDMI_SetStandard 0
07-23 14:09:10.744  2119  2629 D HDMI    : HDMI_SetDetection (1)
07-23 14:09:10.744  2119  2629 D HDMINVDM: hdmiNvdm_SetPwrState: Off -> On
07-23 14:09:10.744  2119  2629 D HDMINVDM: hdmiNvdm_enableEvents
07-23 14:09:10.744  2119  2629 D HDMINVDM: hdmiNvdm_suspend: 0
07-23 14:09:10.744  1466  1588 D         : NVRM_DAEMON(1143): pm_notifier_thread: calling power_displays(true)
07-23 14:09:10.744  1466  1588 I         : DispMgr recv'd NvDispMgrDisplayAttr_Suspend
07-23 14:09:10.744  1466  1588 I         : called NvDispMgrAttrSetTranslate() from attr_common err=0
07-23 14:09:10.744  1466  1588 I         : DispMgr recv'd NvDispMgrDisplayAttr_Suspend
07-23 14:09:10.744  1466  1588 I         : called NvDispMgrAttrSetTranslate() from attr_common err=0
07-23 14:09:10.744  1466  1588 I         : DispMgr recv'd NvDispMgrDisplayAttr_Suspend
07-23 14:09:10.744  1466  1588 I         : called NvDispMgrAttrSetTranslate() from attr_common err=0
07-23 14:09:10.754  1456  1456 I /system/bin/nvrm_daemon: NVRM_DAEMON(1143): pm_notifier_thread: calling power_displays(true)
07-23 14:09:10.754  1637  1776 D lights  : LCD: SENSOR, 6 * 1.00 => 6
07-23 14:09:10.784  1637  1776 D lights  : LCD: SENSOR, 8 * 1.00 => 8
07-23 14:09:10.784  1473  1473 D installd: DexInv: --- END '/data/app/com.johnpritchard.docking-1.apk' (success) ---
07-23 14:09:10.794  1466  1587 D         : nvrm_daemon: rt_exist from client: 2
07-23 14:09:10.794  1466  1587 D         : rt_exist=2, add client ref
07-23 14:09:10.794  1466  1587 D         : nvrm_daemon: rt_exist to client: 2
07-23 14:09:10.794  1466  1587 D         : NVRM_DAEMON(1011): master_dispatch_thread() running
07-23 14:09:10.794  1637  1670 D PackageManager: Registered content provider: com.johnpritchard.docking.provider.History, className = com.johnpritchard.docking.DockingDatabaseHistoryProvider, isSyncable = false
07-23 14:09:10.794  1637  1670 D PackageManager:   Providers: com.johnpritchard.docking.DockingDatabaseHistoryProvider
07-23 14:09:10.794  1637  1670 D PackageManager:   Activities: com.johnpritchard.docking.DockingActivity2D com.johnpritchard.docking.DockingActivity3D
07-23 14:09:10.804  1456  1456 I /system/bin/nvrm_daemon: nvrm_daemon: rt_exist from client: 2
07-23 14:09:10.804  1456  1456 I /system/bin/nvrm_daemon: rt_exist=2, add client ref
07-23 14:09:10.804  1456  1456 I /system/bin/nvrm_daemon: nvrm_daemon: rt_exist to client: 2
07-23 14:09:10.804  1456  1456 I /system/bin/nvrm_daemon: NVRM_DAEMON(1011): master_dispatch_thread() running
07-23 14:09:10.804  1637  1776 D lights  : LCD: SENSOR, 9 * 1.00 => 9
07-23 14:09:10.834  1637  1776 D lights  : LCD: SENSOR, 10 * 1.00 => 10
07-23 14:09:10.854  1637  1776 D lights  : LCD: SENSOR, 11 * 1.00 => 11
07-23 14:09:10.864  1637  1667 W ProcessStats: Skipping unknown process pid 8418
07-23 14:09:10.874  1637  1776 D lights  : LCD: SENSOR, 13 * 1.00 => 13
07-23 14:09:10.874  1637  1667 I ActivityManager: Force stopping package com.johnpritchard.docking uid=10068
07-23 14:09:10.894  1637  1776 D lights  : LCD: SENSOR, 14 * 1.00 => 14
07-23 14:09:10.914  1637  1776 D lights  : LCD: SENSOR, 15 * 1.00 => 15
07-23 14:09:10.934  1637  1776 D lights  : LCD: SENSOR, 17 * 1.00 => 17
07-23 14:09:10.944  1466  4113 I         : DispMgr recv'd NvDispMgrDisplayAttr_Suspend
07-23 14:09:10.944  1466  4113 I         : called NvDispMgrAttrSetTranslate() from attr_common err=0
07-23 14:09:10.944  1466  4113 I         : DispMgr recv'd NvDispMgrDisplayAttr_Suspend
07-23 14:09:10.944  1466  4113 I         : called NvDispMgrAttrSetTranslate() from attr_common err=0
07-23 14:09:10.944  1466  4113 I         : enter motDsiSetSpecialFunction (3)
07-23 14:09:10.944  1466  4113 I         : motDsiGetPinPolarities
07-23 14:09:10.944  1466  4113 I         : enter motDsiSetSpecialFunction (1)
07-23 14:09:10.944  1466  4113 I         : enter motDsiSetMode
07-23 14:09:10.944  1466  4113 I         : enter motDsiSetPowerLevel
07-23 14:09:10.944  1466  4113 I         : exit motDsiSetPowerLevel
07-23 14:09:10.944  1466  4113 I         : 
07-23 14:09:10.944  1466  4113 I         : enter motDsiSetPowerLevel
07-23 14:09:10.944  1466  4113 I         : enter motDsiResume
07-23 14:09:10.944  1466  4113 I         : *******motDsiPanelInit********* (0x40, 1 3 0)
07-23 14:09:10.944  1466  4113 I         : *******motDsiPanelInit********* (dsiClock = 3)
07-23 14:09:10.954  1637  1776 D lights  : LCD: SENSOR, 18 * 1.00 => 18
07-23 14:09:10.974  1637  1776 D lights  : LCD: SENSOR, 20 * 1.00 => 20
07-23 14:09:11.124  1466  4113 I         : exit motDsiPanelInit Done
07-23 14:09:11.124  1466  4113 I         : 
07-23 14:09:11.124  1466  4113 I         : exit motDsiResume
07-23 14:09:11.124  1466  4113 I         : 
07-23 14:09:11.124  1466  4113 I         : exit motDsiSetPowerLevel
07-23 14:09:11.124  1466  4113 I         : 
07-23 14:09:11.124  2119  8438 D HDMINVDM: hdmiNvdm_GlClientActive: Active 0
07-23 14:09:11.124  2119  8438 D HDMINVDM: hdmiNvdm_DetermineUseMode: !attached
07-23 14:09:11.124  2119  8438 D HDMINVDM: hdmiNvdm_DetermineUseMode/0/0
07-23 14:09:11.124  2119  8438 D HDMINVDM: hdmiNvdm_setActiveDesktop: Enter - sUseMode = 0
07-23 14:09:11.124  2119  2629 D ExtDispService: SendMsg: STATUS_DETECTION hdmi/true
07-23 14:09:11.124  1466  1587 D         : nvrm_daemon: rt_exist from client: 2
07-23 14:09:11.124  1466  1587 D         : rt_exist=2, add client ref
07-23 14:09:11.124  1466  1587 D         : nvrm_daemon: rt_exist to client: 2
07-23 14:09:11.134  1466  1588 I         : DispMgr recv'd NvDispMgrDisplayAttr_Suspend
07-23 14:09:11.134  1466  1588 I         : called NvDispMgrAttrSetTranslate() from attr_common err=0
07-23 14:09:11.134  1466  1588 D         : NVRM_DAEMON(1146): pm_notifier_thread: returned from power_displays(true)
07-23 14:09:11.134  1637  1645 D SurfaceFlinger: Screen about to return, flinger = 0x285a48
07-23 14:09:11.134  2119  8431 D HDMINVDM: hdmiNvdm_eventLoop: Entering
07-23 14:09:11.134  1466  1587 D         : NVRM_DAEMON(1011): master_dispatch_thread() running
07-23 14:09:11.134  1456  1456 I /system/bin/nvrm_daemon: nvrm_daemon: rt_exist from client: 2
07-23 14:09:11.134  1456  1456 I /system/bin/nvrm_daemon: rt_exist=2, add client ref
07-23 14:09:11.134  1456  1456 I /system/bin/nvrm_daemon: nvrm_daemon: rt_exist to client: 2
07-23 14:09:11.134  1456  1456 I /system/bin/nvrm_daemon: NVRM_DAEMON(1146): pm_notifier_thread: returned from power_displays(true)
07-23 14:09:11.134  1456  1456 I /system/bin/nvrm_daemon: NVRM_DAEMON(1011): master_dispatch_thread() running
07-23 14:09:11.736  2118  8430 E PortalHdmiHelper: setDetection: enable Thread Done
07-23 14:09:11.736  2118  2118 D PortalHdmiHelper: HDMI onReceive: 
07-23 14:09:11.736  2118  2118 D PortalHdmiHelper:   STATUS_DETECTION = true
07-23 14:09:11.746  2119  8438 D ExtDispJni: SendMsg: EXTDISP_NOTIFY_STATUSCHANGED what/300 ext1/2 ext2/0
07-23 14:09:11.746  2119  8438 D HDMI    : Waiting for HDMI EGL Client ...
07-23 14:09:11.746  2119  2119 D ExtDispService: onReceive enter
07-23 14:09:11.746  2119  2119 D ExtDispService: NOTIFY_STATUSCHANGED
07-23 14:09:11.746  1473  1473 I installd: move /data/dalvik-cache/data@app@com.johnpritchard.docking-1.apk@classes.dex -> /data/dalvik-cache/data@app@com.johnpritchard.docking-1.apk@classes.dex
07-23 14:09:11.746  2141  2354 I SYS_MPP : WebtopStatusHandler	onDataActivity()...direction=3
07-23 14:09:11.746  2141  2354 I SYS_MPP : WebtopStatusHandler	updateDataIcon()
07-23 14:09:11.756  2119  2119 I ExtDispService: handleMessageNotifyStatusChanged: GLES Client Disconnect
07-23 14:09:11.756  2119  2119 D ExtDispService: SendMsg: STATUS_GLESCLIENT hdmi/false
07-23 14:09:11.766  2118  2118 D PortalService: Portal onReceive: 
07-23 14:09:11.766  2118  2353 I PortalService: onHandleIntent() action com.motorola.intent.action.EXTDISP_STATUS_GLESCLIENT
07-23 14:09:11.766  2118  2353 D PortalService: EXTDISP_STATUS_GLESCLIENT
07-23 14:09:11.786  1637  1670 D PackageManager: New package installed in /data/app/com.johnpritchard.docking-1.apk
07-23 14:09:11.786  2118  2118 D AutoSignInService: AutoSignIn onReceive: action=android.intent.action.SCREEN_ON
07-23 14:09:11.786  2118  2118 V AutoSignInService: onReceive while Webtop INACTIVE
07-23 14:09:11.786  1637  1670 W PackageManager: Unknown permission android.permission.READ_EXTERNAL_STORAGE in package com.johnpritchard.docking
07-23 14:09:11.856  1450  1518 E NetlinkEvent: NetlinkEvent::FindParam(): Parameter 'UDEV_LOG' not found
07-23 14:09:11.856  1450  1518 E NetlinkListener: ignoring non-kernel netlink multicast message
07-23 14:09:11.856  1452  1500 E NetlinkListener: ignoring non-kernel netlink multicast message
07-23 14:09:11.866  1637  1639 D dalvikvm: GC_CONCURRENT freed 1773K, 34% free 9309K/13959K, external 7983K/10008K, paused 8ms+8ms
07-23 14:09:12.006  2142  2142 D PowerProfileSvc: Receiver: Screen On
07-23 14:09:12.006  2142  3283 D PowerProfileSvc: Start: Received action: android.intent.action.batteryprofile.SCR_ON
07-23 14:09:12.006  2142  3283 D PowerProfileSvc: Algo:Run: current state --> 0Arg --> 2
07-23 14:09:12.016  2142  3283 D PowerProfileSvc: Algo:Run: new state is --> 0
07-23 14:09:12.016  1833  1833 D RawRadioSignalLevel: mSignalStrength=SignalStrength: 8 -1 -1 -1 -1 -1 -1 gsm 0 0 0 5 -98 -14, numBars=5
07-23 14:09:12.016  1833  1833 D RawRadioSignalLevel: raw_sig_level=-98,raw_ecno_ber=-14,raw_rat=5
07-23 14:09:12.016  1833  1833 D RawRadioSignalLevel: rscp_iconLevel=3, ecno_iconLevel=2
07-23 14:09:12.016  1833  1833 D RawRadioSignalLevel: iconLevel = 2
07-23 14:09:12.104  1637  1670 D dalvikvm: GC_EXPLICIT freed 474K, 35% free 9085K/13959K, external 7983K/10008K, paused 74ms
07-23 14:09:12.114  8408  8408 D AndroidRuntime: Shutting down VM
07-23 14:09:12.114  8408  8450 I AndroidRuntime: NOTE: attach of thread 'Binder Thread #3' failed
07-23 14:09:12.124  7095  7095 I AirplaneModeToggle: OnReceive
07-23 14:09:12.124  7095  7095 I AirplaneModeToggle: OnUpdate
07-23 14:09:12.124  7095  7095 I AirplaneModeToggle: getServiceState.DISABLED_STATE
07-23 14:09:12.124  7095  7095 I AirplaneModeToggle: UpdateWidget - currentState=DISABLED_STATE
07-23 14:09:12.124  8408  8410 D dalvikvm: GC_CONCURRENT freed 100K, 71% free 300K/1024K, external 0K/0K, paused 1ms+1ms
07-23 14:09:12.124  7095  7095 I AirplaneModeToggle: updateButtons
07-23 14:09:12.124  8408  8412 D jdwp    : adbd disconnected
07-23 14:09:12.124  7095  7095 I AirplaneModeToggle: getServiceState.DISABLED_STATE
07-23 14:09:12.124  7095  7095 I AirplaneModeToggle: UpdateWidget - currentState=DISABLED_STATE
07-23 14:09:12.134  7095  7095 I AirplaneModeToggle: updateButtons
07-23 14:09:12.144  7095  7095 I GpsToggle: OnReceive
07-23 14:09:12.144  7095  7095 I GpsToggle: OnUpdate
07-23 14:09:12.144  7095  7095 I GpsToggle: getServiceState.ENABLED_STATE
07-23 14:09:12.144  7095  7095 I GpsToggle: UpdateWidget - currentState=ENABLED_STATE
07-23 14:09:12.144  7095  7095 I GpsToggle: updateButtons
07-23 14:09:12.144  7095  7095 I GpsToggle: getServiceState.ENABLED_STATE
07-23 14:09:12.144  7095  7095 I GpsToggle: UpdateWidget - currentState=ENABLED_STATE
07-23 14:09:12.144  7095  7095 I GpsToggle: updateButtons
07-23 14:09:12.164  7095  7095 I WifiToggle: OnReceive
07-23 14:09:12.164  7095  7095 I WifiToggle: OnUpdate
07-23 14:09:12.164  7095  7095 I WifiToggle: getServiceState.DISABLED_STATE
07-23 14:09:12.164  7095  7095 I WifiToggle: UpdateWidget - currentState=DISABLED_STATE
07-23 14:09:12.164  7095  7095 I WifiToggle: updateButtons
07-23 14:09:12.164  7095  7095 I WifiToggle: getServiceState.DISABLED_STATE
07-23 14:09:12.164  7095  7095 I WifiToggle: UpdateWidget - currentState=DISABLED_STATE
07-23 14:09:12.164  7095  7095 I WifiToggle: updateButtons
07-23 14:09:12.194  7095  7095 I BluetoothToggle: OnReceive
07-23 14:09:12.194  7095  7095 I BluetoothToggle: OnUpdate
07-23 14:09:12.194  7095  7095 I BluetoothToggle: getServiceState
07-23 14:09:12.194  7095  7095 I BluetoothToggle: getServiceState.DISABLED_STATE
07-23 14:09:12.194  7095  7095 I BluetoothToggle: UpdateWidget - currentState=DISABLED_STATE
07-23 14:09:12.204  7095  7095 I BluetoothToggle: updateButtons
07-23 14:09:12.204  7095  7095 I BluetoothToggle: getServiceState
07-23 14:09:12.204  7095  7095 I BluetoothToggle: getServiceState.DISABLED_STATE
07-23 14:09:12.204  7095  7095 I BluetoothToggle: UpdateWidget - currentState=DISABLED_STATE
07-23 14:09:12.204  7095  7095 I BluetoothToggle: updateButtons
07-23 14:09:12.204  7095  7095 I GpsToggle: OnReceive
07-23 14:09:12.204  7095  7095 I GpsToggle: getServiceState.ENABLED_STATE
07-23 14:09:12.204  7095  7095 I GpsToggle: UpdateWidget - currentState=ENABLED_STATE
07-23 14:09:12.204  7095  7095 I GpsToggle: updateButtons
07-23 14:09:12.214  7095  7095 I WifiToggle: OnReceive
07-23 14:09:12.214  7095  7095 I WifiToggle: getServiceState.DISABLED_STATE
07-23 14:09:12.214  7095  7095 I WifiToggle: UpdateWidget - currentState=DISABLED_STATE
07-23 14:09:12.214  7095  7095 I WifiToggle: updateButtons
07-23 14:09:12.224  7697  7697 D VST-PackageChangeReceiver: onReceive()
07-23 14:09:12.224  7697  7697 D VST-PackageChangeReceiver: onReceive(), action = android.intent.action.PACKAGE_ADDED
07-23 14:09:12.224  7697  7697 D VST-ShortcutListSync: onChange, mNumTimesResyncStarted = 0
07-23 14:09:12.224  7697  7706 D VST-ShortcutListBuilder: VSuite applist recache START
07-23 14:09:12.224  7697  7706 D VST-ShortcutListBuilder: rebuildAppList Start rebuild
07-23 14:09:12.224  7697  7706 D VST-ShortcutListBuilder: queryActivitiesByIntent
07-23 14:09:12.254  1637  1665 D szipinf : Initializing inflate state
07-23 14:09:12.284  7697  7706 D VST-ShortcutListBuilder: VSuite applist recache END
07-23 14:09:12.284  7697  7697 D VST-ShortcutListBuilder: fireOnShortcutListBuildComplete, rebuild complete
07-23 14:09:12.284  7697  7697 D VST-ShortcutListSync: Rebuild complete, size = 67
07-23 14:09:12.294  2343  2343 D GTalkService: handlePackageInstalled: re-initialize providers
07-23 14:09:12.294  2343  2343 D GTalkService: [RawStanzaProvidersMgr] ##### searchProvidersFromIntent
07-23 14:09:12.294  2343  2343 D GTalkService: [RawStanzaProvidersMgr] no intent receivers found
07-23 14:09:12.306  2149  2149 D PMAppInfoManager: Not adding pkg as cache is not set
07-23 14:09:12.336  2616  2616 D PackageAddedReceiver: package added com.johnpritchard.docking
07-23 14:09:12.376  2069  2069 W Launcher: finishBindingItems
07-23 14:09:12.376  2069  2798 W Launcher: WorkspaceModel - saveModel
07-23 14:09:12.376  2069  2798 W Launcher: saveModel. Exiting because fav_loaded.0 not true
07-23 14:09:12.416  7095  7095 I BluetoothToggle: OnReceive
07-23 14:09:12.416  7095  7095 I BluetoothToggle: getServiceState
07-23 14:09:12.416  7095  7095 I BluetoothToggle: getServiceState.DISABLED_STATE
07-23 14:09:12.416  7095  7095 I BluetoothToggle: UpdateWidget - currentState=DISABLED_STATE
07-23 14:09:12.416  7095  7095 I BluetoothToggle: updateButtons
07-23 14:09:12.426  7095  7095 I AirplaneModeToggle: OnReceive
07-23 14:09:12.426  7095  7095 I AirplaneModeToggle: getServiceState.DISABLED_STATE
07-23 14:09:12.426  7095  7095 I AirplaneModeToggle: UpdateWidget - currentState=DISABLED_STATE
07-23 14:09:12.436  7095  7095 I AirplaneModeToggle: updateButtons
07-23 14:09:12.576  1637  2094 W PackageManager: setEnabledSetting(ENABLED) - would have exited here
07-23 14:09:12.974  8343  8346 D dalvikvm: GC_CONCURRENT freed 1054K, 48% free 3762K/7175K, external 2357K/2773K, paused 2ms+2ms
07-23 14:09:13.065  1637  1780 D MotorolaSettingsProvider: property: sys.mot_settings_secure_version=914
07-23 14:09:13.065  1637  1780 D MotorolaSettingsProvider: insert notifying for content://com.motorola.android.providers.settings/settings/lock_pin_current_failed_attempts
07-23 14:09:13.386  1637  2222 W PackageManager: setEnabledSetting(ENABLED) - would have exited here
07-23 14:09:13.394  2141  2354 I SYS_MPP : WebtopStatusHandler	onDataActivity()...direction=1
07-23 14:09:13.394  2141  2354 I SYS_MPP : WebtopStatusHandler	updateDataIcon()
07-23 14:09:13.394  2177  2177 D UsbService: onReceive(), received intent:android.intent.action.USER_PRESENT
07-23 14:09:13.394  2118  2118 D AutoSignInService: AutoSignIn onReceive: action=android.intent.action.USER_PRESENT
07-23 14:09:13.394  2118  2118 V AutoSignInService: onReceive while Webtop INACTIVE
07-23 14:09:13.594  1833  1833 D RawRadioSignalLevel: mSignalStrength=SignalStrength: 9 -1 -1 -1 -1 -1 -1 gsm 0 0 0 5 -96 -12, numBars=5
07-23 14:09:13.594  1833  1833 D RawRadioSignalLevel: raw_sig_level=-96,raw_ecno_ber=-12,raw_rat=5
07-23 14:09:13.594  1833  1833 D RawRadioSignalLevel: rscp_iconLevel=3, ecno_iconLevel=3
07-23 14:09:13.594  1833  1833 D RawRadioSignalLevel: iconLevel = 3
07-23 14:09:13.704  1637  1639 D dalvikvm: GC_CONCURRENT freed 1886K, 34% free 9227K/13959K, external 7983K/10008K, paused 3ms+8ms
07-23 14:09:13.744  8343  8366 D Volley  : [14] BasicNetwork.logSlowRequests: HTTP response for request=<[ ] https://android.clients.google.com/fdfe/selfUpdate 0xe8d195d1 NORMAL 1> [lifetime=5197], [size=9], [rc=200], [retryCount=0]
07-23 14:09:13.764  8343  8343 D Finsky  : [1] SelfUpdateScheduler.checkForSelfUpdate: Skipping DFE self-update. Local Version [80280020] >= Server Version [-1]
07-23 14:09:13.774  8343  8343 D Volley  : [1] Request.finish: 5235 ms: [ ] https://android.clients.google.com/fdfe/selfUpdate 0xe8d195d1 NORMAL 1
07-23 14:09:13.844  8343  8343 W Finsky  : [1] LibraryUpdateListener.onErrorResponse: Library replication failed: com.android.volley.AuthFailureError: User needs to (re)enter credentials.
07-23 14:09:14.394  2141  2354 I SYS_MPP : WebtopStatusHandler	onDataActivity()...direction=3
07-23 14:09:14.394  2141  2354 I SYS_MPP : WebtopStatusHandler	updateDataIcon()
07-23 14:09:14.844  8343  8346 D dalvikvm: GC_CONCURRENT freed 1069K, 48% free 3866K/7303K, external 2357K/2773K, paused 4ms+4ms
07-23 14:09:14.874  8343  8349 I dalvikvm: Total arena pages for JIT: 11
07-23 14:09:14.936  8343  8367 D dalvikvm: GC_FOR_MALLOC freed 333K, 43% free 4278K/7431K, external 2357K/2773K, paused 22ms
07-23 14:09:14.966  8343  8367 D dalvikvm: GC_FOR_MALLOC freed 420K, 44% free 4460K/7943K, external 2357K/2773K, paused 21ms
07-23 14:09:14.996  8343  8367 D dalvikvm: GC_FOR_MALLOC freed 349K, 44% free 4591K/8071K, external 2357K/2773K, paused 21ms
07-23 14:09:15.076  1637  1667 I ActivityManager: Start proc com.motorola.globalunplug for service com.motorola.globalunplug/.service.GlobalUnplugService: pid=8479 uid=10031 gids={}
07-23 14:09:15.076  1450  1518 E NetlinkEvent: NetlinkEvent::FindParam(): Parameter 'UDEV_LOG' not found
07-23 14:09:15.076  1450  1518 E NetlinkListener: ignoring non-kernel netlink multicast message
07-23 14:09:15.076  1452  1500 E NetlinkListener: ignoring non-kernel netlink multicast message
07-23 14:09:15.106  8479  8479 E GlobalUnplugService: plugged = true,mBatteryPlugged=false
07-23 14:09:15.106  8343  8367 D dalvikvm: GC_FOR_MALLOC freed 534K, 36% free 5361K/8327K, external 2357K/2773K, paused 32ms
07-23 14:09:15.164  8343  8346 D dalvikvm: GC_CONCURRENT freed 44K, 30% free 5913K/8391K, external 2357K/2773K, paused 2ms+7ms
07-23 14:09:15.224  8343  8343 D Finsky  : [1] CheckWifiAndAutoUpdate.cancelCheck: Cancelling auto-update wifi check.
07-23 14:09:15.694  8343  8343 W Finsky  : [1] 2.onErrorResponse: Update check failed: com.android.volley.AuthFailureError: User needs to (re)enter credentials.
07-23 14:09:15.694  8343  8343 D Finsky  : [1] DailyHygiene.flushEventLogsAndContinue: Flushing event logs for [aNQgUDKi5LThAXWw15tb9hs0xbM]
07-23 14:09:15.694  8343  8343 D Finsky  : [1] DailyHygiene.flushEventLogsAndContinue: Flushing event logs for [7njqyD07_LF83Q6CdnTDO0kG6CQ]
07-23 14:09:15.704  8343  8343 D Finsky  : [1] DailyHygiene.reschedule: Scheduling new run in 28 minutes (failures=2)
07-23 14:09:15.754  8343  8346 D dalvikvm: GC_CONCURRENT freed 1631K, 41% free 6027K/10055K, external 2357K/2773K, paused 2ms+2ms
07-23 14:09:15.806  1637  2222 I ActivityManager: Starting: Intent { act=com.motorola.blur.apps.ACTION_APPS flg=0x10200000 cmp=com.motorola.blur.home/com.motorola.blur.apps.AppsActivity (has extras) } from pid 2069
07-23 14:09:16.054  1637  1779 I ActivityManager: Displayed com.motorola.blur.home/com.motorola.blur.apps.AppsActivity: +213ms
07-23 14:09:16.404  2141  2354 I SYS_MPP : WebtopStatusHandler	onDataActivity()...direction=0
07-23 14:09:16.404  2141  2354 I SYS_MPP : WebtopStatusHandler	updateDataIcon()
07-23 14:09:16.934  1637  2120 I ActivityManager: Starting: Intent { act=android.intent.action.MAIN cat=[android.intent.category.LAUNCHER] flg=0x10200000 cmp=com.johnpritchard.docking/.DockingActivity2D } from pid 2069
07-23 14:09:16.944  1637  2472 I ActivityManager: Start proc com.johnpritchard.docking for activity com.johnpritchard.docking/.DockingActivity2D: pid=8507 uid=10068 gids={1015}
07-23 14:09:16.944  1450  1518 E NetlinkEvent: NetlinkEvent::FindParam(): Parameter 'UDEV_LOG' not found
07-23 14:09:16.944  1450  1518 E NetlinkListener: ignoring non-kernel netlink multicast message
07-23 14:09:16.944  1452  1500 E NetlinkListener: ignoring non-kernel netlink multicast message
07-23 14:09:16.994  8507  8507 I ActivityThread: Pub com.johnpritchard.docking.provider.History: com.johnpritchard.docking.DockingDatabaseHistoryProvider
07-23 14:09:17.094  8507  8517 I Docking : View/Animation start running
07-23 14:09:17.104  1637  2202 W InputManagerService: Starting input on non-focused client com.android.internal.view.IInputMethodClient$Stub$Proxy@40854b78 (uid=10004 pid=2069)
07-23 14:09:17.114  1637  1779 I ActivityManager: Displayed com.johnpritchard.docking/.DockingActivity2D: +172ms
07-23 14:09:17.124  8507  8517 I Docking : View/Animation start eval Database Init returned <null>
07-23 14:09:17.444  2616  2616 W PeopleReceiver: Received unexcepted broadcast: android.intent.action.PACKAGE_CHANGED
07-23 14:09:17.504  2616  2616 W PeopleReceiver: Received unexcepted broadcast: android.intent.action.PACKAGE_CHANGED
07-23 14:09:18.374  1637  1665 I WindowManager: Setting rotation to 1, animFlags=0
07-23 14:09:18.394  1637  1665 I ActivityManager: Config changed: { scale=1.0 imsi=310/410 loc=en_US touch=3 keys=1/1/2 nav=1/1 orien=2 layout=268435490 uiMode=17 seq=65}
07-23 14:09:18.456  8507  8517 I Docking : View/Animation start returning
07-23 14:09:18.456  2118  2118 I ApnEntitlementService: onConfigurationChanged
07-23 14:09:18.456  2118  2118 I AutoSignInService: onConfigurationChanged
07-23 14:09:18.456  2118  2118 I PortalService: onConfigurationChanged
07-23 14:09:18.546  8507  8529 I Docking : View/Animation start running
07-23 14:09:18.556  8507  8529 I Docking : View/Animation start eval Database Init returned <null>
07-23 14:09:19.294  8507  8529 I Docking : View/Animation start input Emphasis to start
07-23 14:09:19.294  8507  8529 I Docking : View/Animation start input Skip to start
07-23 14:09:19.294  8507  8529 I Docking : View/Animation start input Deemphasis to start
07-23 14:09:19.294  8507  8529 I Docking : View/Animation start input Enter to start
07-23 14:09:19.354  8507  8529 I Docking : View/Animation start eval Database Game returned gameplay
07-23 14:09:19.354  1637  1637 I ActivityManager: Starting: Intent { flg=0x4000008 cmp=com.johnpritchard.docking/.DockingActivity3D } from pid 8507
07-23 14:09:19.374  8507  8529 I Docking : View/Animation <*> returning
07-23 14:09:19.414  8507  8539 I Docking : Phys/Animation entering with title
07-23 14:09:19.414  8507  8538 D libEGL  : loaded /system/lib/egl/libGLES_android.so
07-23 14:09:19.414  8507  8540 I Docking : View/Animation gameplay running
07-23 14:09:19.414  8507  8540 I Docking : View/Animation gameplay eval Database Init returned <null>
07-23 14:09:19.414  8507  8538 D libEGL  : loaded /system/lib/egl/libEGL_tegra.so
07-23 14:09:19.426  1637  1779 I ActivityManager: Displayed com.johnpritchard.docking/.DockingActivity3D: +51ms
07-23 14:09:19.446  8507  8538 D libEGL  : loaded /system/lib/egl/libGLESv1_CM_tegra.so
07-23 14:09:19.446  8507  8538 D libEGL  : loaded /system/lib/egl/libGLESv2_tegra.so
07-23 14:09:19.875  1466  1658 I         : odm_disp_esd_thread starting loop dispInit=1 state=1
07-23 14:09:19.875  1466  1658 I         : odm_disp_esd_thread is running(0) state=1
07-23 14:09:20.676  1637  1779 D dalvikvm: GC_EXPLICIT freed 1275K, 35% free 9099K/13959K, external 7983K/10008K, paused 131ms
07-23 14:09:20.844  1450  1518 E NetlinkEvent: NetlinkEvent::FindParam(): Parameter 'UDEV_LOG' not found
07-23 14:09:20.844  1450  1518 E NetlinkListener: ignoring non-kernel netlink multicast message
07-23 14:09:20.844  1452  1500 E NetlinkListener: ignoring non-kernel netlink multicast message
07-23 14:09:20.874  1637  1667 W ProcessStats: Skipping unknown process pid 8547
07-23 14:09:20.874  1637  1667 W ProcessStats: Skipping unknown process pid 8548
07-23 14:09:21.044  8507  8510 D dalvikvm: GC_CONCURRENT freed 1478K, 54% free 3333K/7175K, external 2435K/2773K, paused 1ms+2ms
07-23 14:09:21.094  8507  8510 D dalvikvm: GC_CONCURRENT freed 940K, 53% free 3374K/7175K, external 2435K/2773K, paused 1ms+1ms
07-23 14:09:21.124  8507  8538 D dalvikvm: GC_FOR_MALLOC freed 910K, 54% free 3350K/7175K, external 2435K/2773K, paused 15ms
07-23 14:09:21.144  8507  8538 D dalvikvm: GC_FOR_MALLOC freed 708K, 52% free 3508K/7175K, external 2435K/2773K, paused 15ms
07-23 14:09:21.164  8507  8538 D dalvikvm: GC_FOR_MALLOC freed 789K, 53% free 3431K/7175K, external 2435K/2773K, paused 14ms
07-23 14:09:21.184  8507  8538 D dalvikvm: GC_FOR_MALLOC freed 688K, 52% free 3464K/7175K, external 2435K/2773K, paused 15ms
07-23 14:09:21.214  8507  8538 D dalvikvm: GC_FOR_MALLOC freed 647K, 52% free 3491K/7175K, external 2435K/2773K, paused 15ms
07-23 14:09:21.234  8507  8538 D dalvikvm: GC_FOR_MALLOC freed 486K, 49% free 3670K/7175K, external 2435K/2773K, paused 15ms
07-23 14:09:21.244  8507  8538 D dalvikvm: GC_FOR_MALLOC freed 450K, 51% free 3533K/7175K, external 2752K/2773K, paused 14ms
07-23 14:09:21.274  8507  8538 D dalvikvm: GC_EXTERNAL_ALLOC freed 153K, 49% free 3686K/7175K, external 2752K/2773K, paused 22ms
07-23 14:09:22.124  1833  1833 D RawRadioSignalLevel: mSignalStrength=SignalStrength: 10 -1 -1 -1 -1 -1 -1 gsm 0 0 0 5 -94 -11, numBars=5
07-23 14:09:22.124  1833  1833 D RawRadioSignalLevel: raw_sig_level=-94,raw_ecno_ber=-11,raw_rat=5
07-23 14:09:22.124  1833  1833 D RawRadioSignalLevel: rscp_iconLevel=3, ecno_iconLevel=4
07-23 14:09:22.124  1833  1833 D RawRadioSignalLevel: iconLevel = 3
07-23 14:09:22.415  8507  8539 I Docking : Phys/Animation running
07-23 14:09:25.074  1637  1667 I ActivityManager: Start proc com.authentec.TrueSuiteMobile for service com.authentec.TrueSuiteMobile/com.authentec.GfxEngine.Control.GfxService: pid=8570 uid=10062 gids={3003, 1015}
07-23 14:09:25.084  1450  1518 E NetlinkEvent: NetlinkEvent::FindParam(): Parameter 'UDEV_LOG' not found
07-23 14:09:25.094  1450  1518 E NetlinkListener: ignoring non-kernel netlink multicast message
07-23 14:09:25.104  1452  1500 E NetlinkListener: ignoring non-kernel netlink multicast message
07-23 14:09:25.164  8570  8570 W TrueSuiteMobile: <GfxService> AuthenTec TrueSuiteMobile version: 7.5.0.46
07-23 14:09:25.324  8507  8540 I Docking : View/Animation gameplay input Down to gameplay
07-23 14:09:25.434  2141  2354 I SYS_MPP : WebtopStatusHandler	onDataActivity()...direction=2
07-23 14:09:25.434  2141  2354 I SYS_MPP : WebtopStatusHandler	updateDataIcon()
07-23 14:09:25.594  1637  2120 I TelephonyRegistry: notifyServiceState: 0 home domestic AT&T AT&T 310410  HSDPA CSS not supported -1 -1RoamInd: -1DefRoamInd: -1EmergOnly: false
07-23 14:09:25.604  2010  2010 D PollingManager: phone state: 0 home domestic AT&T AT&T 310410  HSDPA CSS not supported -1 -1RoamInd: -1DefRoamInd: -1EmergOnly: false
07-23 14:09:25.604  2141  2354 I SYS_MPP : WebtopStatusHandler	updateDataIcon()
07-23 14:09:25.614  1833  1833 D RawRadioSignalLevel: mSignalStrength=SignalStrength: 10 -1 -1 -1 -1 -1 -1 gsm 0 0 0 5 -94 -11, numBars=5
07-23 14:09:25.614  1833  1833 D RawRadioSignalLevel: raw_sig_level=-94,raw_ecno_ber=-11,raw_rat=5
07-23 14:09:25.614  1833  1833 D RawRadioSignalLevel: rscp_iconLevel=3, ecno_iconLevel=4
07-23 14:09:25.614  1833  1833 D RawRadioSignalLevel: iconLevel = 3
07-23 14:09:25.614  1833  1833 D StatusBarPolicy: ERI alert sound is disabled.
07-23 14:09:25.634  1637  2415 I TelephonyRegistry: notifyDataConnection: state=2 isDataConnectivityPossible=true reason=nwTypeChanged interfaceName=ppp0 networkType=8
07-23 14:09:25.674  2004  2004 D PhoneApp: [NotificationMgr] updateNetworkSelection()...state = 0 new network 
07-23 14:09:25.674  5762  5762 D NetStatUtils: Receive a broadcast: android.intent.action.ANY_DATA_STATE
07-23 14:09:25.674  5762  5762 D NetStatUtils: Received android.intent.action.ANY_DATA_STATE broadcast - state = CONNECTED, unavailable = false
07-23 14:09:25.674  5762  5762 D NetStatUtils: The APN name is: phone and the interface is: ppp0
07-23 14:09:25.674  5762  5762 D NetStatUtils: This APN has been recorded before yet.
07-23 14:09:25.674  5762  5762 D NetStatUtils: This APN has been active yet. the corresponding interface is: ppp0
07-23 14:09:25.684  2141  2354 I SYS_MPP : WebtopStatusHandler	updateDataIcon()
07-23 14:09:25.724  1637  1665 D MobileDataStateTracker: replacing old mInterfaceName (ppp0) with ppp0 for hipri
07-23 14:09:25.724  2004  2004 D PhoneApp: [NotificationMgr] hideDataDisconnectedRoaming()...
07-23 14:09:25.734  3555  3555 I TransactionService: MMS-STATUS - start transaction service, app version=STABLE4.user.4.5.141.2.3.6.Blur_Version.4.5.141.MB860.ATT.en.US.Mon Dec 12 12:42:46 CST 2011 (log=false) (apn=false) (config=false)
07-23 14:09:25.734  3555  3555 I SmsReceiverService: MMS-STATUS - start sms receiver service, app version=STABLE4.user.4.5.141.2.3.6.Blur_Version.4.5.141.MB860.ATT.en.US.Mon Dec 12 12:42:46 CST 2011 (log=false) (apn=false) (config=false)
07-23 14:09:25.754  1637  1665 D MobileDataStateTracker: replacing old mInterfaceName (ppp0) with ppp0 for fota
07-23 14:09:25.754  1637  1665 D MobileDataStateTracker: replacing old mInterfaceName (ppp0) with ppp0 for agps
07-23 14:09:25.754  1637  1665 D MobileDataStateTracker: replacing old mInterfaceName (ppp0) with ppp0 for dun
07-23 14:09:25.764  1637  1665 D MobileDataStateTracker: replacing old mInterfaceName (ppp0) with ppp0 for supl
07-23 14:09:25.764  1637  1665 D MobileDataStateTracker: default Received state= CONNECTED, old= CONNECTED, reason= nwTypeChanged, apnTypeList= default,supl,agps,fota,dun
07-23 14:09:25.764  1637  1665 D NetworkStateTracker: setDetailed state, old =CONNECTED and new state=CONNECTED
07-23 14:09:25.954  8507  8540 I Docking : View/Animation gameplay input Down to gameplay
07-23 14:09:26.034  8570  8578 I TrueSuiteMobile: <GfxService> handleConnection() started.
07-23 14:09:26.444  2141  2354 I SYS_MPP : WebtopStatusHandler	onDataActivity()...direction=0
07-23 14:09:26.444  2141  2354 I SYS_MPP : WebtopStatusHandler	updateDataIcon()
07-23 14:09:26.744  8507  8540 I Docking : View/Animation gameplay input Enter to gameplay
07-23 14:09:27.684  8507  8540 I Docking : View/Animation gameplay input Down to gameplay
07-23 14:09:28.144  8507  8510 D dalvikvm: GC_CONCURRENT freed 1568K, 58% free 3081K/7175K, external 3262K/3819K, paused 3ms+6ms
07-23 14:09:28.314  8507  8540 I Docking : View/Animation gameplay input Down to gameplay
07-23 14:09:28.625  1466  1658 I         : odm_disp_esd_thread is running(496) state=1
07-23 14:09:29.164  1466  1646 D         : NVRM_DAEMON(479): queue_dispatch_thread() running
07-23 14:09:29.174  1456  1456 I /system/bin/nvrm_daemon: NVRM_DAEMON(479): queue_dispatch_thread() running
07-23 14:09:30.394  1637  1642 I TelephonyRegistry: notifyServiceState: 0 home domestic AT&T AT&T 310410  UMTS CSS not supported -1 -1RoamInd: -1DefRoamInd: -1EmergOnly: false
07-23 14:09:30.404  2010  2010 D PollingManager: phone state: 0 home domestic AT&T AT&T 310410  UMTS CSS not supported -1 -1RoamInd: -1DefRoamInd: -1EmergOnly: false
07-23 14:09:30.404  1833  1833 D RawRadioSignalLevel: mSignalStrength=SignalStrength: 10 -1 -1 -1 -1 -1 -1 gsm 0 0 0 5 -94 -11, numBars=5
07-23 14:09:30.404  2141  2354 I SYS_MPP : WebtopStatusHandler	updateDataIcon()
07-23 14:09:30.404  1833  1833 D RawRadioSignalLevel: raw_sig_level=-94,raw_ecno_ber=-11,raw_rat=5
07-23 14:09:30.404  1833  1833 D RawRadioSignalLevel: rscp_iconLevel=3, ecno_iconLevel=4
07-23 14:09:30.404  1833  1833 D RawRadioSignalLevel: iconLevel = 3
07-23 14:09:30.404  1833  1833 D StatusBarPolicy: ERI alert sound is disabled.
07-23 14:09:30.454  3555  3555 I TransactionService: MMS-STATUS - start transaction service, app version=STABLE4.user.4.5.141.2.3.6.Blur_Version.4.5.141.MB860.ATT.en.US.Mon Dec 12 12:42:46 CST 2011 (log=false) (apn=false) (config=false)
07-23 14:09:30.464  1637  1637 I TelephonyRegistry: notifyDataConnection: state=2 isDataConnectivityPossible=true reason=nwTypeChanged interfaceName=ppp0 networkType=3
07-23 14:09:30.484  2141  2354 I SYS_MPP : WebtopStatusHandler	updateDataIcon()
07-23 14:09:30.504  3555  3555 I SmsReceiverService: MMS-STATUS - start sms receiver service, app version=STABLE4.user.4.5.141.2.3.6.Blur_Version.4.5.141.MB860.ATT.en.US.Mon Dec 12 12:42:46 CST 2011 (log=false) (apn=false) (config=false)
07-23 14:09:30.504  5762  5762 D NetStatUtils: Receive a broadcast: android.intent.action.ANY_DATA_STATE
07-23 14:09:30.504  5762  5762 D NetStatUtils: Received android.intent.action.ANY_DATA_STATE broadcast - state = CONNECTED, unavailable = false
07-23 14:09:30.504  5762  5762 D NetStatUtils: The APN name is: phone and the interface is: ppp0
07-23 14:09:30.504  5762  5762 D NetStatUtils: This APN has been recorded before yet.
07-23 14:09:30.504  5762  5762 D NetStatUtils: This APN has been active yet. the corresponding interface is: ppp0
07-23 14:09:30.534  2004  2004 D PhoneApp: [NotificationMgr] updateNetworkSelection()...state = 0 new network 
07-23 14:09:30.534  1637  1665 D MobileDataStateTracker: replacing old mInterfaceName (ppp0) with ppp0 for hipri
07-23 14:09:30.534  1637  1665 D MobileDataStateTracker: replacing old mInterfaceName (ppp0) with ppp0 for fota
07-23 14:09:30.544  1637  1665 D MobileDataStateTracker: replacing old mInterfaceName (ppp0) with ppp0 for agps
07-23 14:09:30.544  1637  1665 D MobileDataStateTracker: replacing old mInterfaceName (ppp0) with ppp0 for dun
07-23 14:09:30.544  1637  1665 D MobileDataStateTracker: replacing old mInterfaceName (ppp0) with ppp0 for supl
07-23 14:09:30.554  1637  1665 D MobileDataStateTracker: default Received state= CONNECTED, old= CONNECTED, reason= nwTypeChanged, apnTypeList= default,supl,agps,fota,dun
07-23 14:09:30.554  1637  1665 D NetworkStateTracker: setDetailed state, old =CONNECTED and new state=CONNECTED
07-23 14:09:30.584  2004  2004 D PhoneApp: [NotificationMgr] hideDataDisconnectedRoaming()...
07-23 14:09:31.144  1637  2094 I TelephonyRegistry: notifyServiceState: 0 home domestic AT&T AT&T 310410  HSPA CSS not supported -1 -1RoamInd: -1DefRoamInd: -1EmergOnly: false
07-23 14:09:31.154  2010  2010 D PollingManager: phone state: 0 home domestic AT&T AT&T 310410  HSPA CSS not supported -1 -1RoamInd: -1DefRoamInd: -1EmergOnly: false
07-23 14:09:31.154  2141  2354 I SYS_MPP : WebtopStatusHandler	updateDataIcon()
07-23 14:09:31.154  1833  1833 D RawRadioSignalLevel: mSignalStrength=SignalStrength: 10 -1 -1 -1 -1 -1 -1 gsm 0 0 0 5 -94 -11, numBars=5
07-23 14:09:31.154  1833  1833 D RawRadioSignalLevel: raw_sig_level=-94,raw_ecno_ber=-11,raw_rat=5
07-23 14:09:31.154  1833  1833 D RawRadioSignalLevel: rscp_iconLevel=3, ecno_iconLevel=4
07-23 14:09:31.154  1833  1833 D RawRadioSignalLevel: iconLevel = 3
07-23 14:09:31.154  1833  1833 D StatusBarPolicy: ERI alert sound is disabled.
07-23 14:09:31.194  1637  2068 I TelephonyRegistry: notifyDataConnection: state=2 isDataConnectivityPossible=true reason=nwTypeChanged interfaceName=ppp0 networkType=10
07-23 14:09:31.194  2141  2354 I SYS_MPP : WebtopStatusHandler	updateDataIcon()
07-23 14:09:31.204  3555  3555 I TransactionService: MMS-STATUS - start transaction service, app version=STABLE4.user.4.5.141.2.3.6.Blur_Version.4.5.141.MB860.ATT.en.US.Mon Dec 12 12:42:46 CST 2011 (log=false) (apn=false) (config=false)
07-23 14:09:31.214  3555  3555 I SmsReceiverService: MMS-STATUS - start sms receiver service, app version=STABLE4.user.4.5.141.2.3.6.Blur_Version.4.5.141.MB860.ATT.en.US.Mon Dec 12 12:42:46 CST 2011 (log=false) (apn=false) (config=false)
07-23 14:09:31.224  2004  2004 D PhoneApp: [NotificationMgr] updateNetworkSelection()...state = 0 new network 
07-23 14:09:31.224  1833  1833 D RawRadioSignalLevel: mSignalStrength=SignalStrength: 9 -1 -1 -1 -1 -1 -1 gsm 0 0 0 5 -95 -11, numBars=5
07-23 14:09:31.224  1833  1833 D RawRadioSignalLevel: raw_sig_level=-95,raw_ecno_ber=-11,raw_rat=5
07-23 14:09:31.224  1833  1833 D RawRadioSignalLevel: rscp_iconLevel=3, ecno_iconLevel=4
07-23 14:09:31.224  1833  1833 D RawRadioSignalLevel: iconLevel = 3
07-23 14:09:31.224  1637  1665 D MobileDataStateTracker: replacing old mInterfaceName (ppp0) with ppp0 for hipri
07-23 14:09:31.224  5762  5762 D NetStatUtils: Receive a broadcast: android.intent.action.ANY_DATA_STATE
07-23 14:09:31.224  5762  5762 D NetStatUtils: Received android.intent.action.ANY_DATA_STATE broadcast - state = CONNECTED, unavailable = false
07-23 14:09:31.224  5762  5762 D NetStatUtils: The APN name is: phone and the interface is: ppp0
07-23 14:09:31.224  5762  5762 D NetStatUtils: This APN has been recorded before yet.
