07-23 14:09:31.224  5762  5762 D NetStatUtils: This APN has been active yet. the corresponding interface is: ppp0
07-23 14:09:31.244  2004  2004 D PhoneApp: [NotificationMgr] hideDataDisconnectedRoaming()...
07-23 14:09:31.274  1637  1665 D MobileDataStateTracker: replacing old mInterfaceName (ppp0) with ppp0 for fota
07-23 14:09:31.274  1637  1665 D MobileDataStateTracker: replacing old mInterfaceName (ppp0) with ppp0 for agps
07-23 14:09:31.274  1637  1665 D MobileDataStateTracker: replacing old mInterfaceName (ppp0) with ppp0 for dun
07-23 14:09:31.274  1637  1665 D MobileDataStateTracker: replacing old mInterfaceName (ppp0) with ppp0 for supl
07-23 14:09:31.284  1637  1665 D MobileDataStateTracker: default Received state= CONNECTED, old= CONNECTED, reason= nwTypeChanged, apnTypeList= default,supl,agps,fota,dun
07-23 14:09:31.284  1637  1665 D NetworkStateTracker: setDetailed state, old =CONNECTED and new state=CONNECTED
07-23 14:09:35.804  8507  8510 D dalvikvm: GC_CONCURRENT freed 1105K, 57% free 3094K/7175K, external 3295K/3819K, paused 3ms+4ms
07-23 14:09:36.354  7697  7697 D dalvikvm: GC_EXPLICIT freed 715K, 57% free 3099K/7175K, external 2357K/2773K, paused 67ms
07-23 14:09:37.374  1466  1658 I         : odm_disp_esd_thread is running(518) state=1
07-23 14:09:41.224  1637  2062 D ConnectivityService: getMobileDataEnabled returning true
07-23 14:09:41.254  1637  1637 D ConnectivityService: stopUsingNetworkFeature for net 0: enableMMS
07-23 14:09:41.254  1637  1637 D ConnectivityService: ignoring stopUsingNetworkFeature - not a live request
07-23 14:09:41.334  7780  7780 D dalvikvm: GC_EXPLICIT freed 7K, 49% free 2779K/5379K, external 2357K/2773K, paused 43ms
07-23 14:09:43.434  8507  8510 D dalvikvm: GC_CONCURRENT freed 1096K, 57% free 3091K/7175K, external 3301K/3819K, paused 6ms+2ms
07-23 14:09:46.034  1466  1646 D         : NVRM_DAEMON(479): queue_dispatch_thread() running
07-23 14:09:46.044  1456  1456 I /system/bin/nvrm_daemon: NVRM_DAEMON(479): queue_dispatch_thread() running
07-23 14:09:46.124  1466  1658 I         : odm_disp_esd_thread is running(520) state=1
07-23 14:09:46.154  1833  1833 D RawRadioSignalLevel: mSignalStrength=SignalStrength: 8 -1 -1 -1 -1 -1 -1 gsm 0 0 0 5 -97 -12, numBars=5
07-23 14:09:46.154  1833  1833 D RawRadioSignalLevel: raw_sig_level=-97,raw_ecno_ber=-12,raw_rat=5
07-23 14:09:46.164  1833  1833 D RawRadioSignalLevel: rscp_iconLevel=3, ecno_iconLevel=3
07-23 14:09:46.164  1833  1833 D RawRadioSignalLevel: iconLevel = 3
07-23 14:09:49.144  1833  1833 D RawRadioSignalLevel: mSignalStrength=SignalStrength: 9 -1 -1 -1 -1 -1 -1 gsm 0 0 0 5 -96 -12, numBars=5
07-23 14:09:49.144  1833  1833 D RawRadioSignalLevel: raw_sig_level=-96,raw_ecno_ber=-12,raw_rat=5
07-23 14:09:49.144  1833  1833 D RawRadioSignalLevel: rscp_iconLevel=3, ecno_iconLevel=3
07-23 14:09:49.144  1833  1833 D RawRadioSignalLevel: iconLevel = 3
07-23 14:09:51.574  8507  8510 D dalvikvm: GC_CONCURRENT freed 1154K, 57% free 3088K/7175K, external 3310K/3819K, paused 3ms+3ms
07-23 14:09:54.204  6125  6125 D dalvikvm: GC_EXPLICIT freed 8K, 49% free 2785K/5379K, external 2357K/2773K, paused 42ms
07-23 14:09:54.876  1466  1658 I         : odm_disp_esd_thread is running(519) state=1
07-23 14:09:55.154  1833  1833 D RawRadioSignalLevel: mSignalStrength=SignalStrength: 8 -1 -1 -1 -1 -1 -1 gsm 0 0 0 5 -98 -16, numBars=5
07-23 14:09:55.154  1833  1833 D RawRadioSignalLevel: raw_sig_level=-98,raw_ecno_ber=-16,raw_rat=5
07-23 14:09:55.154  1833  1833 D RawRadioSignalLevel: rscp_iconLevel=3, ecno_iconLevel=1
07-23 14:09:55.154  1833  1833 D RawRadioSignalLevel: iconLevel = 1
07-23 14:09:59.234  8507  8510 D dalvikvm: GC_CONCURRENT freed 1092K, 57% free 3087K/7175K, external 3292K/3819K, paused 3ms+2ms
07-23 14:09:59.384  8507  8540 I Docking : View/Animation gameplay input Enter to gameplay
07-23 14:10:00.004  2141  2141 I SYS_MPP : WebtopStatusHandler	Time change action: android.intent.action.TIME_TICK
07-23 14:10:00.004  2141  2141 I SYS_MPP : WebtopStatusHandler	xxxxxxx Date long format=Wednesday, July 23, 2014
07-23 14:10:01.184  1833  1833 D RawRadioSignalLevel: mSignalStrength=SignalStrength: 7 -1 -1 -1 -1 -1 -1 gsm 0 0 0 5 -99 -16, numBars=5
07-23 14:10:01.184  1833  1833 D RawRadioSignalLevel: raw_sig_level=-99,raw_ecno_ber=-16,raw_rat=5
07-23 14:10:01.184  1833  1833 D RawRadioSignalLevel: rscp_iconLevel=3, ecno_iconLevel=1
07-23 14:10:01.184  1833  1833 D RawRadioSignalLevel: iconLevel = 1
07-23 14:10:02.866  1466  1646 D         : NVRM_DAEMON(479): queue_dispatch_thread() running
07-23 14:10:02.874  1456  1456 I /system/bin/nvrm_daemon: NVRM_DAEMON(479): queue_dispatch_thread() running
07-23 14:10:03.625  1466  1658 I         : odm_disp_esd_thread is running(521) state=1
07-23 14:10:06.234  6138  6138 D dalvikvm: GC_EXPLICIT freed 4K, 49% free 2775K/5379K, external 2357K/2773K, paused 43ms
07-23 14:10:06.884  8507  8510 D dalvikvm: GC_CONCURRENT freed 1101K, 57% free 3091K/7175K, external 3293K/3819K, paused 3ms+2ms
07-23 14:10:07.154  1833  1833 D RawRadioSignalLevel: mSignalStrength=SignalStrength: 8 -1 -1 -1 -1 -1 -1 gsm 0 0 0 5 -98 -14, numBars=5
07-23 14:10:07.154  1833  1833 D RawRadioSignalLevel: raw_sig_level=-98,raw_ecno_ber=-14,raw_rat=5
07-23 14:10:07.154  1833  1833 D RawRadioSignalLevel: rscp_iconLevel=3, ecno_iconLevel=2
07-23 14:10:07.154  1833  1833 D RawRadioSignalLevel: iconLevel = 2
07-23 14:10:12.214  5762  5762 D dalvikvm: GC_EXPLICIT freed 89K, 51% free 2834K/5767K, external 2357K/2773K, paused 35ms
07-23 14:10:12.375  1466  1658 I         : odm_disp_esd_thread is running(519) state=1
07-23 14:10:13.154  1833  1833 D RawRadioSignalLevel: mSignalStrength=SignalStrength: 7 -1 -1 -1 -1 -1 -1 gsm 0 0 0 5 -99 -16, numBars=5
07-23 14:10:13.154  1833  1833 D RawRadioSignalLevel: raw_sig_level=-99,raw_ecno_ber=-16,raw_rat=5
07-23 14:10:13.154  1833  1833 D RawRadioSignalLevel: rscp_iconLevel=3, ecno_iconLevel=1
07-23 14:10:13.154  1833  1833 D RawRadioSignalLevel: iconLevel = 1
07-23 14:10:14.574  8507  8510 D dalvikvm: GC_CONCURRENT freed 1105K, 57% free 3099K/7175K, external 3295K/3817K, paused 3ms+2ms
07-23 14:10:14.804  8507  8539 I Docking : Phys/Animation returning
07-23 14:10:15.144  8507  8540 I Docking : View/Animation gameplay eval Database GameOver returned gamecrash
07-23 14:10:16.164  1833  1833 D RawRadioSignalLevel: mSignalStrength=SignalStrength: 8 -1 -1 -1 -1 -1 -1 gsm 0 0 0 5 -98 -14, numBars=5
07-23 14:10:16.164  1833  1833 D RawRadioSignalLevel: raw_sig_level=-98,raw_ecno_ber=-14,raw_rat=5
07-23 14:10:16.164  1833  1833 D RawRadioSignalLevel: rscp_iconLevel=3, ecno_iconLevel=2
07-23 14:10:16.164  1833  1833 D RawRadioSignalLevel: iconLevel = 2
07-23 14:10:16.734  2343  2343 W GCM     : Heartbeat timeout, GCM connection reset
07-23 14:10:16.744  1637  2222 D ConnectivityService: reportNetworkCondition(0, 0)
07-23 14:10:16.744  1637  1786 D ConnectivityService: Inet connectivity change, net=0, condition=0,mActiveDefaultNetwork=0
07-23 14:10:16.744  1637  1786 D ConnectivityService: starting a change hold
07-23 14:10:17.554  2010  2010 D PollingManager: phone state: 0 home domestic AT&T AT&T 310410  UMTS CSS not supported -1 -1RoamInd: -1DefRoamInd: -1EmergOnly: false
07-23 14:10:17.554  1637  1637 I TelephonyRegistry: notifyServiceState: 0 home domestic AT&T AT&T 310410  UMTS CSS not supported -1 -1RoamInd: -1DefRoamInd: -1EmergOnly: false
07-23 14:10:17.564  2141  2354 I SYS_MPP : WebtopStatusHandler	updateDataIcon()
07-23 14:10:17.564  1833  1833 D RawRadioSignalLevel: mSignalStrength=SignalStrength: 8 -1 -1 -1 -1 -1 -1 gsm 0 0 0 5 -98 -14, numBars=5
07-23 14:10:17.564  1833  1833 D RawRadioSignalLevel: raw_sig_level=-98,raw_ecno_ber=-14,raw_rat=5
07-23 14:10:17.564  1833  1833 D RawRadioSignalLevel: rscp_iconLevel=3, ecno_iconLevel=2
07-23 14:10:17.564  1833  1833 D RawRadioSignalLevel: iconLevel = 2
07-23 14:10:17.564  1833  1833 D StatusBarPolicy: ERI alert sound is disabled.
07-23 14:10:17.604  1637  2094 I TelephonyRegistry: notifyDataConnection: state=2 isDataConnectivityPossible=true reason=nwTypeChanged interfaceName=ppp0 networkType=3
07-23 14:10:17.634  2141  2354 I SYS_MPP : WebtopStatusHandler	updateDataIcon()
07-23 14:10:17.644  2004  2004 D PhoneApp: [NotificationMgr] updateNetworkSelection()...state = 0 new network 
07-23 14:10:17.654  3555  3555 I TransactionService: MMS-STATUS - start transaction service, app version=STABLE4.user.4.5.141.2.3.6.Blur_Version.4.5.141.MB860.ATT.en.US.Mon Dec 12 12:42:46 CST 2011 (log=false) (apn=false) (config=false)
07-23 14:10:17.654  3555  3555 I SmsReceiverService: MMS-STATUS - start sms receiver service, app version=STABLE4.user.4.5.141.2.3.6.Blur_Version.4.5.141.MB860.ATT.en.US.Mon Dec 12 12:42:46 CST 2011 (log=false) (apn=false) (config=false)
07-23 14:10:17.674  1637  1665 D MobileDataStateTracker: replacing old mInterfaceName (ppp0) with ppp0 for hipri
07-23 14:10:17.674  2004  2004 D PhoneApp: [NotificationMgr] hideDataDisconnectedRoaming()...
07-23 14:10:17.684  5762  5762 D NetStatUtils: Receive a broadcast: android.intent.action.ANY_DATA_STATE
07-23 14:10:17.684  5762  5762 D NetStatUtils: Received android.intent.action.ANY_DATA_STATE broadcast - state = CONNECTED, unavailable = false
07-23 14:10:17.684  5762  5762 D NetStatUtils: The APN name is: phone and the interface is: ppp0
07-23 14:10:17.684  5762  5762 D NetStatUtils: This APN has been recorded before yet.
07-23 14:10:17.684  5762  5762 D NetStatUtils: This APN has been active yet. the corresponding interface is: ppp0
07-23 14:10:17.694  1637  1665 D MobileDataStateTracker: replacing old mInterfaceName (ppp0) with ppp0 for fota
07-23 14:10:17.704  1637  1665 D MobileDataStateTracker: replacing old mInterfaceName (ppp0) with ppp0 for agps
07-23 14:10:17.704  1637  1665 D MobileDataStateTracker: replacing old mInterfaceName (ppp0) with ppp0 for dun
07-23 14:10:17.704  1637  1665 D MobileDataStateTracker: replacing old mInterfaceName (ppp0) with ppp0 for supl
07-23 14:10:17.704  1637  1665 D MobileDataStateTracker: default Received state= CONNECTED, old= CONNECTED, reason= nwTypeChanged, apnTypeList= default,supl,agps,fota,dun
07-23 14:10:17.704  1637  1665 D NetworkStateTracker: setDetailed state, old =CONNECTED and new state=CONNECTED
07-23 14:10:17.744  2141  2354 I SYS_MPP : WebtopStatusHandler	onDataActivity()...direction=2
07-23 14:10:17.744  2141  2354 I SYS_MPP : WebtopStatusHandler	updateDataIcon()
07-23 14:10:18.694  8507  8540 I Docking : View/Animation gamecrash input Enter to gamecrash
07-23 14:10:18.694  8507  8540 I Docking : View/Animation gamecrash pageTo start
07-23 14:10:18.694  8507  8540 I Docking : View/Animation <*> returning
07-23 14:10:18.754  8507  8597 I Docking : View/Animation start running
07-23 14:10:18.764  2141  2354 I SYS_MPP : WebtopStatusHandler	onDataActivity()...direction=0
07-23 14:10:18.764  2141  2354 I SYS_MPP : WebtopStatusHandler	updateDataIcon()
07-23 14:10:18.814  8507  8597 I Docking : View/Animation start eval Database Init returned <null>
07-23 14:10:19.224  1637  2068 I TelephonyRegistry: notifyServiceState: 0 home domestic AT&T AT&T 310410  HSPA CSS not supported -1 -1RoamInd: -1DefRoamInd: -1EmergOnly: false
07-23 14:10:19.234  2010  2010 D PollingManager: phone state: 0 home domestic AT&T AT&T 310410  HSPA CSS not supported -1 -1RoamInd: -1DefRoamInd: -1EmergOnly: false
07-23 14:10:19.234  2141  2354 I SYS_MPP : WebtopStatusHandler	updateDataIcon()
07-23 14:10:19.234  1833  1833 D RawRadioSignalLevel: mSignalStrength=SignalStrength: 8 -1 -1 -1 -1 -1 -1 gsm 0 0 0 5 -98 -14, numBars=5
07-23 14:10:19.234  1833  1833 D StatusBarPolicy: ERI alert sound is disabled.
07-23 14:10:19.244  1833  1833 D RawRadioSignalLevel: raw_sig_level=-98,raw_ecno_ber=-14,raw_rat=5
07-23 14:10:19.244  1833  1833 D RawRadioSignalLevel: rscp_iconLevel=3, ecno_iconLevel=2
07-23 14:10:19.244  1833  1833 D RawRadioSignalLevel: iconLevel = 2
07-23 14:10:19.264  1637  1637 I TelephonyRegistry: notifyDataConnection: state=2 isDataConnectivityPossible=true reason=nwTypeChanged interfaceName=ppp0 networkType=10
07-23 14:10:19.284  2141  2354 I SYS_MPP : WebtopStatusHandler	updateDataIcon()
07-23 14:10:19.284  3555  3555 I TransactionService: MMS-STATUS - start transaction service, app version=STABLE4.user.4.5.141.2.3.6.Blur_Version.4.5.141.MB860.ATT.en.US.Mon Dec 12 12:42:46 CST 2011 (log=false) (apn=false) (config=false)
07-23 14:10:19.294  3555  3555 I SmsReceiverService: MMS-STATUS - start sms receiver service, app version=STABLE4.user.4.5.141.2.3.6.Blur_Version.4.5.141.MB860.ATT.en.US.Mon Dec 12 12:42:46 CST 2011 (log=false) (apn=false) (config=false)
07-23 14:10:19.304  2004  2004 D PhoneApp: [NotificationMgr] updateNetworkSelection()...state = 0 new network 
07-23 14:10:19.314  1637  1665 D MobileDataStateTracker: replacing old mInterfaceName (ppp0) with ppp0 for hipri
07-23 14:10:19.324  1637  1665 D MobileDataStateTracker: replacing old mInterfaceName (ppp0) with ppp0 for fota
07-23 14:10:19.324  2004  2004 D PhoneApp: [NotificationMgr] hideDataDisconnectedRoaming()...
07-23 14:10:19.324  1637  1665 D MobileDataStateTracker: replacing old mInterfaceName (ppp0) with ppp0 for agps
07-23 14:10:19.324  5762  5762 D NetStatUtils: Receive a broadcast: android.intent.action.ANY_DATA_STATE
07-23 14:10:19.324  5762  5762 D NetStatUtils: Received android.intent.action.ANY_DATA_STATE broadcast - state = CONNECTED, unavailable = false
07-23 14:10:19.334  5762  5762 D NetStatUtils: The APN name is: phone and the interface is: ppp0
07-23 14:10:19.334  5762  5762 D NetStatUtils: This APN has been recorded before yet.
07-23 14:10:19.334  5762  5762 D NetStatUtils: This APN has been active yet. the corresponding interface is: ppp0
07-23 14:10:19.334  1637  1665 D MobileDataStateTracker: replacing old mInterfaceName (ppp0) with ppp0 for dun
07-23 14:10:19.334  1637  1665 D MobileDataStateTracker: replacing old mInterfaceName (ppp0) with ppp0 for supl
07-23 14:10:19.334  1637  1665 D MobileDataStateTracker: default Received state= CONNECTED, old= CONNECTED, reason= nwTypeChanged, apnTypeList= default,supl,agps,fota,dun
07-23 14:10:19.334  1637  1665 D NetworkStateTracker: setDetailed state, old =CONNECTED and new state=CONNECTED
07-23 14:10:19.424  1637  1639 D dalvikvm: GC_CONCURRENT freed 2047K, 36% free 9071K/13959K, external 4406K/5503K, paused 6ms+10ms
07-23 14:10:19.754  1637  1786 D ConnectivityService: Inet hold end, net=0, condition =0, published condition =100
07-23 14:10:19.754  2150  2150 D Entitlement: Single PDP:NW_TYPE_MOBILE,CONNECTED
07-23 14:10:19.754  1833  1833 D RawRadioSignalLevel: mSignalStrength=SignalStrength: 8 -1 -1 -1 -1 -1 -1 gsm 0 0 0 5 -98 -14, numBars=5
07-23 14:10:19.754  1833  1833 D RawRadioSignalLevel: raw_sig_level=-98,raw_ecno_ber=-14,raw_rat=5
07-23 14:10:19.754  1833  1833 D RawRadioSignalLevel: rscp_iconLevel=3, ecno_iconLevel=2
07-23 14:10:19.754  1833  1833 D RawRadioSignalLevel: iconLevel = 2
07-23 14:10:19.904  8507  8597 I Docking : View/Animation start input Skip to start
07-23 14:10:19.904  8507  8597 I Docking : View/Animation start input Down to start
07-23 14:10:19.904  8507  8597 I Docking : View/Animation start input Emphasis to start
07-23 14:10:19.946  8507  8597 I Docking : View/Animation start input Skip to start
07-23 14:10:19.946  8507  8597 I Docking : View/Animation start input Deemphasis to start
07-23 14:10:20.419  8507  8597 I Docking : View/Animation start input Emphasis to start
07-23 14:10:20.419  8507  8597 I Docking : View/Animation start input Skip to start
07-23 14:10:20.419  8507  8597 I Docking : View/Animation start input Deemphasis to start
07-23 14:10:20.419  8507  8597 I Docking : View/Animation start input Enter to start
07-23 14:10:20.454  8507  8597 I Docking : View/Animation start eval Database History returned gamehistory
07-23 14:10:20.454  1637  2027 I ActivityManager: Starting: Intent { flg=0x4000008 cmp=com.johnpritchard.docking/.DockingActivity3D } from pid 8507
07-23 14:10:20.464  8507  8597 I Docking : View/Animation <*> returning
07-23 14:10:20.554  8507  8607 I Docking : View/Animation gamehistory running
07-23 14:10:20.554  8507  8607 I Docking : View/Animation gamehistory eval Database Init returned <null>
07-23 14:10:20.594  1637  1779 I ActivityManager: Displayed com.johnpritchard.docking/.DockingActivity3D: +99ms
07-23 14:10:20.904  1637  2000 I TelephonyRegistry: notifyServiceState: 0 home domestic AT&T AT&T 310410  HSDPA CSS not supported -1 -1RoamInd: -1DefRoamInd: -1EmergOnly: false
07-23 14:10:20.914  2010  2010 D PollingManager: phone state: 0 home domestic AT&T AT&T 310410  HSDPA CSS not supported -1 -1RoamInd: -1DefRoamInd: -1EmergOnly: false
07-23 14:10:20.914  2141  2354 I SYS_MPP : WebtopStatusHandler	updateDataIcon()
07-23 14:10:20.914  1833  1833 D RawRadioSignalLevel: mSignalStrength=SignalStrength: 8 -1 -1 -1 -1 -1 -1 gsm 0 0 0 5 -98 -14, numBars=5
07-23 14:10:20.914  1833  1833 D RawRadioSignalLevel: raw_sig_level=-98,raw_ecno_ber=-14,raw_rat=5
07-23 14:10:20.914  1833  1833 D RawRadioSignalLevel: rscp_iconLevel=3, ecno_iconLevel=2
07-23 14:10:20.914  1833  1833 D RawRadioSignalLevel: iconLevel = 2
07-23 14:10:20.914  1833  1833 D StatusBarPolicy: ERI alert sound is disabled.
07-23 14:10:20.964  3555  3555 I TransactionService: MMS-STATUS - start transaction service, app version=STABLE4.user.4.5.141.2.3.6.Blur_Version.4.5.141.MB860.ATT.en.US.Mon Dec 12 12:42:46 CST 2011 (log=false) (apn=false) (config=false)
07-23 14:10:20.964  3555  3555 I SmsReceiverService: MMS-STATUS - start sms receiver service, app version=STABLE4.user.4.5.141.2.3.6.Blur_Version.4.5.141.MB860.ATT.en.US.Mon Dec 12 12:42:46 CST 2011 (log=false) (apn=false) (config=false)
07-23 14:10:20.974  1637  2375 I TelephonyRegistry: notifyDataConnection: state=2 isDataConnectivityPossible=true reason=nwTypeChanged interfaceName=ppp0 networkType=8
07-23 14:10:20.994  2141  2354 I SYS_MPP : WebtopStatusHandler	updateDataIcon()
07-23 14:10:20.994  1637  1665 D MobileDataStateTracker: replacing old mInterfaceName (ppp0) with ppp0 for hipri
07-23 14:10:21.004  5762  5762 D NetStatUtils: Receive a broadcast: android.intent.action.ANY_DATA_STATE
07-23 14:10:21.004  5762  5762 D NetStatUtils: Received android.intent.action.ANY_DATA_STATE broadcast - state = CONNECTED, unavailable = false
07-23 14:10:21.004  5762  5762 D NetStatUtils: The APN name is: phone and the interface is: ppp0
07-23 14:10:21.004  5762  5762 D NetStatUtils: This APN has been recorded before yet.
07-23 14:10:21.004  5762  5762 D NetStatUtils: This APN has been active yet. the corresponding interface is: ppp0
07-23 14:10:21.014  1637  1665 D MobileDataStateTracker: replacing old mInterfaceName (ppp0) with ppp0 for fota
07-23 14:10:21.014  1637  1665 D MobileDataStateTracker: replacing old mInterfaceName (ppp0) with ppp0 for agps
07-23 14:10:21.014  1637  1665 D MobileDataStateTracker: replacing old mInterfaceName (ppp0) with ppp0 for dun
07-23 14:10:21.024  2004  2004 D PhoneApp: [NotificationMgr] updateNetworkSelection()...state = 0 new network 
07-23 14:10:21.024  2004  2004 D PhoneApp: [NotificationMgr] hideDataDisconnectedRoaming()...
07-23 14:10:21.024  1637  1665 D MobileDataStateTracker: replacing old mInterfaceName (ppp0) with ppp0 for supl
07-23 14:10:21.024  1637  1665 D MobileDataStateTracker: default Received state= CONNECTED, old= CONNECTED, reason= nwTypeChanged, apnTypeList= default,supl,agps,fota,dun
07-23 14:10:21.034  1637  1665 D NetworkStateTracker: setDetailed state, old =CONNECTED and new state=CONNECTED
07-23 14:10:21.124  1466  1658 I         : odm_disp_esd_thread is running(435) state=1
07-23 14:10:21.134  1466  1646 D         : NVRM_DAEMON(479): queue_dispatch_thread() running
07-23 14:10:21.144  1456  1456 I /system/bin/nvrm_daemon: NVRM_DAEMON(479): queue_dispatch_thread() running
07-23 14:10:22.154  1833  1833 D RawRadioSignalLevel: mSignalStrength=SignalStrength: 9 -1 -1 -1 -1 -1 -1 gsm 0 0 0 5 -96 -9, numBars=5
07-23 14:10:22.154  1833  1833 D RawRadioSignalLevel: raw_sig_level=-96,raw_ecno_ber=-9,raw_rat=5
07-23 14:10:22.154  1833  1833 D RawRadioSignalLevel: rscp_iconLevel=3, ecno_iconLevel=5
07-23 14:10:22.154  1833  1833 D RawRadioSignalLevel: iconLevel = 3
07-23 14:10:22.774  8507  8607 I Docking : View/Animation gamehistory input Enter to gamehistory
07-23 14:10:22.774  8507  8607 I Docking : View/Animation gamehistory pageTo start
07-23 14:10:22.774  8507  8607 I Docking : View/Animation <*> returning
07-23 14:10:22.824  8507  8612 I Docking : View/Animation start running
07-23 14:10:22.884  8507  8612 I Docking : View/Animation start eval Database Init returned <null>
07-23 14:10:24.686  8507  8612 I Docking : View/Animation start input Skip to start
07-23 14:10:24.686  8507  8612 I Docking : View/Animation start input Down to start
07-23 14:10:24.686  8507  8612 I Docking : View/Animation start input Emphasis to start
07-23 14:10:24.728  8507  8612 I Docking : View/Animation start input Skip to start
07-23 14:10:24.728  8507  8612 I Docking : View/Animation start input Deemphasis to start
07-23 14:10:25.106  8507  8612 I Docking : View/Animation start input Emphasis to start
07-23 14:10:25.106  8507  8612 I Docking : View/Animation start input Skip to start
07-23 14:10:25.106  8507  8612 I Docking : View/Animation start input Deemphasis to start
07-23 14:10:25.106  8507  8612 I Docking : View/Animation start input Enter to start
07-23 14:10:25.144  8507  8612 I Docking : View/Animation start eval Database History returned gamehistory
07-23 14:10:25.144  1637  2414 I ActivityManager: Starting: Intent { flg=0x4000008 cmp=com.johnpritchard.docking/.DockingActivity3D } from pid 8507
07-23 14:10:25.174  8507  8612 I Docking : View/Animation <*> returning
07-23 14:10:25.234  8507  8619 I Docking : View/Animation gamehistory running
07-23 14:10:25.234  8507  8619 I Docking : View/Animation gamehistory eval Database Init returned <null>
07-23 14:10:25.254  1637  1779 I ActivityManager: Displayed com.johnpritchard.docking/.DockingActivity3D: +85ms
07-23 14:10:25.774  2141  2354 I SYS_MPP : WebtopStatusHandler	onDataActivity()...direction=2
07-23 14:10:25.774  2141  2354 I SYS_MPP : WebtopStatusHandler	updateDataIcon()
07-23 14:10:26.754  2343  8622 D GCM     : Connected
07-23 14:10:26.754  1637  2375 D ConnectivityService: reportNetworkCondition(0, 100)
07-23 14:10:26.754  1637  1786 D ConnectivityService: Inet connectivity change, net=0, condition=100,mActiveDefaultNetwork=0
07-23 14:10:26.754  1637  1786 D ConnectivityService: starting a change hold
07-23 14:10:26.784  2141  2354 I SYS_MPP : WebtopStatusHandler	onDataActivity()...direction=3
07-23 14:10:26.784  2141  2354 I SYS_MPP : WebtopStatusHandler	updateDataIcon()
07-23 14:10:26.904  2010  2010 D PollingManager: phone state: 0 home domestic AT&T AT&T 310410  HSPA CSS not supported -1 -1RoamInd: -1DefRoamInd: -1EmergOnly: false
07-23 14:10:26.904  1637  2375 I TelephonyRegistry: notifyServiceState: 0 home domestic AT&T AT&T 310410  HSPA CSS not supported -1 -1RoamInd: -1DefRoamInd: -1EmergOnly: false
07-23 14:10:26.914  2141  2354 I SYS_MPP : WebtopStatusHandler	updateDataIcon()
07-23 14:10:26.934  1833  1833 D RawRadioSignalLevel: mSignalStrength=SignalStrength: 9 -1 -1 -1 -1 -1 -1 gsm 0 0 0 5 -96 -9, numBars=5
07-23 14:10:26.934  1833  1833 D RawRadioSignalLevel: raw_sig_level=-96,raw_ecno_ber=-9,raw_rat=5
07-23 14:10:26.934  1833  1833 D RawRadioSignalLevel: rscp_iconLevel=3, ecno_iconLevel=5
07-23 14:10:26.934  1833  1833 D RawRadioSignalLevel: iconLevel = 3
07-23 14:10:26.934  1833  1833 D StatusBarPolicy: ERI alert sound is disabled.
07-23 14:10:26.954  1637  2068 I TelephonyRegistry: notifyDataConnection: state=2 isDataConnectivityPossible=true reason=nwTypeChanged interfaceName=ppp0 networkType=10
07-23 14:10:26.964  3555  3555 I TransactionService: MMS-STATUS - start transaction service, app version=STABLE4.user.4.5.141.2.3.6.Blur_Version.4.5.141.MB860.ATT.en.US.Mon Dec 12 12:42:46 CST 2011 (log=false) (apn=false) (config=false)
07-23 14:10:26.974  3555  3555 I SmsReceiverService: MMS-STATUS - start sms receiver service, app version=STABLE4.user.4.5.141.2.3.6.Blur_Version.4.5.141.MB860.ATT.en.US.Mon Dec 12 12:42:46 CST 2011 (log=false) (apn=false) (config=false)
07-23 14:10:26.984  2343  8622 I GCM     : GCM message com.google.android.gsf.gtalkservice 
07-23 14:10:26.994  1637  2027 D ConnectivityService: reportNetworkCondition(0, 100)
07-23 14:10:26.994  1637  1786 D ConnectivityService: Inet connectivity change, net=0, condition=100,mActiveDefaultNetwork=0
07-23 14:10:26.994  1637  1786 D ConnectivityService: currently in hold - not setting new end evt
07-23 14:10:27.024  2141  2354 I SYS_MPP : WebtopStatusHandler	updateDataIcon()
07-23 14:10:27.044  5762  5762 D NetStatUtils: Receive a broadcast: android.intent.action.ANY_DATA_STATE
07-23 14:10:27.044  5762  5762 D NetStatUtils: Received android.intent.action.ANY_DATA_STATE broadcast - state = CONNECTED, unavailable = false
07-23 14:10:27.044  5762  5762 D NetStatUtils: The APN name is: phone and the interface is: ppp0
07-23 14:10:27.044  5762  5762 D NetStatUtils: This APN has been recorded before yet.
07-23 14:10:27.044  5762  5762 D NetStatUtils: This APN has been active yet. the corresponding interface is: ppp0
07-23 14:10:27.044  2004  2004 D PhoneApp: [NotificationMgr] updateNetworkSelection()...state = 0 new network 
07-23 14:10:27.054  2004  2011 D dalvikvm: GC_CONCURRENT freed 2021K, 53% free 4072K/8583K, external 8094K/9939K, paused 8ms+15ms
07-23 14:10:27.064  2004  2004 D PhoneApp: [NotificationMgr] hideDataDisconnectedRoaming()...
07-23 14:10:27.064  1637  1665 D MobileDataStateTracker: replacing old mInterfaceName (ppp0) with ppp0 for hipri
07-23 14:10:27.074  1637  1665 D MobileDataStateTracker: replacing old mInterfaceName (ppp0) with ppp0 for fota
07-23 14:10:27.074  1637  1665 D MobileDataStateTracker: replacing old mInterfaceName (ppp0) with ppp0 for agps
07-23 14:10:27.074  1637  1665 D MobileDataStateTracker: replacing old mInterfaceName (ppp0) with ppp0 for dun
07-23 14:10:27.074  1637  1665 D MobileDataStateTracker: replacing old mInterfaceName (ppp0) with ppp0 for supl
07-23 14:10:27.084  1637  1665 D MobileDataStateTracker: default Received state= CONNECTED, old= CONNECTED, reason= nwTypeChanged, apnTypeList= default,supl,agps,fota,dun
07-23 14:10:27.084  1637  1665 D NetworkStateTracker: setDetailed state, old =CONNECTED and new state=CONNECTED
07-23 14:10:27.264  1637  1786 D ConnectivityService: Inet hold end, net=0, condition =100, published condition =0
07-23 14:10:27.264  2150  2150 D Entitlement: Single PDP:NW_TYPE_MOBILE,CONNECTED
07-23 14:10:27.274  1833  1833 D RawRadioSignalLevel: mSignalStrength=SignalStrength: 9 -1 -1 -1 -1 -1 -1 gsm 0 0 0 5 -96 -9, numBars=5
07-23 14:10:27.274  1833  1833 D RawRadioSignalLevel: raw_sig_level=-96,raw_ecno_ber=-9,raw_rat=5
07-23 14:10:27.274  1833  1833 D RawRadioSignalLevel: rscp_iconLevel=3, ecno_iconLevel=5
07-23 14:10:27.274  1833  1833 D RawRadioSignalLevel: iconLevel = 3
07-23 14:10:27.304  1637  2094 D ConnectivityService: reportNetworkCondition(0, 100)
07-23 14:10:27.304  1637  1786 D ConnectivityService: Inet connectivity change, net=0, condition=100,mActiveDefaultNetwork=0
07-23 14:10:27.304  1637  1786 D ConnectivityService: starting a change hold
07-23 14:10:27.304  2343  8622 D GCM     : Message class eqg
07-23 14:10:27.304  1637  2068 D ConnectivityService: reportNetworkCondition(0, 100)
07-23 14:10:27.304  1637  1786 D ConnectivityService: Inet connectivity change, net=0, condition=100,mActiveDefaultNetwork=0
07-23 14:10:27.304  1637  1786 D ConnectivityService: currently in hold - not setting new end evt
07-23 14:10:27.365  2343  8622 I GCM     : GCM message GSYNC_TICKLE 0:1406138574737430%e7a71353318775cd
07-23 14:10:27.365  1637  2027 D ConnectivityService: reportNetworkCondition(0, 100)
07-23 14:10:27.365  1637  1786 D ConnectivityService: Inet connectivity change, net=0, condition=100,mActiveDefaultNetwork=0
07-23 14:10:27.374  1637  1786 D ConnectivityService: currently in hold - not setting new end evt
07-23 14:10:27.424  1637  1769 I ActivityManager: Start proc com.google.android.gm for service com.google.android.gm/.provider.MailSyncAdapterService: pid=8627 uid=10066 gids={3003, 1015}
07-23 14:10:27.454  1450  1518 E NetlinkEvent: NetlinkEvent::FindParam(): Parameter 'UDEV_LOG' not found
07-23 14:10:27.474  1450  1518 E NetlinkListener: ignoring non-kernel netlink multicast message
07-23 14:10:27.474  1452  1500 E NetlinkListener: ignoring non-kernel netlink multicast message
07-23 14:10:27.484  1467  1467 D dalvikvm: GC_EXPLICIT freed 11K, 49% free 2775K/5379K, external 2357K/2773K, paused 61ms
07-23 14:10:27.544  1467  1467 D dalvikvm: GC_EXPLICIT freed <1K, 49% free 2775K/5379K, external 2357K/2773K, paused 57ms
07-23 14:10:27.564  8627  8627 I ActivityThread: Pub gmail-ls: com.google.android.gm.provider.MailProvider
07-23 14:10:27.574  8627  8627 I ActivityThread: Pub gmail-downloads: com.google.android.gm.downloadprovider.DownloadProvider
07-23 14:10:27.574  8627  8627 I ActivityThread: Pub com.google.android.gm: com.google.android.gm.provider.PublicContentProvider
07-23 14:10:27.594  8627  8627 I ActivityThread: Pub com.google.android.gm.attachmentspreviews: com.google.android.gm.AttachmentPreviewProvider
07-23 14:10:27.594  8627  8627 I ActivityThread: Pub com.google.android.gmail.SuggestionProvider: com.google.android.gm.SuggestionsProvider
07-23 14:10:27.604  1467  1467 D dalvikvm: GC_EXPLICIT freed <1K, 49% free 2775K/5379K, external 2357K/2773K, paused 58ms
07-23 14:10:27.814  1637  1786 D ConnectivityService: Inet hold end, net=0, condition =100, published condition =100
07-23 14:10:27.814  1637  1786 D ConnectivityService: no change in condition - aborting
07-23 14:10:27.874  8627  8636 I Gmail   : calculateUnknownSyncRationalesAndPurgeInBackground: queueing
07-23 14:10:27.884  8627  8637 I Gmail   : calculateUnknownSyncRationalesAndPurgeInBackground: running
07-23 14:10:27.924  8627  8636 I Gmail   : MainSyncRequestProto: lowestBkwdConvoId: 0, highestHandledServerOp: 3805135, normalSync: true
07-23 14:10:28.794  2141  2354 I SYS_MPP : WebtopStatusHandler	onDataActivity()...direction=2
07-23 14:10:28.794  2141  2354 I SYS_MPP : WebtopStatusHandler	updateDataIcon()
07-23 14:10:29.804  2141  2354 I SYS_MPP : WebtopStatusHandler	onDataActivity()...direction=3
07-23 14:10:29.804  2141  2354 I SYS_MPP : WebtopStatusHandler	updateDataIcon()
07-23 14:10:29.874  1466  1658 I         : odm_disp_esd_thread is running(398) state=1
07-23 14:10:31.494  8627  8630 D dalvikvm: GC_CONCURRENT freed 1444K, 54% free 3372K/7175K, external 2357K/2773K, paused 9ms+2ms
07-23 14:10:31.814  2141  2354 I SYS_MPP : WebtopStatusHandler	onDataActivity()...direction=0
07-23 14:10:31.814  2141  2354 I SYS_MPP : WebtopStatusHandler	updateDataIcon()
07-23 14:10:32.114  8627  8630 D dalvikvm: GC_CONCURRENT freed 944K, 53% free 3397K/7175K, external 2357K/2773K, paused 2ms+2ms
07-23 14:10:32.454  2616  2616 D dalvikvm: GC_EXPLICIT freed 200K, 46% free 4195K/7751K, external 2357K/2773K, paused 44ms
07-23 14:10:33.684  8627  8636 D dalvikvm: GC_EXPLICIT freed 737K, 53% free 3396K/7175K, external 2357K/2773K, paused 66ms
07-23 14:10:33.694  8627  8636 I Gmail   : MainSyncRequestProto: lowestBkwdConvoId: 0, highestHandledServerOp: 3805205, normalSync: true
07-23 14:10:33.734  8507  8619 I Docking : View/Animation gamehistory input Enter to gamehistory
07-23 14:10:33.734  8507  8619 I Docking : View/Animation gamehistory pageTo start
07-23 14:10:33.734  8507  8619 I Docking : View/Animation <*> returning
07-23 14:10:33.764  8507  8641 I Docking : View/Animation start running
07-23 14:10:33.794  8507  8641 I Docking : View/Animation start eval Database Init returned <null>
07-23 14:10:33.824  2141  2354 I SYS_MPP : WebtopStatusHandler	onDataActivity()...direction=2
07-23 14:10:33.824  2141  2354 I SYS_MPP : WebtopStatusHandler	updateDataIcon()
07-23 14:10:34.154  1833  1833 D RawRadioSignalLevel: mSignalStrength=SignalStrength: 10 -1 -1 -1 -1 -1 -1 gsm 0 0 0 5 -94 -9, numBars=5
07-23 14:10:34.154  1833  1833 D RawRadioSignalLevel: raw_sig_level=-94,raw_ecno_ber=-9,raw_rat=5
07-23 14:10:34.154  1833  1833 D RawRadioSignalLevel: rscp_iconLevel=3, ecno_iconLevel=5
07-23 14:10:34.154  1833  1833 D RawRadioSignalLevel: iconLevel = 3
07-23 14:10:34.834  2141  2354 I SYS_MPP : WebtopStatusHandler	onDataActivity()...direction=3
07-23 14:10:34.834  2141  2354 I SYS_MPP : WebtopStatusHandler	updateDataIcon()
07-23 14:10:35.844  2141  2354 I SYS_MPP : WebtopStatusHandler	onDataActivity()...direction=0
07-23 14:10:35.844  2141  2354 I SYS_MPP : WebtopStatusHandler	updateDataIcon()
07-23 14:10:36.404  8627  8636 D dalvikvm: GC_EXPLICIT freed 551K, 52% free 3467K/7175K, external 2357K/2773K, paused 61ms
07-23 14:10:36.404  8627  8636 I Gmail   : MainSyncRequestProto: lowestBkwdConvoId: 0, highestHandledServerOp: 3805250, normalSync: true
07-23 14:10:36.454  8627  8636 I Gmail   : Sending notification intent: Intent { act=android.intent.action.PROVIDER_CHANGED dat=content://gmail-ls/unread/^i (has extras) }
07-23 14:10:36.554  1469  9848 I AwesomePlayer: reset_l
07-23 14:10:36.554  1469  9848 I AwesomePlayer: reset_l
07-23 14:10:36.554  1469  9848 I ExtendFileSource: fd = 34
07-23 14:10:36.554  1469  9848 I ExtendFileSource: Address of pFilename is 0x30d68
07-23 14:10:36.554  1469  9848 I ExtendFileSource:  filename = /system/media/audio/notifications/Kinetic_Bell.ogg
07-23 14:10:36.564  1469  4264 I AwesomePlayer: prepareAsync_l
07-23 14:10:36.564  1469  8646 I VorbisDecoder: mNumChannels=1, mSampleRate=44100
07-23 14:10:36.564  1469  8646 E OMXCodec: Successfully allocated software codec 'VorbisDecoder'
07-23 14:10:36.574  1637  8645 I AudioService:  AudioFocus  requestAudioFocus() from android.media.AudioManager@40b26580
07-23 14:10:36.574  1469  2678 I AwesomePlayer: play_l
07-23 14:10:36.574  1469  1507 D AudioHardwareMot: AudioStreamOutMot::setParameters() fm_attenuate=1
07-23 14:10:36.584  1469  2679 I AwesomePlayer: reset_l
07-23 14:10:36.584  1469  2679 I ExtendFileSource: release pFilename = 0x367ac8
07-23 14:10:36.584  1469  2679 I AwesomePlayer: reset_l
07-23 14:10:36.584  1469  2679 I AwesomePlayer: reset_l
07-23 14:10:36.594  1469  1507 D AudioHardwareMot: Output 0x13608 exiting standby
07-23 14:10:36.594  1469  1507 D AudioHardwareMot: enable configClock count = 1
07-23 14:10:36.594  1469  1507 D AudioHardwareMot: Enabling CPCAP input clock 
07-23 14:10:36.594  1469  1507 D AudioHardwareMot: NvOdmExternalClockConfig status 0x00000001 
07-23 14:10:36.594  1469  1507 D AudioHardwareMot: [int android::AudioHardwareMot::audioSelectSpeakers(int)] enter with spkr = 0x20
07-23 14:10:36.594  1469  1507 D AudioHardwareMot: spkr1 = 0x20, spkr2 = 0
07-23 14:10:36.594  1469  1507 D AudioHardwareMot: Setting STDAC speakers
07-23 14:10:36.594  1469  1507 D AudioHardwareMot: configPostProcessor() called with accy = 0
07-23 14:10:36.594  1469  1507 D AudioPostProcessor: configPostProcessing() called, inputAccy= 40, outputAccy= 0, sampleRate= 44100, ringtoneMode= 0
07-23 14:10:36.594  1469  1507 D AudioPostProcessor: updatePostProcessor: speakerConfig
07-23 14:10:36.594  1469  1507 D AudioPostProcessor: updatePostProcessor calling SuperAPI parser with: accy=8 config=0 SE_level_index=1
07-23 14:10:36.594  1469  1507 D AudioMgrRIL: Sending accessory : 3
07-23 14:10:36.594  1469  1507 D AudioPostProcessor: slider opened, coeffs device for handset =0
07-23 14:10:36.594  1469  1507 D AudioHardwareMot: doRouting devs: stereo 0x2, mono 0, input 0. Chose speaker Speakerphone (gain 0xb) mic None (gain 0x1c1c)
07-23 14:10:36.594  1469  1507 D AudioHardwareMot: nvWriteSetup called
07-23 14:10:36.594  1469  1507 D AudioHardwareMot: SETTING DAP..
07-23 14:10:36.604  1469  1507 D CpcapAudio:  0x200 = 25
07-23 14:10:36.604  1469  1507 D CpcapAudio:  0x201 = 8000
07-23 14:10:36.604  1469  1507 D CpcapAudio:  0x202 = 8603
07-23 14:10:36.604  1469  1507 D CpcapAudio:  0x203 = 79
07-23 14:10:36.604  1469  1507 D CpcapAudio:  0x204 = 3e
07-23 14:10:36.604  1469  1507 D CpcapAudio:  0x205 = 0
07-23 14:10:36.604  1469  1507 D CpcapAudio:  0x206 = 39c
07-23 14:10:36.604  1469  1507 D CpcapAudio:  0x207 = 2
07-23 14:10:36.604  1469  1507 D CpcapAudio:  0x208 = b2c
07-23 14:10:36.604  1469  1507 D CpcapAudio:  0x209 = 0
07-23 14:10:36.604  1469  1507 D CpcapAudio:  0x20A = 1e02
07-23 14:10:36.604  1469  1507 D CpcapAudio:  0x20B = 0
07-23 14:10:36.604  1469  1507 D CpcapAudio:  0x20D = 30
07-23 14:10:36.974  1637  2414 D ConnectivityService: getMobileDataEnabled returning true
07-23 14:10:36.984  1637  2000 D ConnectivityService: stopUsingNetworkFeature for net 0: enableMMS
07-23 14:10:36.984  1637  2000 D ConnectivityService: ignoring stopUsingNetworkFeature - not a live request
07-23 14:10:38.629  1466  1658 I         : odm_disp_esd_thread is running(235) state=1
07-23 14:10:39.285  1469  8646 I AwesomePlayer: pause_l 1
07-23 14:10:39.285  1637  8645 I AudioService:  AudioFocus  abandonAudioFocus() from android.media.AudioManager@40b26580
07-23 14:10:39.488  1469  1507 D AudioHardwareMot: AudioStreamOutMot::setParameters() fm_attenuate=0;fm_mute=0
07-23 14:10:41.644  3555  3555 D dalvikvm: GC_EXPLICIT freed 339K, 48% free 3368K/6407K, external 3329K/4157K, paused 71ms
07-23 14:10:42.042  1469  1507 D AudioHardwareMot: AudioStreamOutMot::standby called
07-23 14:10:42.042  1469  1507 D AudioHardwareMot: Output 0x13608 entering standby
07-23 14:10:42.042  1469  1507 D AudioHardwareMot: Closing stereo device
07-23 14:10:42.044  1469  1507 D CpcapAudio:  0x200 = 65
07-23 14:10:42.044  1469  1507 D CpcapAudio:  0x201 = 8000
07-23 14:10:42.044  1469  1507 D CpcapAudio:  0x202 = 8603
07-23 14:10:42.044  1469  1507 D CpcapAudio:  0x203 = 8
07-23 14:10:42.044  1469  1507 D CpcapAudio:  0x204 = 3c
07-23 14:10:42.044  1469  1507 D CpcapAudio:  0x205 = 0
07-23 14:10:42.044  1469  1507 D CpcapAudio:  0x206 = 39c
07-23 14:10:42.044  1469  1507 D CpcapAudio:  0x207 = 0
07-23 14:10:42.044  1469  1507 D CpcapAudio:  0x208 = b2c
07-23 14:10:42.044  1469  1507 D CpcapAudio:  0x209 = 0
07-23 14:10:42.044  1469  1507 D CpcapAudio:  0x20A = 0
07-23 14:10:42.044  1469  1507 D CpcapAudio:  0x20B = 0
07-23 14:10:42.044  1469  1507 D CpcapAudio:  0x20D = 30
07-23 14:10:42.044  1469  1507 D AudioHardwareMot: disable configClock count = 0
07-23 14:10:42.044  1469  1507 D AudioHardwareMot: Disabling CPCAP input clock 
07-23 14:10:42.044  1469  1507 D AudioHardwareMot: NvOdmExternalClockConfig status 0x00000001 
07-23 14:10:42.044  1469  1507 D AudioHardwareMot: [int android::AudioHardwareMot::audioSelectSpeakers(int)] enter with spkr = 0
07-23 14:10:42.044  1469  1507 D AudioHardwareMot: spkr1 = 0, spkr2 = 0
07-23 14:10:42.044  1469  1507 D AudioHardwareMot: Setting STDAC speakers to none
07-23 14:10:42.044  1469  1507 D AudioHardwareMot: configPostProcessor() called with accy = 0
07-23 14:10:42.044  1469  1507 D AudioPostProcessor: configPostProcessing() called, inputAccy= 40, outputAccy= 0, sampleRate= 44100, ringtoneMode= 0
07-23 14:10:42.044  1469  1507 D AudioPostProcessor: updatePostProcessor: speakerConfig
07-23 14:10:42.044  1469  1507 D AudioPostProcessor: updatePostProcessor calling SuperAPI parser with: accy=8 config=0 SE_level_index=1
07-23 14:10:42.054  1469  1507 D AudioMgrRIL: Sending accessory : 3
07-23 14:10:42.054  1469  1507 D AudioPostProcessor: slider opened, coeffs device for handset =0
07-23 14:10:42.054  1469  1507 D AudioHardwareMot: doRouting devs: stereo 0, mono 0, input 0. Chose speaker None (gain 0) mic None (gain 0x1c1c)
07-23 14:10:42.054  1469  1507 D CpcapAudio:  0x200 = 65
07-23 14:10:42.054  1469  1507 D CpcapAudio:  0x201 = 8000
07-23 14:10:42.054  1469  1507 D CpcapAudio:  0x202 = 8603
07-23 14:10:42.054  1469  1507 D CpcapAudio:  0x203 = 8
07-23 14:10:42.054  1469  1507 D CpcapAudio:  0x204 = 3c
07-23 14:10:42.054  1469  1507 D CpcapAudio:  0x205 = 0
07-23 14:10:42.054  1469  1507 D CpcapAudio:  0x206 = 39c
07-23 14:10:42.054  1469  1507 D CpcapAudio:  0x207 = 0
07-23 14:10:42.054  1469  1507 D CpcapAudio:  0x208 = 0
07-23 14:10:42.054  1469  1507 D CpcapAudio:  0x209 = 0
07-23 14:10:42.054  1469  1507 D CpcapAudio:  0x20A = 0
07-23 14:10:42.054  1469  1507 D CpcapAudio:  0x20B = 0
07-23 14:10:42.054  1469  1507 D CpcapAudio:  0x20D = 30
07-23 14:10:45.244  8507  8641 I Docking : View/Animation start input Emphasis to start
07-23 14:10:45.244  8507  8641 I Docking : View/Animation start input Skip to start
07-23 14:10:45.244  8507  8641 I Docking : View/Animation start input Deemphasis to start
07-23 14:10:45.244  8507  8641 I Docking : View/Animation start input Enter to start
07-23 14:10:45.294  8507  8641 I Docking : View/Animation start eval Database Game returned gameplay
07-23 14:10:45.294  1637  2202 I ActivityManager: Starting: Intent { flg=0x4000008 cmp=com.johnpritchard.docking/.DockingActivity3D } from pid 8507
07-23 14:10:45.294  8507  8641 I Docking : View/Animation <*> returning
07-23 14:10:45.324  8507  8510 D dalvikvm: GC_CONCURRENT freed 1203K, 57% free 3105K/7175K, external 3190K/3817K, paused 1ms+2ms
07-23 14:10:45.374  8507  8652 I Docking : Phys/Animation entering without title
07-23 14:10:45.384  8507  8653 I Docking : View/Animation gameplay running
07-23 14:10:45.384  8507  8653 I Docking : View/Animation gameplay eval Database Init returned <null>
07-23 14:10:45.384  1637  1779 I ActivityManager: Displayed com.johnpritchard.docking/.DockingActivity3D: +52ms
07-23 14:10:45.534  2010  2010 D PollingManager: phone state: 0 home domestic AT&T AT&T 310410  UMTS CSS not supported -1 -1RoamInd: -1DefRoamInd: -1EmergOnly: false
07-23 14:10:45.534  1637  2370 I TelephonyRegistry: notifyServiceState: 0 home domestic AT&T AT&T 310410  UMTS CSS not supported -1 -1RoamInd: -1DefRoamInd: -1EmergOnly: false
07-23 14:10:45.544  2141  2354 I SYS_MPP : WebtopStatusHandler	updateDataIcon()
07-23 14:10:45.554  1637  2375 I TelephonyRegistry: notifyDataConnection: state=2 isDataConnectivityPossible=true reason=nwTypeChanged interfaceName=ppp0 networkType=3
07-23 14:10:45.564  2141  2354 I SYS_MPP : WebtopStatusHandler	updateDataIcon()
07-23 14:10:45.604  2004  2004 D PhoneApp: [NotificationMgr] updateNetworkSelection()...state = 0 new network 
07-23 14:10:45.604  2004  2004 D PhoneApp: [NotificationMgr] hideDataDisconnectedRoaming()...
07-23 14:10:45.614  5762  5762 D NetStatUtils: Receive a broadcast: android.intent.action.ANY_DATA_STATE
07-23 14:10:45.614  5762  5762 D NetStatUtils: Received android.intent.action.ANY_DATA_STATE broadcast - state = CONNECTED, unavailable = false
07-23 14:10:45.614  5762  5762 D NetStatUtils: The APN name is: phone and the interface is: ppp0
07-23 14:10:45.614  5762  5762 D NetStatUtils: This APN has been recorded before yet.
07-23 14:10:45.614  5762  5762 D NetStatUtils: This APN has been active yet. the corresponding interface is: ppp0
07-23 14:10:45.614  3555  3555 I TransactionService: MMS-STATUS - start transaction service, app version=STABLE4.user.4.5.141.2.3.6.Blur_Version.4.5.141.MB860.ATT.en.US.Mon Dec 12 12:42:46 CST 2011 (log=false) (apn=false) (config=false)
07-23 14:10:45.614  3555  3555 I SmsReceiverService: MMS-STATUS - start sms receiver service, app version=STABLE4.user.4.5.141.2.3.6.Blur_Version.4.5.141.MB860.ATT.en.US.Mon Dec 12 12:42:46 CST 2011 (log=false) (apn=false) (config=false)
07-23 14:10:45.634  1833  1833 D RawRadioSignalLevel: mSignalStrength=SignalStrength: 10 -1 -1 -1 -1 -1 -1 gsm 0 0 0 5 -94 -9, numBars=5
07-23 14:10:45.634  1833  1833 D RawRadioSignalLevel: raw_sig_level=-94,raw_ecno_ber=-9,raw_rat=5
07-23 14:10:45.634  1833  1833 D RawRadioSignalLevel: rscp_iconLevel=3, ecno_iconLevel=5
07-23 14:10:45.634  1833  1833 D RawRadioSignalLevel: iconLevel = 3
07-23 14:10:45.634  1833  1833 D StatusBarPolicy: ERI alert sound is disabled.
07-23 14:10:45.654  1637  1665 D MobileDataStateTracker: replacing old mInterfaceName (ppp0) with ppp0 for hipri
07-23 14:10:45.654  1637  1665 D MobileDataStateTracker: replacing old mInterfaceName (ppp0) with ppp0 for fota
07-23 14:10:45.664  1637  1665 D MobileDataStateTracker: replacing old mInterfaceName (ppp0) with ppp0 for agps
07-23 14:10:45.664  1637  1665 D MobileDataStateTracker: replacing old mInterfaceName (ppp0) with ppp0 for dun
07-23 14:10:45.674  1637  1665 D MobileDataStateTracker: replacing old mInterfaceName (ppp0) with ppp0 for supl
07-23 14:10:45.674  1637  1665 D MobileDataStateTracker: default Received state= CONNECTED, old= CONNECTED, reason= nwTypeChanged, apnTypeList= default,supl,agps,fota,dun
07-23 14:10:45.674  1637  1665 D NetworkStateTracker: setDetailed state, old =CONNECTED and new state=CONNECTED
07-23 14:10:45.804  2010  2010 D PollingManager: phone state: 0 home domestic AT&T AT&T 310410  HSPA CSS not supported -1 -1RoamInd: -1DefRoamInd: -1EmergOnly: false
07-23 14:10:45.804  1637  2414 I TelephonyRegistry: notifyServiceState: 0 home domestic AT&T AT&T 310410  HSPA CSS not supported -1 -1RoamInd: -1DefRoamInd: -1EmergOnly: false
07-23 14:10:45.814  2141  2354 I SYS_MPP : WebtopStatusHandler	updateDataIcon()
07-23 14:10:45.814  1833  1833 D RawRadioSignalLevel: mSignalStrength=SignalStrength: 10 -1 -1 -1 -1 -1 -1 gsm 0 0 0 5 -94 -9, numBars=5
07-23 14:10:45.814  1833  1833 D StatusBarPolicy: ERI alert sound is disabled.
07-23 14:10:45.834  3555  3555 I TransactionService: MMS-STATUS - start transaction service, app version=STABLE4.user.4.5.141.2.3.6.Blur_Version.4.5.141.MB860.ATT.en.US.Mon Dec 12 12:42:46 CST 2011 (log=false) (apn=false) (config=false)
07-23 14:10:45.844  3555  3555 I SmsReceiverService: MMS-STATUS - start sms receiver service, app version=STABLE4.user.4.5.141.2.3.6.Blur_Version.4.5.141.MB860.ATT.en.US.Mon Dec 12 12:42:46 CST 2011 (log=false) (apn=false) (config=false)
07-23 14:10:45.854  1833  1833 D RawRadioSignalLevel: raw_sig_level=-94,raw_ecno_ber=-9,raw_rat=5
07-23 14:10:45.854  1833  1833 D RawRadioSignalLevel: rscp_iconLevel=3, ecno_iconLevel=5
07-23 14:10:45.854  1833  1833 D RawRadioSignalLevel: iconLevel = 3
07-23 14:10:45.854  1637  2472 I TelephonyRegistry: notifyDataConnection: state=2 isDataConnectivityPossible=true reason=nwTypeChanged interfaceName=ppp0 networkType=10
07-23 14:10:45.874  2141  2354 I SYS_MPP : WebtopStatusHandler	updateDataIcon()
07-23 14:10:45.874  2004  2004 D PhoneApp: [NotificationMgr] updateNetworkSelection()...state = 0 new network 
07-23 14:10:45.874  2004  2004 D PhoneApp: [NotificationMgr] hideDataDisconnectedRoaming()...
07-23 14:10:45.884  5762  5762 D NetStatUtils: Receive a broadcast: android.intent.action.ANY_DATA_STATE
07-23 14:10:45.884  5762  5762 D NetStatUtils: Received android.intent.action.ANY_DATA_STATE broadcast - state = CONNECTED, unavailable = false
07-23 14:10:45.884  5762  5762 D NetStatUtils: The APN name is: phone and the interface is: ppp0
07-23 14:10:45.884  5762  5762 D NetStatUtils: This APN has been recorded before yet.
07-23 14:10:45.884  5762  5762 D NetStatUtils: This APN has been active yet. the corresponding interface is: ppp0
07-23 14:10:45.904  1637  1665 D MobileDataStateTracker: replacing old mInterfaceName (ppp0) with ppp0 for hipri
07-23 14:10:45.914  1637  1665 D MobileDataStateTracker: replacing old mInterfaceName (ppp0) with ppp0 for fota
07-23 14:10:45.914  1637  1665 D MobileDataStateTracker: replacing old mInterfaceName (ppp0) with ppp0 for agps
07-23 14:10:45.924  1637  1665 D MobileDataStateTracker: replacing old mInterfaceName (ppp0) with ppp0 for dun
07-23 14:10:45.924  1637  1665 D MobileDataStateTracker: replacing old mInterfaceName (ppp0) with ppp0 for supl
07-23 14:10:45.924  1637  1665 D MobileDataStateTracker: default Received state= CONNECTED, old= CONNECTED, reason= nwTypeChanged, apnTypeList= default,supl,agps,fota,dun
07-23 14:10:45.924  1637  1665 D NetworkStateTracker: setDetailed state, old =CONNECTED and new state=CONNECTED
07-23 14:10:46.164  1833  1833 D RawRadioSignalLevel: mSignalStrength=SignalStrength: 8 -1 -1 -1 -1 -1 -1 gsm 0 0 0 5 -97 -13, numBars=5
07-23 14:10:46.164  1833  1833 D RawRadioSignalLevel: raw_sig_level=-97,raw_ecno_ber=-13,raw_rat=5
07-23 14:10:46.164  1833  1833 D RawRadioSignalLevel: rscp_iconLevel=3, ecno_iconLevel=3
07-23 14:10:46.164  1833  1833 D RawRadioSignalLevel: iconLevel = 3
07-23 14:10:46.875  8507  8652 I Docking : Phys/Animation running
07-23 14:10:47.384  1466  1658 I         : odm_disp_esd_thread is running(125) state=1
07-23 14:10:49.154  1833  1833 D RawRadioSignalLevel: mSignalStrength=SignalStrength: 9 -1 -1 -1 -1 -1 -1 gsm 0 0 0 5 -96 -13, numBars=5
07-23 14:10:49.154  1833  1833 D RawRadioSignalLevel: raw_sig_level=-96,raw_ecno_ber=-13,raw_rat=5
07-23 14:10:49.154  1833  1833 D RawRadioSignalLevel: rscp_iconLevel=3, ecno_iconLevel=3
07-23 14:10:49.154  1833  1833 D RawRadioSignalLevel: iconLevel = 3
07-23 14:10:51.474  1466  1646 D         : NVRM_DAEMON(479): queue_dispatch_thread() running
07-23 14:10:51.484  1456  1456 I /system/bin/nvrm_daemon: NVRM_DAEMON(479): queue_dispatch_thread() running
07-23 14:10:52.154  1833  1833 D RawRadioSignalLevel: mSignalStrength=SignalStrength: 11 -1 -1 -1 -1 -1 -1 gsm 0 0 0 5 -92 -13, numBars=5
07-23 14:10:52.154  1833  1833 D RawRadioSignalLevel: raw_sig_level=-92,raw_ecno_ber=-13,raw_rat=5
07-23 14:10:52.154  1833  1833 D RawRadioSignalLevel: rscp_iconLevel=3, ecno_iconLevel=3
07-23 14:10:52.154  1833  1833 D RawRadioSignalLevel: iconLevel = 3
07-23 14:10:53.094  8507  8510 D dalvikvm: GC_CONCURRENT freed 1091K, 57% free 3114K/7175K, external 3302K/3817K, paused 4ms+3ms
07-23 14:10:55.164  1833  1833 D RawRadioSignalLevel: mSignalStrength=SignalStrength: 10 -1 -1 -1 -1 -1 -1 gsm 0 0 0 5 -93 -15, numBars=5
07-23 14:10:55.164  1833  1833 D RawRadioSignalLevel: raw_sig_level=-93,raw_ecno_ber=-15,raw_rat=5
