--------- beginning of /dev/log/main
07-26 15:56:33.390 14804 14804 D AndroidRuntime: 
07-26 15:56:33.390 14804 14804 D AndroidRuntime: >>>>>> AndroidRuntime START com.android.internal.os.RuntimeInit <<<<<<
07-26 15:56:33.390 14804 14804 D AndroidRuntime: CheckJNI is OFF
07-26 15:56:33.390 14804 14804 D dalvikvm: creating instr width table
07-26 15:56:33.487 14804 14804 D AndroidRuntime: Calling main entry com.android.commands.pm.Pm
--------- beginning of /dev/log/system
07-26 15:56:33.500  1657  1688 I ActivityManager: Start proc com.android.defcontainer for service com.android.defcontainer/.DefaultContainerService: pid=14812 uid=10043 gids={1015, 2001}
07-26 15:56:33.500  1450  1461 E NetlinkEvent: NetlinkEvent::FindParam(): Parameter 'UDEV_LOG' not found
07-26 15:56:33.500  1452  1514 E NetlinkListener: ignoring non-kernel netlink multicast message
07-26 15:56:33.500  1450  1461 E NetlinkListener: ignoring non-kernel netlink multicast message
07-26 15:56:33.550 14812 14818 D dalvikvm: GC_EXPLICIT freed 41K, 49% free 2778K/5379K, external 2357K/2773K, paused 23ms
07-26 15:56:33.560  1657  1688 D PackageParser: Scanning package: /data/app/vmdl-878559604.tmp
07-26 15:56:33.560  1657  1688 W ActivityManager: No content provider found for: 
07-26 15:56:33.560  1657  1688 W ActivityManager: No content provider found for: 
07-26 15:56:33.627  1657  1688 D PackageManager: Scanning package com.johnpritchard.docking
07-26 15:56:33.627  1505  1505 D installd: DexInv: --- BEGIN '/data/app/com.johnpritchard.docking-1.apk' ---
07-26 15:56:33.627  1657  1688 I PackageManager: Unpacking native libraries for /data/app/com.johnpritchard.docking-1.apk
07-26 15:56:33.637  1450  1461 E NetlinkEvent: NetlinkEvent::FindParam(): Parameter 'UDEV_LOG' not found
07-26 15:56:33.637  1452  1514 E NetlinkListener: ignoring non-kernel netlink multicast message
07-26 15:56:33.637  1450  1461 E NetlinkListener: ignoring non-kernel netlink multicast message
07-26 15:56:33.667 14821 14821 D dalvikvm: creating instr width table
07-26 15:56:33.777 14821 14821 D dalvikvm: DexOpt: load 13ms, verify+opt 80ms
07-26 15:56:35.497  1657  1685 I ActivityManager: Start proc com.motorola.blur.suggestions.scheduler for service com.motorola.blur.suggestions.scheduler/.PollSchedulerService: pid=14823 uid=10138 gids={}
07-26 15:56:35.497  1450  1461 E NetlinkEvent: NetlinkEvent::FindParam(): Parameter 'UDEV_LOG' not found
07-26 15:56:35.497  1452  1514 E NetlinkListener: ignoring non-kernel netlink multicast message
07-26 15:56:35.507  1450  1461 E NetlinkListener: ignoring non-kernel netlink multicast message
07-26 15:56:35.837  1505  1505 D installd: DexInv: --- END '/data/app/com.johnpritchard.docking-1.apk' (success) ---
07-26 15:56:35.837  1657  1685 I ActivityManager: Force stopping package com.johnpritchard.docking uid=10049
07-26 15:56:35.847  1657  1688 D PackageManager: Registered content provider: com.johnpritchard.docking.provider.History, className = com.johnpritchard.docking.DockingDatabaseHistoryProvider, isSyncable = false
07-26 15:56:35.847  1657  1688 D PackageManager:   Providers: com.johnpritchard.docking.DockingDatabaseHistoryProvider
07-26 15:56:35.847  1657  1688 D PackageManager:   Activities: com.johnpritchard.docking.DockingActivity2D com.johnpritchard.docking.DockingActivity3D
07-26 15:56:36.319  1505  1505 I installd: move /data/dalvik-cache/data@app@com.johnpritchard.docking-1.apk@classes.dex -> /data/dalvik-cache/data@app@com.johnpritchard.docking-1.apk@classes.dex
07-26 15:56:36.327  1657  1688 D PackageManager: New package installed in /data/app/com.johnpritchard.docking-1.apk
07-26 15:56:36.327  1657  1688 W PackageManager: Unknown permission android.permission.READ_EXTERNAL_STORAGE in package com.johnpritchard.docking
07-26 15:56:36.357  1657  1683 W ActivityManager: Activity pause timeout for HistoryRecord{409697f0 com.motorola.blur.home/.HomeActivity}
07-26 15:56:36.610  1657  1688 D dalvikvm: GC_EXPLICIT freed 1359K, 35% free 9186K/14023K, external 7883K/8031K, paused 94ms
07-26 15:56:36.620 14804 14804 D AndroidRuntime: Shutting down VM
07-26 15:56:36.620 14502 14502 I TrueSuiteMobile: <GfxService> GfxService: ACTION_PACKAGE_INSTALL
07-26 15:56:36.620 14804 14806 D dalvikvm: GC_CONCURRENT freed 100K, 71% free 299K/1024K, external 0K/0K, paused 0ms+1ms
07-26 15:56:36.620 14804 14808 D jdwp    : adbd disconnected
07-26 15:56:36.630 14759 14759 D VST-PackageChangeReceiver: onReceive()
07-26 15:56:36.630 14759 14759 D VST-PackageChangeReceiver: onReceive(), action = android.intent.action.PACKAGE_ADDED
07-26 15:56:36.630 14759 14759 D VST-ShortcutListSync: onChange, mNumTimesResyncStarted = 0
07-26 15:56:36.630 14759 14768 D VST-ShortcutListBuilder: VSuite applist recache START
07-26 15:56:36.630 14759 14768 D VST-ShortcutListBuilder: rebuildAppList Start rebuild
07-26 15:56:36.630 14759 14768 D VST-ShortcutListBuilder: queryActivitiesByIntent
07-26 15:56:36.640 14804 14831 I AndroidRuntime: NOTE: attach of thread 'Binder Thread #3' failed
07-26 15:56:36.640  1450  1461 E NetlinkEvent: NetlinkEvent::FindParam(): Parameter 'UDEV_LOG' not found
07-26 15:56:36.640  1452  1514 E NetlinkListener: ignoring non-kernel netlink multicast message
07-26 15:56:36.640  1450  1461 E NetlinkListener: ignoring non-kernel netlink multicast message
07-26 15:56:36.640  1657  2363 I ActivityManager: Start proc com.google.android.partnersetup for broadcast com.google.android.partnersetup/.AppInstalledReceiver: pid=14832 uid=10011 gids={3003}
07-26 15:56:36.710 14832 14832 I ActivityThread: Pub com.google.android.partnersetup.rlzprovider: com.google.android.partnersetup.RlzProvider
07-26 15:56:36.730 14832 14832 I ActivityThread: Pub com.google.android.partnersetup.rlzappprovider: com.google.android.partnersetup.RlzAppProvider
07-26 15:56:36.800  1450  1461 E NetlinkEvent: NetlinkEvent::FindParam(): Parameter 'UDEV_LOG' not found
07-26 15:56:36.800  1450  1461 E NetlinkListener: ignoring non-kernel netlink multicast message
07-26 15:56:36.800  1657  2363 I ActivityManager: Start proc com.svox.pico for broadcast com.svox.pico/.VoiceDataInstallerReceiver: pid=14845 uid=10040 gids={}
07-26 15:56:36.800  1452  1514 E NetlinkListener: ignoring non-kernel netlink multicast message
07-26 15:56:36.800  1657  2363 I ActivityManager: No longer want com.google.android.apps.uploader (pid 25167): hidden #21
07-26 15:56:36.820 14759 14759 D VST-ShortcutListBuilder: fireOnShortcutListBuildComplete, rebuild complete
07-26 15:56:36.820 14759 14759 D VST-ShortcutListSync: Rebuild complete, size = 67
07-26 15:56:36.820 14759 14768 D VST-ShortcutListBuilder: VSuite applist recache END
07-26 15:56:36.850 14845 14845 I ActivityThread: Pub com.svox.pico.providers.SettingsProvider: com.svox.pico.providers.SettingsProvider
07-26 15:56:36.870  1657  1657 I ActivityManager: No longer want com.nytimes.android (pid 27906): hidden #21
07-26 15:56:36.880  1657  1683 D szipinf : Initializing inflate state
07-26 15:56:36.900  1450  1461 E NetlinkEvent: NetlinkEvent::FindParam(): Parameter 'UDEV_LOG' not found
07-26 15:56:36.900  1452  1514 E NetlinkListener: ignoring non-kernel netlink multicast message
07-26 15:56:36.900  1450  1461 E NetlinkListener: ignoring non-kernel netlink multicast message
07-26 15:56:36.910  2271  2271 D GTalkService: handlePackageInstalled: re-initialize providers
07-26 15:56:36.910  2271  2271 D GTalkService: [RawStanzaProvidersMgr] ##### searchProvidersFromIntent
07-26 15:56:36.920  2271  2271 D GTalkService: [RawStanzaProvidersMgr] no intent receivers found
07-26 15:56:36.950  2074  2074 D PMAppInfoManager: Not adding pkg as cache is not set
07-26 15:56:36.997  2313  2313 D PackageAddedReceiver: package added com.johnpritchard.docking
07-26 15:56:37.027  1450  1461 E NetlinkEvent: NetlinkEvent::FindParam(): Parameter 'UDEV_LOG' not found
07-26 15:56:37.027  1452  1514 E NetlinkListener: ignoring non-kernel netlink multicast message
07-26 15:56:37.027  1450  1461 E NetlinkListener: ignoring non-kernel netlink multicast message
07-26 15:56:37.037  1657  2364 I ActivityManager: Start proc com.google.android.apps.googlevoice for broadcast com.google.android.apps.googlevoice/.BootUpReceiver: pid=14856 uid=10101 gids={3003, 1015}
07-26 15:56:37.340 14856 14856 E dalvikvm: Could not find class 'android.app.Notification$Builder', referenced from method com.google.android.apps.googlevoice.system.AndroidNotifier.getApplicationUpgradedNotificationJellyBean
07-26 15:56:37.340 14856 14856 W dalvikvm: VFY: unable to resolve new-instance 36 (Landroid/app/Notification$Builder;) in Lcom/google/android/apps/googlevoice/system/AndroidNotifier;
07-26 15:56:37.340 14856 14856 D dalvikvm: VFY: replacing opcode 0x22 at 0x0000
07-26 15:56:37.340 14856 14856 D dalvikvm: VFY: dead code 0x0002-004e in Lcom/google/android/apps/googlevoice/system/AndroidNotifier;.getApplicationUpgradedNotificationJellyBean (Landroid/app/PendingIntent;)Landroid/app/Notification;
07-26 15:56:37.370  1657  2207 W PackageManager: setEnabledSetting(ENABLED) - would have exited here
07-26 15:56:37.370 14856 14856 E GoogleVoice: BackedUpCircularLog: Failed to close checkin logs file. Permission denied
07-26 15:56:37.370 14856 14856 E GoogleVoice: BackedUpCircularLog: Failed to close checkin logs file. Permission denied
07-26 15:56:37.847  1657  1659 D dalvikvm: GC_CONCURRENT freed 1481K, 31% free 9691K/14023K, external 7883K/8031K, paused 4ms+6ms
07-26 15:56:37.880  1450  1461 E NetlinkEvent: NetlinkEvent::FindParam(): Parameter 'UDEV_LOG' not found
07-26 15:56:37.880  1452  1514 E NetlinkListener: ignoring non-kernel netlink multicast message
07-26 15:56:37.880  1657  1657 W PackageManager: setEnabledSetting(ENABLED) - would have exited here
07-26 15:56:37.880 14856 14856 D GoogleVoice: PushNotificationRegistrationService.register(): registering for inbox notifications
07-26 15:56:37.880 14856 14856 E GoogleVoice: BackedUpCircularLog: Failed to close checkin logs file. Permission denied
07-26 15:56:37.880  1450  1461 E NetlinkListener: ignoring non-kernel netlink multicast message
07-26 15:56:37.950  1450  1461 E NetlinkEvent: NetlinkEvent::FindParam(): Parameter 'UDEV_LOG' not found
07-26 15:56:37.950  1450  1461 E NetlinkListener: ignoring non-kernel netlink multicast message
07-26 15:56:37.950  1452  1514 E NetlinkListener: ignoring non-kernel netlink multicast message
07-26 15:56:38.340  1657  2069 W PackageManager: setEnabledSetting(DISABLED) - would have exited here
07-26 15:56:38.370 14856 14856 D GoogleVoice: The push notification registration request is being sent...
07-26 15:56:38.400 14502 14505 D dalvikvm: GC_CONCURRENT freed 9K, 45% free 3507K/6279K, external 2357K/2773K, paused 3ms+2ms
