07-23 14:10:55.164  1833  1833 D RawRadioSignalLevel: rscp_iconLevel=3, ecno_iconLevel=2
07-23 14:10:55.164  1833  1833 D RawRadioSignalLevel: iconLevel = 2
07-23 14:10:55.854  1637  2376 D ConnectivityService: getMobileDataEnabled returning true
07-23 14:10:55.884  1637  2415 D ConnectivityService: stopUsingNetworkFeature for net 0: enableMMS
07-23 14:10:55.884  1637  2415 D ConnectivityService: ignoring stopUsingNetworkFeature - not a live request
07-23 14:10:56.184  1466  1658 I         : odm_disp_esd_thread is running(523) state=1
07-23 14:11:00.004  2141  2141 I SYS_MPP : WebtopStatusHandler	Time change action: android.intent.action.TIME_TICK
07-23 14:11:00.014  2141  2141 I SYS_MPP : WebtopStatusHandler	xxxxxxx Date long format=Wednesday, July 23, 2014
07-23 14:11:00.234  8507  8510 D dalvikvm: GC_CONCURRENT freed 1141K, 57% free 3120K/7175K, external 3321K/3817K, paused 3ms+3ms
07-23 14:11:04.164  1833  1833 D RawRadioSignalLevel: mSignalStrength=SignalStrength: 11 -1 -1 -1 -1 -1 -1 gsm 0 0 0 5 -92 -14, numBars=5
07-23 14:11:04.164  1833  1833 D RawRadioSignalLevel: raw_sig_level=-92,raw_ecno_ber=-14,raw_rat=5
07-23 14:11:04.174  1833  1833 D RawRadioSignalLevel: rscp_iconLevel=3, ecno_iconLevel=2
07-23 14:11:04.174  1833  1833 D RawRadioSignalLevel: iconLevel = 2
07-23 14:11:04.934  1466  1658 I         : odm_disp_esd_thread is running(520) state=1
07-23 14:11:07.434  8507  8510 D dalvikvm: GC_CONCURRENT freed 1120K, 57% free 3118K/7175K, external 3322K/3817K, paused 4ms+3ms
07-23 14:11:08.286  1466  1646 D         : NVRM_DAEMON(479): queue_dispatch_thread() running
07-23 14:11:08.294  1456  1456 I /system/bin/nvrm_daemon: NVRM_DAEMON(479): queue_dispatch_thread() running
07-23 14:11:09.254  3348  3348 D dalvikvm: GC_EXPLICIT freed 15K, 40% free 4308K/7175K, external 3064K/3627K, paused 51ms
07-23 14:11:13.684  1466  1658 I         : odm_disp_esd_thread is running(521) state=1
07-23 14:11:14.294  2699  2699 D dalvikvm: GC_EXPLICIT freed 43K, 51% free 3527K/7175K, external 2357K/2773K, paused 85ms
07-23 14:11:14.384  2010  2010 D PollingManager: phone state: 0 home domestic AT&T AT&T 310410  UMTS CSS not supported -1 -1RoamInd: -1DefRoamInd: -1EmergOnly: false
07-23 14:11:14.384  2141  2354 I SYS_MPP : WebtopStatusHandler	updateDataIcon()
07-23 14:11:14.384  1833  1833 D RawRadioSignalLevel: mSignalStrength=SignalStrength: 11 -1 -1 -1 -1 -1 -1 gsm 0 0 0 5 -92 -14, numBars=5
07-23 14:11:14.384  1833  1833 D RawRadioSignalLevel: raw_sig_level=-92,raw_ecno_ber=-14,raw_rat=5
07-23 14:11:14.384  1833  1833 D RawRadioSignalLevel: rscp_iconLevel=3, ecno_iconLevel=2
07-23 14:11:14.384  1833  1833 D RawRadioSignalLevel: iconLevel = 2
07-23 14:11:14.384  1637  2222 I TelephonyRegistry: notifyServiceState: 0 home domestic AT&T AT&T 310410  UMTS CSS not supported -1 -1RoamInd: -1DefRoamInd: -1EmergOnly: false
07-23 14:11:14.384  1833  1833 D StatusBarPolicy: ERI alert sound is disabled.
07-23 14:11:14.404  1637  2094 I TelephonyRegistry: notifyDataConnection: state=2 isDataConnectivityPossible=true reason=nwTypeChanged interfaceName=ppp0 networkType=3
07-23 14:11:14.414  2141  2354 I SYS_MPP : WebtopStatusHandler	updateDataIcon()
07-23 14:11:14.434  3555  3555 I SmsReceiverService: MMS-STATUS - start sms receiver service, app version=STABLE4.user.4.5.141.2.3.6.Blur_Version.4.5.141.MB860.ATT.en.US.Mon Dec 12 12:42:46 CST 2011 (log=false) (apn=false) (config=false)
07-23 14:11:14.434  2004  2004 D PhoneApp: [NotificationMgr] updateNetworkSelection()...state = 0 new network 
07-23 14:11:14.444  5762  5762 D NetStatUtils: Receive a broadcast: android.intent.action.ANY_DATA_STATE
07-23 14:11:14.444  5762  5762 D NetStatUtils: Received android.intent.action.ANY_DATA_STATE broadcast - state = CONNECTED, unavailable = false
07-23 14:11:14.444  5762  5762 D NetStatUtils: The APN name is: phone and the interface is: ppp0
07-23 14:11:14.444  5762  5762 D NetStatUtils: This APN has been recorded before yet.
07-23 14:11:14.444  5762  5762 D NetStatUtils: This APN has been active yet. the corresponding interface is: ppp0
07-23 14:11:14.444  2004  2004 D PhoneApp: [NotificationMgr] hideDataDisconnectedRoaming()...
07-23 14:11:14.444  3555  3555 I TransactionService: MMS-STATUS - start transaction service, app version=STABLE4.user.4.5.141.2.3.6.Blur_Version.4.5.141.MB860.ATT.en.US.Mon Dec 12 12:42:46 CST 2011 (log=false) (apn=false) (config=false)
07-23 14:11:14.454  1637  1665 D MobileDataStateTracker: replacing old mInterfaceName (ppp0) with ppp0 for hipri
07-23 14:11:14.454  1637  1665 D MobileDataStateTracker: replacing old mInterfaceName (ppp0) with ppp0 for fota
07-23 14:11:14.454  1637  1665 D MobileDataStateTracker: replacing old mInterfaceName (ppp0) with ppp0 for agps
07-23 14:11:14.464  1637  1665 D MobileDataStateTracker: replacing old mInterfaceName (ppp0) with ppp0 for dun
07-23 14:11:14.464  1637  1665 D MobileDataStateTracker: replacing old mInterfaceName (ppp0) with ppp0 for supl
07-23 14:11:14.474  1637  1665 D MobileDataStateTracker: default Received state= CONNECTED, old= CONNECTED, reason= nwTypeChanged, apnTypeList= default,supl,agps,fota,dun
07-23 14:11:14.484  1637  1665 D NetworkStateTracker: setDetailed state, old =CONNECTED and new state=CONNECTED
07-23 14:11:14.594  8507  8510 D dalvikvm: GC_CONCURRENT freed 1108K, 57% free 3119K/7175K, external 3317K/3817K, paused 2ms+2ms
07-23 14:11:16.174  2343  8622 I GCM     : GCM message GSYNC_TICKLE 0:1406139073468294%e7a71353318775cd
07-23 14:11:16.174  1637  2120 D ConnectivityService: reportNetworkCondition(0, 100)
07-23 14:11:16.174  1637  1786 D ConnectivityService: Inet connectivity change, net=0, condition=100,mActiveDefaultNetwork=0
07-23 14:11:16.174  1637  1786 D ConnectivityService: starting a change hold
07-23 14:11:16.244  2010  2010 D PollingManager: phone state: 0 home domestic AT&T AT&T 310410  HSPA CSS not supported -1 -1RoamInd: -1DefRoamInd: -1EmergOnly: false
07-23 14:11:16.244  2141  2354 I SYS_MPP : WebtopStatusHandler	updateDataIcon()
07-23 14:11:16.244  1637  2222 I TelephonyRegistry: notifyServiceState: 0 home domestic AT&T AT&T 310410  HSPA CSS not supported -1 -1RoamInd: -1DefRoamInd: -1EmergOnly: false
07-23 14:11:16.254  1833  1833 D RawRadioSignalLevel: mSignalStrength=SignalStrength: 11 -1 -1 -1 -1 -1 -1 gsm 0 0 0 5 -92 -14, numBars=5
07-23 14:11:16.254  1833  1833 D RawRadioSignalLevel: raw_sig_level=-92,raw_ecno_ber=-14,raw_rat=5
07-23 14:11:16.254  1833  1833 D RawRadioSignalLevel: rscp_iconLevel=3, ecno_iconLevel=2
07-23 14:11:16.254  1833  1833 D RawRadioSignalLevel: iconLevel = 2
07-23 14:11:16.254  1833  1833 D StatusBarPolicy: ERI alert sound is disabled.
07-23 14:11:16.274  1637  1642 I TelephonyRegistry: notifyDataConnection: state=2 isDataConnectivityPossible=true reason=nwTypeChanged interfaceName=ppp0 networkType=10
07-23 14:11:16.294  2141  2354 I SYS_MPP : WebtopStatusHandler	updateDataIcon()
07-23 14:11:16.304  3555  3555 I TransactionService: MMS-STATUS - start transaction service, app version=STABLE4.user.4.5.141.2.3.6.Blur_Version.4.5.141.MB860.ATT.en.US.Mon Dec 12 12:42:46 CST 2011 (log=false) (apn=false) (config=false)
07-23 14:11:16.314  3555  3555 I SmsReceiverService: MMS-STATUS - start sms receiver service, app version=STABLE4.user.4.5.141.2.3.6.Blur_Version.4.5.141.MB860.ATT.en.US.Mon Dec 12 12:42:46 CST 2011 (log=false) (apn=false) (config=false)
07-23 14:11:16.314  2004  2004 D PhoneApp: [NotificationMgr] updateNetworkSelection()...state = 0 new network 
07-23 14:11:16.344  2004  2004 D PhoneApp: [NotificationMgr] hideDataDisconnectedRoaming()...
07-23 14:11:16.344  1637  1665 D MobileDataStateTracker: replacing old mInterfaceName (ppp0) with ppp0 for hipri
07-23 14:11:16.354  5762  5762 D NetStatUtils: Receive a broadcast: android.intent.action.ANY_DATA_STATE
07-23 14:11:16.354  5762  5762 D NetStatUtils: Received android.intent.action.ANY_DATA_STATE broadcast - state = CONNECTED, unavailable = false
07-23 14:11:16.354  5762  5762 D NetStatUtils: The APN name is: phone and the interface is: ppp0
07-23 14:11:16.354  5762  5762 D NetStatUtils: This APN has been recorded before yet.
07-23 14:11:16.354  5762  5762 D NetStatUtils: This APN has been active yet. the corresponding interface is: ppp0
07-23 14:11:16.364  1637  1665 D MobileDataStateTracker: replacing old mInterfaceName (ppp0) with ppp0 for fota
07-23 14:11:16.364  1637  1665 D MobileDataStateTracker: replacing old mInterfaceName (ppp0) with ppp0 for agps
07-23 14:11:16.364  1637  1665 D MobileDataStateTracker: replacing old mInterfaceName (ppp0) with ppp0 for dun
07-23 14:11:16.374  1637  1665 D MobileDataStateTracker: replacing old mInterfaceName (ppp0) with ppp0 for supl
07-23 14:11:16.374  1637  1665 D MobileDataStateTracker: default Received state= CONNECTED, old= CONNECTED, reason= nwTypeChanged, apnTypeList= default,supl,agps,fota,dun
07-23 14:11:16.374  1637  1665 D NetworkStateTracker: setDetailed state, old =CONNECTED and new state=CONNECTED
07-23 14:11:16.394  8627  8670 I Gmail   : MainSyncRequestProto: lowestBkwdConvoId: 0, highestHandledServerOp: 3805250, normalSync: true
07-23 14:11:16.684  1637  1786 D ConnectivityService: Inet hold end, net=0, condition =100, published condition =100
07-23 14:11:16.684  1637  1786 D ConnectivityService: no change in condition - aborting
07-23 14:11:16.944  2141  2354 I SYS_MPP : WebtopStatusHandler	onDataActivity()...direction=3
07-23 14:11:16.944  2141  2354 I SYS_MPP : WebtopStatusHandler	updateDataIcon()
07-23 14:11:17.584  8627  8630 D dalvikvm: GC_CONCURRENT freed 989K, 53% free 3411K/7175K, external 2357K/2773K, paused 2ms+2ms
07-23 14:11:18.964  2141  2354 I SYS_MPP : WebtopStatusHandler	onDataActivity()...direction=0
07-23 14:11:18.964  2141  2354 I SYS_MPP : WebtopStatusHandler	updateDataIcon()
07-23 14:11:19.454  8627  8670 D dalvikvm: GC_EXPLICIT freed 170K, 52% free 3487K/7175K, external 2357K/2773K, paused 44ms
07-23 14:11:19.464  8627  8670 I Gmail   : MainSyncRequestProto: lowestBkwdConvoId: 0, highestHandledServerOp: 3805261, normalSync: true
07-23 14:11:21.434  7095  7095 D dalvikvm: GC_EXPLICIT freed 196K, 47% free 2921K/5511K, external 2357K/2773K, paused 58ms
07-23 14:11:21.754  8507  8510 D dalvikvm: GC_CONCURRENT freed 1139K, 57% free 3118K/7175K, external 3324K/3817K, paused 3ms+1ms
07-23 14:11:22.436  1466  1658 I         : odm_disp_esd_thread is running(516) state=1
07-23 14:11:25.157  1466  1646 D         : NVRM_DAEMON(479): queue_dispatch_thread() running
07-23 14:11:25.164  1456  1456 I /system/bin/nvrm_daemon: NVRM_DAEMON(479): queue_dispatch_thread() running
07-23 14:11:26.324  1637  2370 D ConnectivityService: getMobileDataEnabled returning true
07-23 14:11:26.354  1637  2062 D ConnectivityService: stopUsingNetworkFeature for net 0: enableMMS
07-23 14:11:26.354  1637  2062 D ConnectivityService: ignoring stopUsingNetworkFeature - not a live request
07-23 14:11:26.424  5720  5720 D dalvikvm: GC_EXPLICIT freed 37K, 51% free 2988K/6023K, external 2357K/2773K, paused 44ms
07-23 14:11:27.114  2010  2010 D PollingManager: phone state: 0 home domestic AT&T AT&T 310410  HSDPA CSS not supported -1 -1RoamInd: -1DefRoamInd: -1EmergOnly: false
07-23 14:11:27.114  2141  2354 I SYS_MPP : WebtopStatusHandler	updateDataIcon()
07-23 14:11:27.114  1833  1833 D RawRadioSignalLevel: mSignalStrength=SignalStrength: 11 -1 -1 -1 -1 -1 -1 gsm 0 0 0 5 -92 -14, numBars=5
07-23 14:11:27.114  1637  2222 I TelephonyRegistry: notifyServiceState: 0 home domestic AT&T AT&T 310410  HSDPA CSS not supported -1 -1RoamInd: -1DefRoamInd: -1EmergOnly: false
07-23 14:11:27.114  1833  1833 D StatusBarPolicy: ERI alert sound is disabled.
07-23 14:11:27.124  1833  1833 D RawRadioSignalLevel: raw_sig_level=-92,raw_ecno_ber=-14,raw_rat=5
07-23 14:11:27.124  1833  1833 D RawRadioSignalLevel: rscp_iconLevel=3, ecno_iconLevel=2
07-23 14:11:27.124  1833  1833 D RawRadioSignalLevel: iconLevel = 2
07-23 14:11:27.144  1637  2027 I TelephonyRegistry: notifyDataConnection: state=2 isDataConnectivityPossible=true reason=nwTypeChanged interfaceName=ppp0 networkType=8
07-23 14:11:27.154  2141  2354 I SYS_MPP : WebtopStatusHandler	updateDataIcon()
07-23 14:11:27.174  5762  5762 D NetStatUtils: Receive a broadcast: android.intent.action.ANY_DATA_STATE
07-23 14:11:27.174  5762  5762 D NetStatUtils: Received android.intent.action.ANY_DATA_STATE broadcast - state = CONNECTED, unavailable = false
07-23 14:11:27.174  5762  5762 D NetStatUtils: The APN name is: phone and the interface is: ppp0
07-23 14:11:27.174  5762  5762 D NetStatUtils: This APN has been recorded before yet.
07-23 14:11:27.174  5762  5762 D NetStatUtils: This APN has been active yet. the corresponding interface is: ppp0
07-23 14:11:27.174  2004  2004 D PhoneApp: [NotificationMgr] updateNetworkSelection()...state = 0 new network 
07-23 14:11:27.184  2004  2004 D PhoneApp: [NotificationMgr] hideDataDisconnectedRoaming()...
07-23 14:11:27.194  3555  3555 I TransactionService: MMS-STATUS - start transaction service, app version=STABLE4.user.4.5.141.2.3.6.Blur_Version.4.5.141.MB860.ATT.en.US.Mon Dec 12 12:42:46 CST 2011 (log=false) (apn=false) (config=false)
07-23 14:11:27.194  3555  3555 I SmsReceiverService: MMS-STATUS - start sms receiver service, app version=STABLE4.user.4.5.141.2.3.6.Blur_Version.4.5.141.MB860.ATT.en.US.Mon Dec 12 12:42:46 CST 2011 (log=false) (apn=false) (config=false)
07-23 14:11:27.204  1637  1665 D MobileDataStateTracker: replacing old mInterfaceName (ppp0) with ppp0 for hipri
07-23 14:11:27.214  1637  1665 D MobileDataStateTracker: replacing old mInterfaceName (ppp0) with ppp0 for fota
07-23 14:11:27.224  1637  1665 D MobileDataStateTracker: replacing old mInterfaceName (ppp0) with ppp0 for agps
07-23 14:11:27.234  1637  1665 D MobileDataStateTracker: replacing old mInterfaceName (ppp0) with ppp0 for dun
07-23 14:11:27.234  1637  1665 D MobileDataStateTracker: replacing old mInterfaceName (ppp0) with ppp0 for supl
07-23 14:11:27.244  1637  1665 D MobileDataStateTracker: default Received state= CONNECTED, old= CONNECTED, reason= nwTypeChanged, apnTypeList= default,supl,agps,fota,dun
07-23 14:11:27.244  1637  1665 D NetworkStateTracker: setDetailed state, old =CONNECTED and new state=CONNECTED
07-23 14:11:28.914  8507  8510 D dalvikvm: GC_CONCURRENT freed 1120K, 57% free 3118K/7175K, external 3320K/3817K, paused 4ms+7ms
07-23 14:11:31.184  1833  1833 D RawRadioSignalLevel: mSignalStrength=SignalStrength: 12 -1 -1 -1 -1 -1 -1 gsm 0 0 0 5 -90 -11, numBars=5
07-23 14:11:31.184  1833  1833 D RawRadioSignalLevel: raw_sig_level=-90,raw_ecno_ber=-11,raw_rat=5
07-23 14:11:31.184  1833  1833 D RawRadioSignalLevel: rscp_iconLevel=3, ecno_iconLevel=4
07-23 14:11:31.184  1833  1833 D RawRadioSignalLevel: iconLevel = 3
07-23 14:11:31.184  1466  1658 I         : odm_disp_esd_thread is running(517) state=1
07-23 14:11:32.194  2010  2010 D PollingManager: phone state: 0 home domestic AT&T AT&T 310410  HSPA CSS not supported -1 -1RoamInd: -1DefRoamInd: -1EmergOnly: false
07-23 14:11:32.194  2141  2354 I SYS_MPP : WebtopStatusHandler	updateDataIcon()
07-23 14:11:32.194  1833  1833 D RawRadioSignalLevel: mSignalStrength=SignalStrength: 12 -1 -1 -1 -1 -1 -1 gsm 0 0 0 5 -90 -11, numBars=5
07-23 14:11:32.194  1833  1833 D RawRadioSignalLevel: raw_sig_level=-90,raw_ecno_ber=-11,raw_rat=5
07-23 14:11:32.194  1833  1833 D RawRadioSignalLevel: rscp_iconLevel=3, ecno_iconLevel=4
07-23 14:11:32.194  1833  1833 D RawRadioSignalLevel: iconLevel = 3
07-23 14:11:32.194  1637  2415 I TelephonyRegistry: notifyServiceState: 0 home domestic AT&T AT&T 310410  HSPA CSS not supported -1 -1RoamInd: -1DefRoamInd: -1EmergOnly: false
07-23 14:11:32.194  1833  1833 D StatusBarPolicy: ERI alert sound is disabled.
07-23 14:11:32.204  1637  2120 I TelephonyRegistry: notifyDataConnection: state=2 isDataConnectivityPossible=true reason=nwTypeChanged interfaceName=ppp0 networkType=10
07-23 14:11:32.214  2141  2354 I SYS_MPP : WebtopStatusHandler	updateDataIcon()
07-23 14:11:32.244  2004  2004 D PhoneApp: [NotificationMgr] updateNetworkSelection()...state = 0 new network 
07-23 14:11:32.244  1637  1665 D MobileDataStateTracker: replacing old mInterfaceName (ppp0) with ppp0 for hipri
07-23 14:11:32.254  1637  1665 D MobileDataStateTracker: replacing old mInterfaceName (ppp0) with ppp0 for fota
07-23 14:11:32.254  1637  1665 D MobileDataStateTracker: replacing old mInterfaceName (ppp0) with ppp0 for agps
07-23 14:11:32.254  1637  1665 D MobileDataStateTracker: replacing old mInterfaceName (ppp0) with ppp0 for dun
07-23 14:11:32.254  1637  1665 D MobileDataStateTracker: replacing old mInterfaceName (ppp0) with ppp0 for supl
07-23 14:11:32.264  1637  1665 D MobileDataStateTracker: default Received state= CONNECTED, old= CONNECTED, reason= nwTypeChanged, apnTypeList= default,supl,agps,fota,dun
07-23 14:11:32.264  2004  2004 D PhoneApp: [NotificationMgr] hideDataDisconnectedRoaming()...
07-23 14:11:32.264  5762  5762 D NetStatUtils: Receive a broadcast: android.intent.action.ANY_DATA_STATE
07-23 14:11:32.264  5762  5762 D NetStatUtils: Received android.intent.action.ANY_DATA_STATE broadcast - state = CONNECTED, unavailable = false
07-23 14:11:32.264  5762  5762 D NetStatUtils: The APN name is: phone and the interface is: ppp0
07-23 14:11:32.264  5762  5762 D NetStatUtils: This APN has been recorded before yet.
07-23 14:11:32.264  5762  5762 D NetStatUtils: This APN has been active yet. the corresponding interface is: ppp0
07-23 14:11:32.264  1637  1665 D NetworkStateTracker: setDetailed state, old =CONNECTED and new state=CONNECTED
07-23 14:11:32.284  3555  3555 I TransactionService: MMS-STATUS - start transaction service, app version=STABLE4.user.4.5.141.2.3.6.Blur_Version.4.5.141.MB860.ATT.en.US.Mon Dec 12 12:42:46 CST 2011 (log=false) (apn=false) (config=false)
07-23 14:11:32.294  3555  3555 I SmsReceiverService: MMS-STATUS - start sms receiver service, app version=STABLE4.user.4.5.141.2.3.6.Blur_Version.4.5.141.MB860.ATT.en.US.Mon Dec 12 12:42:46 CST 2011 (log=false) (apn=false) (config=false)
07-23 14:11:36.564  8507  8510 D dalvikvm: GC_CONCURRENT freed 1149K, 57% free 3124K/7175K, external 3328K/3817K, paused 3ms+2ms
07-23 14:11:36.894  8507  8652 I Docking : Phys/Animation returning
07-23 14:11:37.024  8507  8653 I Docking : View/Animation gameplay eval Database GameOver returned gamecrash
07-23 14:11:39.935  1466  1658 I         : odm_disp_esd_thread is running(522) state=1
07-23 14:11:42.016  1466  1646 D         : NVRM_DAEMON(479): queue_dispatch_thread() running
07-23 14:11:42.024  1456  1456 I /system/bin/nvrm_daemon: NVRM_DAEMON(479): queue_dispatch_thread() running
07-23 14:11:42.294  1637  2472 D ConnectivityService: getMobileDataEnabled returning true
07-23 14:11:42.324  1637  2415 D ConnectivityService: stopUsingNetworkFeature for net 0: enableMMS
07-23 14:11:42.324  1637  2415 D ConnectivityService: ignoring stopUsingNetworkFeature - not a live request
07-23 14:11:46.174  1833  1833 D RawRadioSignalLevel: mSignalStrength=SignalStrength: 11 -1 -1 -1 -1 -1 -1 gsm 0 0 0 5 -91 -16, numBars=5
07-23 14:11:46.174  1833  1833 D RawRadioSignalLevel: raw_sig_level=-91,raw_ecno_ber=-16,raw_rat=5
07-23 14:11:46.174  1833  1833 D RawRadioSignalLevel: rscp_iconLevel=3, ecno_iconLevel=1
07-23 14:11:46.174  1833  1833 D RawRadioSignalLevel: iconLevel = 1
07-23 14:11:48.685  1466  1658 I         : odm_disp_esd_thread is running(521) state=1
07-23 14:11:51.444  3555  3555 D dalvikvm: GC_EXPLICIT freed 251K, 48% free 3361K/6407K, external 3329K/4157K, paused 56ms
07-23 14:11:57.435  1466  1658 I         : odm_disp_esd_thread is running(520) state=1
07-23 14:11:57.674  3641  3641 I WeatherUtil: Broadcast received Intent { act=com.motorola.blur.weather.LOCATION_UPDATE_ALARM flg=0x4 (has extras) }
07-23 14:11:57.674  3641  3641 I WeatherUtil: Calling register for fast location updates
07-23 14:11:57.674  3641  3641 I WeatherUtil: Registering for fast location updates
07-23 14:11:57.674  3641  3641 I WeatherUtil: Registering with high frequency
07-23 14:11:57.704  3641  3641 I WeatherUtil: Timer is running. startTimer ignored
07-23 14:11:57.804  2343  2641 I System.out: [INFO:234006911]: LogSource: Running flush
07-23 14:11:57.814  2343  2643 I System.out: [INFO:234006912]: LogSource: Sending payload [bytes=791]
07-23 14:11:58.064  2141  2354 I SYS_MPP : WebtopStatusHandler	onDataActivity()...direction=3
07-23 14:11:58.064  2141  2354 I SYS_MPP : WebtopStatusHandler	updateDataIcon()
07-23 14:11:58.815  1466  1646 D         : NVRM_DAEMON(479): queue_dispatch_thread() running
07-23 14:11:58.824  1456  1456 I /system/bin/nvrm_daemon: NVRM_DAEMON(479): queue_dispatch_thread() running
07-23 14:11:58.856  2343  2643 I System.out: [INFO:234007957]: LogSource: Response [http=200,length=98]
07-23 14:11:58.874  2343  2641 I System.out: [INFO:234007973]: LogSource: Read id 19, status code 200
07-23 14:11:58.884  1637  2341 D libgps  : GpsInterface_inject_location( 40.410108, -74.061484, 1999.000 )
07-23 14:11:58.884  1637  2341 D libgps  : MPDINJPOS_REQ msg id 12015
07-23 14:11:58.894  3641  3654 I WeatherUtil: *** onLocationChanged, provider network 40.4101076, -74.061484
07-23 14:11:58.924  3641  3641 I WeatherService: Updating current location foreacast
07-23 14:11:58.934  3641  4398 I WeatherService: Updating the lat and long
07-23 14:12:00.014  2141  2141 I SYS_MPP : WebtopStatusHandler	Time change action: android.intent.action.TIME_TICK
07-23 14:12:00.014  2141  2141 I SYS_MPP : WebtopStatusHandler	xxxxxxx Date long format=Wednesday, July 23, 2014
07-23 14:12:00.074  2141  2354 I SYS_MPP : WebtopStatusHandler	onDataActivity()...direction=0
07-23 14:12:00.074  2141  2354 I SYS_MPP : WebtopStatusHandler	updateDataIcon()
07-23 14:12:05.124  3641  3641 D dalvikvm: GC_EXPLICIT freed 24K, 52% free 3069K/6279K, external 2357K/2773K, paused 64ms
07-23 14:12:06.184  1466  1658 I         : odm_disp_esd_thread is running(522) state=1
07-23 14:12:11.064  2010  2010 D PollingManager: phone state: 0 home domestic AT&T AT&T 310410  UMTS CSS not supported -1 -1RoamInd: -1DefRoamInd: -1EmergOnly: false
07-23 14:12:11.064  1637  1643 I TelephonyRegistry: notifyServiceState: 0 home domestic AT&T AT&T 310410  UMTS CSS not supported -1 -1RoamInd: -1DefRoamInd: -1EmergOnly: false
07-23 14:12:11.064  2141  2354 I SYS_MPP : WebtopStatusHandler	updateDataIcon()
07-23 14:12:11.074  1833  1833 D RawRadioSignalLevel: mSignalStrength=SignalStrength: 11 -1 -1 -1 -1 -1 -1 gsm 0 0 0 5 -91 -16, numBars=5
07-23 14:12:11.074  1833  1833 D RawRadioSignalLevel: raw_sig_level=-91,raw_ecno_ber=-16,raw_rat=5
07-23 14:12:11.074  1833  1833 D RawRadioSignalLevel: rscp_iconLevel=3, ecno_iconLevel=1
07-23 14:12:11.074  1833  1833 D RawRadioSignalLevel: iconLevel = 1
07-23 14:12:11.074  1833  1833 D StatusBarPolicy: ERI alert sound is disabled.
07-23 14:12:11.114  1637  2120 I TelephonyRegistry: notifyDataConnection: state=2 isDataConnectivityPossible=true reason=nwTypeChanged interfaceName=ppp0 networkType=3
07-23 14:12:11.134  2141  2354 I SYS_MPP : WebtopStatusHandler	updateDataIcon()
07-23 14:12:11.134  2004  2004 D PhoneApp: [NotificationMgr] updateNetworkSelection()...state = 0 new network 
07-23 14:12:11.144  5762  5762 D NetStatUtils: Receive a broadcast: android.intent.action.ANY_DATA_STATE
07-23 14:12:11.144  5762  5762 D NetStatUtils: Received android.intent.action.ANY_DATA_STATE broadcast - state = CONNECTED, unavailable = false
07-23 14:12:11.144  5762  5762 D NetStatUtils: The APN name is: phone and the interface is: ppp0
07-23 14:12:11.144  5762  5762 D NetStatUtils: This APN has been recorded before yet.
07-23 14:12:11.154  5762  5762 D NetStatUtils: This APN has been active yet. the corresponding interface is: ppp0
07-23 14:12:11.154  2004  2004 D PhoneApp: [NotificationMgr] hideDataDisconnectedRoaming()...
07-23 14:12:11.184  2141  2145 D dalvikvm: GC_CONCURRENT freed 944K, 51% free 3576K/7175K, external 2357K/2773K, paused 3ms+5ms
07-23 14:12:11.194  3555  3555 I TransactionService: MMS-STATUS - start transaction service, app version=STABLE4.user.4.5.141.2.3.6.Blur_Version.4.5.141.MB860.ATT.en.US.Mon Dec 12 12:42:46 CST 2011 (log=false) (apn=false) (config=false)
07-23 14:12:11.194  3555  3555 I SmsReceiverService: MMS-STATUS - start sms receiver service, app version=STABLE4.user.4.5.141.2.3.6.Blur_Version.4.5.141.MB860.ATT.en.US.Mon Dec 12 12:42:46 CST 2011 (log=false) (apn=false) (config=false)
07-23 14:12:11.194  1637  1665 D MobileDataStateTracker: replacing old mInterfaceName (ppp0) with ppp0 for hipri
07-23 14:12:11.204  1637  1665 D MobileDataStateTracker: replacing old mInterfaceName (ppp0) with ppp0 for fota
07-23 14:12:11.204  1637  1665 D MobileDataStateTracker: replacing old mInterfaceName (ppp0) with ppp0 for agps
07-23 14:12:11.204  1637  1665 D MobileDataStateTracker: replacing old mInterfaceName (ppp0) with ppp0 for dun
07-23 14:12:11.364  1637  2414 D dalvikvm: GC_EXPLICIT freed 1546K, 35% free 9151K/13959K, external 4406K/5503K, paused 136ms
07-23 14:12:11.374  1637  1665 D MobileDataStateTracker: replacing old mInterfaceName (ppp0) with ppp0 for supl
07-23 14:12:11.374  1637  1665 D MobileDataStateTracker: default Received state= CONNECTED, old= CONNECTED, reason= nwTypeChanged, apnTypeList= default,supl,agps,fota,dun
07-23 14:12:11.384  1637  1665 D NetworkStateTracker: setDetailed state, old =CONNECTED and new state=CONNECTED
07-23 14:12:11.474  2010  2010 D PollingManager: phone state: 0 home domestic AT&T AT&T 310410  HSPA CSS not supported -1 -1RoamInd: -1DefRoamInd: -1EmergOnly: false
07-23 14:12:11.474  2141  2354 I SYS_MPP : WebtopStatusHandler	updateDataIcon()
07-23 14:12:11.474  1833  1833 D RawRadioSignalLevel: mSignalStrength=SignalStrength: 11 -1 -1 -1 -1 -1 -1 gsm 0 0 0 5 -91 -16, numBars=5
07-23 14:12:11.474  1833  1833 D RawRadioSignalLevel: raw_sig_level=-91,raw_ecno_ber=-16,raw_rat=5
07-23 14:12:11.474  1833  1833 D RawRadioSignalLevel: rscp_iconLevel=3, ecno_iconLevel=1
07-23 14:12:11.474  1833  1833 D RawRadioSignalLevel: iconLevel = 1
07-23 14:12:11.474  1637  1643 I TelephonyRegistry: notifyServiceState: 0 home domestic AT&T AT&T 310410  HSPA CSS not supported -1 -1RoamInd: -1DefRoamInd: -1EmergOnly: false
07-23 14:12:11.474  1833  1833 D StatusBarPolicy: ERI alert sound is disabled.
07-23 14:12:11.494  1637  2202 I TelephonyRegistry: notifyDataConnection: state=2 isDataConnectivityPossible=true reason=nwTypeChanged interfaceName=ppp0 networkType=10
07-23 14:12:11.524  2141  2354 I SYS_MPP : WebtopStatusHandler	updateDataIcon()
07-23 14:12:11.534  3555  3555 I TransactionService: MMS-STATUS - start transaction service, app version=STABLE4.user.4.5.141.2.3.6.Blur_Version.4.5.141.MB860.ATT.en.US.Mon Dec 12 12:42:46 CST 2011 (log=false) (apn=false) (config=false)
07-23 14:12:11.544  2004  2004 D PhoneApp: [NotificationMgr] updateNetworkSelection()...state = 0 new network 
07-23 14:12:11.574  3555  3555 I SmsReceiverService: MMS-STATUS - start sms receiver service, app version=STABLE4.user.4.5.141.2.3.6.Blur_Version.4.5.141.MB860.ATT.en.US.Mon Dec 12 12:42:46 CST 2011 (log=false) (apn=false) (config=false)
07-23 14:12:11.574  2004  2004 D PhoneApp: [NotificationMgr] hideDataDisconnectedRoaming()...
07-23 14:12:11.574  1637  1665 D MobileDataStateTracker: replacing old mInterfaceName (ppp0) with ppp0 for hipri
07-23 14:12:11.574  5762  5762 D NetStatUtils: Receive a broadcast: android.intent.action.ANY_DATA_STATE
07-23 14:12:11.584  5762  5762 D NetStatUtils: Received android.intent.action.ANY_DATA_STATE broadcast - state = CONNECTED, unavailable = false
07-23 14:12:11.584  5762  5762 D NetStatUtils: The APN name is: phone and the interface is: ppp0
07-23 14:12:11.584  5762  5762 D NetStatUtils: This APN has been recorded before yet.
07-23 14:12:11.584  5762  5762 D NetStatUtils: This APN has been active yet. the corresponding interface is: ppp0
07-23 14:12:11.594  1637  1665 D MobileDataStateTracker: replacing old mInterfaceName (ppp0) with ppp0 for fota
07-23 14:12:11.594  1637  1665 D MobileDataStateTracker: replacing old mInterfaceName (ppp0) with ppp0 for agps
07-23 14:12:11.614  1637  1665 D MobileDataStateTracker: replacing old mInterfaceName (ppp0) with ppp0 for dun
07-23 14:12:11.614  1637  1665 D MobileDataStateTracker: replacing old mInterfaceName (ppp0) with ppp0 for supl
07-23 14:12:11.624  1637  1665 D MobileDataStateTracker: default Received state= CONNECTED, old= CONNECTED, reason= nwTypeChanged, apnTypeList= default,supl,agps,fota,dun
07-23 14:12:11.624  1637  1665 D NetworkStateTracker: setDetailed state, old =CONNECTED and new state=CONNECTED
07-23 14:12:13.194  1833  1833 D RawRadioSignalLevel: mSignalStrength=SignalStrength: 9 -1 -1 -1 -1 -1 -1 gsm 0 0 0 5 -95 -15, numBars=5
07-23 14:12:13.194  1833  1833 D RawRadioSignalLevel: raw_sig_level=-95,raw_ecno_ber=-15,raw_rat=5
07-23 14:12:13.194  1833  1833 D RawRadioSignalLevel: rscp_iconLevel=3, ecno_iconLevel=2
07-23 14:12:13.194  1833  1833 D RawRadioSignalLevel: iconLevel = 2
07-23 14:12:14.937  1466  1658 I         : odm_disp_esd_thread is running(514) state=1
07-23 14:12:15.716  1466  1646 D         : NVRM_DAEMON(479): queue_dispatch_thread() running
07-23 14:12:15.724  1456  1456 I /system/bin/nvrm_daemon: NVRM_DAEMON(479): queue_dispatch_thread() running
07-23 14:12:21.564  1637  2094 D ConnectivityService: getMobileDataEnabled returning true
07-23 14:12:21.594  1637  2027 D ConnectivityService: stopUsingNetworkFeature for net 0: enableMMS
07-23 14:12:21.594  1637  2027 D ConnectivityService: ignoring stopUsingNetworkFeature - not a live request
07-23 14:12:22.194  1833  1833 D RawRadioSignalLevel: mSignalStrength=SignalStrength: 10 -1 -1 -1 -1 -1 -1 gsm 0 0 0 5 -94 -17, numBars=5
07-23 14:12:22.194  1833  1833 D RawRadioSignalLevel: raw_sig_level=-94,raw_ecno_ber=-17,raw_rat=5
07-23 14:12:22.194  1833  1833 D RawRadioSignalLevel: rscp_iconLevel=3, ecno_iconLevel=1
07-23 14:12:22.194  1833  1833 D RawRadioSignalLevel: iconLevel = 1
07-23 14:12:23.684  1466  1658 I         : odm_disp_esd_thread is running(521) state=1
07-23 14:12:25.244  1833  1833 D RawRadioSignalLevel: mSignalStrength=SignalStrength: 7 -1 -1 -1 -1 -1 -1 gsm 0 0 0 5 -100 -21, numBars=5
07-23 14:12:25.244  1833  1833 D RawRadioSignalLevel: raw_sig_level=-100,raw_ecno_ber=-21,raw_rat=5
07-23 14:12:25.244  1833  1833 D RawRadioSignalLevel: rscp_iconLevel=2, ecno_iconLevel=1
07-23 14:12:25.244  1833  1833 D RawRadioSignalLevel: iconLevel = 1
07-23 14:12:28.194  1833  1833 D RawRadioSignalLevel: mSignalStrength=SignalStrength: 10 -1 -1 -1 -1 -1 -1 gsm 0 0 0 5 -94 -10, numBars=5
07-23 14:12:28.194  1833  1833 D RawRadioSignalLevel: raw_sig_level=-94,raw_ecno_ber=-10,raw_rat=5
07-23 14:12:28.194  1833  1833 D RawRadioSignalLevel: rscp_iconLevel=3, ecno_iconLevel=4
07-23 14:12:28.194  1833  1833 D RawRadioSignalLevel: iconLevel = 3
07-23 14:12:32.435  1466  1658 I         : odm_disp_esd_thread is running(522) state=1
07-23 14:12:32.505  1466  1646 D         : NVRM_DAEMON(479): queue_dispatch_thread() running
07-23 14:12:32.514  1456  1456 I /system/bin/nvrm_daemon: NVRM_DAEMON(479): queue_dispatch_thread() running
07-23 14:12:37.214  1833  1833 D RawRadioSignalLevel: mSignalStrength=SignalStrength: 11 -1 -1 -1 -1 -1 -1 gsm 0 0 0 5 -92 -12, numBars=5
07-23 14:12:37.214  1833  1833 D RawRadioSignalLevel: raw_sig_level=-92,raw_ecno_ber=-12,raw_rat=5
07-23 14:12:37.214  1833  1833 D RawRadioSignalLevel: rscp_iconLevel=3, ecno_iconLevel=3
07-23 14:12:37.214  1833  1833 D RawRadioSignalLevel: iconLevel = 3
07-23 14:12:38.924  8507  8653 I Docking : View/Animation gamecrash input Enter to gamecrash
07-23 14:12:38.924  8507  8653 I Docking : View/Animation gamecrash pageTo start
07-23 14:12:38.924  8507  8653 I Docking : View/Animation <*> returning
07-23 14:12:38.974  8507  8685 I Docking : View/Animation start running
07-23 14:12:39.024  8507  8685 I Docking : View/Animation start eval Database Init returned <null>
07-23 14:12:40.194  1833  1833 D RawRadioSignalLevel: mSignalStrength=SignalStrength: 12 -1 -1 -1 -1 -1 -1 gsm 0 0 0 5 -90 -7, numBars=5
07-23 14:12:40.194  1833  1833 D RawRadioSignalLevel: raw_sig_level=-90,raw_ecno_ber=-7,raw_rat=5
07-23 14:12:40.194  1833  1833 D RawRadioSignalLevel: rscp_iconLevel=3, ecno_iconLevel=5
07-23 14:12:40.194  1833  1833 D RawRadioSignalLevel: iconLevel = 3
07-23 14:12:41.184  1466  1658 I         : odm_disp_esd_thread is running(399) state=1
07-23 14:12:42.234  8507  8685 I Docking : View/Animation start input Emphasis to start
07-23 14:12:42.234  8507  8685 I Docking : View/Animation start input Skip to start
07-23 14:12:42.234  8507  8685 I Docking : View/Animation start input Deemphasis to start
07-23 14:12:42.234  8507  8685 I Docking : View/Animation start input Enter to start
07-23 14:12:42.264  8507  8685 I Docking : View/Animation start eval Database Game returned gameplay
07-23 14:12:42.264  1637  2414 I ActivityManager: Starting: Intent { flg=0x4000008 cmp=com.johnpritchard.docking/.DockingActivity3D } from pid 8507
07-23 14:12:42.274  8507  8685 I Docking : View/Animation <*> returning
07-23 14:12:42.324  8507  8692 I Docking : Phys/Animation entering without title
07-23 14:12:42.334  8507  8693 I Docking : View/Animation gameplay running
07-23 14:12:42.334  8507  8693 I Docking : View/Animation gameplay eval Database Init returned <null>
07-23 14:12:42.354  1637  1779 I ActivityManager: Displayed com.johnpritchard.docking/.DockingActivity3D: +69ms
07-23 14:12:43.825  8507  8692 I Docking : Phys/Animation running
07-23 14:12:47.024  8507  8510 D dalvikvm: GC_CONCURRENT freed 1129K, 57% free 3118K/7175K, external 3269K/3817K, paused 4ms+6ms
07-23 14:12:49.194  1833  1833 D RawRadioSignalLevel: mSignalStrength=SignalStrength: 10 -1 -1 -1 -1 -1 -1 gsm 0 0 0 5 -94 -14, numBars=5
07-23 14:12:49.194  1833  1833 D RawRadioSignalLevel: raw_sig_level=-94,raw_ecno_ber=-14,raw_rat=5
07-23 14:12:49.194  1833  1833 D RawRadioSignalLevel: rscp_iconLevel=3, ecno_iconLevel=2
07-23 14:12:49.194  1833  1833 D RawRadioSignalLevel: iconLevel = 2
07-23 14:12:49.935  1466  1658 I         : odm_disp_esd_thread is running(458) state=1
07-23 14:12:52.404  1466  1646 D         : NVRM_DAEMON(479): queue_dispatch_thread() running
07-23 14:12:52.414  1456  1456 I /system/bin/nvrm_daemon: NVRM_DAEMON(479): queue_dispatch_thread() running
07-23 14:12:54.224  8507  8510 D dalvikvm: GC_CONCURRENT freed 1147K, 57% free 3120K/7175K, external 3320K/3817K, paused 3ms+7ms
07-23 14:12:57.864  2004  2011 D dalvikvm: GC_CONCURRENT freed 1976K, 53% free 4101K/8583K, external 8094K/9939K, paused 5ms+8ms
07-23 14:12:58.691  1466  1658 I         : odm_disp_esd_thread is running(521) state=1
07-23 14:13:00.014  2141  2141 I SYS_MPP : WebtopStatusHandler	Time change action: android.intent.action.TIME_TICK
07-23 14:13:00.014  2141  2141 I SYS_MPP : WebtopStatusHandler	xxxxxxx Date long format=Wednesday, July 23, 2014
07-23 14:13:01.354  8507  8510 D dalvikvm: GC_CONCURRENT freed 1132K, 57% free 3119K/7175K, external 3319K/3817K, paused 3ms+3ms
07-23 14:13:04.204  1833  1833 D RawRadioSignalLevel: mSignalStrength=SignalStrength: 12 -1 -1 -1 -1 -1 -1 gsm 0 0 0 5 -90 -10, numBars=5
07-23 14:13:04.204  1833  1833 D RawRadioSignalLevel: raw_sig_level=-90,raw_ecno_ber=-10,raw_rat=5
07-23 14:13:04.204  1833  1833 D RawRadioSignalLevel: rscp_iconLevel=3, ecno_iconLevel=4
07-23 14:13:04.204  1833  1833 D RawRadioSignalLevel: iconLevel = 3
07-23 14:13:06.864  2005  3714 I StorageMonSvc: run() starting with intent: Intent { act=com.motorola.blur.service.blur.Actions.CHECK_STORAGE_USAGE flg=0x4 cmp=com.motorola.blur.service.storagemon/.StorageMonitorService (has extras) }
07-23 14:13:06.874  3641  3641 I NewsBroadcastReceiver: action: com.motorola.blur.service.blur.Actions.ACTION_STORAGE_OKdata: null
07-23 14:13:06.924  2005  3714 I StorageMonSvc: run() scheduling the next check.  mCheckIntervalMillis=1200000
07-23 14:13:07.434  1466  1658 I         : odm_disp_esd_thread is running(521) state=1
07-23 14:13:08.514  8507  8510 D dalvikvm: GC_CONCURRENT freed 1112K, 57% free 3120K/7175K, external 3316K/3817K, paused 6ms+2ms
07-23 14:13:09.194  1466  1646 D         : NVRM_DAEMON(479): queue_dispatch_thread() running
07-23 14:13:09.204  1456  1456 I /system/bin/nvrm_daemon: NVRM_DAEMON(479): queue_dispatch_thread() running
07-23 14:13:10.244  1833  1833 D RawRadioSignalLevel: mSignalStrength=SignalStrength: 10 -1 -1 -1 -1 -1 -1 gsm 0 0 0 5 -93 -16, numBars=5
07-23 14:13:10.244  1833  1833 D RawRadioSignalLevel: raw_sig_level=-93,raw_ecno_ber=-16,raw_rat=5
07-23 14:13:10.244  1833  1833 D RawRadioSignalLevel: rscp_iconLevel=3, ecno_iconLevel=1
07-23 14:13:10.244  1833  1833 D RawRadioSignalLevel: iconLevel = 1
07-23 14:13:13.214  1833  1833 D RawRadioSignalLevel: mSignalStrength=SignalStrength: 9 -1 -1 -1 -1 -1 -1 gsm 0 0 0 5 -95 -16, numBars=5
07-23 14:13:13.214  1833  1833 D RawRadioSignalLevel: raw_sig_level=-95,raw_ecno_ber=-16,raw_rat=5
07-23 14:13:13.214  1833  1833 D RawRadioSignalLevel: rscp_iconLevel=3, ecno_iconLevel=1
07-23 14:13:13.214  1833  1833 D RawRadioSignalLevel: iconLevel = 1
07-23 14:13:15.714  1637  2375 I TelephonyRegistry: notifyServiceState: 0 home domestic AT&T AT&T 310410  UMTS CSS not supported -1 -1RoamInd: -1DefRoamInd: -1EmergOnly: false
07-23 14:13:15.724  2010  2010 D PollingManager: phone state: 0 home domestic AT&T AT&T 310410  UMTS CSS not supported -1 -1RoamInd: -1DefRoamInd: -1EmergOnly: false
07-23 14:13:15.724  2141  2354 I SYS_MPP : WebtopStatusHandler	updateDataIcon()
07-23 14:13:15.724  1833  1833 D StatusBarPolicy: ERI alert sound is disabled.
07-23 14:13:15.734  1833  1833 D RawRadioSignalLevel: mSignalStrength=SignalStrength: 9 -1 -1 -1 -1 -1 -1 gsm 0 0 0 5 -95 -16, numBars=5
07-23 14:13:15.734  1833  1833 D RawRadioSignalLevel: raw_sig_level=-95,raw_ecno_ber=-16,raw_rat=5
07-23 14:13:15.734  1833  1833 D RawRadioSignalLevel: rscp_iconLevel=3, ecno_iconLevel=1
07-23 14:13:15.734  1833  1833 D RawRadioSignalLevel: iconLevel = 1
07-23 14:13:15.734  1637  2062 I TelephonyRegistry: notifyDataConnection: state=2 isDataConnectivityPossible=true reason=nwTypeChanged interfaceName=ppp0 networkType=3
07-23 14:13:15.744  8507  8510 D dalvikvm: GC_CONCURRENT freed 1124K, 57% free 3121K/7175K, external 3318K/3817K, paused 3ms+8ms
07-23 14:13:15.744  2141  2354 I SYS_MPP : WebtopStatusHandler	updateDataIcon()
07-23 14:13:15.774  2004  2004 D PhoneApp: [NotificationMgr] updateNetworkSelection()...state = 0 new network 
07-23 14:13:15.774  1637  1665 D MobileDataStateTracker: replacing old mInterfaceName (ppp0) with ppp0 for hipri
07-23 14:13:15.784  1637  1665 D MobileDataStateTracker: replacing old mInterfaceName (ppp0) with ppp0 for fota
07-23 14:13:15.784  1637  1665 D MobileDataStateTracker: replacing old mInterfaceName (ppp0) with ppp0 for agps
07-23 14:13:15.784  1637  1665 D MobileDataStateTracker: replacing old mInterfaceName (ppp0) with ppp0 for dun
07-23 14:13:15.794  1637  1665 D MobileDataStateTracker: replacing old mInterfaceName (ppp0) with ppp0 for supl
07-23 14:13:15.794  1637  1665 D MobileDataStateTracker: default Received state= CONNECTED, old= CONNECTED, reason= nwTypeChanged, apnTypeList= default,supl,agps,fota,dun
07-23 14:13:15.794  1637  1665 D NetworkStateTracker: setDetailed state, old =CONNECTED and new state=CONNECTED
07-23 14:13:15.794  2004  2004 D PhoneApp: [NotificationMgr] hideDataDisconnectedRoaming()...
07-23 14:13:15.794  5762  5762 D NetStatUtils: Receive a broadcast: android.intent.action.ANY_DATA_STATE
07-23 14:13:15.794  5762  5762 D NetStatUtils: Received android.intent.action.ANY_DATA_STATE broadcast - state = CONNECTED, unavailable = false
07-23 14:13:15.794  5762  5762 D NetStatUtils: The APN name is: phone and the interface is: ppp0
07-23 14:13:15.794  5762  5762 D NetStatUtils: This APN has been recorded before yet.
07-23 14:13:15.794  5762  5762 D NetStatUtils: This APN has been active yet. the corresponding interface is: ppp0
07-23 14:13:15.824  3555  3555 I TransactionService: MMS-STATUS - start transaction service, app version=STABLE4.user.4.5.141.2.3.6.Blur_Version.4.5.141.MB860.ATT.en.US.Mon Dec 12 12:42:46 CST 2011 (log=false) (apn=false) (config=false)
07-23 14:13:15.824  3555  3555 I SmsReceiverService: MMS-STATUS - start sms receiver service, app version=STABLE4.user.4.5.141.2.3.6.Blur_Version.4.5.141.MB860.ATT.en.US.Mon Dec 12 12:42:46 CST 2011 (log=false) (apn=false) (config=false)
07-23 14:13:16.184  1466  1658 I         : odm_disp_esd_thread is running(520) state=1
07-23 14:13:16.284  1833  1833 D RawRadioSignalLevel: mSignalStrength=SignalStrength: 10 -1 -1 -1 -1 -1 -1 gsm 0 0 0 5 -93 -16, numBars=5
07-23 14:13:16.284  1833  1833 D RawRadioSignalLevel: raw_sig_level=-93,raw_ecno_ber=-16,raw_rat=5
07-23 14:13:16.284  1833  1833 D RawRadioSignalLevel: rscp_iconLevel=3, ecno_iconLevel=1
07-23 14:13:16.284  1833  1833 D RawRadioSignalLevel: iconLevel = 1
07-23 14:13:17.714  2010  2010 D PollingManager: phone state: 0 home domestic AT&T AT&T 310410  HSPA CSS not supported -1 -1RoamInd: -1DefRoamInd: -1EmergOnly: false
07-23 14:13:17.714  1637  2376 I TelephonyRegistry: notifyServiceState: 0 home domestic AT&T AT&T 310410  HSPA CSS not supported -1 -1RoamInd: -1DefRoamInd: -1EmergOnly: false
07-23 14:13:17.714  2141  2354 I SYS_MPP : WebtopStatusHandler	updateDataIcon()
07-23 14:13:17.714  1833  1833 D RawRadioSignalLevel: mSignalStrength=SignalStrength: 10 -1 -1 -1 -1 -1 -1 gsm 0 0 0 5 -93 -16, numBars=5
07-23 14:13:17.714  1833  1833 D StatusBarPolicy: ERI alert sound is disabled.
07-23 14:13:17.744  1833  1833 D RawRadioSignalLevel: raw_sig_level=-93,raw_ecno_ber=-16,raw_rat=5
07-23 14:13:17.744  1833  1833 D RawRadioSignalLevel: rscp_iconLevel=3, ecno_iconLevel=1
07-23 14:13:17.744  1833  1833 D RawRadioSignalLevel: iconLevel = 1
07-23 14:13:17.754  1637  2062 I TelephonyRegistry: notifyDataConnection: state=2 isDataConnectivityPossible=true reason=nwTypeChanged interfaceName=ppp0 networkType=10
07-23 14:13:17.774  2141  2354 I SYS_MPP : WebtopStatusHandler	updateDataIcon()
07-23 14:13:17.774  3555  3555 I TransactionService: MMS-STATUS - start transaction service, app version=STABLE4.user.4.5.141.2.3.6.Blur_Version.4.5.141.MB860.ATT.en.US.Mon Dec 12 12:42:46 CST 2011 (log=false) (apn=false) (config=false)
07-23 14:13:17.784  2004  2004 D PhoneApp: [NotificationMgr] updateNetworkSelection()...state = 0 new network 
07-23 14:13:17.784  3555  3555 I SmsReceiverService: MMS-STATUS - start sms receiver service, app version=STABLE4.user.4.5.141.2.3.6.Blur_Version.4.5.141.MB860.ATT.en.US.Mon Dec 12 12:42:46 CST 2011 (log=false) (apn=false) (config=false)
07-23 14:13:17.794  2004  2004 D PhoneApp: [NotificationMgr] hideDataDisconnectedRoaming()...
07-23 14:13:17.794  1637  1665 D MobileDataStateTracker: replacing old mInterfaceName (ppp0) with ppp0 for hipri
07-23 14:13:17.804  5762  5762 D NetStatUtils: Receive a broadcast: android.intent.action.ANY_DATA_STATE
07-23 14:13:17.804  5762  5762 D NetStatUtils: Received android.intent.action.ANY_DATA_STATE broadcast - state = CONNECTED, unavailable = false
07-23 14:13:17.804  5762  5762 D NetStatUtils: The APN name is: phone and the interface is: ppp0
07-23 14:13:17.804  5762  5762 D NetStatUtils: This APN has been recorded before yet.
07-23 14:13:17.804  5762  5762 D NetStatUtils: This APN has been active yet. the corresponding interface is: ppp0
07-23 14:13:17.814  1637  1665 D MobileDataStateTracker: replacing old mInterfaceName (ppp0) with ppp0 for fota
07-23 14:13:17.814  1637  1665 D MobileDataStateTracker: replacing old mInterfaceName (ppp0) with ppp0 for agps
07-23 14:13:17.824  1637  1665 D MobileDataStateTracker: replacing old mInterfaceName (ppp0) with ppp0 for dun
07-23 14:13:17.834  1637  1665 D MobileDataStateTracker: replacing old mInterfaceName (ppp0) with ppp0 for supl
07-23 14:13:17.844  1637  1665 D MobileDataStateTracker: default Received state= CONNECTED, old= CONNECTED, reason= nwTypeChanged, apnTypeList= default,supl,agps,fota,dun
07-23 14:13:17.844  1637  1665 D NetworkStateTracker: setDetailed state, old =CONNECTED and new state=CONNECTED
07-23 14:13:17.874  1833  1850 D dalvikvm: GC_CONCURRENT freed 1921K, 57% free 3401K/7751K, external 5205K/5920K, paused 4ms+9ms
07-23 14:13:18.294  2141  2354 I SYS_MPP : WebtopStatusHandler	onDataActivity()...direction=3
07-23 14:13:18.294  2141  2354 I SYS_MPP : WebtopStatusHandler	updateDataIcon()
07-23 14:13:19.304  2141  2354 I SYS_MPP : WebtopStatusHandler	onDataActivity()...direction=0
07-23 14:13:19.304  2141  2354 I SYS_MPP : WebtopStatusHandler	updateDataIcon()
07-23 14:13:22.224  1833  1833 D RawRadioSignalLevel: mSignalStrength=SignalStrength: 11 -1 -1 -1 -1 -1 -1 gsm 0 0 0 5 -92 -9, numBars=5
07-23 14:13:22.224  1833  1833 D RawRadioSignalLevel: raw_sig_level=-92,raw_ecno_ber=-9,raw_rat=5
07-23 14:13:22.224  1833  1833 D RawRadioSignalLevel: rscp_iconLevel=3, ecno_iconLevel=5
07-23 14:13:22.234  1833  1833 D RawRadioSignalLevel: iconLevel = 3
07-23 14:13:22.844  8507  8510 D dalvikvm: GC_CONCURRENT freed 1137K, 57% free 3120K/7175K, external 3322K/3817K, paused 3ms+2ms
07-23 14:13:24.934  1466  1658 I         : odm_disp_esd_thread is running(518) state=1
07-23 14:13:25.224  1833  1833 D RawRadioSignalLevel: mSignalStrength=SignalStrength: 10 -1 -1 -1 -1 -1 -1 gsm 0 0 0 5 -93 -13, numBars=5
07-23 14:13:25.224  1833  1833 D RawRadioSignalLevel: raw_sig_level=-93,raw_ecno_ber=-13,raw_rat=5
07-23 14:13:25.224  1833  1833 D RawRadioSignalLevel: rscp_iconLevel=3, ecno_iconLevel=3
07-23 14:13:25.224  1833  1833 D RawRadioSignalLevel: iconLevel = 3
07-23 14:13:26.055  1466  1646 D         : NVRM_DAEMON(479): queue_dispatch_thread() running
07-23 14:13:26.064  1456  1456 I /system/bin/nvrm_daemon: NVRM_DAEMON(479): queue_dispatch_thread() running
07-23 14:13:27.794  1637  2027 D ConnectivityService: getMobileDataEnabled returning true
07-23 14:13:27.814  1637  2094 D ConnectivityService: stopUsingNetworkFeature for net 0: enableMMS
07-23 14:13:27.814  1637  2094 D ConnectivityService: ignoring stopUsingNetworkFeature - not a live request
07-23 14:13:28.214  1833  1833 D RawRadioSignalLevel: mSignalStrength=SignalStrength: 11 -1 -1 -1 -1 -1 -1 gsm 0 0 0 5 -92 -10, numBars=5
07-23 14:13:28.224  1833  1833 D RawRadioSignalLevel: raw_sig_level=-92,raw_ecno_ber=-10,raw_rat=5
07-23 14:13:28.224  1833  1833 D RawRadioSignalLevel: rscp_iconLevel=3, ecno_iconLevel=4
07-23 14:13:28.224  1833  1833 D RawRadioSignalLevel: iconLevel = 3
07-23 14:13:30.544  8507  8510 D dalvikvm: GC_CONCURRENT freed 1166K, 57% free 3122K/7175K, external 3329K/3817K, paused 2ms+3ms
07-23 14:13:33.294  3555  3555 D dalvikvm: GC_EXPLICIT freed 163K, 48% free 3361K/6407K, external 3329K/4157K, paused 47ms
07-23 14:13:33.684  1466  1658 I         : odm_disp_esd_thread is running(522) state=1
07-23 14:13:33.844  8507  8692 I Docking : Phys/Animation returning
07-23 14:13:33.964  8507  8693 I Docking : View/Animation gameplay eval Database GameOver returned gamecrash
07-23 14:13:34.224  1833  1833 D RawRadioSignalLevel: mSignalStrength=SignalStrength: 9 -1 -1 -1 -1 -1 -1 gsm 0 0 0 5 -95 -17, numBars=5
07-23 14:13:34.224  1833  1833 D RawRadioSignalLevel: raw_sig_level=-95,raw_ecno_ber=-17,raw_rat=5
07-23 14:13:34.224  1833  1833 D RawRadioSignalLevel: rscp_iconLevel=3, ecno_iconLevel=1
07-23 14:13:34.224  1833  1833 D RawRadioSignalLevel: iconLevel = 1
07-23 14:13:37.244  1833  1833 D RawRadioSignalLevel: mSignalStrength=SignalStrength: 10 -1 -1 -1 -1 -1 -1 gsm 0 0 0 5 -94 -14, numBars=5
07-23 14:13:37.244  1833  1833 D RawRadioSignalLevel: raw_sig_level=-94,raw_ecno_ber=-14,raw_rat=5
07-23 14:13:37.244  1833  1833 D RawRadioSignalLevel: rscp_iconLevel=3, ecno_iconLevel=2
07-23 14:13:37.244  1833  1833 D RawRadioSignalLevel: iconLevel = 2
07-23 14:13:42.324  3641  3641 D dalvikvm: GC_EXPLICIT freed 7K, 52% free 3069K/6279K, external 2357K/2773K, paused 66ms
07-23 14:13:42.444  1466  1658 I         : odm_disp_esd_thread is running(522) state=1
07-23 14:13:42.825  1466  1646 D         : NVRM_DAEMON(479): queue_dispatch_thread() running
07-23 14:13:42.834  1456  1456 I /system/bin/nvrm_daemon: NVRM_DAEMON(479): queue_dispatch_thread() running
07-23 14:13:43.224  1833  1833 D RawRadioSignalLevel: mSignalStrength=SignalStrength: 11 -1 -1 -1 -1 -1 -1 gsm 0 0 0 5 -91 -10, numBars=5
07-23 14:13:43.224  1833  1833 D RawRadioSignalLevel: raw_sig_level=-91,raw_ecno_ber=-10,raw_rat=5
07-23 14:13:43.224  1833  1833 D RawRadioSignalLevel: rscp_iconLevel=3, ecno_iconLevel=4
07-23 14:13:43.224  1833  1833 D RawRadioSignalLevel: iconLevel = 3
07-23 14:13:46.224  1833  1833 D RawRadioSignalLevel: mSignalStrength=SignalStrength: 9 -1 -1 -1 -1 -1 -1 gsm 0 0 0 5 -95 -14, numBars=5
07-23 14:13:46.234  1833  1833 D RawRadioSignalLevel: raw_sig_level=-95,raw_ecno_ber=-14,raw_rat=5
07-23 14:13:46.234  1833  1833 D RawRadioSignalLevel: rscp_iconLevel=3, ecno_iconLevel=2
07-23 14:13:46.234  1833  1833 D RawRadioSignalLevel: iconLevel = 2
07-23 14:13:49.234  1833  1833 D RawRadioSignalLevel: mSignalStrength=SignalStrength: 11 -1 -1 -1 -1 -1 -1 gsm 0 0 0 5 -91 -12, numBars=5
07-23 14:13:49.234  1833  1833 D RawRadioSignalLevel: raw_sig_level=-91,raw_ecno_ber=-12,raw_rat=5
07-23 14:13:49.234  1833  1833 D RawRadioSignalLevel: rscp_iconLevel=3, ecno_iconLevel=3
07-23 14:13:49.234  1833  1833 D RawRadioSignalLevel: iconLevel = 3
07-23 14:13:51.194  1466  1658 I         : odm_disp_esd_thread is running(521) state=1
07-23 14:13:55.224  1833  1833 D RawRadioSignalLevel: mSignalStrength=SignalStrength: 10 -1 -1 -1 -1 -1 -1 gsm 0 0 0 5 -93 -13, numBars=5
07-23 14:13:55.234  1833  1833 D RawRadioSignalLevel: raw_sig_level=-93,raw_ecno_ber=-13,raw_rat=5
07-23 14:13:55.234  1833  1833 D RawRadioSignalLevel: rscp_iconLevel=3, ecno_iconLevel=3
07-23 14:13:55.234  1833  1833 D RawRadioSignalLevel: iconLevel = 3
