07-25 18:05:14.717  1853  2269 I StorageNotification: Media {/mnt/sdcard} state changed from {unmounted} -> {shared}
07-25 18:05:14.717  1853  2269 I StorageNotification: Now notify Internal storage event
07-25 18:05:14.717 18736 18736 D GoogleVoice: The push notification registration request is being sent...
07-25 18:05:14.717  1853  2269 W StorageNotification: Ignoring unknown state {shared}
07-25 18:05:14.827  1657  1659 D dalvikvm: GC_CONCURRENT freed 1956K, 35% free 9081K/13831K, external 7883K/9572K, paused 3ms+6ms
07-25 18:05:15.227  1657  1817 I PackageManager: Updating external media status from unmounted to unmounted
07-25 18:05:15.237 18550 18550 D YouTube : apps.youtube.core.transfer.t.onReceive:662 media mounted false
07-25 18:05:15.237  2139  2139 D UsbService: onReceive(), received intent:android.intent.action.MEDIA_UNMOUNTED
07-25 18:05:15.237  2139  2139 D UsbService: onMediaUnmounted()/mnt/sdcard
07-25 18:05:15.237  2139  2139 D UsbService: changeMtabFile()
07-25 18:05:15.237  2025  3215 D cUs     : AndroidClientUpgradeService.handleIntent: android.intent.action.MEDIA_UNMOUNTED
07-25 18:05:15.237  2025  3215 D cUs     : AndroidClientUpgradeService.handleIntent: android.intent.action.MEDIA_UNMOUNTED file:///mnt/sdcard
07-25 18:05:15.237 17948 17948 D MotMediaScannerReceiver: getMode share=true
07-25 18:05:15.237 17948 17948 D MotMediaScannerReceiver: getMode shutdown=false
07-25 18:05:15.257  2139  2139 D UsbService: onReceive(), received intent:android.intent.action.MEDIA_SHARED
07-25 18:05:15.267  7625  7635 E StorageProbeUtils: (NOT A CRASH) Exception: 
07-25 18:05:15.267  7625  7635 E StorageProbeUtils: java.lang.ClassNotFoundException: android.os.storage.StorageVolume
07-25 18:05:15.267  7625  7635 E StorageProbeUtils: 	at java.lang.Class.classForName(Native Method)
07-25 18:05:15.267  7625  7635 E StorageProbeUtils: 	at java.lang.Class.forName(Class.java:234)
07-25 18:05:15.267  7625  7635 E StorageProbeUtils: 	at java.lang.Class.forName(Class.java:181)
07-25 18:05:15.267  7625  7635 E StorageProbeUtils: 	at com.google.android.music.download.cache.StorageProbeUtils.getLocationsWithMountService(StorageProbeUtils.java:236)
07-25 18:05:15.267  7625  7635 E StorageProbeUtils: 	at com.google.android.music.download.cache.StorageProbeUtils.access$000(StorageProbeUtils.java:30)
07-25 18:05:15.267  7625  7635 E StorageProbeUtils: 	at com.google.android.music.download.cache.StorageProbeUtils$ProbeMethod.getMountPoints(StorageProbeUtils.java:50)
07-25 18:05:15.267  7625  7635 E StorageProbeUtils: 	at com.google.android.music.download.cache.StorageProbeUtils.findAllLocations(StorageProbeUtils.java:134)
07-25 18:05:15.267  7625  7635 E StorageProbeUtils: 	at com.google.android.music.download.cache.CacheLocationManager.initialize(CacheLocationManager.java:211)
07-25 18:05:15.267  7625  7635 E StorageProbeUtils: 	at com.google.android.music.download.cache.CacheLocationManager.mainProcessInitialize(CacheLocationManager.java:139)
07-25 18:05:15.267  7625  7635 E StorageProbeUtils: 	at com.google.android.music.download.cache.CacheLocationManager.access$100(CacheLocationManager.java:39)
07-25 18:05:15.267  7625  7635 E StorageProbeUtils: 	at com.google.android.music.download.cache.CacheLocationManager$1$1.run(CacheLocationManager.java:84)
07-25 18:05:15.267  7625  7635 E StorageProbeUtils: 	at com.google.android.music.utils.async.TraceableRunnable.run(TraceableRunnable.java:28)
07-25 18:05:15.267  7625  7635 E StorageProbeUtils: 	at android.os.Handler.handleCallback(Handler.java:587)
07-25 18:05:15.267  7625  7635 E StorageProbeUtils: 	at android.os.Handler.dispatchMessage(Handler.java:92)
07-25 18:05:15.267  7625  7635 E StorageProbeUtils: 	at com.google.android.music.utils.LoggableHandler.dispatchMessage(LoggableHandler.java:72)
07-25 18:05:15.267  7625  7635 E StorageProbeUtils: 	at android.os.Looper.loop(Looper.java:130)
07-25 18:05:15.267  7625  7635 E StorageProbeUtils: 	at android.os.HandlerThread.run(HandlerThread.java:60)
07-25 18:05:15.267  7625  7635 E StorageProbeUtils: Caused by: java.lang.NoClassDefFoundError: android.os.storage.StorageVolume
07-25 18:05:15.267  7625  7635 E StorageProbeUtils: 	... 17 more
07-25 18:05:15.267  7625  7635 E StorageProbeUtils: Caused by: java.lang.ClassNotFoundException: android.os.storage.StorageVolume in loader dalvik.system.PathClassLoader[/data/app/com.google.android.music-2.apk]
07-25 18:05:15.267  7625  7635 E StorageProbeUtils: 	at dalvik.system.PathClassLoader.findClass(PathClassLoader.java:240)
07-25 18:05:15.267  7625  7635 E StorageProbeUtils: 	at java.lang.ClassLoader.loadClass(ClassLoader.java:551)
07-25 18:05:15.267  7625  7635 E StorageProbeUtils: 	at java.lang.ClassLoader.loadClass(ClassLoader.java:511)
07-25 18:05:15.267  7625  7635 E StorageProbeUtils: 	... 17 more
07-25 18:05:15.347  2071  2298 I SYS_MPP : WebtopStatusHandler	onDataActivity()...direction=3
07-25 18:05:15.347  2071  2298 I SYS_MPP : WebtopStatusHandler	updateDataIcon()
07-25 18:05:15.497  2313  2313 W PeopleReceiver: Received unexcepted broadcast: android.intent.action.PACKAGE_CHANGED
07-25 18:05:15.587  2313  2313 W PeopleReceiver: Received unexcepted broadcast: android.intent.action.PACKAGE_CHANGED
07-25 18:05:15.700  2313  2313 W PeopleReceiver: Received unexcepted broadcast: android.intent.action.PACKAGE_CHANGED
07-25 18:05:15.847 18736 18739 D dalvikvm: GC_CONCURRENT freed 1233K, 51% free 3567K/7175K, external 2357K/2773K, paused 2ms+3ms
07-25 18:05:15.847 18736 18738 W CursorWrapperInner: Cursor finalized without prior close()
07-25 18:05:15.912 18748 18778 I TrueSuiteMobile: <GfxService> handleConnection() started.
07-25 18:05:16.007 18736 18741 I dalvikvm: Total arena pages for JIT: 11
07-25 18:05:16.387 18736 18745 W DefaultRequestDirector: Authentication error: Unable to respond to any of these challenges: {bearer=WWW-Authenticate: Bearer realm="https://accounts.google.com/AuthSubRequest", error=invalid_token}
07-25 18:05:16.427 18736 18745 D GoogleVoice: ApiaryRegisterDestinationRpc has the following exception: com.google.api.client.googleapis.json.GoogleJsonResponseException: 401 Unauthorized
07-25 18:05:16.427 18736 18745 D GoogleVoice: {
07-25 18:05:16.427 18736 18745 D GoogleVoice:   "code" : 401,
07-25 18:05:16.427 18736 18745 D GoogleVoice:   "errors" : [ {
07-25 18:05:16.427 18736 18745 D GoogleVoice:     "domain" : "global",
07-25 18:05:16.427 18736 18745 D GoogleVoice:     "location" : "Authorization",
07-25 18:05:16.427 18736 18745 D GoogleVoice:     "locationType" : "header",
07-25 18:05:16.427 18736 18745 D GoogleVoice:     "message" : "Invalid Credentials",
07-25 18:05:16.427 18736 18745 D GoogleVoice:     "reason" : "authError"
07-25 18:05:16.427 18736 18745 D GoogleVoice:   } ],
07-25 18:05:16.427 18736 18745 D GoogleVoice:   "message" : "Invalid Credentials"
07-25 18:05:16.427 18736 18745 D GoogleVoice: }.
07-25 18:05:16.530 18736 18736 D GoogleVoice: ApiaryRegisterDestinationRpc AuthenticationHandler - ID_AUTH_TOKEN_INVALIDATED
07-25 18:05:16.530 18736 18736 E GoogleVoice: BackedUpCircularLog: Failed to close checkin logs file. Permission denied
07-25 18:05:17.807  1853  1853 D RawRadioSignalLevel: mSignalStrength=SignalStrength: 9 -1 -1 -1 -1 -1 -1 gsm 0 0 0 5 -96 -18, numBars=5
07-25 18:05:17.807  1853  1853 D RawRadioSignalLevel: raw_sig_level=-96,raw_ecno_ber=-18,raw_rat=5
07-25 18:05:17.807  1853  1853 D RawRadioSignalLevel: rscp_iconLevel=3, ecno_iconLevel=1
07-25 18:05:17.807  1853  1853 D RawRadioSignalLevel: iconLevel = 1
07-25 18:05:18.677 18736 18736 D GoogleVoice: ApiaryRegisterDestinationRpc AuthenticationHandler - ID_CREDENTIALS_OK - RETRY
07-25 18:05:18.677 18736 18736 D GoogleVoice: Release ReauthLock
07-25 18:05:19.680 18736 18736 D GoogleVoice: The push notification registration request succeeded.
07-25 18:05:19.690 18736 18736 D GoogleVoice: PushNotificationRegistrationService.Handler.handleMessage(): successfully registered for inbox notifications
07-25 18:05:19.700 18736 18739 D dalvikvm: GC_CONCURRENT freed 1081K, 51% free 3541K/7175K, external 2357K/2773K, paused 3ms+3ms
07-25 18:05:19.700 18736 18736 E GoogleVoice: BackedUpCircularLog: Failed to close checkin logs file. Permission denied
07-25 18:05:19.700 18736 18736 D GoogleVoice: PushNotificationRegistrationService: Next registration request at: 140632591968764800000
07-25 18:05:19.700 18736 18736 E GoogleVoice: BackedUpCircularLog: Failed to close checkin logs file. Permission denied
07-25 18:05:19.968  1657  1657 I ActivityManager: No longer want com.google.android.apps.uploader (pid 12209): hidden #21
07-25 18:05:20.050  1657  6821 D ConnectivityService: getMobileDataEnabled returning true
07-25 18:05:20.070  1657  2207 D ConnectivityService: stopUsingNetworkFeature for net 0: enableMMS
07-25 18:05:20.070  1657  2207 D ConnectivityService: ignoring stopUsingNetworkFeature - not a live request
07-25 18:05:20.080  1657  2132 I ActivityManager: No longer want com.nytimes.android (pid 14653): hidden #21
07-25 18:05:20.768  1499  1676 I         : odm_disp_esd_thread is running(2) state=1
07-25 18:05:21.037  1450  1461 E NetlinkEvent: NetlinkEvent::FindParam(): Parameter 'UDEV_LOG' not found
07-25 18:05:21.037  1452  1514 E NetlinkListener: ignoring non-kernel netlink multicast message
07-25 18:05:21.037  1450  1461 E NetlinkListener: ignoring non-kernel netlink multicast message
07-25 18:05:21.147  1450  1461 E NetlinkEvent: NetlinkEvent::FindParam(): Parameter 'UDEV_LOG' not found
07-25 18:05:21.147  1452  1514 E NetlinkListener: ignoring non-kernel netlink multicast message
07-25 18:05:21.147  1450  1461 E NetlinkListener: ignoring non-kernel netlink multicast message
07-25 18:05:21.257  1450  1461 E NetlinkEvent: NetlinkEvent::FindParam(): Parameter 'UDEV_LOG' not found
07-25 18:05:21.267  1452  1514 E NetlinkListener: ignoring non-kernel netlink multicast message
07-25 18:05:21.267  1450  1461 E NetlinkListener: ignoring non-kernel netlink multicast message
07-25 18:05:21.377  2071  2298 I SYS_MPP : WebtopStatusHandler	onDataActivity()...direction=0
07-25 18:05:21.377  2071  2298 I SYS_MPP : WebtopStatusHandler	updateDataIcon()
07-25 18:05:22.877 13603 13603 D dalvikvm: GC_EXPLICIT freed 826K, 53% free 2869K/6087K, external 2357K/2773K, paused 63ms
07-25 18:05:23.977  1657  1685 I ActivityManager: Start proc com.motorola.blur.home.other for service com.motorola.togglewidgets/.GpsToggle$UpdateService: pid=18790 uid=10004 gids={3002, 3001, 3003, 1015}
07-25 18:05:24.057  1502  1502 D dalvikvm: GC_EXPLICIT freed 12K, 49% free 2775K/5379K, external 2357K/2773K, paused 84ms
07-25 18:05:24.087  1502  1502 D dalvikvm: GC_EXPLICIT freed <1K, 49% free 2775K/5379K, external 2357K/2773K, paused 30ms
07-25 18:05:24.107 18790 18790 I ActivityThread: Pub com.motorola.blur.home.clock: com.motorola.blur.home.clock.db.ClockWidgetProvider
07-25 18:05:24.127  1502  1502 D dalvikvm: GC_EXPLICIT freed <1K, 49% free 2775K/5379K, external 2357K/2773K, paused 30ms
07-25 18:05:24.127 18790 18790 I ActivityThread: Pub com.motorola.stickynote: com.motorola.stickynote.StickyNoteProvider
07-25 18:05:24.127 18790 18790 I ActivityThread: Pub com.motorola.blur.quickcontact.quickcontactprovider: com.motorola.blur.quickcontact.QuickContactProvider
07-25 18:05:24.147 18790 18790 I GPSToggle: Service onCreate
07-25 18:05:24.147 18790 18790 I GPSToggle: Observer Registered
07-25 18:05:24.387  2071  2298 I SYS_MPP : WebtopStatusHandler	onDataActivity()...direction=3
07-25 18:05:24.387  2071  2298 I SYS_MPP : WebtopStatusHandler	updateDataIcon()
07-25 18:05:25.537 18020 18023 D dalvikvm: GC_CONCURRENT freed 2020K, 42% free 6206K/10631K, external 2357K/2773K, paused 2ms+4ms
07-25 18:05:26.817  1853  1853 D RawRadioSignalLevel: mSignalStrength=SignalStrength: 10 -1 -1 -1 -1 -1 -1 gsm 0 0 0 5 -94 -18, numBars=5
07-25 18:05:26.817  1853  1853 D RawRadioSignalLevel: raw_sig_level=-94,raw_ecno_ber=-18,raw_rat=5
07-25 18:05:26.817  1853  1853 D RawRadioSignalLevel: rscp_iconLevel=3, ecno_iconLevel=1
07-25 18:05:26.817  1853  1853 D RawRadioSignalLevel: iconLevel = 1
07-25 18:05:27.397  2071  2298 I SYS_MPP : WebtopStatusHandler	onDataActivity()...direction=0
07-25 18:05:27.397  2071  2298 I SYS_MPP : WebtopStatusHandler	updateDataIcon()
07-25 18:05:29.524  1499  1676 I         : odm_disp_esd_thread is running(3) state=1
07-25 18:05:31.878  4983  4983 D dalvikvm: GC_EXPLICIT freed 29K, 48% free 2870K/5447K, external 2357K/2773K, paused 26ms
07-25 18:05:33.977  1657  1685 I ActivityManager: Start proc com.motorola.blur.suggestions.scheduler for service com.motorola.blur.suggestions.scheduler/.PollSchedulerService: pid=18801 uid=10138 gids={}
07-25 18:05:33.987  1450  1461 E NetlinkEvent: NetlinkEvent::FindParam(): Parameter 'UDEV_LOG' not found
07-25 18:05:33.997  1452  1514 E NetlinkListener: ignoring non-kernel netlink multicast message
07-25 18:05:33.997  1450  1461 E NetlinkListener: ignoring non-kernel netlink multicast message
07-25 18:05:36.907 15178 15178 D dalvikvm: GC_EXPLICIT freed 84K, 49% free 2777K/5379K, external 2357K/2773K, paused 58ms
07-25 18:05:36.917  2025  2025 D PollingManager: phone state: 0 home domestic AT&T AT&T 310410  UMTS CSS not supported -1 -1RoamInd: -1DefRoamInd: -1EmergOnly: false
07-25 18:05:36.917  1657  2361 I TelephonyRegistry: notifyServiceState: 0 home domestic AT&T AT&T 310410  UMTS CSS not supported -1 -1RoamInd: -1DefRoamInd: -1EmergOnly: false
07-25 18:05:36.917  1853  1853 D StatusBarPolicy: ERI alert sound is disabled.
07-25 18:05:36.927  2071  2298 I SYS_MPP : WebtopStatusHandler	updateDataIcon()
07-25 18:05:36.927  1853  1853 D RawRadioSignalLevel: mSignalStrength=SignalStrength: 10 -1 -1 -1 -1 -1 -1 gsm 0 0 0 5 -94 -18, numBars=5
07-25 18:05:36.927  1853  1853 D RawRadioSignalLevel: raw_sig_level=-94,raw_ecno_ber=-18,raw_rat=5
07-25 18:05:36.927  1853  1853 D RawRadioSignalLevel: rscp_iconLevel=3, ecno_iconLevel=1
07-25 18:05:36.927  1853  1853 D RawRadioSignalLevel: iconLevel = 1
07-25 18:05:36.927  1657  2069 I TelephonyRegistry: notifyDataConnection: state=2 isDataConnectivityPossible=true reason=nwTypeChanged interfaceName=ppp0 networkType=3
07-25 18:05:36.947  2071  2298 I SYS_MPP : WebtopStatusHandler	updateDataIcon()
07-25 18:05:36.977 13603 13603 D NetStatUtils: Receive a broadcast: android.intent.action.ANY_DATA_STATE
07-25 18:05:36.977 13603 13603 D NetStatUtils: Received android.intent.action.ANY_DATA_STATE broadcast - state = CONNECTED, unavailable = false
07-25 18:05:36.977 13603 13603 D NetStatUtils: The APN name is: phone and the interface is: ppp0
07-25 18:05:36.977 13603 13603 D NetStatUtils: This APN has been recorded before yet.
07-25 18:05:36.977 13603 13603 D NetStatUtils: This APN has been active yet. the corresponding interface is: ppp0
07-25 18:05:36.977  2013  2013 D PhoneApp: [NotificationMgr] updateNetworkSelection()...state = 0 new network 
07-25 18:05:36.977  2013  2013 D PhoneApp: [NotificationMgr] hideDataDisconnectedRoaming()...
07-25 18:05:36.987  1657  1683 D MobileDataStateTracker: replacing old mInterfaceName (ppp0) with ppp0 for hipri
07-25 18:05:36.987  1657  1683 D MobileDataStateTracker: replacing old mInterfaceName (ppp0) with ppp0 for fota
07-25 18:05:36.987  1657  1683 D MobileDataStateTracker: replacing old mInterfaceName (ppp0) with ppp0 for agps
07-25 18:05:37.007 10440 10440 I TransactionService: MMS-STATUS - start transaction service, app version=STABLE4.user.4.5.141.2.3.6.Blur_Version.4.5.141.MB860.ATT.en.US.Mon Dec 12 12:42:46 CST 2011 (log=false) (apn=false) (config=false)
07-25 18:05:37.007 10440 10440 I SmsReceiverService: MMS-STATUS - start sms receiver service, app version=STABLE4.user.4.5.141.2.3.6.Blur_Version.4.5.141.MB860.ATT.en.US.Mon Dec 12 12:42:46 CST 2011 (log=false) (apn=false) (config=false)
07-25 18:05:37.017  1657  1683 D MobileDataStateTracker: replacing old mInterfaceName (ppp0) with ppp0 for dun
07-25 18:05:37.017  1657  1683 D MobileDataStateTracker: replacing old mInterfaceName (ppp0) with ppp0 for supl
07-25 18:05:37.087  1657  1659 D dalvikvm: GC_CONCURRENT freed 2024K, 35% free 9104K/13831K, external 7883K/9572K, paused 3ms+7ms
07-25 18:05:37.097  1657  1683 D MobileDataStateTracker: default Received state= CONNECTED, old= CONNECTED, reason= nwTypeChanged, apnTypeList= default,supl,agps,fota,dun
07-25 18:05:37.097  1657  1683 D NetworkStateTracker: setDetailed state, old =CONNECTED and new state=CONNECTED
07-25 18:05:37.107  1657  1805 D MotorolaSettingsProvider: property: sys.mot_settings_secure_version=637
07-25 18:05:37.107  1657  1805 D MotorolaSettingsProvider: insert notifying for content://com.motorola.android.providers.settings/settings/lock_pin_current_failed_attempts
07-25 18:05:37.117  2139  2139 D UsbService: onReceive(), received intent:android.intent.action.USER_PRESENT
07-25 18:05:37.117  2046  2046 D AutoSignInService: AutoSignIn onReceive: action=android.intent.action.USER_PRESENT
07-25 18:05:37.117  2046  2046 V AutoSignInService: onReceive while Webtop INACTIVE
07-25 18:05:37.117 18550 18550 D YouTube : youtube.app.prefetch.g.onReceive:367 Received: android.intent.action.USER_PRESENT
07-25 18:05:37.147  1657  2045 W InputManagerService: Window already focused, ignoring focus gain of: com.android.internal.view.IInputMethodClient$Stub$Proxy@40b67c98
07-25 18:05:37.417  2071  2298 I SYS_MPP : WebtopStatusHandler	onDataActivity()...direction=2
07-25 18:05:37.417  2071  2298 I SYS_MPP : WebtopStatusHandler	updateDataIcon()
07-25 18:05:37.887  2025  2025 D PollingManager: phone state: 0 home domestic AT&T AT&T 310410  HSPA CSS not supported -1 -1RoamInd: -1DefRoamInd: -1EmergOnly: false
07-25 18:05:37.887  1657  7027 I TelephonyRegistry: notifyServiceState: 0 home domestic AT&T AT&T 310410  HSPA CSS not supported -1 -1RoamInd: -1DefRoamInd: -1EmergOnly: false
07-25 18:05:37.907  2071  2298 I SYS_MPP : WebtopStatusHandler	updateDataIcon()
07-25 18:05:37.907  1853  1853 D RawRadioSignalLevel: mSignalStrength=SignalStrength: 10 -1 -1 -1 -1 -1 -1 gsm 0 0 0 5 -94 -18, numBars=5
07-25 18:05:37.907  1853  1853 D RawRadioSignalLevel: raw_sig_level=-94,raw_ecno_ber=-18,raw_rat=5
07-25 18:05:37.907  1853  1853 D RawRadioSignalLevel: rscp_iconLevel=3, ecno_iconLevel=1
07-25 18:05:37.907  1853  1853 D RawRadioSignalLevel: iconLevel = 1
07-25 18:05:37.907  1853  1853 D StatusBarPolicy: ERI alert sound is disabled.
07-25 18:05:37.917  1657  2069 I TelephonyRegistry: notifyDataConnection: state=2 isDataConnectivityPossible=true reason=nwTypeChanged interfaceName=ppp0 networkType=10
07-25 18:05:37.947  2071  2298 I SYS_MPP : WebtopStatusHandler	updateDataIcon()
07-25 18:05:37.957 13603 13603 D NetStatUtils: Receive a broadcast: android.intent.action.ANY_DATA_STATE
07-25 18:05:37.957 13603 13603 D NetStatUtils: Received android.intent.action.ANY_DATA_STATE broadcast - state = CONNECTED, unavailable = false
07-25 18:05:37.957 13603 13603 D NetStatUtils: The APN name is: phone and the interface is: ppp0
07-25 18:05:37.957 13603 13603 D NetStatUtils: This APN has been recorded before yet.
07-25 18:05:37.957 13603 13603 D NetStatUtils: This APN has been active yet. the corresponding interface is: ppp0
07-25 18:05:37.957  2013  2013 D PhoneApp: [NotificationMgr] updateNetworkSelection()...state = 0 new network 
07-25 18:05:37.957  2013  2013 D PhoneApp: [NotificationMgr] hideDataDisconnectedRoaming()...
07-25 18:05:37.977  1657  1683 D MobileDataStateTracker: replacing old mInterfaceName (ppp0) with ppp0 for hipri
07-25 18:05:37.977  1657  1683 D MobileDataStateTracker: replacing old mInterfaceName (ppp0) with ppp0 for fota
07-25 18:05:37.977  1657  1683 D MobileDataStateTracker: replacing old mInterfaceName (ppp0) with ppp0 for agps
07-25 18:05:37.987  1657  1683 D MobileDataStateTracker: replacing old mInterfaceName (ppp0) with ppp0 for dun
07-25 18:05:37.987 10440 10440 I TransactionService: MMS-STATUS - start transaction service, app version=STABLE4.user.4.5.141.2.3.6.Blur_Version.4.5.141.MB860.ATT.en.US.Mon Dec 12 12:42:46 CST 2011 (log=false) (apn=false) (config=false)
07-25 18:05:37.987 10440 10440 I SmsReceiverService: MMS-STATUS - start sms receiver service, app version=STABLE4.user.4.5.141.2.3.6.Blur_Version.4.5.141.MB860.ATT.en.US.Mon Dec 12 12:42:46 CST 2011 (log=false) (apn=false) (config=false)
07-25 18:05:37.997  1657  1683 D MobileDataStateTracker: replacing old mInterfaceName (ppp0) with ppp0 for supl
07-25 18:05:38.007  1657  1683 D MobileDataStateTracker: default Received state= CONNECTED, old= CONNECTED, reason= nwTypeChanged, apnTypeList= default,supl,agps,fota,dun
07-25 18:05:38.007  1657  1683 D NetworkStateTracker: setDetailed state, old =CONNECTED and new state=CONNECTED
07-25 18:05:38.167  1657  2069 I ActivityManager: Starting: Intent { act=com.motorola.blur.apps.ACTION_APPS flg=0x10200000 cmp=com.motorola.blur.home/com.motorola.blur.apps.AppsActivity (has extras) } from pid 9875
07-25 18:05:38.277  1499  1676 I         : odm_disp_esd_thread is running(32) state=1
07-25 18:05:38.427  2071  2298 I SYS_MPP : WebtopStatusHandler	onDataActivity()...direction=0
07-25 18:05:38.427  2071  2298 I SYS_MPP : WebtopStatusHandler	updateDataIcon()
07-25 18:05:38.527  1657  1804 I ActivityManager: Displayed com.motorola.blur.home/com.motorola.blur.apps.AppsActivity: +299ms
07-25 18:05:38.807  1853  1853 D RawRadioSignalLevel: mSignalStrength=SignalStrength: 5 -1 -1 -1 -1 -1 -1 gsm 0 0 0 5 -104 -17, numBars=5
07-25 18:05:38.807  1853  1853 D RawRadioSignalLevel: raw_sig_level=-104,raw_ecno_ber=-17,raw_rat=5
07-25 18:05:38.807  1853  1853 D RawRadioSignalLevel: rscp_iconLevel=2, ecno_iconLevel=1
07-25 18:05:38.807  1853  1853 D RawRadioSignalLevel: iconLevel = 1
07-25 18:05:39.597  2025  2025 D PollingManager: phone state: 0 home domestic AT&T AT&T 310410  UMTS CSS not supported -1 -1RoamInd: -1DefRoamInd: -1EmergOnly: false
07-25 18:05:39.597  1657  2361 I TelephonyRegistry: notifyServiceState: 0 home domestic AT&T AT&T 310410  UMTS CSS not supported -1 -1RoamInd: -1DefRoamInd: -1EmergOnly: false
07-25 18:05:39.607  2071  2298 I SYS_MPP : WebtopStatusHandler	updateDataIcon()
07-25 18:05:39.607  1853  1853 D RawRadioSignalLevel: mSignalStrength=SignalStrength: 5 -1 -1 -1 -1 -1 -1 gsm 0 0 0 5 -104 -17, numBars=5
07-25 18:05:39.607  1853  1853 D RawRadioSignalLevel: raw_sig_level=-104,raw_ecno_ber=-17,raw_rat=5
07-25 18:05:39.607  1853  1853 D RawRadioSignalLevel: rscp_iconLevel=2, ecno_iconLevel=1
07-25 18:05:39.607  1853  1853 D RawRadioSignalLevel: iconLevel = 1
07-25 18:05:39.607  1853  1853 D StatusBarPolicy: ERI alert sound is disabled.
07-25 18:05:39.647  1657  1657 I TelephonyRegistry: notifyDataConnection: state=2 isDataConnectivityPossible=true reason=nwTypeChanged interfaceName=ppp0 networkType=3
07-25 18:05:39.657  2071  2298 I SYS_MPP : WebtopStatusHandler	updateDataIcon()
07-25 18:05:39.677 10440 10440 I TransactionService: MMS-STATUS - start transaction service, app version=STABLE4.user.4.5.141.2.3.6.Blur_Version.4.5.141.MB860.ATT.en.US.Mon Dec 12 12:42:46 CST 2011 (log=false) (apn=false) (config=false)
07-25 18:05:39.677  2013  2013 D PhoneApp: [NotificationMgr] updateNetworkSelection()...state = 0 new network 
07-25 18:05:39.687 10440 10440 I SmsReceiverService: MMS-STATUS - start sms receiver service, app version=STABLE4.user.4.5.141.2.3.6.Blur_Version.4.5.141.MB860.ATT.en.US.Mon Dec 12 12:42:46 CST 2011 (log=false) (apn=false) (config=false)
07-25 18:05:39.697  1657  1683 D MobileDataStateTracker: replacing old mInterfaceName (ppp0) with ppp0 for hipri
07-25 18:05:39.697  1657  1683 D MobileDataStateTracker: replacing old mInterfaceName (ppp0) with ppp0 for fota
07-25 18:05:39.707  1657  1683 D MobileDataStateTracker: replacing old mInterfaceName (ppp0) with ppp0 for agps
07-25 18:05:39.707  1657  1683 D MobileDataStateTracker: replacing old mInterfaceName (ppp0) with ppp0 for dun
07-25 18:05:39.707  1657  1683 D MobileDataStateTracker: replacing old mInterfaceName (ppp0) with ppp0 for supl
07-25 18:05:39.707  2013  2013 D PhoneApp: [NotificationMgr] hideDataDisconnectedRoaming()...
07-25 18:05:39.707 13603 13603 D NetStatUtils: Receive a broadcast: android.intent.action.ANY_DATA_STATE
07-25 18:05:39.707 13603 13603 D NetStatUtils: Received android.intent.action.ANY_DATA_STATE broadcast - state = CONNECTED, unavailable = false
07-25 18:05:39.707 13603 13603 D NetStatUtils: The APN name is: phone and the interface is: ppp0
07-25 18:05:39.707 13603 13603 D NetStatUtils: This APN has been recorded before yet.
07-25 18:05:39.707 13603 13603 D NetStatUtils: This APN has been active yet. the corresponding interface is: ppp0
07-25 18:05:39.707  1657  1683 D MobileDataStateTracker: default Received state= CONNECTED, old= CONNECTED, reason= nwTypeChanged, apnTypeList= default,supl,agps,fota,dun
07-25 18:05:39.717  1657  1683 D NetworkStateTracker: setDetailed state, old =CONNECTED and new state=CONNECTED
07-25 18:05:40.927  1657  2070 I ActivityManager: Starting: Intent { act=android.intent.action.MAIN cat=[android.intent.category.LAUNCHER] flg=0x10200000 cmp=com.johnpritchard.docking/.DockingActivity2D } from pid 9875
07-25 18:05:40.947  1450  1461 E NetlinkEvent: NetlinkEvent::FindParam(): Parameter 'UDEV_LOG' not found
07-25 18:05:40.957  1452  1514 E NetlinkListener: ignoring non-kernel netlink multicast message
07-25 18:05:40.957  1450  1461 E NetlinkListener: ignoring non-kernel netlink multicast message
07-25 18:05:40.957  1657  2132 I ActivityManager: Start proc com.johnpritchard.docking for activity com.johnpritchard.docking/.DockingActivity2D: pid=18837 uid=10049 gids={1015}
07-25 18:05:41.007 18837 18837 I ActivityThread: Pub com.johnpritchard.docking.provider.History: com.johnpritchard.docking.DockingDatabaseHistoryProvider
07-25 18:05:41.127 18837 18849 I Docking : View/Animation start running
07-25 18:05:41.147  1657  1804 I ActivityManager: Displayed com.johnpritchard.docking/.DockingActivity2D: +206ms
07-25 18:05:41.167 18837 18849 I Docking : View/Animation start eval Database Init returned <null>
07-25 18:05:41.167  1657  2067 W InputManagerService: Starting input on non-focused client com.android.internal.view.IInputMethodClient$Stub$Proxy@40982e88 (uid=10004 pid=9875)
07-25 18:05:41.267  1657  2023 I TelephonyRegistry: notifyServiceState: 0 home domestic AT&T AT&T 310410  HSDPA CSS not supported -1 -1RoamInd: -1DefRoamInd: -1EmergOnly: false
07-25 18:05:41.277  2025  2025 D PollingManager: phone state: 0 home domestic AT&T AT&T 310410  HSDPA CSS not supported -1 -1RoamInd: -1DefRoamInd: -1EmergOnly: false
07-25 18:05:41.277  2071  2298 I SYS_MPP : WebtopStatusHandler	updateDataIcon()
07-25 18:05:41.277  1853  1853 D RawRadioSignalLevel: mSignalStrength=SignalStrength: 5 -1 -1 -1 -1 -1 -1 gsm 0 0 0 5 -104 -17, numBars=5
07-25 18:05:41.277  1853  1853 D RawRadioSignalLevel: raw_sig_level=-104,raw_ecno_ber=-17,raw_rat=5
07-25 18:05:41.277  1853  1853 D RawRadioSignalLevel: rscp_iconLevel=2, ecno_iconLevel=1
07-25 18:05:41.277  1853  1853 D RawRadioSignalLevel: iconLevel = 1
07-25 18:05:41.277  1853  1853 D StatusBarPolicy: ERI alert sound is disabled.
07-25 18:05:41.297  1657  2207 I TelephonyRegistry: notifyDataConnection: state=2 isDataConnectivityPossible=true reason=nwTypeChanged interfaceName=ppp0 networkType=8
07-25 18:05:41.307  2071  2298 I SYS_MPP : WebtopStatusHandler	updateDataIcon()
07-25 18:05:41.317 10440 10440 I TransactionService: MMS-STATUS - start transaction service, app version=STABLE4.user.4.5.141.2.3.6.Blur_Version.4.5.141.MB860.ATT.en.US.Mon Dec 12 12:42:46 CST 2011 (log=false) (apn=false) (config=false)
07-25 18:05:41.317 10440 10440 I SmsReceiverService: MMS-STATUS - start sms receiver service, app version=STABLE4.user.4.5.141.2.3.6.Blur_Version.4.5.141.MB860.ATT.en.US.Mon Dec 12 12:42:46 CST 2011 (log=false) (apn=false) (config=false)
07-25 18:05:41.327  2013  2013 D PhoneApp: [NotificationMgr] updateNetworkSelection()...state = 0 new network 
07-25 18:05:41.357  2013  2013 D PhoneApp: [NotificationMgr] hideDataDisconnectedRoaming()...
07-25 18:05:41.357  1657  1683 D MobileDataStateTracker: replacing old mInterfaceName (ppp0) with ppp0 for hipri
07-25 18:05:41.357  1657  1683 D MobileDataStateTracker: replacing old mInterfaceName (ppp0) with ppp0 for fota
07-25 18:05:41.357  1657  1683 D MobileDataStateTracker: replacing old mInterfaceName (ppp0) with ppp0 for agps
07-25 18:05:41.357 13603 13603 D NetStatUtils: Receive a broadcast: android.intent.action.ANY_DATA_STATE
07-25 18:05:41.357 13603 13603 D NetStatUtils: Received android.intent.action.ANY_DATA_STATE broadcast - state = CONNECTED, unavailable = false
07-25 18:05:41.357 13603 13603 D NetStatUtils: The APN name is: phone and the interface is: ppp0
07-25 18:05:41.357 13603 13603 D NetStatUtils: This APN has been recorded before yet.
07-25 18:05:41.357 13603 13603 D NetStatUtils: This APN has been active yet. the corresponding interface is: ppp0
07-25 18:05:41.367  1657  1683 D MobileDataStateTracker: replacing old mInterfaceName (ppp0) with ppp0 for dun
07-25 18:05:41.367  1657  1683 D MobileDataStateTracker: replacing old mInterfaceName (ppp0) with ppp0 for supl
07-25 18:05:41.367  1657  1683 D MobileDataStateTracker: default Received state= CONNECTED, old= CONNECTED, reason= nwTypeChanged, apnTypeList= default,supl,agps,fota,dun
07-25 18:05:41.377  1657  1683 D NetworkStateTracker: setDetailed state, old =CONNECTED and new state=CONNECTED
07-25 18:05:41.807  1853  1853 D RawRadioSignalLevel: mSignalStrength=SignalStrength: 6 -1 -1 -1 -1 -1 -1 gsm 0 0 0 5 -101 -8, numBars=5
07-25 18:05:41.817  1853  1853 D RawRadioSignalLevel: raw_sig_level=-101,raw_ecno_ber=-8,raw_rat=5
07-25 18:05:41.817  1853  1853 D RawRadioSignalLevel: rscp_iconLevel=2, ecno_iconLevel=5
07-25 18:05:41.817  1853  1853 D RawRadioSignalLevel: iconLevel = 2
07-25 18:05:42.437  2071  2298 I SYS_MPP : WebtopStatusHandler	onDataActivity()...direction=1
07-25 18:05:42.437  2071  2298 I SYS_MPP : WebtopStatusHandler	updateDataIcon()
07-25 18:05:43.447  2071  2298 I SYS_MPP : WebtopStatusHandler	onDataActivity()...direction=0
07-25 18:05:43.447  2071  2298 I SYS_MPP : WebtopStatusHandler	updateDataIcon()
07-25 18:05:45.457 18837 18849 I Docking : View/Animation start input Emphasis to start
07-25 18:05:45.457 18837 18849 I Docking : View/Animation start input Skip to start
07-25 18:05:45.457 18837 18849 I Docking : View/Animation start input Deemphasis to start
07-25 18:05:45.457 18837 18849 I Docking : View/Animation start input Enter to start
07-25 18:05:45.507 18837 18849 I Docking : View/Animation start eval Database Game returned gameplay
07-25 18:05:45.517  1657  2364 I ActivityManager: Starting: Intent { flg=0x4000008 cmp=com.johnpritchard.docking/.DockingActivity3D } from pid 18837
07-25 18:05:45.527 18837 18849 I Docking : View/Animation <*> returning
07-25 18:05:45.567  1657  2361 I WindowManager: Setting rotation to 1, animFlags=1
07-25 18:05:45.567  1657  2361 I ActivityManager: Config changed: { scale=1.0 imsi=310/410 loc=en_US touch=3 keys=1/1/2 nav=1/1 orien=2 layout=268435490 uiMode=17 seq=29}
07-25 18:05:45.617  2046  2046 I AutoSignInService: onConfigurationChanged
07-25 18:05:45.617  2046  2046 I ApnEntitlementService: onConfigurationChanged
07-25 18:05:45.617  2046  2046 I PortalService: onConfigurationChanged
07-25 18:05:45.697  1657  1804 I ActivityManager: Displayed com.johnpritchard.docking/.DockingActivity3D: +126ms
07-25 18:05:45.717 18837 18856 D libEGL  : loaded /system/lib/egl/libGLES_android.so
07-25 18:05:45.717 18837 18856 D libEGL  : loaded /system/lib/egl/libEGL_tegra.so
07-25 18:05:45.727 18837 18856 D libEGL  : loaded /system/lib/egl/libGLESv1_CM_tegra.so
07-25 18:05:45.727 18837 18857 I Docking : Phys/Animation entering with title
07-25 18:05:45.737 18837 18837 W ApplicationContext: Unable to create external files directory
07-25 18:05:45.737 18837 18837 E Docking : View3D#1079818016 View3DRenderer#1079820848 movie
07-25 18:05:45.737 18837 18837 E Docking : java.lang.IllegalArgumentException
07-25 18:05:45.737 18837 18837 E Docking : 	at com.johnpritchard.docking.View3DScreenShot.<init>(View3DScreenShot.java:71)
07-25 18:05:45.737 18837 18837 E Docking : 	at com.johnpritchard.docking.View3DRenderer.surfaceChanged(View3DRenderer.java:124)
07-25 18:05:45.737 18837 18837 E Docking : 	at android.view.SurfaceView.updateWindow(SurfaceView.java:549)
07-25 18:05:45.737 18837 18837 E Docking : 	at android.view.SurfaceView.dispatchDraw(SurfaceView.java:348)
07-25 18:05:45.737 18837 18837 E Docking : 	at android.view.ViewGroup.drawChild(ViewGroup.java:1644)
07-25 18:05:45.737 18837 18837 E Docking : 	at android.view.ViewGroup.dispatchDraw(ViewGroup.java:1373)
07-25 18:05:45.737 18837 18837 E Docking : 	at android.view.ViewGroup.drawChild(ViewGroup.java:1644)
07-25 18:05:45.737 18837 18837 E Docking : 	at android.view.ViewGroup.dispatchDraw(ViewGroup.java:1373)
07-25 18:05:45.737 18837 18837 E Docking : 	at android.view.View.draw(View.java:6883)
07-25 18:05:45.737 18837 18837 E Docking : 	at android.widget.FrameLayout.draw(FrameLayout.java:357)
07-25 18:05:45.737 18837 18837 E Docking : 	at com.android.internal.policy.impl.PhoneWindow$DecorView.draw(PhoneWindow.java:2094)
07-25 18:05:45.737 18837 18837 E Docking : 	at android.view.ViewRoot.draw(ViewRoot.java:1525)
07-25 18:05:45.737 18837 18837 E Docking : 	at android.view.ViewRoot.performTraversals(ViewRoot.java:1261)
07-25 18:05:45.737 18837 18837 E Docking : 	at android.view.ViewRoot.handleMessage(ViewRoot.java:1862)
07-25 18:05:45.737 18837 18837 E Docking : 	at android.os.Handler.dispatchMessage(Handler.java:99)
07-25 18:05:45.737 18837 18837 E Docking : 	at android.os.Looper.loop(Looper.java:130)
07-25 18:05:45.737 18837 18837 E Docking : 	at android.app.ActivityThread.main(ActivityThread.java:3806)
07-25 18:05:45.737 18837 18837 E Docking : 	at java.lang.reflect.Method.invokeNative(Native Method)
07-25 18:05:45.737 18837 18837 E Docking : 	at java.lang.reflect.Method.invoke(Method.java:507)
07-25 18:05:45.737 18837 18837 E Docking : 	at com.android.internal.os.ZygoteInit$MethodAndArgsCaller.run(ZygoteInit.java:839)
07-25 18:05:45.737 18837 18837 E Docking : 	at com.android.internal.os.ZygoteInit.main(ZygoteInit.java:597)
07-25 18:05:45.737 18837 18837 E Docking : 	at dalvik.system.NativeStart.main(Native Method)
07-25 18:05:45.737 18837 18858 I Docking : View/Animation gameplay running
07-25 18:05:45.747 18837 18858 I Docking : View/Animation gameplay eval Database Init returned <null>
07-25 18:05:45.747 18837 18856 D libEGL  : loaded /system/lib/egl/libGLESv2_tegra.so
07-25 18:05:46.187  1657  2069 I TelephonyRegistry: notifyServiceState: 0 home domestic AT&T AT&T 310410  HSPA CSS not supported -1 -1RoamInd: -1DefRoamInd: -1EmergOnly: false
07-25 18:05:46.197  2025  2025 D PollingManager: phone state: 0 home domestic AT&T AT&T 310410  HSPA CSS not supported -1 -1RoamInd: -1DefRoamInd: -1EmergOnly: false
07-25 18:05:46.197  2071  2298 I SYS_MPP : WebtopStatusHandler	updateDataIcon()
07-25 18:05:46.227  1657  2132 I TelephonyRegistry: notifyDataConnection: state=2 isDataConnectivityPossible=true reason=nwTypeChanged interfaceName=ppp0 networkType=10
07-25 18:05:46.237  2071  2298 I SYS_MPP : WebtopStatusHandler	updateDataIcon()
07-25 18:05:46.257 10440 10440 I TransactionService: MMS-STATUS - start transaction service, app version=STABLE4.user.4.5.141.2.3.6.Blur_Version.4.5.141.MB860.ATT.en.US.Mon Dec 12 12:42:46 CST 2011 (log=false) (apn=false) (config=false)
07-25 18:05:46.257  2013  2013 D PhoneApp: [NotificationMgr] updateNetworkSelection()...state = 0 new network 
07-25 18:05:46.267 10440 10440 I SmsReceiverService: MMS-STATUS - start sms receiver service, app version=STABLE4.user.4.5.141.2.3.6.Blur_Version.4.5.141.MB860.ATT.en.US.Mon Dec 12 12:42:46 CST 2011 (log=false) (apn=false) (config=false)
07-25 18:05:46.277  1657  1683 D MobileDataStateTracker: replacing old mInterfaceName (ppp0) with ppp0 for hipri
07-25 18:05:46.287  1657  1683 D MobileDataStateTracker: replacing old mInterfaceName (ppp0) with ppp0 for fota
07-25 18:05:46.287  1853  1853 D RawRadioSignalLevel: mSignalStrength=SignalStrength: 6 -1 -1 -1 -1 -1 -1 gsm 0 0 0 5 -101 -8, numBars=5
07-25 18:05:46.287  2013  2013 D PhoneApp: [NotificationMgr] hideDataDisconnectedRoaming()...
07-25 18:05:46.287  1853  1853 D RawRadioSignalLevel: raw_sig_level=-101,raw_ecno_ber=-8,raw_rat=5
07-25 18:05:46.287 13603 13603 D NetStatUtils: Receive a broadcast: android.intent.action.ANY_DATA_STATE
07-25 18:05:46.287 13603 13603 D NetStatUtils: Received android.intent.action.ANY_DATA_STATE broadcast - state = CONNECTED, unavailable = false
07-25 18:05:46.287 13603 13603 D NetStatUtils: The APN name is: phone and the interface is: ppp0
07-25 18:05:46.287 13603 13603 D NetStatUtils: This APN has been recorded before yet.
07-25 18:05:46.287 13603 13603 D NetStatUtils: This APN has been active yet. the corresponding interface is: ppp0
07-25 18:05:46.287  1657  1683 D MobileDataStateTracker: replacing old mInterfaceName (ppp0) with ppp0 for agps
07-25 18:05:46.287  1853  1853 D StatusBarPolicy: ERI alert sound is disabled.
07-25 18:05:46.307  1853  1853 D RawRadioSignalLevel: rscp_iconLevel=2, ecno_iconLevel=5
07-25 18:05:46.307  1853  1853 D RawRadioSignalLevel: iconLevel = 2
07-25 18:05:46.307  1657  1683 D MobileDataStateTracker: replacing old mInterfaceName (ppp0) with ppp0 for dun
07-25 18:05:46.307  1657  1683 D MobileDataStateTracker: replacing old mInterfaceName (ppp0) with ppp0 for supl
07-25 18:05:46.317  1657  1683 D MobileDataStateTracker: default Received state= CONNECTED, old= CONNECTED, reason= nwTypeChanged, apnTypeList= default,supl,agps,fota,dun
07-25 18:05:46.317  1657  1683 D NetworkStateTracker: setDetailed state, old =CONNECTED and new state=CONNECTED
07-25 18:05:47.047  1499  1676 I         : odm_disp_esd_thread is running(118) state=1
07-25 18:05:47.397 18837 18840 D dalvikvm: GC_CONCURRENT freed 1473K, 54% free 3326K/7175K, external 2434K/2773K, paused 1ms+1ms
07-25 18:05:47.447 18837 18840 D dalvikvm: GC_CONCURRENT freed 933K, 53% free 3373K/7175K, external 2434K/2773K, paused 1ms+1ms
07-25 18:05:47.477 18837 18856 D dalvikvm: GC_FOR_MALLOC freed 910K, 54% free 3349K/7175K, external 2434K/2773K, paused 15ms
07-25 18:05:47.497 18837 18856 D dalvikvm: GC_FOR_MALLOC freed 708K, 52% free 3507K/7175K, external 2434K/2773K, paused 16ms
07-25 18:05:47.517 18837 18856 D dalvikvm: GC_FOR_MALLOC freed 789K, 53% free 3430K/7175K, external 2434K/2773K, paused 15ms
07-25 18:05:47.537 18837 18856 D dalvikvm: GC_FOR_MALLOC freed 688K, 52% free 3463K/7175K, external 2434K/2773K, paused 15ms
07-25 18:05:47.567 18837 18856 D dalvikvm: GC_FOR_MALLOC freed 647K, 52% free 3490K/7175K, external 2434K/2773K, paused 15ms
07-25 18:05:47.577 18837 18856 D dalvikvm: GC_FOR_MALLOC freed 486K, 49% free 3669K/7175K, external 2434K/2773K, paused 14ms
07-25 18:05:47.597 18837 18856 D dalvikvm: GC_FOR_MALLOC freed 450K, 51% free 3532K/7175K, external 2752K/2773K, paused 14ms
07-25 18:05:47.627 18837 18856 D dalvikvm: GC_EXTERNAL_ALLOC freed 153K, 49% free 3685K/7175K, external 2752K/2773K, paused 21ms
07-25 18:05:47.887  1657  1804 D dalvikvm: GC_EXPLICIT freed 874K, 35% free 9005K/13831K, external 7883K/9572K, paused 126ms
07-25 18:05:47.917  1853  1853 D RawRadioSignalLevel: mSignalStrength=SignalStrength: 5 -1 -1 -1 -1 -1 -1 gsm 0 0 0 5 -103 -18, numBars=5
07-25 18:05:47.917  1853  1853 D RawRadioSignalLevel: raw_sig_level=-103,raw_ecno_ber=-18,raw_rat=5
07-25 18:05:47.917  1853  1853 D RawRadioSignalLevel: rscp_iconLevel=2, ecno_iconLevel=1
07-25 18:05:47.917  1853  1853 D RawRadioSignalLevel: iconLevel = 1
07-25 18:05:48.737 18837 18857 I Docking : Phys/Animation running
07-25 18:05:53.027  7625  7625 D dalvikvm: GC_EXPLICIT freed 280K, 48% free 3867K/7303K, external 2357K/2773K, paused 43ms
07-25 18:05:53.112  1499  1666 D         : NVRM_DAEMON(479): queue_dispatch_thread() running
07-25 18:05:53.127  1456  1456 I /system/bin/nvrm_daemon: NVRM_DAEMON(479): queue_dispatch_thread() running
07-25 18:05:53.827  1853  1853 D RawRadioSignalLevel: mSignalStrength=SignalStrength: 4 -1 -1 -1 -1 -1 -1 gsm 0 0 0 5 -105 -17, numBars=5
07-25 18:05:53.827  1853  1853 D RawRadioSignalLevel: raw_sig_level=-105,raw_ecno_ber=-17,raw_rat=5
07-25 18:05:53.827  1853  1853 D RawRadioSignalLevel: rscp_iconLevel=2, ecno_iconLevel=1
07-25 18:05:53.827  1853  1853 D RawRadioSignalLevel: iconLevel = 1
07-25 18:05:54.217  2025  2025 D PollingManager: phone state: 0 home domestic AT&T AT&T 310410  HSDPA CSS not supported -1 -1RoamInd: -1DefRoamInd: -1EmergOnly: false
07-25 18:05:54.217  1657  2023 I TelephonyRegistry: notifyServiceState: 0 home domestic AT&T AT&T 310410  HSDPA CSS not supported -1 -1RoamInd: -1DefRoamInd: -1EmergOnly: false
07-25 18:05:54.227  2071  2298 I SYS_MPP : WebtopStatusHandler	updateDataIcon()
07-25 18:05:54.227  1853  1853 D RawRadioSignalLevel: mSignalStrength=SignalStrength: 4 -1 -1 -1 -1 -1 -1 gsm 0 0 0 5 -105 -17, numBars=5
07-25 18:05:54.227  1853  1853 D RawRadioSignalLevel: raw_sig_level=-105,raw_ecno_ber=-17,raw_rat=5
07-25 18:05:54.227  1853  1853 D RawRadioSignalLevel: rscp_iconLevel=2, ecno_iconLevel=1
07-25 18:05:54.227  1853  1853 D RawRadioSignalLevel: iconLevel = 1
07-25 18:05:54.227  1853  1853 D StatusBarPolicy: ERI alert sound is disabled.
07-25 18:05:54.258  1657  1657 I TelephonyRegistry: notifyDataConnection: state=2 isDataConnectivityPossible=true reason=nwTypeChanged interfaceName=ppp0 networkType=8
07-25 18:05:54.277  2071  2298 I SYS_MPP : WebtopStatusHandler	updateDataIcon()
07-25 18:05:54.277  2013  2013 D PhoneApp: [NotificationMgr] updateNetworkSelection()...state = 0 new network 
07-25 18:05:54.287  2013  2013 D PhoneApp: [NotificationMgr] hideDataDisconnectedRoaming()...
07-25 18:05:54.287 13603 13603 D NetStatUtils: Receive a broadcast: android.intent.action.ANY_DATA_STATE
07-25 18:05:54.287 13603 13603 D NetStatUtils: Received android.intent.action.ANY_DATA_STATE broadcast - state = CONNECTED, unavailable = false
07-25 18:05:54.287 13603 13603 D NetStatUtils: The APN name is: phone and the interface is: ppp0
07-25 18:05:54.287 13603 13603 D NetStatUtils: This APN has been recorded before yet.
07-25 18:05:54.287 13603 13603 D NetStatUtils: This APN has been active yet. the corresponding interface is: ppp0
07-25 18:05:54.297  1657  1683 D MobileDataStateTracker: replacing old mInterfaceName (ppp0) with ppp0 for hipri
07-25 18:05:54.307  1657  1683 D MobileDataStateTracker: replacing old mInterfaceName (ppp0) with ppp0 for fota
07-25 18:05:54.307  1657  1683 D MobileDataStateTracker: replacing old mInterfaceName (ppp0) with ppp0 for agps
07-25 18:05:54.317  1657  1683 D MobileDataStateTracker: replacing old mInterfaceName (ppp0) with ppp0 for dun
07-25 18:05:54.317 10440 10440 I TransactionService: MMS-STATUS - start transaction service, app version=STABLE4.user.4.5.141.2.3.6.Blur_Version.4.5.141.MB860.ATT.en.US.Mon Dec 12 12:42:46 CST 2011 (log=false) (apn=false) (config=false)
07-25 18:05:54.337 10440 10440 I SmsReceiverService: MMS-STATUS - start sms receiver service, app version=STABLE4.user.4.5.141.2.3.6.Blur_Version.4.5.141.MB860.ATT.en.US.Mon Dec 12 12:42:46 CST 2011 (log=false) (apn=false) (config=false)
07-25 18:05:54.347  1657  1683 D MobileDataStateTracker: replacing old mInterfaceName (ppp0) with ppp0 for supl
07-25 18:05:54.357  1657  1683 D MobileDataStateTracker: default Received state= CONNECTED, old= CONNECTED, reason= nwTypeChanged, apnTypeList= default,supl,agps,fota,dun
07-25 18:05:54.357  1657  1683 D NetworkStateTracker: setDetailed state, old =CONNECTED and new state=CONNECTED
07-25 18:05:55.327 18837 18837 W KeyCharacterMap: Can't open keycharmap file
07-25 18:05:55.327 18837 18837 W KeyCharacterMap: Error loading keycharmap file '/data/usr/keychars/qtouch-obp-ts.kcm.bin'. hw.keyboards.131072.devname='qtouch-obp-ts'
07-25 18:05:55.327 18837 18837 W KeyCharacterMap: Can't open keycharmap file
07-25 18:05:55.327 18837 18837 W KeyCharacterMap: Error loading keycharmap file '/system/usr/keychars/qtouch-obp-ts.kcm.bin'. hw.keyboards.131072.devname='qtouch-obp-ts'
07-25 18:05:55.327 18837 18837 W KeyCharacterMap: Can't open keycharmap file
07-25 18:05:55.327 18837 18837 W KeyCharacterMap: Using default keymap: /system/usr/keychars/qwerty.kcm.bin
07-25 18:05:55.487 18837 18858 I Docking : View/Animation gameplay returning
07-25 18:05:55.487 18837 18857 I Docking : Phys/Animation returning
07-25 18:05:55.577 18837 18873 I Docking : View/Animation start running
07-25 18:05:55.587 18837 18873 I Docking : View/Animation start eval Database Init returned <null>
07-25 18:05:55.842  1499  1676 I         : odm_disp_esd_thread is running(483) state=1
07-25 18:05:56.367 18837 18873 I Docking : View/Animation start returning
07-25 18:05:56.607  9875  9875 D dalvikvm: GC_EXTERNAL_ALLOC freed 1007K, 55% free 3806K/8391K, external 11916K/11938K, paused 30ms
07-25 18:05:58.977  2025  2025 D PollingManager: phone state: 0 home domestic AT&T AT&T 310410  UMTS CSS not supported -1 -1RoamInd: -1DefRoamInd: -1EmergOnly: false
07-25 18:05:58.977  2071  2298 I SYS_MPP : WebtopStatusHandler	updateDataIcon()
07-25 18:05:58.977  1657  2361 I TelephonyRegistry: notifyServiceState: 0 home domestic AT&T AT&T 310410  UMTS CSS not supported -1 -1RoamInd: -1DefRoamInd: -1EmergOnly: false
07-25 18:05:58.987  1853  1853 D RawRadioSignalLevel: mSignalStrength=SignalStrength: 4 -1 -1 -1 -1 -1 -1 gsm 0 0 0 5 -105 -17, numBars=5
07-25 18:05:58.987  1853  1853 D RawRadioSignalLevel: raw_sig_level=-105,raw_ecno_ber=-17,raw_rat=5
07-25 18:05:58.987  1853  1853 D RawRadioSignalLevel: rscp_iconLevel=2, ecno_iconLevel=1
07-25 18:05:58.987  1853  1853 D RawRadioSignalLevel: iconLevel = 1
07-25 18:05:58.987  1853  1853 D StatusBarPolicy: ERI alert sound is disabled.
07-25 18:05:58.997  1657  2363 I TelephonyRegistry: notifyDataConnection: state=2 isDataConnectivityPossible=true reason=nwTypeChanged interfaceName=ppp0 networkType=3
07-25 18:05:59.007  2071  2298 I SYS_MPP : WebtopStatusHandler	updateDataIcon()
07-25 18:05:59.027  2013  2013 D PhoneApp: [NotificationMgr] updateNetworkSelection()...state = 0 new network 
07-25 18:05:59.027  1657  1683 D MobileDataStateTracker: replacing old mInterfaceName (ppp0) with ppp0 for hipri
07-25 18:05:59.027  1657  1683 D MobileDataStateTracker: replacing old mInterfaceName (ppp0) with ppp0 for fota
07-25 18:05:59.037  1657  1683 D MobileDataStateTracker: replacing old mInterfaceName (ppp0) with ppp0 for agps
07-25 18:05:59.037  1657  1683 D MobileDataStateTracker: replacing old mInterfaceName (ppp0) with ppp0 for dun
07-25 18:05:59.037  1657  1683 D MobileDataStateTracker: replacing old mInterfaceName (ppp0) with ppp0 for supl
07-25 18:05:59.037  1657  1683 D MobileDataStateTracker: default Received state= CONNECTED, old= CONNECTED, reason= nwTypeChanged, apnTypeList= default,supl,agps,fota,dun
07-25 18:05:59.037  1657  1683 D NetworkStateTracker: setDetailed state, old =CONNECTED and new state=CONNECTED
07-25 18:05:59.037  2013  2013 D PhoneApp: [NotificationMgr] hideDataDisconnectedRoaming()...
07-25 18:05:59.037 13603 13603 D NetStatUtils: Receive a broadcast: android.intent.action.ANY_DATA_STATE
07-25 18:05:59.037 13603 13603 D NetStatUtils: Received android.intent.action.ANY_DATA_STATE broadcast - state = CONNECTED, unavailable = false
07-25 18:05:59.037 13603 13603 D NetStatUtils: The APN name is: phone and the interface is: ppp0
07-25 18:05:59.037 13603 13603 D NetStatUtils: This APN has been recorded before yet.
07-25 18:05:59.037 13603 13603 D NetStatUtils: This APN has been active yet. the corresponding interface is: ppp0
07-25 18:05:59.057 10440 10440 I TransactionService: MMS-STATUS - start transaction service, app version=STABLE4.user.4.5.141.2.3.6.Blur_Version.4.5.141.MB860.ATT.en.US.Mon Dec 12 12:42:46 CST 2011 (log=false) (apn=false) (config=false)
07-25 18:05:59.057 10440 10440 I SmsReceiverService: MMS-STATUS - start sms receiver service, app version=STABLE4.user.4.5.141.2.3.6.Blur_Version.4.5.141.MB860.ATT.en.US.Mon Dec 12 12:42:46 CST 2011 (log=false) (apn=false) (config=false)
07-25 18:05:59.327  1657  1679 I TelephonyRegistry: notifyServiceState: 0 home domestic AT&T AT&T 310410  HSPA CSS not supported -1 -1RoamInd: -1DefRoamInd: -1EmergOnly: false
07-25 18:05:59.337  2025  2025 D PollingManager: phone state: 0 home domestic AT&T AT&T 310410  HSPA CSS not supported -1 -1RoamInd: -1DefRoamInd: -1EmergOnly: false
07-25 18:05:59.357  1853  1853 D RawRadioSignalLevel: mSignalStrength=SignalStrength: 4 -1 -1 -1 -1 -1 -1 gsm 0 0 0 5 -105 -17, numBars=5
07-25 18:05:59.357  1853  1853 D RawRadioSignalLevel: raw_sig_level=-105,raw_ecno_ber=-17,raw_rat=5
07-25 18:05:59.357  1853  1853 D RawRadioSignalLevel: rscp_iconLevel=2, ecno_iconLevel=1
07-25 18:05:59.357  1853  1853 D RawRadioSignalLevel: iconLevel = 1
07-25 18:05:59.357  1853  1853 D StatusBarPolicy: ERI alert sound is disabled.
07-25 18:05:59.367  2071  2298 I SYS_MPP : WebtopStatusHandler	updateDataIcon()
07-25 18:05:59.397 10440 10440 I TransactionService: MMS-STATUS - start transaction service, app version=STABLE4.user.4.5.141.2.3.6.Blur_Version.4.5.141.MB860.ATT.en.US.Mon Dec 12 12:42:46 CST 2011 (log=false) (apn=false) (config=false)
07-25 18:05:59.407 10440 10440 I SmsReceiverService: MMS-STATUS - start sms receiver service, app version=STABLE4.user.4.5.141.2.3.6.Blur_Version.4.5.141.MB860.ATT.en.US.Mon Dec 12 12:42:46 CST 2011 (log=false) (apn=false) (config=false)
07-25 18:05:59.407  1657  2023 I TelephonyRegistry: notifyDataConnection: state=2 isDataConnectivityPossible=true reason=nwTypeChanged interfaceName=ppp0 networkType=10
07-25 18:05:59.427  2071  2298 I SYS_MPP : WebtopStatusHandler	updateDataIcon()
07-25 18:05:59.437  2013  2016 D dalvikvm: GC_CONCURRENT freed 1930K, 54% free 4002K/8519K, external 8326K/9939K, paused 5ms+3ms
