07-26 19:51:56.447  3556  3746 D Finsky  : [33] VerifyInstalledPackagesTask.doInBackground: Adding com.agi.android.augmentedreality for verification
07-26 19:51:56.457  3556  3746 D Finsky  : [33] VerifyInstalledPackagesTask.doInBackground: Adding com.att.myWireless for verification
07-26 19:51:56.457  3556  3746 D Finsky  : [33] VerifyInstalledPackagesTask.doInBackground: Adding com.chase.sig.android for verification
07-26 19:51:56.477  3556  3746 D Finsky  : [33] VerifyInstalledPackagesTask.doInBackground: Adding com.google.android.apps.chrometophone for verification
07-26 19:51:56.477  3556  3746 D Finsky  : [33] VerifyInstalledPackagesTask.doInBackground: Adding com.google.android.apps.googlevoice for verification
07-26 19:51:56.487  1499  1676 I         : odm_disp_esd_thread is running(517) state=1
07-26 19:51:56.487  3556  3746 D Finsky  : [33] VerifyInstalledPackagesTask.doInBackground: Adding com.google.android.apps.reader for verification
07-26 19:51:56.497  3556  3746 D Finsky  : [33] VerifyInstalledPackagesTask.doInBackground: Adding com.google.android.gms for verification
07-26 19:51:56.497  3556  3746 D Finsky  : [33] VerifyInstalledPackagesTask.doInBackground: Adding com.google.android.music for verification
07-26 19:51:56.507  3556  3746 D Finsky  : [33] VerifyInstalledPackagesTask.doInBackground: Adding com.google.android.stardroid for verification
07-26 19:51:56.517  3556  3746 D Finsky  : [33] VerifyInstalledPackagesTask.doInBackground: Adding com.nytimes.android for verification
07-26 19:51:56.527  3556  3746 D Finsky  : [33] VerifyInstalledPackagesTask.doInBackground: Adding com.paypal.android.p2pmobile for verification
07-26 19:51:56.527  3556  3746 D Finsky  : [33] VerifyInstalledPackagesTask.doInBackground: Adding com.piezo.layout for verification
07-26 19:51:56.547  3556  3746 D Finsky  : [33] VerifyInstalledPackagesTask.doInBackground: Adding com.satflare.timesat for verification
07-26 19:51:56.547  3556  3746 D Finsky  : [33] VerifyInstalledPackagesTask.doInBackground: Adding com.socratica.mobile.chemistry for verification
07-26 19:51:56.557  3556  3746 D Finsky  : [33] VerifyInstalledPackagesTask.doInBackground: Adding com.usps for verification
07-26 19:51:56.557  3556  3746 D Finsky  : [33] VerifyInstalledPackagesTask.doInBackground: Adding gov.nasa.wff.whatsupatwallops for verification
07-26 19:51:56.567  3556  3746 D Finsky  : [33] VerifyInstalledPackagesTask.doInBackground: Adding org.hermit.tricorder for verification
07-26 19:51:56.577  3556  3746 D Finsky  : [33] VerifyInstalledPackagesTask.doInBackground: Adding uk.co.nickfines.RealCalcPlus for verification
07-26 19:51:57.897  3694  3697 D dalvikvm: GC_CONCURRENT freed 1080K, 58% free 3081K/7175K, external 3286K/3817K, paused 4ms+3ms
07-26 19:51:58.187  2071  2298 I SYS_MPP : WebtopStatusHandler	onDataActivity()...direction=0
07-26 19:51:58.187  2071  2298 I SYS_MPP : WebtopStatusHandler	updateDataIcon()
07-26 19:51:59.197  2071  2298 I SYS_MPP : WebtopStatusHandler	onDataActivity()...direction=2
07-26 19:51:59.197  2071  2298 I SYS_MPP : WebtopStatusHandler	updateDataIcon()
07-26 19:52:00.007  2071  2071 I SYS_MPP : WebtopStatusHandler	Time change action: android.intent.action.TIME_TICK
07-26 19:52:00.017  2071  2071 I SYS_MPP : WebtopStatusHandler	xxxxxxx Date long format=Saturday, July 26, 2014
07-26 19:52:00.207  2071  2298 I SYS_MPP : WebtopStatusHandler	onDataActivity()...direction=0
07-26 19:52:00.207  2071  2298 I SYS_MPP : WebtopStatusHandler	updateDataIcon()
07-26 19:52:01.217  2071  2298 I SYS_MPP : WebtopStatusHandler	onDataActivity()...direction=3
07-26 19:52:01.217  2071  2298 I SYS_MPP : WebtopStatusHandler	updateDataIcon()
07-26 19:52:02.227  2071  2298 I SYS_MPP : WebtopStatusHandler	onDataActivity()...direction=2
07-26 19:52:02.227  2071  2298 I SYS_MPP : WebtopStatusHandler	updateDataIcon()
07-26 19:52:03.237  2071  2298 I SYS_MPP : WebtopStatusHandler	onDataActivity()...direction=0
07-26 19:52:03.237  2071  2298 I SYS_MPP : WebtopStatusHandler	updateDataIcon()
07-26 19:52:04.247  2071  2298 I SYS_MPP : WebtopStatusHandler	onDataActivity()...direction=3
07-26 19:52:04.247  2071  2298 I SYS_MPP : WebtopStatusHandler	updateDataIcon()
07-26 19:52:05.127  2313  2313 D dalvikvm: GC_EXPLICIT freed 177K, 45% free 4211K/7559K, external 2357K/2773K, paused 48ms
07-26 19:52:05.237  1499  1676 I         : odm_disp_esd_thread is running(521) state=1
07-26 19:52:06.257  2071  2298 I SYS_MPP : WebtopStatusHandler	onDataActivity()...direction=2
07-26 19:52:06.257  2071  2298 I SYS_MPP : WebtopStatusHandler	updateDataIcon()
07-26 19:52:06.557  3694  3697 D dalvikvm: GC_CONCURRENT freed 1136K, 58% free 3080K/7175K, external 3294K/3817K, paused 3ms+8ms
07-26 19:52:07.267  2071  2298 I SYS_MPP : WebtopStatusHandler	onDataActivity()...direction=3
07-26 19:52:07.267  2071  2298 I SYS_MPP : WebtopStatusHandler	updateDataIcon()
07-26 19:52:08.277  2071  2298 I SYS_MPP : WebtopStatusHandler	onDataActivity()...direction=0
07-26 19:52:08.277  2071  2298 I SYS_MPP : WebtopStatusHandler	updateDataIcon()
07-26 19:52:08.689  1499  1666 D         : NVRM_DAEMON(479): queue_dispatch_thread() running
07-26 19:52:08.697  1456  1456 I /system/bin/nvrm_daemon: NVRM_DAEMON(479): queue_dispatch_thread() running
07-26 19:52:09.287  2071  2298 I SYS_MPP : WebtopStatusHandler	onDataActivity()...direction=2
07-26 19:52:09.287  2071  2298 I SYS_MPP : WebtopStatusHandler	updateDataIcon()
07-26 19:52:10.177  4983  4983 D dalvikvm: GC_EXPLICIT freed 32K, 48% free 2870K/5447K, external 2357K/2773K, paused 84ms
07-26 19:52:11.297  2071  2298 I SYS_MPP : WebtopStatusHandler	onDataActivity()...direction=3
07-26 19:52:11.297  2071  2298 I SYS_MPP : WebtopStatusHandler	updateDataIcon()
07-26 19:52:12.307  2071  2298 I SYS_MPP : WebtopStatusHandler	onDataActivity()...direction=2
07-26 19:52:12.307  2071  2298 I SYS_MPP : WebtopStatusHandler	updateDataIcon()
07-26 19:52:13.317  2071  2298 I SYS_MPP : WebtopStatusHandler	onDataActivity()...direction=0
07-26 19:52:13.317  2071  2298 I SYS_MPP : WebtopStatusHandler	updateDataIcon()
07-26 19:52:13.987  1499  1676 I         : odm_disp_esd_thread is running(521) state=1
07-26 19:52:14.327  2071  2298 I SYS_MPP : WebtopStatusHandler	onDataActivity()...direction=2
07-26 19:52:14.327  2071  2298 I SYS_MPP : WebtopStatusHandler	updateDataIcon()
07-26 19:52:14.687  3694  3697 D dalvikvm: GC_CONCURRENT freed 1081K, 58% free 3082K/7175K, external 3288K/3817K, paused 3ms+4ms
07-26 19:52:15.177  3556  3556 D dalvikvm: GC_EXPLICIT freed 760K, 51% free 3907K/7879K, external 2357K/2773K, paused 47ms
07-26 19:52:16.437  1657  2007 D ThrottleService: onPollAlarm - roaming =false, read =0, written =0, new total =0
07-26 19:52:17.957  2020  3633 I StorageMonSvc: run() starting with intent: Intent { act=com.motorola.blur.service.blur.Actions.CHECK_STORAGE_USAGE flg=0x4 cmp=com.motorola.blur.service.storagemon/.StorageMonitorService (has extras) }
07-26 19:52:17.997  3520  3520 I NewsBroadcastReceiver: action: com.motorola.blur.service.blur.Actions.ACTION_STORAGE_OKdata: null
07-26 19:52:18.017  2020  3633 I StorageMonSvc: run() scheduling the next check.  mCheckIntervalMillis=1200000
07-26 19:52:18.337  2071  2298 I SYS_MPP : WebtopStatusHandler	onDataActivity()...direction=0
07-26 19:52:18.337  2071  2298 I SYS_MPP : WebtopStatusHandler	updateDataIcon()
07-26 19:52:19.347  2071  2298 I SYS_MPP : WebtopStatusHandler	onDataActivity()...direction=3
07-26 19:52:19.347  2071  2298 I SYS_MPP : WebtopStatusHandler	updateDataIcon()
07-26 19:52:20.357  2071  2298 I SYS_MPP : WebtopStatusHandler	onDataActivity()...direction=2
07-26 19:52:20.357  2071  2298 I SYS_MPP : WebtopStatusHandler	updateDataIcon()
07-26 19:52:22.367  2071  2298 I SYS_MPP : WebtopStatusHandler	onDataActivity()...direction=3
07-26 19:52:22.367  2071  2298 I SYS_MPP : WebtopStatusHandler	updateDataIcon()
07-26 19:52:22.738  1499  1676 I         : odm_disp_esd_thread is running(521) state=1
07-26 19:52:23.077  3520  3520 D dalvikvm: GC_EXPLICIT freed 13K, 48% free 3067K/5831K, external 2357K/2773K, paused 62ms
07-26 19:52:23.327  3694  3697 D dalvikvm: GC_CONCURRENT freed 1132K, 58% free 3080K/7175K, external 3301K/3817K, paused 3ms+2ms
07-26 19:52:25.377  2071  2298 I SYS_MPP : WebtopStatusHandler	onDataActivity()...direction=0
07-26 19:52:25.377  2071  2298 I SYS_MPP : WebtopStatusHandler	updateDataIcon()
07-26 19:52:25.479  1499  1666 D         : NVRM_DAEMON(479): queue_dispatch_thread() running
07-26 19:52:25.487  1456  1456 I /system/bin/nvrm_daemon: NVRM_DAEMON(479): queue_dispatch_thread() running
07-26 19:52:26.387  2071  2298 I SYS_MPP : WebtopStatusHandler	onDataActivity()...direction=3
07-26 19:52:26.387  2071  2298 I SYS_MPP : WebtopStatusHandler	updateDataIcon()
07-26 19:52:27.397  2071  2298 I SYS_MPP : WebtopStatusHandler	onDataActivity()...direction=2
07-26 19:52:27.397  2071  2298 I SYS_MPP : WebtopStatusHandler	updateDataIcon()
07-26 19:52:29.407  2071  2298 I SYS_MPP : WebtopStatusHandler	onDataActivity()...direction=0
07-26 19:52:29.407  2071  2298 I SYS_MPP : WebtopStatusHandler	updateDataIcon()
07-26 19:52:30.417  2071  2298 I SYS_MPP : WebtopStatusHandler	onDataActivity()...direction=3
07-26 19:52:30.417  2071  2298 I SYS_MPP : WebtopStatusHandler	updateDataIcon()
07-26 19:52:31.427  2071  2298 I SYS_MPP : WebtopStatusHandler	onDataActivity()...direction=2
07-26 19:52:31.427  2071  2298 I SYS_MPP : WebtopStatusHandler	updateDataIcon()
07-26 19:52:31.489  1499  1676 I         : odm_disp_esd_thread is running(521) state=1
07-26 19:52:31.987  3694  3697 D dalvikvm: GC_CONCURRENT freed 1143K, 58% free 3083K/7175K, external 3306K/3817K, paused 3ms+2ms
07-26 19:52:32.437  2071  2298 I SYS_MPP : WebtopStatusHandler	onDataActivity()...direction=0
07-26 19:52:32.437  2071  2298 I SYS_MPP : WebtopStatusHandler	updateDataIcon()
07-26 19:52:33.447  2071  2298 I SYS_MPP : WebtopStatusHandler	onDataActivity()...direction=3
07-26 19:52:33.447  2071  2298 I SYS_MPP : WebtopStatusHandler	updateDataIcon()
07-26 19:52:34.457  2071  2298 I SYS_MPP : WebtopStatusHandler	onDataActivity()...direction=0
07-26 19:52:34.457  2071  2298 I SYS_MPP : WebtopStatusHandler	updateDataIcon()
07-26 19:52:35.477  2071  2298 I SYS_MPP : WebtopStatusHandler	onDataActivity()...direction=2
07-26 19:52:35.477  2071  2298 I SYS_MPP : WebtopStatusHandler	updateDataIcon()
07-26 19:52:36.487  2071  2298 I SYS_MPP : WebtopStatusHandler	onDataActivity()...direction=3
07-26 19:52:36.487  2071  2298 I SYS_MPP : WebtopStatusHandler	updateDataIcon()
07-26 19:52:37.497  2071  2298 I SYS_MPP : WebtopStatusHandler	onDataActivity()...direction=0
07-26 19:52:37.497  2071  2298 I SYS_MPP : WebtopStatusHandler	updateDataIcon()
07-26 19:52:38.277  1657  1799 D BatteryTempPolicy: updateBatteryTemp temperature = 360, Threshhold = 3
07-26 19:52:38.277  1450  1461 E NetlinkEvent: NetlinkEvent::FindParam(): Parameter 'UDEV_LOG' not found
07-26 19:52:38.287  1452  1514 E NetlinkListener: ignoring non-kernel netlink multicast message
07-26 19:52:38.287  1450  1461 E NetlinkListener: ignoring non-kernel netlink multicast message
07-26 19:52:38.297  1853  1853 D StatusBarPolicy: handleBatteryUpdate
07-26 19:52:38.327  1181  1181 E GlobalUnplugService: plugged = true,mBatteryPlugged=true
07-26 19:52:38.507  2071  2298 I SYS_MPP : WebtopStatusHandler	onDataActivity()...direction=3
07-26 19:52:38.507  2071  2298 I SYS_MPP : WebtopStatusHandler	updateDataIcon()
07-26 19:52:40.157  3694  3697 D dalvikvm: GC_CONCURRENT freed 1109K, 58% free 3082K/7175K, external 3299K/3817K, paused 4ms+4ms
07-26 19:52:40.237  1499  1676 I         : odm_disp_esd_thread is running(521) state=1
07-26 19:52:40.517  2071  2298 I SYS_MPP : WebtopStatusHandler	onDataActivity()...direction=2
07-26 19:52:40.517  2071  2298 I SYS_MPP : WebtopStatusHandler	updateDataIcon()
07-26 19:52:41.527  2071  2298 I SYS_MPP : WebtopStatusHandler	onDataActivity()...direction=0
07-26 19:52:41.527  2071  2298 I SYS_MPP : WebtopStatusHandler	updateDataIcon()
07-26 19:52:42.287  1499  1666 D         : NVRM_DAEMON(479): queue_dispatch_thread() running
07-26 19:52:42.297  1456  1456 I /system/bin/nvrm_daemon: NVRM_DAEMON(479): queue_dispatch_thread() running
07-26 19:52:42.537  2071  2298 I SYS_MPP : WebtopStatusHandler	onDataActivity()...direction=2
07-26 19:52:42.537  2071  2298 I SYS_MPP : WebtopStatusHandler	updateDataIcon()
07-26 19:52:43.547  2071  2298 I SYS_MPP : WebtopStatusHandler	onDataActivity()...direction=0
07-26 19:52:43.547  2071  2298 I SYS_MPP : WebtopStatusHandler	updateDataIcon()
07-26 19:52:45.567  2071  2298 I SYS_MPP : WebtopStatusHandler	onDataActivity()...direction=2
07-26 19:52:45.567  2071  2298 I SYS_MPP : WebtopStatusHandler	updateDataIcon()
07-26 19:52:46.577  2071  2298 I SYS_MPP : WebtopStatusHandler	onDataActivity()...direction=0
07-26 19:52:46.577  2071  2298 I SYS_MPP : WebtopStatusHandler	updateDataIcon()
07-26 19:52:47.587  2071  2298 I SYS_MPP : WebtopStatusHandler	onDataActivity()...direction=2
07-26 19:52:47.587  2071  2298 I SYS_MPP : WebtopStatusHandler	updateDataIcon()
07-26 19:52:48.597  2071  2298 I SYS_MPP : WebtopStatusHandler	onDataActivity()...direction=0
07-26 19:52:48.597  2071  2298 I SYS_MPP : WebtopStatusHandler	updateDataIcon()
07-26 19:52:48.717  3694  3697 D dalvikvm: GC_CONCURRENT freed 1083K, 58% free 3078K/7175K, external 3293K/3817K, paused 2ms+5ms
07-26 19:52:48.987  1499  1676 I         : odm_disp_esd_thread is running(521) state=1
07-26 19:52:49.607  2071  2298 I SYS_MPP : WebtopStatusHandler	onDataActivity()...direction=3
07-26 19:52:49.607  2071  2298 I SYS_MPP : WebtopStatusHandler	updateDataIcon()
07-26 19:52:50.617  2071  2298 I SYS_MPP : WebtopStatusHandler	onDataActivity()...direction=2
07-26 19:52:50.617  2071  2298 I SYS_MPP : WebtopStatusHandler	updateDataIcon()
07-26 19:52:51.627  2071  2298 I SYS_MPP : WebtopStatusHandler	onDataActivity()...direction=0
07-26 19:52:51.627  2071  2298 I SYS_MPP : WebtopStatusHandler	updateDataIcon()
07-26 19:52:52.637  2071  2298 I SYS_MPP : WebtopStatusHandler	onDataActivity()...direction=3
07-26 19:52:52.637  2071  2298 I SYS_MPP : WebtopStatusHandler	updateDataIcon()
07-26 19:52:55.647  2071  2298 I SYS_MPP : WebtopStatusHandler	onDataActivity()...direction=2
07-26 19:52:55.647  2071  2298 I SYS_MPP : WebtopStatusHandler	updateDataIcon()
07-26 19:52:56.657  2071  2298 I SYS_MPP : WebtopStatusHandler	onDataActivity()...direction=0
07-26 19:52:56.657  2071  2298 I SYS_MPP : WebtopStatusHandler	updateDataIcon()
07-26 19:52:56.997  3694  3697 D dalvikvm: GC_CONCURRENT freed 1089K, 58% free 3081K/7175K, external 3296K/3817K, paused 3ms+2ms
07-26 19:52:57.738  1499  1676 I         : odm_disp_esd_thread is running(522) state=1
07-26 19:52:58.678  2071  2298 I SYS_MPP : WebtopStatusHandler	onDataActivity()...direction=2
07-26 19:52:58.678  2071  2298 I SYS_MPP : WebtopStatusHandler	updateDataIcon()
07-26 19:52:58.748  3556  3556 D Volley  : [1] Request.finish: 63002 ms: [ ] https://android.clients.google.com/fdfe/bulkDetails 0xe8d195d1 NORMAL 5
07-26 19:52:59.059  1499  1666 D         : NVRM_DAEMON(479): queue_dispatch_thread() running
07-26 19:52:59.067  1456  1456 I /system/bin/nvrm_daemon: NVRM_DAEMON(479): queue_dispatch_thread() running
07-26 19:53:00.007  2071  2071 I SYS_MPP : WebtopStatusHandler	Time change action: android.intent.action.TIME_TICK
07-26 19:53:00.017  2071  2071 I SYS_MPP : WebtopStatusHandler	xxxxxxx Date long format=Saturday, July 26, 2014
07-26 19:53:00.687  2071  2298 I SYS_MPP : WebtopStatusHandler	onDataActivity()...direction=0
07-26 19:53:00.687  2071  2298 I SYS_MPP : WebtopStatusHandler	updateDataIcon()
07-26 19:53:01.697  2071  2298 I SYS_MPP : WebtopStatusHandler	onDataActivity()...direction=2
07-26 19:53:01.697  2071  2298 I SYS_MPP : WebtopStatusHandler	updateDataIcon()
07-26 19:53:02.707  2071  2298 I SYS_MPP : WebtopStatusHandler	onDataActivity()...direction=3
07-26 19:53:02.707  2071  2298 I SYS_MPP : WebtopStatusHandler	updateDataIcon()
07-26 19:53:05.647  3694  3697 D dalvikvm: GC_CONCURRENT freed 1087K, 58% free 3083K/7175K, external 3292K/3817K, paused 4ms+3ms
07-26 19:53:05.717  2071  2298 I SYS_MPP : WebtopStatusHandler	onDataActivity()...direction=0
07-26 19:53:05.717  2071  2298 I SYS_MPP : WebtopStatusHandler	updateDataIcon()
07-26 19:53:06.487  1499  1676 I         : odm_disp_esd_thread is running(522) state=1
07-26 19:53:06.727  2071  2298 I SYS_MPP : WebtopStatusHandler	onDataActivity()...direction=2
07-26 19:53:06.727  2071  2298 I SYS_MPP : WebtopStatusHandler	updateDataIcon()
07-26 19:53:07.737  2071  2298 I SYS_MPP : WebtopStatusHandler	onDataActivity()...direction=0
07-26 19:53:07.737  2071  2298 I SYS_MPP : WebtopStatusHandler	updateDataIcon()
07-26 19:53:07.817  1853  1853 D RawRadioSignalLevel: mSignalStrength=SignalStrength: 11 -1 -1 -1 -1 -1 -1 gsm 0 0 0 5 -92 -16, numBars=5
07-26 19:53:07.817  1853  1853 D RawRadioSignalLevel: raw_sig_level=-92,raw_ecno_ber=-16,raw_rat=5
07-26 19:53:07.817  1853  1853 D RawRadioSignalLevel: rscp_iconLevel=3, ecno_iconLevel=1
07-26 19:53:07.817  1853  1853 D RawRadioSignalLevel: iconLevel = 1
07-26 19:53:08.747  2071  2298 I SYS_MPP : WebtopStatusHandler	onDataActivity()...direction=2
07-26 19:53:08.747  2071  2298 I SYS_MPP : WebtopStatusHandler	updateDataIcon()
07-26 19:53:09.757  2071  2298 I SYS_MPP : WebtopStatusHandler	onDataActivity()...direction=0
07-26 19:53:09.757  2071  2298 I SYS_MPP : WebtopStatusHandler	updateDataIcon()
07-26 19:53:11.767  2071  2298 I SYS_MPP : WebtopStatusHandler	onDataActivity()...direction=2
07-26 19:53:11.767  2071  2298 I SYS_MPP : WebtopStatusHandler	updateDataIcon()
07-26 19:53:12.787  2071  2298 I SYS_MPP : WebtopStatusHandler	onDataActivity()...direction=0
07-26 19:53:12.787  2071  2298 I SYS_MPP : WebtopStatusHandler	updateDataIcon()
07-26 19:53:13.797  2071  2298 I SYS_MPP : WebtopStatusHandler	onDataActivity()...direction=2
07-26 19:53:13.797  2071  2298 I SYS_MPP : WebtopStatusHandler	updateDataIcon()
07-26 19:53:14.337  3694  3697 D dalvikvm: GC_CONCURRENT freed 1108K, 58% free 3084K/7175K, external 3298K/3817K, paused 3ms+2ms
07-26 19:53:15.237  1499  1676 I         : odm_disp_esd_thread is running(522) state=1
07-26 19:53:15.807  2071  2298 I SYS_MPP : WebtopStatusHandler	onDataActivity()...direction=0
07-26 19:53:15.807  2071  2298 I SYS_MPP : WebtopStatusHandler	updateDataIcon()
07-26 19:53:15.827  1499  1666 D         : NVRM_DAEMON(479): queue_dispatch_thread() running
07-26 19:53:15.837  1456  1456 I /system/bin/nvrm_daemon: NVRM_DAEMON(479): queue_dispatch_thread() running
07-26 19:53:16.817  1853  1853 D RawRadioSignalLevel: mSignalStrength=SignalStrength: 10 -1 -1 -1 -1 -1 -1 gsm 0 0 0 5 -93 -16, numBars=5
07-26 19:53:16.817  1853  1853 D RawRadioSignalLevel: raw_sig_level=-93,raw_ecno_ber=-16,raw_rat=5
07-26 19:53:16.817  1853  1853 D RawRadioSignalLevel: rscp_iconLevel=3, ecno_iconLevel=1
07-26 19:53:16.817  1853  1853 D RawRadioSignalLevel: iconLevel = 1
07-26 19:53:16.827  2071  2298 I SYS_MPP : WebtopStatusHandler	onDataActivity()...direction=2
07-26 19:53:16.827  2071  2298 I SYS_MPP : WebtopStatusHandler	updateDataIcon()
07-26 19:53:17.837  2071  2298 I SYS_MPP : WebtopStatusHandler	onDataActivity()...direction=0
07-26 19:53:17.837  2071  2298 I SYS_MPP : WebtopStatusHandler	updateDataIcon()
07-26 19:53:18.857  2071  2298 I SYS_MPP : WebtopStatusHandler	onDataActivity()...direction=2
07-26 19:53:18.857  2071  2298 I SYS_MPP : WebtopStatusHandler	updateDataIcon()
07-26 19:53:19.877  2071  2298 I SYS_MPP : WebtopStatusHandler	onDataActivity()...direction=0
07-26 19:53:19.877  2071  2298 I SYS_MPP : WebtopStatusHandler	updateDataIcon()
07-26 19:53:21.887  2071  2298 I SYS_MPP : WebtopStatusHandler	onDataActivity()...direction=2
07-26 19:53:21.887  2071  2298 I SYS_MPP : WebtopStatusHandler	updateDataIcon()
07-26 19:53:22.897  2071  2298 I SYS_MPP : WebtopStatusHandler	onDataActivity()...direction=0
07-26 19:53:22.897  2071  2298 I SYS_MPP : WebtopStatusHandler	updateDataIcon()
07-26 19:53:23.037  3694  3697 D dalvikvm: GC_CONCURRENT freed 1108K, 58% free 3083K/7175K, external 3300K/3817K, paused 3ms+2ms
07-26 19:53:23.907  2071  2298 I SYS_MPP : WebtopStatusHandler	onDataActivity()...direction=2
07-26 19:53:23.907  2071  2298 I SYS_MPP : WebtopStatusHandler	updateDataIcon()
07-26 19:53:23.990  1499  1676 I         : odm_disp_esd_thread is running(520) state=1
07-26 19:53:25.827  2025  2025 D PollingManager: phone state: 0 home domestic AT&T AT&T 310410  UMTS CSS not supported -1 -1RoamInd: -1DefRoamInd: -1EmergOnly: false
07-26 19:53:25.827  2071  2298 I SYS_MPP : WebtopStatusHandler	updateDataIcon()
07-26 19:53:25.827  1853  1853 D RawRadioSignalLevel: mSignalStrength=SignalStrength: 10 -1 -1 -1 -1 -1 -1 gsm 0 0 0 5 -93 -16, numBars=5
07-26 19:53:25.827  1853  1853 D RawRadioSignalLevel: raw_sig_level=-93,raw_ecno_ber=-16,raw_rat=5
07-26 19:53:25.827  1853  1853 D RawRadioSignalLevel: rscp_iconLevel=3, ecno_iconLevel=1
07-26 19:53:25.827  1853  1853 D RawRadioSignalLevel: iconLevel = 1
07-26 19:53:25.827  1657  1657 I TelephonyRegistry: notifyServiceState: 0 home domestic AT&T AT&T 310410  UMTS CSS not supported -1 -1RoamInd: -1DefRoamInd: -1EmergOnly: false
07-26 19:53:25.827  1853  1853 D StatusBarPolicy: ERI alert sound is disabled.
07-26 19:53:25.867  1657  2067 I TelephonyRegistry: notifyDataConnection: state=2 isDataConnectivityPossible=true reason=nwTypeChanged interfaceName=ppp0 networkType=3
07-26 19:53:25.877  2071  2298 I SYS_MPP : WebtopStatusHandler	updateDataIcon()
07-26 19:53:25.907  1853  1853 D RawRadioSignalLevel: mSignalStrength=SignalStrength: 0 -1 -1 -1 -1 -1 -1 gsm 0 0 0 5 -240 -18, numBars=5
07-26 19:53:25.907  1853  1853 D RawRadioSignalLevel: raw_sig_level=-240,raw_ecno_ber=-18,raw_rat=5
07-26 19:53:25.907  1853  1853 D RawRadioSignalLevel: rscp_iconLevel=1, ecno_iconLevel=1
07-26 19:53:25.907  1853  1853 D RawRadioSignalLevel: iconLevel = 1
07-26 19:53:25.907   959   959 D NetStatUtils: Receive a broadcast: android.intent.action.ANY_DATA_STATE
07-26 19:53:25.907   959   959 D NetStatUtils: Received android.intent.action.ANY_DATA_STATE broadcast - state = CONNECTED, unavailable = false
07-26 19:53:25.907   959   959 D NetStatUtils: The APN name is: phone and the interface is: ppp0
07-26 19:53:25.907   959   959 D NetStatUtils: This APN has been recorded before yet.
07-26 19:53:25.917   959   959 D NetStatUtils: This APN has been active yet. the corresponding interface is: ppp0
07-26 19:53:25.917  1657  1683 D MobileDataStateTracker: replacing old mInterfaceName (ppp0) with ppp0 for hipri
07-26 19:53:25.927  1657  1683 D MobileDataStateTracker: replacing old mInterfaceName (ppp0) with ppp0 for fota
07-26 19:53:25.937  1657  1683 D MobileDataStateTracker: replacing old mInterfaceName (ppp0) with ppp0 for agps
07-26 19:53:25.937  1657  1683 D MobileDataStateTracker: replacing old mInterfaceName (ppp0) with ppp0 for dun
07-26 19:53:25.937  1657  1683 D MobileDataStateTracker: replacing old mInterfaceName (ppp0) with ppp0 for supl
07-26 19:53:25.957  2013  2013 D PhoneApp: [NotificationMgr] updateNetworkSelection()...state = 0 new network 
07-26 19:53:25.957  2013  2013 D PhoneApp: [NotificationMgr] hideDataDisconnectedRoaming()...
07-26 19:53:25.977  1496  1496 I TransactionService: MMS-STATUS - start transaction service, app version=STABLE4.user.4.5.141.2.3.6.Blur_Version.4.5.141.MB860.ATT.en.US.Mon Dec 12 12:42:46 CST 2011 (log=false) (apn=false) (config=false)
07-26 19:53:25.977  1496  1496 I SmsReceiverService: MMS-STATUS - start sms receiver service, app version=STABLE4.user.4.5.141.2.3.6.Blur_Version.4.5.141.MB860.ATT.en.US.Mon Dec 12 12:42:46 CST 2011 (log=false) (apn=false) (config=false)
07-26 19:53:26.007  1657  1683 D MobileDataStateTracker: default Received state= CONNECTED, old= CONNECTED, reason= nwTypeChanged, apnTypeList= default,supl,agps,fota,dun
07-26 19:53:26.007  1657  1683 D NetworkStateTracker: setDetailed state, old =CONNECTED and new state=CONNECTED
07-26 19:53:26.167  1657  1659 D dalvikvm: GC_CONCURRENT freed 2028K, 37% free 9031K/14151K, external 4406K/5503K, paused 3ms+7ms
07-26 19:53:26.307  2025  2025 D PollingManager: phone state: 0 home domestic AT&T AT&T 310410  HSPA CSS not supported -1 -1RoamInd: -1DefRoamInd: -1EmergOnly: false
07-26 19:53:26.307  1657  2023 I TelephonyRegistry: notifyServiceState: 0 home domestic AT&T AT&T 310410  HSPA CSS not supported -1 -1RoamInd: -1DefRoamInd: -1EmergOnly: false
07-26 19:53:26.317  2071  2298 I SYS_MPP : WebtopStatusHandler	updateDataIcon()
07-26 19:53:26.317  1853  1853 D RawRadioSignalLevel: mSignalStrength=SignalStrength: 0 -1 -1 -1 -1 -1 -1 gsm 0 0 0 5 -240 -18, numBars=5
07-26 19:53:26.317  1853  1853 D RawRadioSignalLevel: raw_sig_level=-240,raw_ecno_ber=-18,raw_rat=5
07-26 19:53:26.317  1853  1853 D RawRadioSignalLevel: rscp_iconLevel=1, ecno_iconLevel=1
07-26 19:53:26.317  1853  1853 D RawRadioSignalLevel: iconLevel = 1
07-26 19:53:26.317  1853  1853 D StatusBarPolicy: ERI alert sound is disabled.
07-26 19:53:26.357  1657  6821 I TelephonyRegistry: notifyDataConnection: state=2 isDataConnectivityPossible=true reason=nwTypeChanged interfaceName=ppp0 networkType=10
07-26 19:53:26.357  2071  2298 I SYS_MPP : WebtopStatusHandler	updateDataIcon()
07-26 19:53:26.377   959   959 D NetStatUtils: Receive a broadcast: android.intent.action.ANY_DATA_STATE
07-26 19:53:26.377   959   959 D NetStatUtils: Received android.intent.action.ANY_DATA_STATE broadcast - state = CONNECTED, unavailable = false
07-26 19:53:26.377   959   959 D NetStatUtils: The APN name is: phone and the interface is: ppp0
07-26 19:53:26.377   959   959 D NetStatUtils: This APN has been recorded before yet.
07-26 19:53:26.377   959   959 D NetStatUtils: This APN has been active yet. the corresponding interface is: ppp0
07-26 19:53:26.387  2013  2013 D PhoneApp: [NotificationMgr] updateNetworkSelection()...state = 0 new network 
07-26 19:53:26.397  2013  2013 D PhoneApp: [NotificationMgr] hideDataDisconnectedRoaming()...
07-26 19:53:26.407  1657  1683 D MobileDataStateTracker: replacing old mInterfaceName (ppp0) with ppp0 for hipri
07-26 19:53:26.407  1657  1683 D MobileDataStateTracker: replacing old mInterfaceName (ppp0) with ppp0 for fota
07-26 19:53:26.407  1657  1683 D MobileDataStateTracker: replacing old mInterfaceName (ppp0) with ppp0 for agps
07-26 19:53:26.417  1496  1496 I TransactionService: MMS-STATUS - start transaction service, app version=STABLE4.user.4.5.141.2.3.6.Blur_Version.4.5.141.MB860.ATT.en.US.Mon Dec 12 12:42:46 CST 2011 (log=false) (apn=false) (config=false)
07-26 19:53:26.427  1496  1496 I SmsReceiverService: MMS-STATUS - start sms receiver service, app version=STABLE4.user.4.5.141.2.3.6.Blur_Version.4.5.141.MB860.ATT.en.US.Mon Dec 12 12:42:46 CST 2011 (log=false) (apn=false) (config=false)
07-26 19:53:26.437  1657  1683 D MobileDataStateTracker: replacing old mInterfaceName (ppp0) with ppp0 for dun
07-26 19:53:26.437  1657  1683 D MobileDataStateTracker: replacing old mInterfaceName (ppp0) with ppp0 for supl
07-26 19:53:26.447  1657  1683 D MobileDataStateTracker: default Received state= CONNECTED, old= CONNECTED, reason= nwTypeChanged, apnTypeList= default,supl,agps,fota,dun
07-26 19:53:26.447  1657  1683 D NetworkStateTracker: setDetailed state, old =CONNECTED and new state=CONNECTED
07-26 19:53:28.817  1853  1853 D RawRadioSignalLevel: mSignalStrength=SignalStrength: 8 -1 -1 -1 -1 -1 -1 gsm 0 0 0 5 -98 -20, numBars=5
07-26 19:53:28.817  1853  1853 D RawRadioSignalLevel: raw_sig_level=-98,raw_ecno_ber=-20,raw_rat=5
07-26 19:53:28.817  1853  1853 D RawRadioSignalLevel: rscp_iconLevel=3, ecno_iconLevel=1
07-26 19:53:28.817  1853  1853 D RawRadioSignalLevel: iconLevel = 1
07-26 19:53:31.667  3694  3697 D dalvikvm: GC_CONCURRENT freed 1141K, 58% free 3082K/7175K, external 3306K/3817K, paused 2ms+6ms
07-26 19:53:31.807  1853  1853 D RawRadioSignalLevel: mSignalStrength=SignalStrength: 9 -1 -1 -1 -1 -1 -1 gsm 0 0 0 5 -95 -18, numBars=5
07-26 19:53:31.807  1853  1853 D RawRadioSignalLevel: raw_sig_level=-95,raw_ecno_ber=-18,raw_rat=5
07-26 19:53:31.817  1853  1853 D RawRadioSignalLevel: rscp_iconLevel=3, ecno_iconLevel=1
07-26 19:53:31.817  1853  1853 D RawRadioSignalLevel: iconLevel = 1
07-26 19:53:32.677  1499  1666 D         : NVRM_DAEMON(479): queue_dispatch_thread() running
07-26 19:53:32.687  1456  1456 I /system/bin/nvrm_daemon: NVRM_DAEMON(479): queue_dispatch_thread() running
07-26 19:53:32.741  1499  1676 I         : odm_disp_esd_thread is running(518) state=1
07-26 19:53:36.427  1657  1679 D ConnectivityService: getMobileDataEnabled returning true
07-26 19:53:36.457  1657  2207 D ConnectivityService: stopUsingNetworkFeature for net 0: enableMMS
07-26 19:53:36.457  1657  2207 D ConnectivityService: ignoring stopUsingNetworkFeature - not a live request
07-26 19:53:36.877  1496  1496 D dalvikvm: GC_EXPLICIT freed 89K, 51% free 3021K/6087K, external 2377K/2773K, paused 56ms
07-26 19:53:39.317  3694  3697 D dalvikvm: GC_CONCURRENT freed 1104K, 58% free 3083K/7175K, external 3293K/3817K, paused 4ms+4ms
07-26 19:53:41.490  1499  1676 I         : odm_disp_esd_thread is running(521) state=1
07-26 19:53:41.697  2025  2025 D PollingManager: phone state: 0 home domestic AT&T AT&T 310410  UMTS CSS not supported -1 -1RoamInd: -1DefRoamInd: -1EmergOnly: false
07-26 19:53:41.697  2071  2298 I SYS_MPP : WebtopStatusHandler	updateDataIcon()
07-26 19:53:41.697  1657  7027 I TelephonyRegistry: notifyServiceState: 0 home domestic AT&T AT&T 310410  UMTS CSS not supported -1 -1RoamInd: -1DefRoamInd: -1EmergOnly: false
07-26 19:53:41.707  1853  1853 D RawRadioSignalLevel: mSignalStrength=SignalStrength: 9 -1 -1 -1 -1 -1 -1 gsm 0 0 0 5 -95 -18, numBars=5
07-26 19:53:41.707  1853  1853 D RawRadioSignalLevel: raw_sig_level=-95,raw_ecno_ber=-18,raw_rat=5
07-26 19:53:41.707  1853  1853 D RawRadioSignalLevel: rscp_iconLevel=3, ecno_iconLevel=1
07-26 19:53:41.707  1853  1853 D RawRadioSignalLevel: iconLevel = 1
07-26 19:53:41.707  1853  1853 D StatusBarPolicy: ERI alert sound is disabled.
07-26 19:53:41.747  1657  2069 I TelephonyRegistry: notifyDataConnection: state=2 isDataConnectivityPossible=true reason=nwTypeChanged interfaceName=ppp0 networkType=3
07-26 19:53:41.757  2071  2298 I SYS_MPP : WebtopStatusHandler	updateDataIcon()
07-26 19:53:41.787  2013  2013 D PhoneApp: [NotificationMgr] updateNetworkSelection()...state = 0 new network 
07-26 19:53:41.817  1496  1496 I TransactionService: MMS-STATUS - start transaction service, app version=STABLE4.user.4.5.141.2.3.6.Blur_Version.4.5.141.MB860.ATT.en.US.Mon Dec 12 12:42:46 CST 2011 (log=false) (apn=false) (config=false)
07-26 19:53:41.817  1496  1496 I SmsReceiverService: MMS-STATUS - start sms receiver service, app version=STABLE4.user.4.5.141.2.3.6.Blur_Version.4.5.141.MB860.ATT.en.US.Mon Dec 12 12:42:46 CST 2011 (log=false) (apn=false) (config=false)
07-26 19:53:41.837  1657  1683 D MobileDataStateTracker: replacing old mInterfaceName (ppp0) with ppp0 for hipri
07-26 19:53:41.847  1657  1683 D MobileDataStateTracker: replacing old mInterfaceName (ppp0) with ppp0 for fota
07-26 19:53:41.847  1657  1683 D MobileDataStateTracker: replacing old mInterfaceName (ppp0) with ppp0 for agps
07-26 19:53:41.847  1657  1683 D MobileDataStateTracker: replacing old mInterfaceName (ppp0) with ppp0 for dun
07-26 19:53:41.857  1657  1683 D MobileDataStateTracker: replacing old mInterfaceName (ppp0) with ppp0 for supl
07-26 19:53:41.857  1657  1683 D MobileDataStateTracker: default Received state= CONNECTED, old= CONNECTED, reason= nwTypeChanged, apnTypeList= default,supl,agps,fota,dun
07-26 19:53:41.857  1657  1683 D NetworkStateTracker: setDetailed state, old =CONNECTED and new state=CONNECTED
07-26 19:53:41.857  2013  2013 D PhoneApp: [NotificationMgr] hideDataDisconnectedRoaming()...
07-26 19:53:41.857   959   959 D NetStatUtils: Receive a broadcast: android.intent.action.ANY_DATA_STATE
07-26 19:53:41.857   959   959 D NetStatUtils: Received android.intent.action.ANY_DATA_STATE broadcast - state = CONNECTED, unavailable = false
07-26 19:53:41.857   959   959 D NetStatUtils: The APN name is: phone and the interface is: ppp0
07-26 19:53:41.857   959   959 D NetStatUtils: This APN has been recorded before yet.
07-26 19:53:41.857   959   959 D NetStatUtils: This APN has been active yet. the corresponding interface is: ppp0
07-26 19:53:41.967  2025  2025 D PollingManager: phone state: 0 home domestic AT&T AT&T 310410  HSPA CSS not supported -1 -1RoamInd: -1DefRoamInd: -1EmergOnly: false
07-26 19:53:41.967  2071  2298 I SYS_MPP : WebtopStatusHandler	updateDataIcon()
07-26 19:53:41.967  1657  2069 I TelephonyRegistry: notifyServiceState: 0 home domestic AT&T AT&T 310410  HSPA CSS not supported -1 -1RoamInd: -1DefRoamInd: -1EmergOnly: false
07-26 19:53:41.977  1853  1853 D RawRadioSignalLevel: mSignalStrength=SignalStrength: 9 -1 -1 -1 -1 -1 -1 gsm 0 0 0 5 -95 -18, numBars=5
07-26 19:53:41.977  1853  1853 D RawRadioSignalLevel: raw_sig_level=-95,raw_ecno_ber=-18,raw_rat=5
07-26 19:53:41.977  1853  1853 D RawRadioSignalLevel: rscp_iconLevel=3, ecno_iconLevel=1
07-26 19:53:41.977  1853  1853 D RawRadioSignalLevel: iconLevel = 1
07-26 19:53:41.977  1853  1853 D StatusBarPolicy: ERI alert sound is disabled.
07-26 19:53:41.997  1657  6821 I TelephonyRegistry: notifyDataConnection: state=2 isDataConnectivityPossible=true reason=nwTypeChanged interfaceName=ppp0 networkType=10
07-26 19:53:42.007  2071  2298 I SYS_MPP : WebtopStatusHandler	updateDataIcon()
07-26 19:53:42.027   959   959 D NetStatUtils: Receive a broadcast: android.intent.action.ANY_DATA_STATE
07-26 19:53:42.027   959   959 D NetStatUtils: Received android.intent.action.ANY_DATA_STATE broadcast - state = CONNECTED, unavailable = false
07-26 19:53:42.027   959   959 D NetStatUtils: The APN name is: phone and the interface is: ppp0
07-26 19:53:42.027   959   959 D NetStatUtils: This APN has been recorded before yet.
07-26 19:53:42.027   959   959 D NetStatUtils: This APN has been active yet. the corresponding interface is: ppp0
07-26 19:53:42.037  2013  2013 D PhoneApp: [NotificationMgr] updateNetworkSelection()...state = 0 new network 
07-26 19:53:42.047  2013  2013 D PhoneApp: [NotificationMgr] hideDataDisconnectedRoaming()...
07-26 19:53:42.047  1657  1683 D MobileDataStateTracker: replacing old mInterfaceName (ppp0) with ppp0 for hipri
07-26 19:53:42.057  1657  1683 D MobileDataStateTracker: replacing old mInterfaceName (ppp0) with ppp0 for fota
07-26 19:53:42.057  1657  1683 D MobileDataStateTracker: replacing old mInterfaceName (ppp0) with ppp0 for agps
07-26 19:53:42.057  1496  1496 I TransactionService: MMS-STATUS - start transaction service, app version=STABLE4.user.4.5.141.2.3.6.Blur_Version.4.5.141.MB860.ATT.en.US.Mon Dec 12 12:42:46 CST 2011 (log=false) (apn=false) (config=false)
07-26 19:53:42.067  1496  1496 I SmsReceiverService: MMS-STATUS - start sms receiver service, app version=STABLE4.user.4.5.141.2.3.6.Blur_Version.4.5.141.MB860.ATT.en.US.Mon Dec 12 12:42:46 CST 2011 (log=false) (apn=false) (config=false)
07-26 19:53:42.077  1657  1683 D MobileDataStateTracker: replacing old mInterfaceName (ppp0) with ppp0 for dun
07-26 19:53:42.087  1657  1683 D MobileDataStateTracker: replacing old mInterfaceName (ppp0) with ppp0 for supl
07-26 19:53:42.087  1657  1683 D MobileDataStateTracker: default Received state= CONNECTED, old= CONNECTED, reason= nwTypeChanged, apnTypeList= default,supl,agps,fota,dun
07-26 19:53:42.097  1657  1683 D NetworkStateTracker: setDetailed state, old =CONNECTED and new state=CONNECTED
07-26 19:53:46.897  3694  3697 D dalvikvm: GC_CONCURRENT freed 1106K, 58% free 3084K/7175K, external 3295K/3817K, paused 2ms+4ms
07-26 19:53:49.517  1499  1666 D         : NVRM_DAEMON(479): queue_dispatch_thread() running
07-26 19:53:49.527  1456  1456 I /system/bin/nvrm_daemon: NVRM_DAEMON(479): queue_dispatch_thread() running
07-26 19:53:50.238  1499  1676 I         : odm_disp_esd_thread is running(519) state=1
07-26 19:53:52.077  1657  2132 D ConnectivityService: getMobileDataEnabled returning true
07-26 19:53:52.107  1657  2361 D ConnectivityService: stopUsingNetworkFeature for net 0: enableMMS
07-26 19:53:52.107  1657  2361 D ConnectivityService: ignoring stopUsingNetworkFeature - not a live request
07-26 19:53:54.517  3694  3697 D dalvikvm: GC_CONCURRENT freed 1128K, 57% free 3085K/7175K, external 3302K/3817K, paused 3ms+2ms
07-26 19:53:55.817  1853  1853 D RawRadioSignalLevel: mSignalStrength=SignalStrength: 5 -1 -1 -1 -1 -1 -1 gsm 0 0 0 5 -104 -13, numBars=5
07-26 19:53:55.817  1853  1853 D RawRadioSignalLevel: raw_sig_level=-104,raw_ecno_ber=-13,raw_rat=5
07-26 19:53:55.817  1853  1853 D RawRadioSignalLevel: rscp_iconLevel=2, ecno_iconLevel=3
07-26 19:53:55.817  1853  1853 D RawRadioSignalLevel: iconLevel = 2
07-26 19:53:56.427  2025  2025 D PollingManager: phone state: 0 home domestic AT&T AT&T 310410  UMTS CSS not supported -1 -1RoamInd: -1DefRoamInd: -1EmergOnly: false
07-26 19:53:56.427  1657  2361 I TelephonyRegistry: notifyServiceState: 0 home domestic AT&T AT&T 310410  UMTS CSS not supported -1 -1RoamInd: -1DefRoamInd: -1EmergOnly: false
07-26 19:53:56.437  2071  2298 I SYS_MPP : WebtopStatusHandler	updateDataIcon()
07-26 19:53:56.437  1853  1853 D RawRadioSignalLevel: mSignalStrength=SignalStrength: 5 -1 -1 -1 -1 -1 -1 gsm 0 0 0 5 -104 -13, numBars=5
07-26 19:53:56.437  1853  1853 D RawRadioSignalLevel: raw_sig_level=-104,raw_ecno_ber=-13,raw_rat=5
07-26 19:53:56.437  1853  1853 D RawRadioSignalLevel: rscp_iconLevel=2, ecno_iconLevel=3
07-26 19:53:56.437  1853  1853 D RawRadioSignalLevel: iconLevel = 2
07-26 19:53:56.437  1853  1853 D StatusBarPolicy: ERI alert sound is disabled.
07-26 19:53:56.477  1657  2045 I TelephonyRegistry: notifyDataConnection: state=2 isDataConnectivityPossible=true reason=nwTypeChanged interfaceName=ppp0 networkType=3
07-26 19:53:56.477  2071  2298 I SYS_MPP : WebtopStatusHandler	updateDataIcon()
07-26 19:53:56.497  2013  2013 D PhoneApp: [NotificationMgr] updateNetworkSelection()...state = 0 new network 
07-26 19:53:56.507  2013  2013 D PhoneApp: [NotificationMgr] hideDataDisconnectedRoaming()...
07-26 19:53:56.507   959   959 D NetStatUtils: Receive a broadcast: android.intent.action.ANY_DATA_STATE
07-26 19:53:56.507   959   959 D NetStatUtils: Received android.intent.action.ANY_DATA_STATE broadcast - state = CONNECTED, unavailable = false
07-26 19:53:56.507   959   959 D NetStatUtils: The APN name is: phone and the interface is: ppp0
07-26 19:53:56.507   959   959 D NetStatUtils: This APN has been recorded before yet.
07-26 19:53:56.507   959   959 D NetStatUtils: This APN has been active yet. the corresponding interface is: ppp0
07-26 19:53:56.517  1657  1683 D MobileDataStateTracker: replacing old mInterfaceName (ppp0) with ppp0 for hipri
07-26 19:53:56.547  1496  1496 I TransactionService: MMS-STATUS - start transaction service, app version=STABLE4.user.4.5.141.2.3.6.Blur_Version.4.5.141.MB860.ATT.en.US.Mon Dec 12 12:42:46 CST 2011 (log=false) (apn=false) (config=false)
07-26 19:53:56.547  1496  1496 I SmsReceiverService: MMS-STATUS - start sms receiver service, app version=STABLE4.user.4.5.141.2.3.6.Blur_Version.4.5.141.MB860.ATT.en.US.Mon Dec 12 12:42:46 CST 2011 (log=false) (apn=false) (config=false)
07-26 19:53:56.567  1657  1683 D MobileDataStateTracker: replacing old mInterfaceName (ppp0) with ppp0 for fota
07-26 19:53:56.577  1657  1683 D MobileDataStateTracker: replacing old mInterfaceName (ppp0) with ppp0 for agps
07-26 19:53:56.577  1657  1683 D MobileDataStateTracker: replacing old mInterfaceName (ppp0) with ppp0 for dun
07-26 19:53:56.577  1657  1683 D MobileDataStateTracker: replacing old mInterfaceName (ppp0) with ppp0 for supl
07-26 19:53:56.587  1657  1683 D MobileDataStateTracker: default Received state= CONNECTED, old= CONNECTED, reason= nwTypeChanged, apnTypeList= default,supl,agps,fota,dun
07-26 19:53:56.587  1657  1683 D NetworkStateTracker: setDetailed state, old =CONNECTED and new state=CONNECTED
07-26 19:53:58.007  2025  2025 D PollingManager: phone state: 0 home domestic AT&T AT&T 310410  HSPA CSS not supported -1 -1RoamInd: -1DefRoamInd: -1EmergOnly: false
07-26 19:53:58.007  1657  6821 I TelephonyRegistry: notifyServiceState: 0 home domestic AT&T AT&T 310410  HSPA CSS not supported -1 -1RoamInd: -1DefRoamInd: -1EmergOnly: false
07-26 19:53:58.017  2071  2298 I SYS_MPP : WebtopStatusHandler	updateDataIcon()
07-26 19:53:58.017  1853  1853 D RawRadioSignalLevel: mSignalStrength=SignalStrength: 5 -1 -1 -1 -1 -1 -1 gsm 0 0 0 5 -104 -13, numBars=5
07-26 19:53:58.017  1853  1853 D StatusBarPolicy: ERI alert sound is disabled.
07-26 19:53:58.027  1853  1853 D RawRadioSignalLevel: raw_sig_level=-104,raw_ecno_ber=-13,raw_rat=5
07-26 19:53:58.027  1853  1853 D RawRadioSignalLevel: rscp_iconLevel=2, ecno_iconLevel=3
07-26 19:53:58.027  1853  1853 D RawRadioSignalLevel: iconLevel = 2
07-26 19:53:58.057  1657  2069 I TelephonyRegistry: notifyDataConnection: state=2 isDataConnectivityPossible=true reason=nwTypeChanged interfaceName=ppp0 networkType=10
07-26 19:53:58.057  2071  2298 I SYS_MPP : WebtopStatusHandler	updateDataIcon()
07-26 19:53:58.087   959   959 D NetStatUtils: Receive a broadcast: android.intent.action.ANY_DATA_STATE
07-26 19:53:58.097   959   959 D NetStatUtils: Received android.intent.action.ANY_DATA_STATE broadcast - state = CONNECTED, unavailable = false
07-26 19:53:58.097   959   959 D NetStatUtils: The APN name is: phone and the interface is: ppp0
07-26 19:53:58.097   959   959 D NetStatUtils: This APN has been recorded before yet.
07-26 19:53:58.097   959   959 D NetStatUtils: This APN has been active yet. the corresponding interface is: ppp0
07-26 19:53:58.097  2013  2013 D PhoneApp: [NotificationMgr] updateNetworkSelection()...state = 0 new network 
07-26 19:53:58.107  2013  2013 D PhoneApp: [NotificationMgr] hideDataDisconnectedRoaming()...
07-26 19:53:58.117  1657  1683 D MobileDataStateTracker: replacing old mInterfaceName (ppp0) with ppp0 for hipri
07-26 19:53:58.127  1496  1496 I TransactionService: MMS-STATUS - start transaction service, app version=STABLE4.user.4.5.141.2.3.6.Blur_Version.4.5.141.MB860.ATT.en.US.Mon Dec 12 12:42:46 CST 2011 (log=false) (apn=false) (config=false)
07-26 19:53:58.137  1496  1496 I SmsReceiverService: MMS-STATUS - start sms receiver service, app version=STABLE4.user.4.5.141.2.3.6.Blur_Version.4.5.141.MB860.ATT.en.US.Mon Dec 12 12:42:46 CST 2011 (log=false) (apn=false) (config=false)
07-26 19:53:58.157  1657  1683 D MobileDataStateTracker: replacing old mInterfaceName (ppp0) with ppp0 for fota
07-26 19:53:58.157  1657  1683 D MobileDataStateTracker: replacing old mInterfaceName (ppp0) with ppp0 for agps
07-26 19:53:58.167  1657  1683 D MobileDataStateTracker: replacing old mInterfaceName (ppp0) with ppp0 for dun
07-26 19:53:58.167  1657  1683 D MobileDataStateTracker: replacing old mInterfaceName (ppp0) with ppp0 for supl
07-26 19:53:58.167  1657  1683 D MobileDataStateTracker: default Received state= CONNECTED, old= CONNECTED, reason= nwTypeChanged, apnTypeList= default,supl,agps,fota,dun
07-26 19:53:58.177  1657  1683 D NetworkStateTracker: setDetailed state, old =CONNECTED and new state=CONNECTED
07-26 19:53:58.987  2071  2298 I SYS_MPP : WebtopStatusHandler	onDataActivity()...direction=3
07-26 19:53:58.987  2071  2298 I SYS_MPP : WebtopStatusHandler	updateDataIcon()
07-26 19:53:58.987  1499  1676 I         : odm_disp_esd_thread is running(514) state=1
07-26 19:53:59.617  3556  3574 D Volley  : [15] BasicNetwork.logSlowRequests: HTTP response for request=<[ ] https://safebrowsing.google.com/safebrowsing/clientreport/download-multi 0xc9395b26 NORMAL 7> [lifetime=123033], [size=144], [rc=200], [retryCount=0]
07-26 19:53:59.627  3556  3556 D Volley  : [1] Request.finish: 123040 ms: [ ] https://safebrowsing.google.com/safebrowsing/clientreport/download-multi 0xc9395b26 NORMAL 7
07-26 19:54:00.007  2071  2071 I SYS_MPP : WebtopStatusHandler	Time change action: android.intent.action.TIME_TICK
07-26 19:54:00.007  2071  2071 I SYS_MPP : WebtopStatusHandler	xxxxxxx Date long format=Saturday, July 26, 2014
07-26 19:54:00.997  2071  2298 I SYS_MPP : WebtopStatusHandler	onDataActivity()...direction=0
07-26 19:54:00.997  2071  2298 I SYS_MPP : WebtopStatusHandler	updateDataIcon()
07-26 19:54:01.817  1853  1853 D RawRadioSignalLevel: mSignalStrength=SignalStrength: 6 -1 -1 -1 -1 -1 -1 gsm 0 0 0 5 -102 -11, numBars=5
07-26 19:54:01.817  1853  1853 D RawRadioSignalLevel: raw_sig_level=-102,raw_ecno_ber=-11,raw_rat=5
07-26 19:54:01.817  1853  1853 D RawRadioSignalLevel: rscp_iconLevel=2, ecno_iconLevel=4
07-26 19:54:01.817  1853  1853 D RawRadioSignalLevel: iconLevel = 2
07-26 19:54:02.177  3694  3697 D dalvikvm: GC_CONCURRENT freed 1106K, 58% free 3083K/7175K, external 3294K/3817K, paused 3ms+3ms
07-26 19:54:06.427  1499  1666 D         : NVRM_DAEMON(479): queue_dispatch_thread() running
07-26 19:54:06.437  1456  1456 I /system/bin/nvrm_daemon: NVRM_DAEMON(479): queue_dispatch_thread() running
07-26 19:54:06.907  3556  3556 D dalvikvm: GC_EXPLICIT freed 821K, 51% free 3902K/7879K, external 2357K/2773K, paused 82ms
07-26 19:54:07.738  1499  1676 I         : odm_disp_esd_thread is running(521) state=1
07-26 19:54:08.147  1657  2048 D ConnectivityService: getMobileDataEnabled returning true
07-26 19:54:08.187  1657  6821 D ConnectivityService: stopUsingNetworkFeature for net 0: enableMMS
07-26 19:54:08.187  1657  6821 D ConnectivityService: ignoring stopUsingNetworkFeature - not a live request
07-26 19:54:09.787  3694  3697 D dalvikvm: GC_CONCURRENT freed 1111K, 58% free 3084K/7175K, external 3296K/3817K, paused 3ms+3ms
07-26 19:54:10.627  1657  1657 I TelephonyRegistry: notifyServiceState: 0 home domestic AT&T AT&T 310410  UMTS CSS not supported -1 -1RoamInd: -1DefRoamInd: -1EmergOnly: false
07-26 19:54:10.637  2025  2025 D PollingManager: phone state: 0 home domestic AT&T AT&T 310410  UMTS CSS not supported -1 -1RoamInd: -1DefRoamInd: -1EmergOnly: false
07-26 19:54:10.637  1853  1853 D RawRadioSignalLevel: mSignalStrength=SignalStrength: 6 -1 -1 -1 -1 -1 -1 gsm 0 0 0 5 -102 -11, numBars=5
07-26 19:54:10.637  1853  1853 D RawRadioSignalLevel: raw_sig_level=-102,raw_ecno_ber=-11,raw_rat=5
07-26 19:54:10.637  1853  1853 D RawRadioSignalLevel: rscp_iconLevel=2, ecno_iconLevel=4
07-26 19:54:10.637  1853  1853 D RawRadioSignalLevel: iconLevel = 2
07-26 19:54:10.637  2071  2298 I SYS_MPP : WebtopStatusHandler	updateDataIcon()
07-26 19:54:10.637  1853  1853 D StatusBarPolicy: ERI alert sound is disabled.
07-26 19:54:10.687  1657  2069 I TelephonyRegistry: notifyDataConnection: state=2 isDataConnectivityPossible=true reason=nwTypeChanged interfaceName=ppp0 networkType=3
07-26 19:54:10.737  2013  2016 D dalvikvm: GC_CONCURRENT freed 2004K, 53% free 4051K/8519K, external 8362K/9939K, paused 6ms+14ms
07-26 19:54:10.757  2071  2298 I SYS_MPP : WebtopStatusHandler	updateDataIcon()
07-26 19:54:10.757  1496  1496 I TransactionService: MMS-STATUS - start transaction service, app version=STABLE4.user.4.5.141.2.3.6.Blur_Version.4.5.141.MB860.ATT.en.US.Mon Dec 12 12:42:46 CST 2011 (log=false) (apn=false) (config=false)
07-26 19:54:10.757  1496  1496 I SmsReceiverService: MMS-STATUS - start sms receiver service, app version=STABLE4.user.4.5.141.2.3.6.Blur_Version.4.5.141.MB860.ATT.en.US.Mon Dec 12 12:42:46 CST 2011 (log=false) (apn=false) (config=false)
07-26 19:54:10.777  2013  2013 D PhoneApp: [NotificationMgr] updateNetworkSelection()...state = 0 new network 
07-26 19:54:10.787  2013  2013 D PhoneApp: [NotificationMgr] hideDataDisconnectedRoaming()...
07-26 19:54:10.787  1657  1683 D MobileDataStateTracker: replacing old mInterfaceName (ppp0) with ppp0 for hipri
07-26 19:54:10.797  1657  1683 D MobileDataStateTracker: replacing old mInterfaceName (ppp0) with ppp0 for fota
07-26 19:54:10.797   959   959 D NetStatUtils: Receive a broadcast: android.intent.action.ANY_DATA_STATE
07-26 19:54:10.797   959   959 D NetStatUtils: Received android.intent.action.ANY_DATA_STATE broadcast - state = CONNECTED, unavailable = false
07-26 19:54:10.797   959   959 D NetStatUtils: The APN name is: phone and the interface is: ppp0
07-26 19:54:10.797   959   959 D NetStatUtils: This APN has been recorded before yet.
07-26 19:54:10.797   959   959 D NetStatUtils: This APN has been active yet. the corresponding interface is: ppp0
07-26 19:54:10.797  1657  1683 D MobileDataStateTracker: replacing old mInterfaceName (ppp0) with ppp0 for agps
07-26 19:54:10.797  1657  1683 D MobileDataStateTracker: replacing old mInterfaceName (ppp0) with ppp0 for dun
07-26 19:54:10.807  1657  1683 D MobileDataStateTracker: replacing old mInterfaceName (ppp0) with ppp0 for supl
07-26 19:54:10.807  1657  1683 D MobileDataStateTracker: default Received state= CONNECTED, old= CONNECTED, reason= nwTypeChanged, apnTypeList= default,supl,agps,fota,dun
07-26 19:54:10.817  1657  1683 D NetworkStateTracker: setDetailed state, old =CONNECTED and new state=CONNECTED
07-26 19:54:10.927  2025  2025 D PollingManager: phone state: 0 home domestic AT&T AT&T 310410  HSPA CSS not supported -1 -1RoamInd: -1DefRoamInd: -1EmergOnly: false
07-26 19:54:10.927  2071  2298 I SYS_MPP : WebtopStatusHandler	updateDataIcon()
07-26 19:54:10.927  1657  2207 I TelephonyRegistry: notifyServiceState: 0 home domestic AT&T AT&T 310410  HSPA CSS not supported -1 -1RoamInd: -1DefRoamInd: -1EmergOnly: false
07-26 19:54:10.927  1853  1853 D StatusBarPolicy: ERI alert sound is disabled.
07-26 19:54:10.937  1853  1853 D RawRadioSignalLevel: mSignalStrength=SignalStrength: 6 -1 -1 -1 -1 -1 -1 gsm 0 0 0 5 -102 -11, numBars=5
07-26 19:54:10.937  1853  1853 D RawRadioSignalLevel: raw_sig_level=-102,raw_ecno_ber=-11,raw_rat=5
07-26 19:54:10.937  1853  1853 D RawRadioSignalLevel: rscp_iconLevel=2, ecno_iconLevel=4
