--------- beginning of /dev/log/main
07-26 19:50:50.867  3610  3610 D AndroidRuntime: 
07-26 19:50:50.867  3610  3610 D AndroidRuntime: >>>>>> AndroidRuntime START com.android.internal.os.RuntimeInit <<<<<<
07-26 19:50:50.867  3610  3610 D AndroidRuntime: CheckJNI is OFF
07-26 19:50:50.867  3610  3610 D dalvikvm: creating instr width table
07-26 19:50:50.967  3610  3610 D AndroidRuntime: Calling main entry com.android.commands.pm.Pm
--------- beginning of /dev/log/system
07-26 19:50:50.967  1450  1461 E NetlinkEvent: NetlinkEvent::FindParam(): Parameter 'UDEV_LOG' not found
07-26 19:50:50.977  1452  1514 E NetlinkListener: ignoring non-kernel netlink multicast message
07-26 19:50:50.977  1450  1461 E NetlinkListener: ignoring non-kernel netlink multicast message
07-26 19:50:50.987  1657  1688 I ActivityManager: Start proc com.android.defcontainer for service com.android.defcontainer/.DefaultContainerService: pid=3617 uid=10043 gids={1015, 2001}
07-26 19:50:51.027  3617  3625 D dalvikvm: GC_EXPLICIT freed 44K, 49% free 2778K/5379K, external 2357K/2773K, paused 20ms
07-26 19:50:51.027  1657  1688 W ActivityManager: No content provider found for: 
07-26 19:50:51.027  1657  1688 W ActivityManager: No content provider found for: 
07-26 19:50:51.037  1657  1688 D PackageParser: Scanning package: /data/app/vmdl-2006951654.tmp
07-26 19:50:51.067  1657  1688 D PackageManager: Scanning package com.johnpritchard.docking
07-26 19:50:51.067  1505  1505 D installd: DexInv: --- BEGIN '/data/app/com.johnpritchard.docking-1.apk' ---
07-26 19:50:51.067  1657  1688 I PackageManager: Unpacking native libraries for /data/app/com.johnpritchard.docking-1.apk
07-26 19:50:51.067  1450  1461 E NetlinkEvent: NetlinkEvent::FindParam(): Parameter 'UDEV_LOG' not found
07-26 19:50:51.087  3627  3627 D dalvikvm: creating instr width table
07-26 19:50:51.087  1452  1514 E NetlinkListener: ignoring non-kernel netlink multicast message
07-26 19:50:51.087  1450  1461 E NetlinkListener: ignoring non-kernel netlink multicast message
07-26 19:50:51.147  3627  3627 D dalvikvm: DexOpt: load 8ms, verify+opt 42ms
07-26 19:50:52.757  1505  1505 D installd: DexInv: --- END '/data/app/com.johnpritchard.docking-1.apk' (success) ---
07-26 19:50:52.757  1657  1688 D PackageManager: Registered content provider: com.johnpritchard.docking.provider.History, className = com.johnpritchard.docking.DockingDatabaseHistoryProvider, isSyncable = false
07-26 19:50:52.757  1657  1688 D PackageManager:   Providers: com.johnpritchard.docking.DockingDatabaseHistoryProvider
07-26 19:50:52.757  1657  1688 D PackageManager:   Activities: com.johnpritchard.docking.DockingActivity2D com.johnpritchard.docking.DockingActivity3D
07-26 19:50:52.757  1657  1685 I ActivityManager: Force stopping package com.johnpritchard.docking uid=10049
07-26 19:50:53.307  1657  1683 W ActivityManager: Activity pause timeout for HistoryRecord{409697f0 com.motorola.blur.home/.HomeActivity}
07-26 19:50:53.447  1505  1505 I installd: move /data/dalvik-cache/data@app@com.johnpritchard.docking-1.apk@classes.dex -> /data/dalvik-cache/data@app@com.johnpritchard.docking-1.apk@classes.dex
07-26 19:50:53.447  1657  1688 D PackageManager: New package installed in /data/app/com.johnpritchard.docking-1.apk
07-26 19:50:53.447  1657  1688 W PackageManager: Unknown permission android.permission.READ_EXTERNAL_STORAGE in package com.johnpritchard.docking
07-26 19:50:53.797  1450  1461 E NetlinkEvent: NetlinkEvent::FindParam(): Parameter 'UDEV_LOG' not found
07-26 19:50:53.797  1452  1514 E NetlinkListener: ignoring non-kernel netlink multicast message
07-26 19:50:53.797  1450  1461 E NetlinkListener: ignoring non-kernel netlink multicast message
07-26 19:50:54.587  1278  1278 I TrueSuiteMobile: <GfxService> GfxService: ACTION_PACKAGE_INSTALL
07-26 19:50:54.717  1657  1688 D dalvikvm: GC_EXPLICIT freed 1673K, 36% free 9180K/14151K, external 8591K/8914K, paused 113ms
07-26 19:50:54.727  1135  1135 D VST-PackageChangeReceiver: onReceive()
07-26 19:50:54.727  1135  1135 D VST-PackageChangeReceiver: onReceive(), action = android.intent.action.PACKAGE_ADDED
07-26 19:50:54.727  1135  1135 D VST-ShortcutListSync: onChange, mNumTimesResyncStarted = 0
07-26 19:50:54.727  1135  1144 D VST-ShortcutListBuilder: VSuite applist recache START
07-26 19:50:54.727  1135  1144 D VST-ShortcutListBuilder: rebuildAppList Start rebuild
07-26 19:50:54.727  1135  1144 D VST-ShortcutListBuilder: queryActivitiesByIntent
07-26 19:50:54.767  1657  1807 D KeyguardViewMediator: wakeWhenReadyLocked(26)
07-26 19:50:54.777  1657  1805 I power   : *** set_screen_state 1
07-26 19:50:54.777  1657  1801 D lights  : LCD: SENSOR, 1 * 1.00 => 1
07-26 19:50:54.797  1657  1801 D lights  : LCD: SENSOR, 2 * 1.00 => 2
07-26 19:50:54.817  1657  1801 D lights  : LCD: SENSOR, 4 * 1.00 => 4
07-26 19:50:54.837  1657  1801 D lights  : LCD: SENSOR, 5 * 1.00 => 5
07-26 19:50:54.847  1657  1802 D lights  : buttons: USER, 255
07-26 19:50:54.857  1499  1579 D         : NVRM_DAEMON(1143): pm_notifier_thread: calling power_displays(true)
07-26 19:50:54.857  1499  1579 I         : DispMgr recv'd NvDispMgrDisplayAttr_Suspend
07-26 19:50:54.857  1499  1579 I         : called NvDispMgrAttrSetTranslate() from attr_common err=0
07-26 19:50:54.857  1499  1579 I         : DispMgr recv'd NvDispMgrDisplayAttr_Suspend
07-26 19:50:54.857  1499  1579 I         : called NvDispMgrAttrSetTranslate() from attr_common err=0
07-26 19:50:54.857  1499  1579 I         : DispMgr recv'd NvDispMgrDisplayAttr_Suspend
07-26 19:50:54.857  1499  1579 I         : called NvDispMgrAttrSetTranslate() from attr_common err=0
07-26 19:50:54.857  1657  1801 D lights  : LCD: SENSOR, 6 * 1.00 => 6
07-26 19:50:54.867  1456  1456 I /system/bin/nvrm_daemon: NVRM_DAEMON(1143): pm_notifier_thread: calling power_displays(true)
07-26 19:50:54.887  1657  1801 D lights  : LCD: SENSOR, 8 * 1.00 => 8
07-26 19:50:54.907  1657  1801 D lights  : LCD: SENSOR, 9 * 1.00 => 9
07-26 19:50:54.927  1657  1801 D lights  : LCD: SENSOR, 10 * 1.00 => 10
07-26 19:50:54.947  1657  1801 D lights  : LCD: SENSOR, 11 * 1.00 => 11
07-26 19:50:54.967  1657  1801 D lights  : LCD: SENSOR, 13 * 1.00 => 13
07-26 19:50:54.987  1657  1801 D lights  : LCD: SENSOR, 14 * 1.00 => 14
07-26 19:50:55.007  1657  1801 D lights  : LCD: SENSOR, 15 * 1.00 => 15
07-26 19:50:55.037  1657  1801 D lights  : LCD: SENSOR, 17 * 1.00 => 17
07-26 19:50:55.057  1657  1801 D lights  : LCD: SENSOR, 18 * 1.00 => 18
07-26 19:50:55.057  1499  1579 I         : enter motDsiSetSpecialFunction (3)
07-26 19:50:55.057  1499  1579 I         : motDsiGetPinPolarities
07-26 19:50:55.057  1499  1579 I         : enter motDsiSetSpecialFunction (1)
07-26 19:50:55.057  1499  1579 I         : enter motDsiSetMode
07-26 19:50:55.057  1499  1579 I         : enter motDsiSetPowerLevel
07-26 19:50:55.057  1499  1579 I         : exit motDsiSetPowerLevel
07-26 19:50:55.057  1499  1579 I         : 
07-26 19:50:55.057  1499  1579 I         : enter motDsiSetPowerLevel
07-26 19:50:55.057  1499  1579 I         : enter motDsiResume
07-26 19:50:55.057  1499  1579 I         : *******motDsiPanelInit********* (0x40, 1 3 0)
07-26 19:50:55.057  1499  1579 I         : *******motDsiPanelInit********* (dsiClock = 3)
07-26 19:50:55.077  1657  1801 D lights  : LCD: SENSOR, 20 * 1.00 => 20
07-26 19:50:55.087  3610  3610 D AndroidRuntime: Shutting down VM
07-26 19:50:55.087  3610  3612 D dalvikvm: GC_CONCURRENT freed 100K, 71% free 300K/1024K, external 0K/0K, paused 0ms+1ms
07-26 19:50:55.107  3610  3614 D jdwp    : adbd disconnected
07-26 19:50:55.137  1135  1144 D VST-ShortcutListBuilder: VSuite applist recache END
07-26 19:50:55.137  1135  1135 D VST-ShortcutListBuilder: fireOnShortcutListBuildComplete, rebuild complete
07-26 19:50:55.137  1135  1135 D VST-ShortcutListSync: Rebuild complete, size = 67
07-26 19:50:55.227  2271  2271 D GTalkService: handlePackageInstalled: re-initialize providers
07-26 19:50:55.227  2271  2271 D GTalkService: [RawStanzaProvidersMgr] ##### searchProvidersFromIntent
07-26 19:50:55.227  2271  2271 D GTalkService: [RawStanzaProvidersMgr] no intent receivers found
07-26 19:50:55.227  1499  1579 I         : exit motDsiPanelInit Done
07-26 19:50:55.227  1499  1579 I         : 
07-26 19:50:55.227  1499  1579 I         : exit motDsiResume
07-26 19:50:55.227  1499  1579 I         : 
07-26 19:50:55.227  1499  1579 I         : exit motDsiSetPowerLevel
07-26 19:50:55.227  1499  1579 I         : 
07-26 19:50:55.237  1499  1579 I         : DispMgr recv'd NvDispMgrDisplayAttr_Suspend
07-26 19:50:55.237  1499  1579 I         : called NvDispMgrAttrSetTranslate() from attr_common err=0
07-26 19:50:55.237  1499  1579 D         : NVRM_DAEMON(1146): pm_notifier_thread: returned from power_displays(true)
07-26 19:50:55.237  1657  1665 D SurfaceFlinger: Screen about to return, flinger = 0x285a48
07-26 19:50:55.247  1456  1456 I /system/bin/nvrm_daemon: NVRM_DAEMON(1146): pm_notifier_thread: returned from power_displays(true)
07-26 19:50:55.337  2074  2074 D PMAppInfoManager: Not adding pkg as cache is not set
07-26 19:50:55.407  1278  1281 D dalvikvm: GC_CONCURRENT freed 8K, 45% free 3504K/6279K, external 2357K/2773K, paused 2ms+1ms
07-26 19:50:55.477  1657  1683 D szipinf : Initializing inflate state
07-26 19:50:55.477  2313  2313 D PackageAddedReceiver: package added com.johnpritchard.docking
07-26 19:50:55.517  1657  6821 I ActivityManager: Start proc com.google.android.apps.googlevoice for broadcast com.google.android.apps.googlevoice/.BootUpReceiver: pid=3648 uid=10101 gids={3003, 1015}
07-26 19:50:55.787  1657  7027 W PackageManager: setEnabledSetting(ENABLED) - would have exited here
07-26 19:50:56.237  1657  2067 W PackageManager: setEnabledSetting(ENABLED) - would have exited here
07-26 19:50:56.267  1450  1461 E NetlinkEvent: NetlinkEvent::FindParam(): Parameter 'UDEV_LOG' not found
07-26 19:50:56.267  1452  1514 E NetlinkListener: ignoring non-kernel netlink multicast message
07-26 19:50:56.267  1450  1461 E NetlinkListener: ignoring non-kernel netlink multicast message
07-26 19:50:56.407  1657  1805 D MotorolaSettingsProvider: property: sys.mot_settings_secure_version=1379
07-26 19:50:56.407  1657  1805 D MotorolaSettingsProvider: insert notifying for content://com.motorola.android.providers.settings/settings/lock_pin_current_failed_attempts
07-26 19:50:56.417  2139  2139 D UsbService: onReceive(), received intent:android.intent.action.USER_PRESENT
07-26 19:50:56.417  2046  2046 D AutoSignInService: AutoSignIn onReceive: action=android.intent.action.USER_PRESENT
07-26 19:50:56.417  2046  2046 V AutoSignInService: onReceive while Webtop INACTIVE
07-26 19:50:56.437  1657  1663 W InputManagerService: Window already focused, ignoring focus gain of: com.android.internal.view.IInputMethodClient$Stub$Proxy@40b317f8
07-26 19:50:56.557 19316 19316 W IInputConnectionWrapper: clearMetaKeyStates on inactive InputConnection
07-26 19:50:56.607  1657  1659 D dalvikvm: GC_CONCURRENT freed 1719K, 33% free 9508K/14151K, external 8591K/8914K, paused 3ms+7ms
07-26 19:50:56.727  1657  1683 D WifiService: ACTION_SCREEN_ON -- Checked by Moto
07-26 19:50:56.747  2046  2046 D PortalService: Portal onReceive: 
07-26 19:50:56.747  2046  2311 I PortalService: onHandleIntent() action android.intent.action.SCREEN_ON
07-26 19:50:56.747  2046  2311 D PortalService: Android Display On
07-26 19:50:56.747  2046  2311 D PortalHdmiHelper: setDetection: true
07-26 19:50:56.747  2046  2311 E PortalHdmiHelper: setDetection: enableing 
07-26 19:50:56.747  2062  2533 D ExtDispService: handleControlDetection: hdmi/true
07-26 19:50:56.747  2062  2533 E ExtDispService: getStandardSetting: moveToFirst failed
07-26 19:50:56.760  2046  2046 D AutoSignInService: AutoSignIn onReceive: action=android.intent.action.SCREEN_ON
07-26 19:50:56.760  2046  2046 V AutoSignInService: onReceive while Webtop INACTIVE
07-26 19:50:56.760  2062  2533 I ExtDispService: setHdmiStandard with automatic
07-26 19:50:56.760  2062  2533 D extdisp : HDMI SetStandard (0)
07-26 19:50:56.760  2062  2533 D extdisp : HDMI Adjusted Standard (0)
07-26 19:50:56.760  2062  2533 D HDMI    : HDMI_SetStandard 0
07-26 19:50:56.760  2062  2533 D HDMI    : HDMI_SetDetection (1)
07-26 19:50:56.760  2062  2533 D HDMINVDM: hdmiNvdm_SetPwrState: Off -> On
07-26 19:50:56.760  2062  2533 D HDMINVDM: hdmiNvdm_enableEvents
07-26 19:50:56.760  2062  2533 D HDMINVDM: hdmiNvdm_suspend: 0
07-26 19:50:56.760  1499  1578 D         : nvrm_daemon: rt_exist from client: 2
07-26 19:50:56.760  1499  1578 D         : rt_exist=2, add client ref
07-26 19:50:56.760  1499  1578 D         : nvrm_daemon: rt_exist to client: 2
07-26 19:50:56.760  1499  1578 D         : NVRM_DAEMON(1011): master_dispatch_thread() running
07-26 19:50:56.760  1499  3828 I         : DispMgr recv'd NvDispMgrDisplayAttr_Suspend
07-26 19:50:56.760  1499  3828 I         : called NvDispMgrAttrSetTranslate() from attr_common err=0
07-26 19:50:56.760  1499  3828 I         : DispMgr recv'd NvDispMgrDisplayAttr_Suspend
07-26 19:50:56.760  1499  3828 I         : called NvDispMgrAttrSetTranslate() from attr_common err=0
07-26 19:50:56.760  2062  3677 D HDMINVDM: hdmiNvdm_eventLoop: Entering
07-26 19:50:56.760  2062  3679 D HDMINVDM: hdmiNvdm_GlClientActive: Active 0
07-26 19:50:56.760  2062  2533 D ExtDispService: SendMsg: STATUS_DETECTION hdmi/true
07-26 19:50:56.760  2062  3679 D HDMINVDM: hdmiNvdm_DetermineUseMode: !attached
07-26 19:50:56.760  2062  3679 D HDMINVDM: hdmiNvdm_DetermineUseMode/0/0
07-26 19:50:56.760  2062  3679 D HDMINVDM: hdmiNvdm_setActiveDesktop: Enter - sUseMode = 0
07-26 19:50:56.760  1499  1578 D         : nvrm_daemon: rt_exist from client: 2
07-26 19:50:56.760  1499  1578 D         : rt_exist=2, add client ref
07-26 19:50:56.760  1499  1578 D         : nvrm_daemon: rt_exist to client: 2
07-26 19:50:56.760  1499  1578 D         : NVRM_DAEMON(1011): master_dispatch_thread() running
07-26 19:50:56.760  2046  3676 E PortalHdmiHelper: setDetection: enable Thread Done
07-26 19:50:56.760  2072  2072 D PowerProfileSvc: Receiver: Screen On
07-26 19:50:56.760  2072  3132 D PowerProfileSvc: Start: Received action: android.intent.action.batteryprofile.SCR_ON
07-26 19:50:56.760  2046  2046 D PortalHdmiHelper: HDMI onReceive: 
07-26 19:50:56.760  2046  2046 D PortalHdmiHelper:   STATUS_DETECTION = true
07-26 19:50:56.760  2072  3132 D PowerProfileSvc: Algo:Run: current state --> 0Arg --> 2
07-26 19:50:56.770  2072  3132 D PowerProfileSvc: Algo:Run: new state is --> 0
07-26 19:50:56.770  2062  2062 D ExtDispService: onReceive enter
07-26 19:50:56.770  2062  2062 D ExtDispService: NOTIFY_STATUSCHANGED
07-26 19:50:56.770  2062  2062 I ExtDispService: handleMessageNotifyStatusChanged: GLES Client Disconnect
07-26 19:50:56.770  2062  2062 D ExtDispService: SendMsg: STATUS_GLESCLIENT hdmi/false
07-26 19:50:56.770  2062  3679 D ExtDispJni: SendMsg: EXTDISP_NOTIFY_STATUSCHANGED what/300 ext1/2 ext2/0
07-26 19:50:56.770  2062  3679 D HDMI    : Waiting for HDMI EGL Client ...
07-26 19:50:56.770  2046  2046 D PortalService: Portal onReceive: 
07-26 19:50:56.770  2046  2311 I PortalService: onHandleIntent() action com.motorola.intent.action.EXTDISP_STATUS_GLESCLIENT
07-26 19:50:56.770  2046  2311 D PortalService: EXTDISP_STATUS_GLESCLIENT
07-26 19:50:56.770  1456  1456 I /system/bin/nvrm_daemon: nvrm_daemon: rt_exist from client: 2
07-26 19:50:56.770  1456  1456 I /system/bin/nvrm_daemon: rt_exist=2, add client ref
07-26 19:50:56.770  1456  1456 I /system/bin/nvrm_daemon: nvrm_daemon: rt_exist to client: 2
07-26 19:50:56.770  1456  1456 I /system/bin/nvrm_daemon: NVRM_DAEMON(1011): master_dispatch_thread() running
07-26 19:50:56.770  1456  1456 I /system/bin/nvrm_daemon: nvrm_daemon: rt_exist from client: 2
07-26 19:50:56.770  1456  1456 I /system/bin/nvrm_daemon: rt_exist=2, add client ref
07-26 19:50:56.770  1456  1456 I /system/bin/nvrm_daemon: nvrm_daemon: rt_exist to client: 2
07-26 19:50:56.770  1456  1456 I /system/bin/nvrm_daemon: NVRM_DAEMON(1011): master_dispatch_thread() running
07-26 19:50:56.780  1278  1278 I TrueSuiteMobile: <GfxService> GfxService: ACTION_SCREEN_ON
07-26 19:50:56.957  1853  1853 D RawRadioSignalLevel: mSignalStrength=SignalStrength: 6 -1 -1 -1 -1 -1 -1 gsm 0 0 0 5 -102 -22, numBars=5
07-26 19:50:56.957  1853  1853 D RawRadioSignalLevel: raw_sig_level=-102,raw_ecno_ber=-22,raw_rat=5
07-26 19:50:56.957  1853  1853 D RawRadioSignalLevel: rscp_iconLevel=2, ecno_iconLevel=1
07-26 19:50:56.957  1853  1853 D RawRadioSignalLevel: iconLevel = 1
07-26 19:50:57.447  1657  2067 I ActivityManager: Starting: Intent { act=com.motorola.blur.apps.ACTION_APPS flg=0x10200000 cmp=com.motorola.blur.home/com.motorola.blur.apps.AppsActivity (has extras) } from pid 19316
07-26 19:50:57.567 19316 19316 D dalvikvm: GC_EXTERNAL_ALLOC freed 313K, 57% free 3615K/8327K, external 11007K/11012K, paused 26ms
07-26 19:50:57.767  1657  1804 I ActivityManager: Displayed com.motorola.blur.home/com.motorola.blur.apps.AppsActivity: +304ms
07-26 19:50:58.687  1657  2207 I ActivityManager: Starting: Intent { act=android.intent.action.MAIN cat=[android.intent.category.LAUNCHER] flg=0x10200000 cmp=com.johnpritchard.docking/.DockingActivity2D } from pid 19316
07-26 19:50:58.707  1657  1657 I ActivityManager: Start proc com.johnpritchard.docking for activity com.johnpritchard.docking/.DockingActivity2D: pid=3694 uid=10049 gids={1015}
07-26 19:50:58.707  1450  1461 E NetlinkEvent: NetlinkEvent::FindParam(): Parameter 'UDEV_LOG' not found
07-26 19:50:58.707  1452  1514 E NetlinkListener: ignoring non-kernel netlink multicast message
07-26 19:50:58.707  1450  1461 E NetlinkListener: ignoring non-kernel netlink multicast message
07-26 19:50:58.747  3694  3694 I ActivityThread: Pub com.johnpritchard.docking.provider.History: com.johnpritchard.docking.DockingDatabaseHistoryProvider
07-26 19:50:58.797  1853  1853 D RawRadioSignalLevel: mSignalStrength=SignalStrength: 7 -1 -1 -1 -1 -1 -1 gsm 0 0 0 5 -100 -22, numBars=5
07-26 19:50:58.797  1853  1853 D RawRadioSignalLevel: raw_sig_level=-100,raw_ecno_ber=-22,raw_rat=5
07-26 19:50:58.797  1853  1853 D RawRadioSignalLevel: rscp_iconLevel=2, ecno_iconLevel=1
07-26 19:50:58.797  1853  1853 D RawRadioSignalLevel: iconLevel = 1
07-26 19:50:58.897  2313  2313 W PeopleReceiver: Received unexcepted broadcast: android.intent.action.PACKAGE_CHANGED
07-26 19:50:58.917  1657  1804 I ActivityManager: Displayed com.johnpritchard.docking/.DockingActivity2D: +223ms
07-26 19:50:58.937  1657  2048 W InputManagerService: Starting input on non-focused client com.android.internal.view.IInputMethodClient$Stub$Proxy@40b29d70 (uid=10004 pid=19316)
07-26 19:50:59.007  2313  2313 W PeopleReceiver: Received unexcepted broadcast: android.intent.action.PACKAGE_CHANGED
07-26 19:51:00.007  2071  2071 I SYS_MPP : WebtopStatusHandler	Time change action: android.intent.action.TIME_TICK
07-26 19:51:00.007  2071  2071 I SYS_MPP : WebtopStatusHandler	xxxxxxx Date long format=Saturday, July 26, 2014
07-26 19:51:00.768  2071  2298 I SYS_MPP : WebtopStatusHandler	onDataActivity()...direction=2
07-26 19:51:00.768  2071  2298 I SYS_MPP : WebtopStatusHandler	updateDataIcon()
07-26 19:51:01.147  1450  1461 E NetlinkEvent: NetlinkEvent::FindParam(): Parameter 'UDEV_LOG' not found
07-26 19:51:01.157  1452  1514 E NetlinkListener: ignoring non-kernel netlink multicast message
07-26 19:51:01.157  1450  1461 E NetlinkListener: ignoring non-kernel netlink multicast message
07-26 19:51:01.477  1657  6821 I TelephonyRegistry: notifyServiceState: 0 home domestic AT&T AT&T 310410  UMTS CSS not supported -1 -1RoamInd: -1DefRoamInd: -1EmergOnly: false
07-26 19:51:01.477  2025  2025 D PollingManager: phone state: 0 home domestic AT&T AT&T 310410  UMTS CSS not supported -1 -1RoamInd: -1DefRoamInd: -1EmergOnly: false
07-26 19:51:01.487  2071  2298 I SYS_MPP : WebtopStatusHandler	updateDataIcon()
07-26 19:51:01.507  1657  1679 I TelephonyRegistry: notifyDataConnection: state=2 isDataConnectivityPossible=true reason=nwTypeChanged interfaceName=ppp0 networkType=3
07-26 19:51:01.537  1853  1853 D RawRadioSignalLevel: mSignalStrength=SignalStrength: 7 -1 -1 -1 -1 -1 -1 gsm 0 0 0 5 -100 -22, numBars=5
07-26 19:51:01.537  1853  1853 D RawRadioSignalLevel: raw_sig_level=-100,raw_ecno_ber=-22,raw_rat=5
07-26 19:51:01.537  1853  1853 D RawRadioSignalLevel: rscp_iconLevel=2, ecno_iconLevel=1
07-26 19:51:01.537  1853  1853 D RawRadioSignalLevel: iconLevel = 1
07-26 19:51:01.537  1853  1853 D StatusBarPolicy: ERI alert sound is disabled.
07-26 19:51:01.537  2071  2298 I SYS_MPP : WebtopStatusHandler	updateDataIcon()
07-26 19:51:01.547   959   959 D NetStatUtils: Receive a broadcast: android.intent.action.ANY_DATA_STATE
07-26 19:51:01.547   959   959 D NetStatUtils: Received android.intent.action.ANY_DATA_STATE broadcast - state = CONNECTED, unavailable = false
07-26 19:51:01.547   959   959 D NetStatUtils: The APN name is: phone and the interface is: ppp0
07-26 19:51:01.547   959   959 D NetStatUtils: This APN has been recorded before yet.
07-26 19:51:01.547   959   959 D NetStatUtils: This APN has been active yet. the corresponding interface is: ppp0
07-26 19:51:01.547  2013  2013 D PhoneApp: [NotificationMgr] updateNetworkSelection()...state = 0 new network 
07-26 19:51:01.557  2013  2013 D PhoneApp: [NotificationMgr] hideDataDisconnectedRoaming()...
07-26 19:51:01.557  1657  1683 D MobileDataStateTracker: replacing old mInterfaceName (ppp0) with ppp0 for hipri
07-26 19:51:01.567  1496  1496 I TransactionService: MMS-STATUS - start transaction service, app version=STABLE4.user.4.5.141.2.3.6.Blur_Version.4.5.141.MB860.ATT.en.US.Mon Dec 12 12:42:46 CST 2011 (log=false) (apn=false) (config=false)
07-26 19:51:01.577  1496  1496 I SmsReceiverService: MMS-STATUS - start sms receiver service, app version=STABLE4.user.4.5.141.2.3.6.Blur_Version.4.5.141.MB860.ATT.en.US.Mon Dec 12 12:42:46 CST 2011 (log=false) (apn=false) (config=false)
07-26 19:51:01.587  1657  1683 D MobileDataStateTracker: replacing old mInterfaceName (ppp0) with ppp0 for fota
07-26 19:51:01.587  1657  1683 D MobileDataStateTracker: replacing old mInterfaceName (ppp0) with ppp0 for agps
07-26 19:51:01.587  1657  1683 D MobileDataStateTracker: replacing old mInterfaceName (ppp0) with ppp0 for dun
07-26 19:51:01.597  1657  1683 D MobileDataStateTracker: replacing old mInterfaceName (ppp0) with ppp0 for supl
07-26 19:51:01.597  1657  1683 D MobileDataStateTracker: default Received state= CONNECTED, old= CONNECTED, reason= nwTypeChanged, apnTypeList= default,supl,agps,fota,dun
07-26 19:51:01.597  1657  1683 D NetworkStateTracker: setDetailed state, old =CONNECTED and new state=CONNECTED
07-26 19:51:01.777  2071  2298 I SYS_MPP : WebtopStatusHandler	onDataActivity()...direction=0
07-26 19:51:01.777  2071  2298 I SYS_MPP : WebtopStatusHandler	updateDataIcon()
07-26 19:51:01.807  1853  1853 D RawRadioSignalLevel: mSignalStrength=SignalStrength: 9 -1 -1 -1 -1 -1 -1 gsm 0 0 0 5 -95 -17, numBars=5
07-26 19:51:01.807  1853  1853 D RawRadioSignalLevel: raw_sig_level=-95,raw_ecno_ber=-17,raw_rat=5
07-26 19:51:01.807  1853  1853 D RawRadioSignalLevel: rscp_iconLevel=3, ecno_iconLevel=1
07-26 19:51:01.807  1853  1853 D RawRadioSignalLevel: iconLevel = 1
07-26 19:51:01.867  1657  1683 I WindowManager: Setting rotation to 1, animFlags=0
07-26 19:51:01.887  1657  1683 I ActivityManager: Config changed: { scale=1.0 imsi=310/410 loc=en_US touch=3 keys=1/1/2 nav=1/1 orien=2 layout=268435490 uiMode=17 seq=51}
07-26 19:51:01.927  2046  2046 I AutoSignInService: onConfigurationChanged
07-26 19:51:01.927  2046  2046 I ApnEntitlementService: onConfigurationChanged
07-26 19:51:01.927  2046  2046 I PortalService: onConfigurationChanged
07-26 19:51:02.177  2025  2025 D PollingManager: phone state: 0 home domestic AT&T AT&T 310410  HSPA CSS not supported -1 -1RoamInd: -1DefRoamInd: -1EmergOnly: false
07-26 19:51:02.177  1853  1853 D RawRadioSignalLevel: mSignalStrength=SignalStrength: 9 -1 -1 -1 -1 -1 -1 gsm 0 0 0 5 -95 -17, numBars=5
07-26 19:51:02.177  1853  1853 D RawRadioSignalLevel: raw_sig_level=-95,raw_ecno_ber=-17,raw_rat=5
07-26 19:51:02.177  1853  1853 D RawRadioSignalLevel: rscp_iconLevel=3, ecno_iconLevel=1
07-26 19:51:02.177  1853  1853 D RawRadioSignalLevel: iconLevel = 1
07-26 19:51:02.177  2071  2298 I SYS_MPP : WebtopStatusHandler	updateDataIcon()
07-26 19:51:02.177  1657  2361 I TelephonyRegistry: notifyServiceState: 0 home domestic AT&T AT&T 310410  HSPA CSS not supported -1 -1RoamInd: -1DefRoamInd: -1EmergOnly: false
07-26 19:51:02.177  1853  1853 D StatusBarPolicy: ERI alert sound is disabled.
07-26 19:51:02.227  1657  2067 I TelephonyRegistry: notifyDataConnection: state=2 isDataConnectivityPossible=true reason=nwTypeChanged interfaceName=ppp0 networkType=10
07-26 19:51:02.237  2013  2016 D dalvikvm: GC_CONCURRENT freed 1987K, 53% free 4065K/8519K, external 8362K/9939K, paused 3ms+7ms
07-26 19:51:02.257  2071  2298 I SYS_MPP : WebtopStatusHandler	updateDataIcon()
07-26 19:51:02.267  1496  1496 I TransactionService: MMS-STATUS - start transaction service, app version=STABLE4.user.4.5.141.2.3.6.Blur_Version.4.5.141.MB860.ATT.en.US.Mon Dec 12 12:42:46 CST 2011 (log=false) (apn=false) (config=false)
07-26 19:51:02.267  1496  1496 I SmsReceiverService: MMS-STATUS - start sms receiver service, app version=STABLE4.user.4.5.141.2.3.6.Blur_Version.4.5.141.MB860.ATT.en.US.Mon Dec 12 12:42:46 CST 2011 (log=false) (apn=false) (config=false)
07-26 19:51:02.277  2013  2013 D PhoneApp: [NotificationMgr] updateNetworkSelection()...state = 0 new network 
07-26 19:51:02.277  2013  2013 D PhoneApp: [NotificationMgr] hideDataDisconnectedRoaming()...
07-26 19:51:02.317  1657  1683 D MobileDataStateTracker: replacing old mInterfaceName (ppp0) with ppp0 for hipri
07-26 19:51:02.337  1657  1683 D MobileDataStateTracker: replacing old mInterfaceName (ppp0) with ppp0 for fota
07-26 19:51:02.337  1657  1683 D MobileDataStateTracker: replacing old mInterfaceName (ppp0) with ppp0 for agps
07-26 19:51:02.337  1657  1683 D MobileDataStateTracker: replacing old mInterfaceName (ppp0) with ppp0 for dun
07-26 19:51:02.347  1657  1683 D MobileDataStateTracker: replacing old mInterfaceName (ppp0) with ppp0 for supl
07-26 19:51:02.367  1657  1683 D MobileDataStateTracker: default Received state= CONNECTED, old= CONNECTED, reason= nwTypeChanged, apnTypeList= default,supl,agps,fota,dun
07-26 19:51:02.367  1657  1683 D NetworkStateTracker: setDetailed state, old =CONNECTED and new state=CONNECTED
07-26 19:51:02.427  2025  2025 D PollingManager: phone state: 0 home domestic AT&T AT&T 310410  UMTS CSS not supported -1 -1RoamInd: -1DefRoamInd: -1EmergOnly: false
07-26 19:51:02.427  1657  2207 I TelephonyRegistry: notifyServiceState: 0 home domestic AT&T AT&T 310410  UMTS CSS not supported -1 -1RoamInd: -1DefRoamInd: -1EmergOnly: false
07-26 19:51:02.437  1853  1853 D RawRadioSignalLevel: mSignalStrength=SignalStrength: 9 -1 -1 -1 -1 -1 -1 gsm 0 0 0 5 -95 -17, numBars=5
07-26 19:51:02.437  1853  1853 D RawRadioSignalLevel: raw_sig_level=-95,raw_ecno_ber=-17,raw_rat=5
07-26 19:51:02.437  1853  1853 D RawRadioSignalLevel: rscp_iconLevel=3, ecno_iconLevel=1
07-26 19:51:02.437  1853  1853 D RawRadioSignalLevel: iconLevel = 1
07-26 19:51:02.437  2071  2298 I SYS_MPP : WebtopStatusHandler	updateDataIcon()
07-26 19:51:02.437  1853  1853 D StatusBarPolicy: ERI alert sound is disabled.
07-26 19:51:02.447  1657  2048 I TelephonyRegistry: notifyDataConnection: state=2 isDataConnectivityPossible=true reason=nwTypeChanged interfaceName=ppp0 networkType=3
07-26 19:51:02.457  2071  2298 I SYS_MPP : WebtopStatusHandler	updateDataIcon()
07-26 19:51:02.467  2013  2013 D PhoneApp: [NotificationMgr] updateNetworkSelection()...state = 0 new network 
07-26 19:51:02.467  2013  2013 D PhoneApp: [NotificationMgr] hideDataDisconnectedRoaming()...
07-26 19:51:02.477  1657  1683 D MobileDataStateTracker: replacing old mInterfaceName (ppp0) with ppp0 for hipri
07-26 19:51:02.487  1496  1496 I TransactionService: MMS-STATUS - start transaction service, app version=STABLE4.user.4.5.141.2.3.6.Blur_Version.4.5.141.MB860.ATT.en.US.Mon Dec 12 12:42:46 CST 2011 (log=false) (apn=false) (config=false)
07-26 19:51:02.487  1496  1496 I SmsReceiverService: MMS-STATUS - start sms receiver service, app version=STABLE4.user.4.5.141.2.3.6.Blur_Version.4.5.141.MB860.ATT.en.US.Mon Dec 12 12:42:46 CST 2011 (log=false) (apn=false) (config=false)
07-26 19:51:02.507  1657  1683 D MobileDataStateTracker: replacing old mInterfaceName (ppp0) with ppp0 for fota
07-26 19:51:02.507  1657  1683 D MobileDataStateTracker: replacing old mInterfaceName (ppp0) with ppp0 for agps
07-26 19:51:02.507  1657  1683 D MobileDataStateTracker: replacing old mInterfaceName (ppp0) with ppp0 for dun
07-26 19:51:02.507  1657  1683 D MobileDataStateTracker: replacing old mInterfaceName (ppp0) with ppp0 for supl
07-26 19:51:02.507  1657  1683 D MobileDataStateTracker: default Received state= CONNECTED, old= CONNECTED, reason= nwTypeChanged, apnTypeList= default,supl,agps,fota,dun
07-26 19:51:02.507  1657  1683 D NetworkStateTracker: setDetailed state, old =CONNECTED and new state=CONNECTED
07-26 19:51:03.137   959   959 D NetStatUtils: Receive a broadcast: android.intent.action.ANY_DATA_STATE
07-26 19:51:03.137   959   959 D NetStatUtils: Received android.intent.action.ANY_DATA_STATE broadcast - state = CONNECTED, unavailable = false
07-26 19:51:03.137   959   959 D NetStatUtils: The APN name is: phone and the interface is: ppp0
07-26 19:51:03.137   959   959 D NetStatUtils: This APN has been recorded before yet.
07-26 19:51:03.137   959   959 D NetStatUtils: This APN has been active yet. the corresponding interface is: ppp0
07-26 19:51:03.137   959   959 D NetStatUtils: Receive a broadcast: android.intent.action.ANY_DATA_STATE
07-26 19:51:03.137   959   959 D NetStatUtils: Received android.intent.action.ANY_DATA_STATE broadcast - state = CONNECTED, unavailable = false
07-26 19:51:03.137   959   959 D NetStatUtils: The APN name is: phone and the interface is: ppp0
07-26 19:51:03.137   959   959 D NetStatUtils: This APN has been recorded before yet.
07-26 19:51:03.137   959   959 D NetStatUtils: This APN has been active yet. the corresponding interface is: ppp0
07-26 19:51:03.137  1657  1663 I ActivityManager: Starting: Intent { flg=0x4000008 cmp=com.johnpritchard.docking/.DockingActivity3D } from pid 3694
07-26 19:51:03.207  3694  3732 D libEGL  : loaded /system/lib/egl/libGLES_android.so
07-26 19:51:03.207  3694  3732 D libEGL  : loaded /system/lib/egl/libEGL_tegra.so
07-26 19:51:03.227  3694  3732 D libEGL  : loaded /system/lib/egl/libGLESv1_CM_tegra.so
07-26 19:51:03.247  3694  3732 D libEGL  : loaded /system/lib/egl/libGLESv2_tegra.so
07-26 19:51:03.247  1657  1804 I ActivityManager: Displayed com.johnpritchard.docking/.DockingActivity3D: +80ms
07-26 19:51:03.977  1499  1676 I         : odm_disp_esd_thread starting loop dispInit=1 state=1
07-26 19:51:03.977  1499  1676 I         : odm_disp_esd_thread is running(0) state=1
07-26 19:51:04.067  2025  2025 D PollingManager: phone state: 0 home domestic AT&T AT&T 310410  HSPA CSS not supported -1 -1RoamInd: -1DefRoamInd: -1EmergOnly: false
07-26 19:51:04.067  2071  2298 I SYS_MPP : WebtopStatusHandler	updateDataIcon()
07-26 19:51:04.067  1657  2364 I TelephonyRegistry: notifyServiceState: 0 home domestic AT&T AT&T 310410  HSPA CSS not supported -1 -1RoamInd: -1DefRoamInd: -1EmergOnly: false
07-26 19:51:04.077  1853  1853 D RawRadioSignalLevel: mSignalStrength=SignalStrength: 9 -1 -1 -1 -1 -1 -1 gsm 0 0 0 5 -95 -17, numBars=5
07-26 19:51:04.077  1853  1853 D RawRadioSignalLevel: raw_sig_level=-95,raw_ecno_ber=-17,raw_rat=5
07-26 19:51:04.077  1853  1853 D RawRadioSignalLevel: rscp_iconLevel=3, ecno_iconLevel=1
07-26 19:51:04.077  1853  1853 D RawRadioSignalLevel: iconLevel = 1
07-26 19:51:04.077  1853  1853 D StatusBarPolicy: ERI alert sound is disabled.
07-26 19:51:04.107  1657  2361 I TelephonyRegistry: notifyDataConnection: state=2 isDataConnectivityPossible=true reason=nwTypeChanged interfaceName=ppp0 networkType=10
07-26 19:51:04.107  2071  2298 I SYS_MPP : WebtopStatusHandler	updateDataIcon()
07-26 19:51:04.147  2013  2013 D PhoneApp: [NotificationMgr] updateNetworkSelection()...state = 0 new network 
07-26 19:51:04.157  1657  1683 D MobileDataStateTracker: replacing old mInterfaceName (ppp0) with ppp0 for hipri
07-26 19:51:04.167  1657  1683 D MobileDataStateTracker: replacing old mInterfaceName (ppp0) with ppp0 for fota
07-26 19:51:04.167  1657  1683 D MobileDataStateTracker: replacing old mInterfaceName (ppp0) with ppp0 for agps
07-26 19:51:04.167  1657  1683 D MobileDataStateTracker: replacing old mInterfaceName (ppp0) with ppp0 for dun
07-26 19:51:04.167  1657  1683 D MobileDataStateTracker: replacing old mInterfaceName (ppp0) with ppp0 for supl
07-26 19:51:04.167  1657  1683 D MobileDataStateTracker: default Received state= CONNECTED, old= CONNECTED, reason= nwTypeChanged, apnTypeList= default,supl,agps,fota,dun
07-26 19:51:04.177  1657  1683 D NetworkStateTracker: setDetailed state, old =CONNECTED and new state=CONNECTED
07-26 19:51:04.177  2013  2013 D PhoneApp: [NotificationMgr] hideDataDisconnectedRoaming()...
07-26 19:51:04.177   959   959 D NetStatUtils: Receive a broadcast: android.intent.action.ANY_DATA_STATE
07-26 19:51:04.177   959   959 D NetStatUtils: Received android.intent.action.ANY_DATA_STATE broadcast - state = CONNECTED, unavailable = false
07-26 19:51:04.177   959   959 D NetStatUtils: The APN name is: phone and the interface is: ppp0
07-26 19:51:04.177   959   959 D NetStatUtils: This APN has been recorded before yet.
07-26 19:51:04.177   959   959 D NetStatUtils: This APN has been active yet. the corresponding interface is: ppp0
07-26 19:51:04.257  1496  1496 I TransactionService: MMS-STATUS - start transaction service, app version=STABLE4.user.4.5.141.2.3.6.Blur_Version.4.5.141.MB860.ATT.en.US.Mon Dec 12 12:42:46 CST 2011 (log=false) (apn=false) (config=false)
07-26 19:51:04.287  1496  1496 I SmsReceiverService: MMS-STATUS - start sms receiver service, app version=STABLE4.user.4.5.141.2.3.6.Blur_Version.4.5.141.MB860.ATT.en.US.Mon Dec 12 12:42:46 CST 2011 (log=false) (apn=false) (config=false)
07-26 19:51:04.437  1657  1804 D dalvikvm: JIT code cache reset in 3 ms (1048480 bytes 10/0)
07-26 19:51:04.457  1657  1804 D dalvikvm: GC_EXPLICIT freed 2101K, 36% free 9125K/14151K, external 8591K/8914K, paused 115ms
07-26 19:51:04.787  2071  2298 I SYS_MPP : WebtopStatusHandler	onDataActivity()...direction=3
07-26 19:51:04.787  2071  2298 I SYS_MPP : WebtopStatusHandler	updateDataIcon()
07-26 19:51:04.867  3694  3697 D dalvikvm: GC_CONCURRENT freed 1456K, 54% free 3324K/7175K, external 2435K/2773K, paused 2ms+2ms
07-26 19:51:04.917  3694  3697 D dalvikvm: GC_CONCURRENT freed 940K, 54% free 3364K/7175K, external 2435K/2773K, paused 1ms+2ms
07-26 19:51:04.947  3694  3732 D dalvikvm: GC_FOR_MALLOC freed 910K, 52% free 3445K/7175K, external 2435K/2773K, paused 15ms
07-26 19:51:04.967  3694  3732 D dalvikvm: GC_FOR_MALLOC freed 708K, 50% free 3617K/7175K, external 2435K/2773K, paused 15ms
07-26 19:51:04.987  3694  3732 D dalvikvm: GC_FOR_MALLOC freed 789K, 53% free 3421K/7175K, external 2435K/2773K, paused 14ms
07-26 19:51:05.007  3694  3732 D dalvikvm: GC_FOR_MALLOC freed 425K, 49% free 3718K/7175K, external 2435K/2773K, paused 15ms
07-26 19:51:05.027  3694  3732 D dalvikvm: GC_FOR_MALLOC freed 445K, 48% free 3752K/7175K, external 2435K/2773K, paused 15ms
07-26 19:51:05.047  3694  3732 D dalvikvm: GC_FOR_MALLOC freed 465K, 50% free 3634K/7175K, external 2435K/2773K, paused 15ms
07-26 19:51:05.067  3694  3732 D dalvikvm: GC_FOR_MALLOC freed 486K, 49% free 3661K/7175K, external 2435K/2773K, paused 15ms
07-26 19:51:05.087  3694  3732 D dalvikvm: GC_FOR_MALLOC freed 450K, 51% free 3523K/7175K, external 2752K/2773K, paused 15ms
07-26 19:51:05.117  3694  3732 D dalvikvm: GC_EXTERNAL_ALLOC freed <1K, 47% free 3829K/7175K, external 2752K/2773K, paused 21ms
07-26 19:51:06.807  2071  2298 I SYS_MPP : WebtopStatusHandler	onDataActivity()...direction=2
07-26 19:51:06.807  2071  2298 I SYS_MPP : WebtopStatusHandler	updateDataIcon()
07-26 19:51:07.817  2071  2298 I SYS_MPP : WebtopStatusHandler	onDataActivity()...direction=3
07-26 19:51:07.817  2071  2298 I SYS_MPP : WebtopStatusHandler	updateDataIcon()
07-26 19:51:08.827  2071  2298 I SYS_MPP : WebtopStatusHandler	onDataActivity()...direction=2
07-26 19:51:08.827  2071  2298 I SYS_MPP : WebtopStatusHandler	updateDataIcon()
07-26 19:51:09.567  1135  1135 D dalvikvm: GC_EXPLICIT freed 589K, 58% free 3071K/7175K, external 2357K/2773K, paused 79ms
07-26 19:51:10.837  2071  2298 I SYS_MPP : WebtopStatusHandler	onDataActivity()...direction=0
07-26 19:51:10.837  2071  2298 I SYS_MPP : WebtopStatusHandler	updateDataIcon()
07-26 19:51:10.967  3694  3697 D dalvikvm: GC_CONCURRENT freed 1567K, 58% free 3070K/7175K, external 3229K/3819K, paused 1ms+15ms
07-26 19:51:11.247  3556  3559 D dalvikvm: GC_CONCURRENT freed 857K, 46% free 3901K/7175K, external 2357K/2773K, paused 2ms+9ms
07-26 19:51:11.847  2071  2298 I SYS_MPP : WebtopStatusHandler	onDataActivity()...direction=3
07-26 19:51:11.847  2071  2298 I SYS_MPP : WebtopStatusHandler	updateDataIcon()
07-26 19:51:12.729  1499  1676 I         : odm_disp_esd_thread is running(497) state=1
07-26 19:51:12.857  2071  2298 I SYS_MPP : WebtopStatusHandler	onDataActivity()...direction=2
07-26 19:51:12.857  2071  2298 I SYS_MPP : WebtopStatusHandler	updateDataIcon()
07-26 19:51:13.867  2071  2298 I SYS_MPP : WebtopStatusHandler	onDataActivity()...direction=0
07-26 19:51:13.867  2071  2298 I SYS_MPP : WebtopStatusHandler	updateDataIcon()
07-26 19:51:14.267  1657  1663 D ConnectivityService: getMobileDataEnabled returning true
07-26 19:51:14.287  1657  6821 D ConnectivityService: stopUsingNetworkFeature for net 0: enableMMS
07-26 19:51:14.287  1657  6821 D ConnectivityService: ignoring stopUsingNetworkFeature - not a live request
07-26 19:51:14.877  2071  2298 I SYS_MPP : WebtopStatusHandler	onDataActivity()...direction=2
07-26 19:51:14.877  2071  2298 I SYS_MPP : WebtopStatusHandler	updateDataIcon()
07-26 19:51:15.887  2071  2298 I SYS_MPP : WebtopStatusHandler	onDataActivity()...direction=0
07-26 19:51:15.887  2071  2298 I SYS_MPP : WebtopStatusHandler	updateDataIcon()
07-26 19:51:17.897  2071  2298 I SYS_MPP : WebtopStatusHandler	onDataActivity()...direction=2
07-26 19:51:17.897  2071  2298 I SYS_MPP : WebtopStatusHandler	updateDataIcon()
07-26 19:51:18.177  1499  1666 D         : NVRM_DAEMON(479): queue_dispatch_thread() running
07-26 19:51:18.187  1456  1456 I /system/bin/nvrm_daemon: NVRM_DAEMON(479): queue_dispatch_thread() running
07-26 19:51:18.637  3694  3697 D dalvikvm: GC_CONCURRENT freed 1116K, 58% free 3078K/7175K, external 3301K/3819K, paused 3ms+2ms
07-26 19:51:18.907  2071  2298 I SYS_MPP : WebtopStatusHandler	onDataActivity()...direction=0
07-26 19:51:18.907  2071  2298 I SYS_MPP : WebtopStatusHandler	updateDataIcon()
07-26 19:51:19.327  1213  1213 D dalvikvm: GC_EXPLICIT freed 78K, 49% free 2787K/5379K, external 2357K/2773K, paused 51ms
07-26 19:51:19.917  2071  2298 I SYS_MPP : WebtopStatusHandler	onDataActivity()...direction=2
07-26 19:51:19.917  2071  2298 I SYS_MPP : WebtopStatusHandler	updateDataIcon()
07-26 19:51:20.927  2071  2298 I SYS_MPP : WebtopStatusHandler	onDataActivity()...direction=0
07-26 19:51:20.927  2071  2298 I SYS_MPP : WebtopStatusHandler	updateDataIcon()
07-26 19:51:21.477  1499  1676 I         : odm_disp_esd_thread is running(519) state=1
07-26 19:51:21.947  2071  2298 I SYS_MPP : WebtopStatusHandler	onDataActivity()...direction=2
07-26 19:51:21.947  2071  2298 I SYS_MPP : WebtopStatusHandler	updateDataIcon()
07-26 19:51:23.957  2071  2298 I SYS_MPP : WebtopStatusHandler	onDataActivity()...direction=3
07-26 19:51:23.957  2071  2298 I SYS_MPP : WebtopStatusHandler	updateDataIcon()
07-26 19:51:24.327  1224  1224 D dalvikvm: GC_EXPLICIT freed 46K, 49% free 2777K/5379K, external 2357K/2773K, paused 52ms
07-26 19:51:24.967  2071  2298 I SYS_MPP : WebtopStatusHandler	onDataActivity()...direction=2
07-26 19:51:24.967  2071  2298 I SYS_MPP : WebtopStatusHandler	updateDataIcon()
07-26 19:51:25.977  2071  2298 I SYS_MPP : WebtopStatusHandler	onDataActivity()...direction=0
07-26 19:51:25.977  2071  2298 I SYS_MPP : WebtopStatusHandler	updateDataIcon()
07-26 19:51:26.277  3694  3697 D dalvikvm: GC_CONCURRENT freed 1087K, 58% free 3079K/7175K, external 3295K/3819K, paused 3ms+2ms
07-26 19:51:27.987  2071  2298 I SYS_MPP : WebtopStatusHandler	onDataActivity()...direction=3
07-26 19:51:27.987  2071  2298 I SYS_MPP : WebtopStatusHandler	updateDataIcon()
07-26 19:51:29.347   959   959 D dalvikvm: GC_EXPLICIT freed 253K, 49% free 2837K/5511K, external 2357K/2773K, paused 75ms
07-26 19:51:29.997  2071  2298 I SYS_MPP : WebtopStatusHandler	onDataActivity()...direction=2
07-26 19:51:29.997  2071  2298 I SYS_MPP : WebtopStatusHandler	updateDataIcon()
07-26 19:51:30.227  1499  1676 I         : odm_disp_esd_thread is running(520) state=1
07-26 19:51:31.007  2071  2298 I SYS_MPP : WebtopStatusHandler	onDataActivity()...direction=3
07-26 19:51:31.007  2071  2298 I SYS_MPP : WebtopStatusHandler	updateDataIcon()
07-26 19:51:32.017  2071  2298 I SYS_MPP : WebtopStatusHandler	onDataActivity()...direction=0
07-26 19:51:32.017  2071  2298 I SYS_MPP : WebtopStatusHandler	updateDataIcon()
07-26 19:51:33.027  2071  2298 I SYS_MPP : WebtopStatusHandler	onDataActivity()...direction=2
07-26 19:51:33.027  2071  2298 I SYS_MPP : WebtopStatusHandler	updateDataIcon()
07-26 19:51:33.917  3694  3697 D dalvikvm: GC_CONCURRENT freed 1086K, 58% free 3079K/7175K, external 3290K/3819K, paused 3ms+2ms
07-26 19:51:34.037  2071  2298 I SYS_MPP : WebtopStatusHandler	onDataActivity()...direction=0
07-26 19:51:34.037  2071  2298 I SYS_MPP : WebtopStatusHandler	updateDataIcon()
07-26 19:51:34.307  1496  1496 D dalvikvm: GC_EXPLICIT freed 236K, 51% free 3029K/6087K, external 2377K/2773K, paused 36ms
07-26 19:51:35.009  1499  1666 D         : NVRM_DAEMON(479): queue_dispatch_thread() running
07-26 19:51:35.017  1456  1456 I /system/bin/nvrm_daemon: NVRM_DAEMON(479): queue_dispatch_thread() running
07-26 19:51:35.047  2071  2298 I SYS_MPP : WebtopStatusHandler	onDataActivity()...direction=3
07-26 19:51:35.047  2071  2298 I SYS_MPP : WebtopStatusHandler	updateDataIcon()
07-26 19:51:36.057  2071  2298 I SYS_MPP : WebtopStatusHandler	onDataActivity()...direction=0
07-26 19:51:36.057  2071  2298 I SYS_MPP : WebtopStatusHandler	updateDataIcon()
07-26 19:51:38.077  2071  2298 I SYS_MPP : WebtopStatusHandler	onDataActivity()...direction=2
07-26 19:51:38.077  2071  2298 I SYS_MPP : WebtopStatusHandler	updateDataIcon()
07-26 19:51:38.980  1499  1676 I         : odm_disp_esd_thread is running(520) state=1
07-26 19:51:39.087  2071  2298 I SYS_MPP : WebtopStatusHandler	onDataActivity()...direction=0
07-26 19:51:39.087  2071  2298 I SYS_MPP : WebtopStatusHandler	updateDataIcon()
07-26 19:51:39.357  3197  3197 D dalvikvm: GC_EXPLICIT freed 12K, 44% free 4058K/7175K, external 2357K/2773K, paused 68ms
07-26 19:51:40.097  2071  2298 I SYS_MPP : WebtopStatusHandler	onDataActivity()...direction=2
07-26 19:51:40.097  2071  2298 I SYS_MPP : WebtopStatusHandler	updateDataIcon()
07-26 19:51:41.107  2071  2298 I SYS_MPP : WebtopStatusHandler	onDataActivity()...direction=3
07-26 19:51:41.107  2071  2298 I SYS_MPP : WebtopStatusHandler	updateDataIcon()
07-26 19:51:41.547  3694  3697 D dalvikvm: GC_CONCURRENT freed 1110K, 58% free 3083K/7175K, external 3287K/3817K, paused 3ms+3ms
07-26 19:51:43.317  3556  3559 D dalvikvm: GC_CONCURRENT freed 1192K, 49% free 3818K/7431K, external 2357K/2773K, paused 2ms+2ms
07-26 19:51:43.797  1853  1853 D RawRadioSignalLevel: mSignalStrength=SignalStrength: 10 -1 -1 -1 -1 -1 -1 gsm 0 0 0 5 -94 -15, numBars=5
07-26 19:51:43.807  1853  1853 D RawRadioSignalLevel: raw_sig_level=-94,raw_ecno_ber=-15,raw_rat=5
07-26 19:51:43.807  1853  1853 D RawRadioSignalLevel: rscp_iconLevel=3, ecno_iconLevel=2
07-26 19:51:43.807  1853  1853 D RawRadioSignalLevel: iconLevel = 2
07-26 19:51:44.327  3556  3573 D Volley  : [14] BasicNetwork.logSlowRequests: HTTP response for request=<[ ] https://android.clients.google.com/fdfe/selfUpdate 0xe8d195d1 NORMAL 1> [lifetime=54410], [size=9], [rc=200], [retryCount=1]
07-26 19:51:44.407  3556  3556 D Finsky  : [1] SelfUpdateScheduler.checkForSelfUpdate: Skipping DFE self-update. Local Version [80280020] >= Server Version [-1]
07-26 19:51:44.407  3556  3556 D Volley  : [1] Request.finish: 54493 ms: [ ] https://android.clients.google.com/fdfe/selfUpdate 0xe8d195d1 NORMAL 1
07-26 19:51:44.487  3556  3556 W Finsky  : [1] LibraryUpdateListener.onErrorResponse: Library replication failed: com.android.volley.AuthFailureError: User needs to (re)enter credentials.
07-26 19:51:46.117  2071  2298 I SYS_MPP : WebtopStatusHandler	onDataActivity()...direction=0
07-26 19:51:46.117  2071  2298 I SYS_MPP : WebtopStatusHandler	updateDataIcon()
07-26 19:51:47.127  2071  2298 I SYS_MPP : WebtopStatusHandler	onDataActivity()...direction=3
07-26 19:51:47.127  2071  2298 I SYS_MPP : WebtopStatusHandler	updateDataIcon()
07-26 19:51:47.729  1499  1676 I         : odm_disp_esd_thread is running(520) state=1
07-26 19:51:48.137  2071  2298 I SYS_MPP : WebtopStatusHandler	onDataActivity()...direction=0
07-26 19:51:48.137  2071  2298 I SYS_MPP : WebtopStatusHandler	updateDataIcon()
07-26 19:51:48.727 19316 19355 W Launcher: loadWsFromDB
07-26 19:51:49.047 19316 19355 D dalvikvm: GC_EXTERNAL_ALLOC freed 576K, 56% free 3736K/8327K, external 12949K/12950K, paused 50ms
07-26 19:51:49.207 19316 19355 W Launcher: WorkspaceModel - saveModel
07-26 19:51:49.207 19316 19355 W Launcher: saveModel. Exiting because fav_loaded.0 not true
07-26 19:51:49.527  1278  1278 D dalvikvm: GC_EXPLICIT freed 713K, 55% free 2831K/6279K, external 2357K/2773K, paused 40ms
07-26 19:51:49.687  3694  3697 D dalvikvm: GC_CONCURRENT freed 1102K, 58% free 3081K/7175K, external 3289K/3817K, paused 2ms+2ms
07-26 19:51:50.147  2071  2298 I SYS_MPP : WebtopStatusHandler	onDataActivity()...direction=3
07-26 19:51:50.147  2071  2298 I SYS_MPP : WebtopStatusHandler	updateDataIcon()
07-26 19:51:51.157  2071  2298 I SYS_MPP : WebtopStatusHandler	onDataActivity()...direction=0
07-26 19:51:51.157  2071  2298 I SYS_MPP : WebtopStatusHandler	updateDataIcon()
07-26 19:51:51.832  1499  1666 D         : NVRM_DAEMON(479): queue_dispatch_thread() running
07-26 19:51:51.837  1456  1456 I /system/bin/nvrm_daemon: NVRM_DAEMON(479): queue_dispatch_thread() running
07-26 19:51:54.567 10556 10556 D dalvikvm: GC_EXPLICIT freed 50K, 53% free 3437K/7175K, external 2357K/2773K, paused 82ms
07-26 19:51:55.037  3556  3556 W Finsky  : [1] LibraryUpdateListener.onErrorResponse: Library replication failed: com.android.volley.TimeoutError
07-26 19:51:55.037  3556  3556 D Volley  : [1] Request.finish: 10623 ms: [ ] https://android.clients.google.com/fdfe/replicateLibrary 0xe8d195d1 NORMAL 3
07-26 19:51:55.047  3556  3556 D Finsky  : [1] CheckWifiAndAutoUpdate.cancelCheck: Cancelling auto-update wifi check.
07-26 19:51:55.177  2071  2298 I SYS_MPP : WebtopStatusHandler	onDataActivity()...direction=2
07-26 19:51:55.177  2071  2298 I SYS_MPP : WebtopStatusHandler	updateDataIcon()
07-26 19:51:55.477  3556  3559 D dalvikvm: GC_CONCURRENT freed 589K, 43% free 4264K/7431K, external 2357K/2773K, paused 2ms+2ms
07-26 19:51:55.817  3556  3556 W Finsky  : [1] 2.onErrorResponse: Update check failed: com.android.volley.AuthFailureError: User needs to (re)enter credentials.
07-26 19:51:55.827  3556  3556 D Finsky  : [1] DailyHygiene.flushEventLogsAndContinue: Flushing event logs for [aNQgUDKi5LThAXWw15tb9hs0xbM]
07-26 19:51:55.827  3556  3556 D Finsky  : [1] DailyHygiene.flushEventLogsAndContinue: Flushing event logs for [7njqyD07_LF83Q6CdnTDO0kG6CQ]
07-26 19:51:55.837  3556  3556 I dalvikvm: Could not find method android.provider.Settings$Global.getInt, referenced from method com.google.android.vending.verifier.VerifyInstalledPackagesReceiver.isPackageVerifierEnabled
07-26 19:51:55.837  3556  3556 W dalvikvm: VFY: unable to resolve static method 876: Landroid/provider/Settings$Global;.getInt (Landroid/content/ContentResolver;Ljava/lang/String;I)I
07-26 19:51:55.837  3556  3556 D dalvikvm: VFY: replacing opcode 0x71 at 0x000d
07-26 19:51:55.837  3556  3556 D dalvikvm: VFY: dead code 0x0010-0010 in Lcom/google/android/vending/verifier/VerifyInstalledPackagesReceiver;.isPackageVerifierEnabled (Landroid/content/Context;)Z
07-26 19:51:55.837  3556  3556 D Finsky  : [1] DailyHygiene.reschedule: Giving up. (failures=6)
07-26 19:51:55.857  3556  3556 D Finsky  : [1] VerifyInstalledPackagesReceiver.onReceive: Verify installed apps requested
07-26 19:51:55.947  3556  3556 D dalvikvm: DexOpt: couldn't find static field
07-26 19:51:55.957  3556  3556 W dalvikvm: VFY: unable to resolve static field 11491 (THREAD_POOL_EXECUTOR) in Lcom/google/android/vending/verifier/PackageVerificationService$VerifyInstalledPackagesTask;
07-26 19:51:55.957  3556  3556 D dalvikvm: VFY: replacing opcode 0x62 at 0x0006
07-26 19:51:55.957  3556  3556 D dalvikvm: VFY: dead code 0x0008-000d in Lcom/google/android/vending/verifier/PackageVerificationService$VerifyInstalledPackagesTask;.execute ()V
07-26 19:51:55.957  3556  3556 D Finsky  : [1] VerifyInstalledPackagesTask.onPreExecute: Verifying installed apps
07-26 19:51:56.297  3556  3559 D dalvikvm: GC_CONCURRENT freed 1246K, 47% free 4215K/7879K, external 2357K/2773K, paused 2ms+11ms
07-26 19:51:56.427  3556  3746 D Finsky  : [33] VerifyInstalledPackagesTask.doInBackground: Adding at.tomtasche.reader for verification
07-26 19:51:56.437  3556  3746 D Finsky  : [33] VerifyInstalledPackagesTask.doInBackground: Adding com.adobe.reader for verification
