07-25 18:05:59.437  2013  2013 D PhoneApp: [NotificationMgr] updateNetworkSelection()...state = 0 new network 
07-25 18:05:59.447  1657  1683 D MobileDataStateTracker: replacing old mInterfaceName (ppp0) with ppp0 for hipri
07-25 18:05:59.447  2013  2013 D PhoneApp: [NotificationMgr] hideDataDisconnectedRoaming()...
07-25 18:05:59.457  1657  1683 D MobileDataStateTracker: replacing old mInterfaceName (ppp0) with ppp0 for fota
07-25 18:05:59.457  1657  1683 D MobileDataStateTracker: replacing old mInterfaceName (ppp0) with ppp0 for agps
07-25 18:05:59.457  1657  1683 D MobileDataStateTracker: replacing old mInterfaceName (ppp0) with ppp0 for dun
07-25 18:05:59.457  1657  1683 D MobileDataStateTracker: replacing old mInterfaceName (ppp0) with ppp0 for supl
07-25 18:05:59.457 13603 13603 D NetStatUtils: Receive a broadcast: android.intent.action.ANY_DATA_STATE
07-25 18:05:59.457 13603 13603 D NetStatUtils: Received android.intent.action.ANY_DATA_STATE broadcast - state = CONNECTED, unavailable = false
07-25 18:05:59.457 13603 13603 D NetStatUtils: The APN name is: phone and the interface is: ppp0
07-25 18:05:59.457 13603 13603 D NetStatUtils: This APN has been recorded before yet.
07-25 18:05:59.457 13603 13603 D NetStatUtils: This APN has been active yet. the corresponding interface is: ppp0
07-25 18:05:59.467  1657  1683 D MobileDataStateTracker: default Received state= CONNECTED, old= CONNECTED, reason= nwTypeChanged, apnTypeList= default,supl,agps,fota,dun
07-25 18:05:59.467  1657  1683 D NetworkStateTracker: setDetailed state, old =CONNECTED and new state=CONNECTED
07-25 18:06:00.017  2071  2071 I SYS_MPP : WebtopStatusHandler	Time change action: android.intent.action.TIME_TICK
07-25 18:06:00.017  2071  2071 I SYS_MPP : WebtopStatusHandler	xxxxxxx Date long format=Friday, July 25, 2014
07-25 18:06:04.594  1499  1676 I         : odm_disp_esd_thread is running(22) state=1
07-25 18:06:05.137 18020 18020 D dalvikvm: GC_EXPLICIT freed 50K, 43% free 6163K/10631K, external 2357K/2773K, paused 86ms
07-25 18:06:09.427  1657  2023 D ConnectivityService: getMobileDataEnabled returning true
07-25 18:06:09.447  1657  2364 D ConnectivityService: stopUsingNetworkFeature for net 0: enableMMS
07-25 18:06:09.447  1657  2364 D ConnectivityService: ignoring stopUsingNetworkFeature - not a live request
07-25 18:06:09.467  1657  6821 I ActivityManager: No longer want com.google.android.gsf.login (pid 13193): hidden #21
07-25 18:06:10.127  3197  3197 D dalvikvm: GC_EXPLICIT freed 23K, 44% free 4057K/7175K, external 2357K/2773K, paused 69ms
07-25 18:06:10.477  2071  2298 I SYS_MPP : WebtopStatusHandler	onDataActivity()...direction=2
07-25 18:06:10.477  2071  2298 I SYS_MPP : WebtopStatusHandler	updateDataIcon()
07-25 18:06:11.507  2071  2298 I SYS_MPP : WebtopStatusHandler	onDataActivity()...direction=0
07-25 18:06:11.507  2071  2298 I SYS_MPP : WebtopStatusHandler	updateDataIcon()
07-25 18:06:11.697  1657  1683 I WindowManager: Setting rotation to 0, animFlags=0
07-25 18:06:11.717  1657  1683 I ActivityManager: Config changed: { scale=1.0 imsi=310/410 loc=en_US touch=3 keys=1/1/2 nav=1/1 orien=1 layout=268435490 uiMode=17 seq=30}
07-25 18:06:11.797  2046  2046 I AutoSignInService: onConfigurationChanged
07-25 18:06:11.797  2046  2046 I ApnEntitlementService: onConfigurationChanged
07-25 18:06:11.797  2046  2046 I PortalService: onConfigurationChanged
07-25 18:06:11.827  1853  1853 D RawRadioSignalLevel: mSignalStrength=SignalStrength: 0 -1 -1 -1 -1 -1 -1 gsm 0 0 0 5 -121 -31, numBars=5
07-25 18:06:11.827  1853  1853 D RawRadioSignalLevel: raw_sig_level=-121,raw_ecno_ber=-31,raw_rat=5
07-25 18:06:11.827  1853  1853 D RawRadioSignalLevel: rscp_iconLevel=1, ecno_iconLevel=1
07-25 18:06:11.827  1853  1853 D RawRadioSignalLevel: iconLevel = 1
07-25 18:06:12.518  1657  2045 I TelephonyRegistry: notifyServiceState: 1 home domestic null null null  HSPA CSS not supported -1 -1RoamInd: -1DefRoamInd: -1EmergOnly: false
07-25 18:06:12.527  2025  2025 D PollingManager: phone state: 1 home domestic null null null  HSPA CSS not supported -1 -1RoamInd: -1DefRoamInd: -1EmergOnly: false
07-25 18:06:12.527  2071  2298 I SYS_MPP : WebtopStatusHandler	updateDataIcon()
07-25 18:06:12.527  2071  2298 I SYS_MPP : WebtopStatusHandler	sim issue
07-25 18:06:12.537  1853  1853 D StatusBarPolicy: ERI alert sound is disabled.
07-25 18:06:12.567  2071  2298 I SYS_MPP : WebtopStatusHandler	onDataActivity()...direction=2
07-25 18:06:12.567  2071  2298 I SYS_MPP : WebtopStatusHandler	updateDataIcon()
07-25 18:06:12.567  2071  2298 I SYS_MPP : WebtopStatusHandler	sim issue
07-25 18:06:12.567  2013  2013 D PhoneApp: [NotificationMgr] updateNetworkSelection()...state = 1 new network 
07-25 18:06:12.617 10440 10440 I TransactionService: MMS-STATUS - start transaction service, app version=STABLE4.user.4.5.141.2.3.6.Blur_Version.4.5.141.MB860.ATT.en.US.Mon Dec 12 12:42:46 CST 2011 (log=false) (apn=false) (config=false)
07-25 18:06:12.617 10440 10440 I SmsReceiverService: MMS-STATUS - start sms receiver service, app version=STABLE4.user.4.5.141.2.3.6.Blur_Version.4.5.141.MB860.ATT.en.US.Mon Dec 12 12:42:46 CST 2011 (log=false) (apn=false) (config=false)
07-25 18:06:13.349  1499  1676 I         : odm_disp_esd_thread is running(5) state=1
07-25 18:06:13.577  2071  2298 I SYS_MPP : WebtopStatusHandler	onDataActivity()...direction=0
07-25 18:06:13.577  2071  2298 I SYS_MPP : WebtopStatusHandler	updateDataIcon()
07-25 18:06:13.577  2071  2298 I SYS_MPP : WebtopStatusHandler	sim issue
