07-23 14:13:57.714  3641  3641 I WeatherUtil: Broadcast received Intent { act=com.motorola.blur.weather.LOCATION_UPDATE_GUARD flg=0x4 (has extras) }
07-23 14:13:57.714  3641  3641 I WeatherUtil: Calling cancelLocationUpdate
07-23 14:13:57.714  3641  3641 I WeatherUtil: cancelLocationUpdate
07-23 14:13:57.714  3641  3641 I WeatherUtil: Broadcast received Intent { act=com.motorola.blur.weather.LOCATION_UPDATE_GUARD flg=0x4 (has extras) }
07-23 14:13:57.714  3641  3641 I WeatherUtil: Calling cancelLocationUpdate
07-23 14:13:57.714  3641  3641 I WeatherUtil: cancelLocationUpdate
07-23 14:13:57.724  3641  3641 I WeatherUtil: Broadcast received Intent { act=com.motorola.blur.weather.LOCATION_UPDATE_GUARD flg=0x4 (has extras) }
07-23 14:13:57.724  3641  3641 I WeatherUtil: Calling cancelLocationUpdate
07-23 14:13:57.724  3641  3641 I WeatherUtil: cancelLocationUpdate
07-23 14:13:57.734  3641  3641 I WeatherUtil: Broadcast received Intent { act=com.motorola.blur.weather.LOCATION_UPDATE_GUARD flg=0x4 (has extras) }
07-23 14:13:57.734  3641  3641 I WeatherUtil: Calling cancelLocationUpdate
07-23 14:13:57.734  3641  3641 I WeatherUtil: cancelLocationUpdate
07-23 14:13:57.744  3641  3641 I WeatherUtil: Broadcast received Intent { act=com.motorola.blur.weather.LOCATION_UPDATE_GUARD flg=0x4 (has extras) }
07-23 14:13:57.744  3641  3641 I WeatherUtil: Calling cancelLocationUpdate
07-23 14:13:57.744  3641  3641 I WeatherUtil: cancelLocationUpdate
07-23 14:13:57.744  3641  3641 I WeatherUtil: Broadcast received Intent { act=com.motorola.blur.weather.LOCATION_UPDATE_GUARD flg=0x4 (has extras) }
07-23 14:13:57.744  3641  3641 I WeatherUtil: Calling cancelLocationUpdate
07-23 14:13:57.744  3641  3641 I WeatherUtil: cancelLocationUpdate
07-23 14:13:57.764  3641  3641 I WeatherUtil: Broadcast received Intent { act=com.motorola.blur.weather.LOCATION_UPDATE_GUARD flg=0x4 (has extras) }
07-23 14:13:57.764  3641  3641 I WeatherUtil: Calling cancelLocationUpdate
07-23 14:13:57.764  3641  3641 I WeatherUtil: cancelLocationUpdate
07-23 14:13:57.764  3641  3641 I WeatherUtil: Broadcast received Intent { act=com.motorola.blur.weather.LOCATION_UPDATE_GUARD flg=0x4 (has extras) }
07-23 14:13:57.764  3641  3641 I WeatherUtil: Calling cancelLocationUpdate
07-23 14:13:57.764  3641  3641 I WeatherUtil: cancelLocationUpdate
07-23 14:13:57.774  3641  3641 I WeatherUtil: Broadcast received Intent { act=com.motorola.blur.weather.LOCATION_UPDATE_GUARD flg=0x4 (has extras) }
07-23 14:13:57.774  3641  3641 I WeatherUtil: Calling cancelLocationUpdate
07-23 14:13:57.774  3641  3641 I WeatherUtil: cancelLocationUpdate
07-23 14:13:57.784  3641  3641 I WeatherUtil: Broadcast received Intent { act=com.motorola.blur.weather.LOCATION_UPDATE_GUARD flg=0x4 (has extras) }
07-23 14:13:57.784  3641  3641 I WeatherUtil: Calling cancelLocationUpdate
07-23 14:13:57.784  3641  3641 I WeatherUtil: cancelLocationUpdate
07-23 14:13:57.784  3641  3641 I WeatherUtil: Broadcast received Intent { act=com.motorola.blur.weather.LOCATION_UPDATE_GUARD flg=0x4 (has extras) }
07-23 14:13:57.784  3641  3641 I WeatherUtil: Calling cancelLocationUpdate
07-23 14:13:57.784  3641  3641 I WeatherUtil: cancelLocationUpdate
07-23 14:13:57.794  3641  3641 I WeatherUtil: Broadcast received Intent { act=com.motorola.blur.weather.LOCATION_UPDATE_GUARD flg=0x4 (has extras) }
07-23 14:13:57.794  3641  3641 I WeatherUtil: Calling cancelLocationUpdate
07-23 14:13:57.794  3641  3641 I WeatherUtil: cancelLocationUpdate
07-23 14:13:57.794  3641  3641 I WeatherUtil: Broadcast received Intent { act=com.motorola.blur.weather.LOCATION_UPDATE_GUARD flg=0x4 (has extras) }
07-23 14:13:57.794  3641  3641 I WeatherUtil: Calling cancelLocationUpdate
07-23 14:13:57.794  3641  3641 I WeatherUtil: cancelLocationUpdate
07-23 14:13:57.794  3641  3641 I WeatherUtil: Broadcast received Intent { act=com.motorola.blur.weather.LOCATION_UPDATE_GUARD flg=0x4 (has extras) }
07-23 14:13:57.794  3641  3641 I WeatherUtil: Calling cancelLocationUpdate
07-23 14:13:57.794  3641  3641 I WeatherUtil: cancelLocationUpdate
07-23 14:13:57.794  3641  3641 I WeatherUtil: Broadcast received Intent { act=com.motorola.blur.weather.LOCATION_UPDATE_GUARD flg=0x4 (has extras) }
07-23 14:13:57.804  3641  3641 I WeatherUtil: Calling cancelLocationUpdate
07-23 14:13:57.804  3641  3641 I WeatherUtil: cancelLocationUpdate
07-23 14:13:57.804  3641  3641 I WeatherUtil: Broadcast received Intent { act=com.motorola.blur.weather.LOCATION_UPDATE_GUARD flg=0x4 (has extras) }
07-23 14:13:57.804  3641  3641 I WeatherUtil: Calling cancelLocationUpdate
07-23 14:13:57.804  3641  3641 I WeatherUtil: cancelLocationUpdate
07-23 14:13:57.814  3641  3641 I WeatherUtil: Broadcast received Intent { act=com.motorola.blur.weather.LOCATION_UPDATE_GUARD flg=0x4 (has extras) }
07-23 14:13:57.814  3641  3641 I WeatherUtil: Calling cancelLocationUpdate
07-23 14:13:57.814  3641  3641 I WeatherUtil: cancelLocationUpdate
07-23 14:13:57.814  3641  3641 I WeatherUtil: Broadcast received Intent { act=com.motorola.blur.weather.LOCATION_UPDATE_GUARD flg=0x4 (has extras) }
07-23 14:13:57.814  3641  3641 I WeatherUtil: Calling cancelLocationUpdate
07-23 14:13:57.814  3641  3641 I WeatherUtil: cancelLocationUpdate
07-23 14:13:57.814  3641  3641 I WeatherUtil: Broadcast received Intent { act=com.motorola.blur.weather.LOCATION_UPDATE_GUARD flg=0x4 (has extras) }
07-23 14:13:57.814  3641  3641 I WeatherUtil: Calling cancelLocationUpdate
07-23 14:13:57.814  3641  3641 I WeatherUtil: cancelLocationUpdate
07-23 14:13:57.824  3641  3641 I WeatherUtil: Broadcast received Intent { act=com.motorola.blur.weather.LOCATION_UPDATE_GUARD flg=0x4 (has extras) }
07-23 14:13:57.824  3641  3641 I WeatherUtil: Calling cancelLocationUpdate
07-23 14:13:57.824  3641  3641 I WeatherUtil: cancelLocationUpdate
07-23 14:13:57.824  3641  3641 I WeatherUtil: Broadcast received Intent { act=com.motorola.blur.weather.LOCATION_UPDATE_GUARD flg=0x4 (has extras) }
07-23 14:13:57.824  3641  3641 I WeatherUtil: Calling cancelLocationUpdate
07-23 14:13:57.824  3641  3641 I WeatherUtil: cancelLocationUpdate
07-23 14:13:57.824  3641  3641 I WeatherUtil: Broadcast received Intent { act=com.motorola.blur.weather.LOCATION_UPDATE_GUARD flg=0x4 (has extras) }
07-23 14:13:57.824  3641  3641 I WeatherUtil: Calling cancelLocationUpdate
07-23 14:13:57.824  3641  3641 I WeatherUtil: cancelLocationUpdate
07-23 14:13:57.824  3641  3641 I WeatherUtil: Broadcast received Intent { act=com.motorola.blur.weather.LOCATION_UPDATE_GUARD flg=0x4 (has extras) }
07-23 14:13:57.824  3641  3641 I WeatherUtil: Calling cancelLocationUpdate
07-23 14:13:57.824  3641  3641 I WeatherUtil: cancelLocationUpdate
07-23 14:13:57.834  3641  3641 I WeatherUtil: Broadcast received Intent { act=com.motorola.blur.weather.LOCATION_UPDATE_GUARD flg=0x4 (has extras) }
07-23 14:13:57.834  3641  3641 I WeatherUtil: Calling cancelLocationUpdate
07-23 14:13:57.834  3641  3641 I WeatherUtil: cancelLocationUpdate
07-23 14:13:57.834  3641  3641 I WeatherUtil: Broadcast received Intent { act=com.motorola.blur.weather.LOCATION_UPDATE_GUARD flg=0x4 (has extras) }
07-23 14:13:57.834  3641  3641 I WeatherUtil: Calling cancelLocationUpdate
07-23 14:13:57.834  3641  3641 I WeatherUtil: cancelLocationUpdate
07-23 14:13:57.844  3641  3641 I WeatherUtil: Broadcast received Intent { act=com.motorola.blur.weather.LOCATION_UPDATE_GUARD flg=0x4 (has extras) }
07-23 14:13:57.844  3641  3641 I WeatherUtil: Calling cancelLocationUpdate
07-23 14:13:57.844  3641  3641 I WeatherUtil: cancelLocationUpdate
07-23 14:13:57.844  3641  3641 I WeatherUtil: Broadcast received Intent { act=com.motorola.blur.weather.LOCATION_UPDATE_GUARD flg=0x4 (has extras) }
07-23 14:13:57.844  3641  3641 I WeatherUtil: Calling cancelLocationUpdate
07-23 14:13:57.844  3641  3641 I WeatherUtil: cancelLocationUpdate
07-23 14:13:57.844  3641  3641 I WeatherUtil: Broadcast received Intent { act=com.motorola.blur.weather.LOCATION_UPDATE_GUARD flg=0x4 (has extras) }
07-23 14:13:57.844  3641  3641 I WeatherUtil: Calling cancelLocationUpdate
07-23 14:13:57.844  3641  3641 I WeatherUtil: cancelLocationUpdate
07-23 14:13:57.844  3641  3641 I WeatherUtil: Broadcast received Intent { act=com.motorola.blur.weather.LOCATION_UPDATE_GUARD flg=0x4 (has extras) }
07-23 14:13:57.844  3641  3641 I WeatherUtil: Calling cancelLocationUpdate
07-23 14:13:57.844  3641  3641 I WeatherUtil: cancelLocationUpdate
07-23 14:13:57.854  3641  3641 I WeatherUtil: Broadcast received Intent { act=com.motorola.blur.weather.LOCATION_UPDATE_GUARD flg=0x4 (has extras) }
07-23 14:13:57.854  3641  3641 I WeatherUtil: Calling cancelLocationUpdate
07-23 14:13:57.854  3641  3641 I WeatherUtil: cancelLocationUpdate
07-23 14:13:57.854  3641  3641 I WeatherUtil: Broadcast received Intent { act=com.motorola.blur.weather.LOCATION_UPDATE_GUARD flg=0x4 (has extras) }
07-23 14:13:57.854  3641  3641 I WeatherUtil: Calling cancelLocationUpdate
07-23 14:13:57.854  3641  3641 I WeatherUtil: cancelLocationUpdate
07-23 14:13:57.864  3641  3641 I WeatherUtil: Broadcast received Intent { act=com.motorola.blur.weather.LOCATION_UPDATE_GUARD flg=0x4 (has extras) }
07-23 14:13:57.864  3641  3641 I WeatherUtil: Calling cancelLocationUpdate
07-23 14:13:57.864  3641  3641 I WeatherUtil: cancelLocationUpdate
07-23 14:13:57.864  3641  3641 I WeatherUtil: Broadcast received Intent { act=com.motorola.blur.weather.LOCATION_UPDATE_GUARD flg=0x4 (has extras) }
07-23 14:13:57.864  3641  3641 I WeatherUtil: Calling cancelLocationUpdate
07-23 14:13:57.864  3641  3641 I WeatherUtil: cancelLocationUpdate
07-23 14:13:57.864  3641  3641 I WeatherUtil: Broadcast received Intent { act=com.motorola.blur.weather.LOCATION_UPDATE_GUARD flg=0x4 (has extras) }
07-23 14:13:57.864  3641  3641 I WeatherUtil: Calling cancelLocationUpdate
07-23 14:13:57.864  3641  3641 I WeatherUtil: cancelLocationUpdate
07-23 14:13:57.874  3641  3641 I WeatherUtil: Broadcast received Intent { act=com.motorola.blur.weather.LOCATION_UPDATE_GUARD flg=0x4 (has extras) }
07-23 14:13:57.874  3641  3641 I WeatherUtil: Calling cancelLocationUpdate
07-23 14:13:57.874  3641  3641 I WeatherUtil: cancelLocationUpdate
07-23 14:13:57.874  3641  3641 I WeatherUtil: Broadcast received Intent { act=com.motorola.blur.weather.LOCATION_UPDATE_GUARD flg=0x4 (has extras) }
07-23 14:13:57.874  3641  3641 I WeatherUtil: Calling cancelLocationUpdate
07-23 14:13:57.874  3641  3641 I WeatherUtil: cancelLocationUpdate
07-23 14:13:57.874  3641  3641 I WeatherUtil: Broadcast received Intent { act=com.motorola.blur.weather.LOCATION_UPDATE_GUARD flg=0x4 (has extras) }
07-23 14:13:57.874  3641  3641 I WeatherUtil: Calling cancelLocationUpdate
07-23 14:13:57.874  3641  3641 I WeatherUtil: cancelLocationUpdate
07-23 14:13:57.884  3641  3641 I WeatherUtil: Broadcast received Intent { act=com.motorola.blur.weather.LOCATION_UPDATE_GUARD flg=0x4 (has extras) }
07-23 14:13:57.884  3641  3641 I WeatherUtil: Calling cancelLocationUpdate
07-23 14:13:57.884  3641  3641 I WeatherUtil: cancelLocationUpdate
07-23 14:13:57.884  3641  3641 I WeatherUtil: Broadcast received Intent { act=com.motorola.blur.weather.LOCATION_UPDATE_GUARD flg=0x4 (has extras) }
07-23 14:13:57.884  3641  3641 I WeatherUtil: Calling cancelLocationUpdate
07-23 14:13:57.884  3641  3641 I WeatherUtil: cancelLocationUpdate
07-23 14:13:57.884  3641  3641 I WeatherUtil: Broadcast received Intent { act=com.motorola.blur.weather.LOCATION_UPDATE_GUARD flg=0x4 (has extras) }
07-23 14:13:57.884  3641  3641 I WeatherUtil: Calling cancelLocationUpdate
07-23 14:13:57.894  3641  3641 I WeatherUtil: cancelLocationUpdate
07-23 14:13:57.894  3641  3641 I WeatherUtil: Broadcast received Intent { act=com.motorola.blur.weather.LOCATION_UPDATE_GUARD flg=0x4 (has extras) }
07-23 14:13:57.894  3641  3641 I WeatherUtil: Calling cancelLocationUpdate
07-23 14:13:57.894  3641  3641 I WeatherUtil: cancelLocationUpdate
07-23 14:13:57.894  3641  3641 I WeatherUtil: Broadcast received Intent { act=com.motorola.blur.weather.LOCATION_UPDATE_GUARD flg=0x4 (has extras) }
07-23 14:13:57.894  3641  3641 I WeatherUtil: Calling cancelLocationUpdate
07-23 14:13:57.894  3641  3641 I WeatherUtil: cancelLocationUpdate
07-23 14:13:57.894  3641  3641 I WeatherUtil: Broadcast received Intent { act=com.motorola.blur.weather.LOCATION_UPDATE_GUARD flg=0x4 (has extras) }
07-23 14:13:57.894  3641  3641 I WeatherUtil: Calling cancelLocationUpdate
07-23 14:13:57.894  3641  3641 I WeatherUtil: cancelLocationUpdate
07-23 14:13:57.904  3641  3641 I WeatherUtil: Broadcast received Intent { act=com.motorola.blur.weather.LOCATION_UPDATE_GUARD flg=0x4 (has extras) }
07-23 14:13:57.904  3641  3641 I WeatherUtil: Calling cancelLocationUpdate
07-23 14:13:57.904  3641  3641 I WeatherUtil: cancelLocationUpdate
07-23 14:13:57.904  3641  3641 I WeatherUtil: Broadcast received Intent { act=com.motorola.blur.weather.LOCATION_UPDATE_GUARD flg=0x4 (has extras) }
07-23 14:13:57.904  3641  3641 I WeatherUtil: Calling cancelLocationUpdate
07-23 14:13:57.904  3641  3641 I WeatherUtil: cancelLocationUpdate
07-23 14:13:57.914  3641  3641 I WeatherUtil: Broadcast received Intent { act=com.motorola.blur.weather.LOCATION_UPDATE_GUARD flg=0x4 (has extras) }
07-23 14:13:57.914  3641  3641 I WeatherUtil: Calling cancelLocationUpdate
07-23 14:13:57.914  3641  3641 I WeatherUtil: cancelLocationUpdate
07-23 14:13:57.914  3641  3641 I WeatherUtil: Broadcast received Intent { act=com.motorola.blur.weather.LOCATION_UPDATE_GUARD flg=0x4 (has extras) }
07-23 14:13:57.914  3641  3641 I WeatherUtil: Calling cancelLocationUpdate
07-23 14:13:57.914  3641  3641 I WeatherUtil: cancelLocationUpdate
07-23 14:13:57.914  3641  3641 I WeatherUtil: Broadcast received Intent { act=com.motorola.blur.weather.LOCATION_UPDATE_GUARD flg=0x4 (has extras) }
07-23 14:13:57.914  3641  3641 I WeatherUtil: Calling cancelLocationUpdate
07-23 14:13:57.914  3641  3641 I WeatherUtil: cancelLocationUpdate
07-23 14:13:57.924  3641  3641 I WeatherUtil: Broadcast received Intent { act=com.motorola.blur.weather.LOCATION_UPDATE_GUARD flg=0x4 (has extras) }
07-23 14:13:57.924  3641  3641 I WeatherUtil: Calling cancelLocationUpdate
07-23 14:13:57.924  3641  3641 I WeatherUtil: cancelLocationUpdate
07-23 14:13:57.924  3641  3641 I WeatherUtil: Broadcast received Intent { act=com.motorola.blur.weather.LOCATION_UPDATE_GUARD flg=0x4 (has extras) }
07-23 14:13:57.924  3641  3641 I WeatherUtil: Calling cancelLocationUpdate
07-23 14:13:57.924  3641  3641 I WeatherUtil: cancelLocationUpdate
07-23 14:13:57.924  3641  3641 I WeatherUtil: Broadcast received Intent { act=com.motorola.blur.weather.LOCATION_UPDATE_GUARD flg=0x4 (has extras) }
07-23 14:13:57.924  3641  3641 I WeatherUtil: Calling cancelLocationUpdate
07-23 14:13:57.934  3641  3641 I WeatherUtil: cancelLocationUpdate
07-23 14:13:57.934  3641  3641 I WeatherUtil: Broadcast received Intent { act=com.motorola.blur.weather.LOCATION_UPDATE_GUARD flg=0x4 (has extras) }
07-23 14:13:57.934  3641  3641 I WeatherUtil: Calling cancelLocationUpdate
07-23 14:13:57.934  3641  3641 I WeatherUtil: cancelLocationUpdate
07-23 14:13:57.934  3641  3641 I WeatherUtil: Broadcast received Intent { act=com.motorola.blur.weather.LOCATION_UPDATE_GUARD flg=0x4 (has extras) }
07-23 14:13:57.934  3641  3641 I WeatherUtil: Calling cancelLocationUpdate
07-23 14:13:57.934  3641  3641 I WeatherUtil: cancelLocationUpdate
07-23 14:13:57.944  3641  3641 I WeatherUtil: Broadcast received Intent { act=com.motorola.blur.weather.LOCATION_UPDATE_GUARD flg=0x4 (has extras) }
07-23 14:13:57.944  3641  3641 I WeatherUtil: Calling cancelLocationUpdate
07-23 14:13:57.944  3641  3641 I WeatherUtil: cancelLocationUpdate
07-23 14:13:57.944  3641  3641 I WeatherUtil: Broadcast received Intent { act=com.motorola.blur.weather.LOCATION_UPDATE_GUARD flg=0x4 (has extras) }
07-23 14:13:57.944  3641  3641 I WeatherUtil: Calling cancelLocationUpdate
07-23 14:13:57.944  3641  3641 I WeatherUtil: cancelLocationUpdate
07-23 14:13:57.944  3641  3641 I WeatherUtil: Broadcast received Intent { act=com.motorola.blur.weather.LOCATION_UPDATE_GUARD flg=0x4 (has extras) }
07-23 14:13:57.944  3641  3641 I WeatherUtil: Calling cancelLocationUpdate
07-23 14:13:57.944  3641  3641 I WeatherUtil: cancelLocationUpdate
07-23 14:13:57.944  3641  3641 I WeatherUtil: Broadcast received Intent { act=com.motorola.blur.weather.LOCATION_UPDATE_GUARD flg=0x4 (has extras) }
07-23 14:13:57.944  3641  3641 I WeatherUtil: Calling cancelLocationUpdate
07-23 14:13:57.944  3641  3641 I WeatherUtil: cancelLocationUpdate
07-23 14:13:57.954  3641  3641 I WeatherUtil: Broadcast received Intent { act=com.motorola.blur.weather.LOCATION_UPDATE_GUARD flg=0x4 (has extras) }
07-23 14:13:57.954  3641  3641 I WeatherUtil: Calling cancelLocationUpdate
07-23 14:13:57.954  3641  3641 I WeatherUtil: cancelLocationUpdate
07-23 14:13:57.954  3641  3641 I WeatherUtil: Broadcast received Intent { act=com.motorola.blur.weather.LOCATION_UPDATE_GUARD flg=0x4 (has extras) }
07-23 14:13:57.954  3641  3641 I WeatherUtil: Calling cancelLocationUpdate
07-23 14:13:57.954  3641  3641 I WeatherUtil: cancelLocationUpdate
07-23 14:13:57.964  3641  3641 I WeatherUtil: Broadcast received Intent { act=com.motorola.blur.weather.LOCATION_UPDATE_GUARD flg=0x4 (has extras) }
07-23 14:13:57.964  3641  3641 I WeatherUtil: Calling cancelLocationUpdate
07-23 14:13:57.964  3641  3641 I WeatherUtil: cancelLocationUpdate
07-23 14:13:57.964  3641  3641 I WeatherUtil: Broadcast received Intent { act=com.motorola.blur.weather.LOCATION_UPDATE_GUARD flg=0x4 (has extras) }
07-23 14:13:57.964  3641  3641 I WeatherUtil: Calling cancelLocationUpdate
07-23 14:13:57.964  3641  3641 I WeatherUtil: cancelLocationUpdate
07-23 14:13:57.964  3641  3641 I WeatherUtil: Broadcast received Intent { act=com.motorola.blur.weather.LOCATION_UPDATE_GUARD flg=0x4 (has extras) }
07-23 14:13:57.964  3641  3641 I WeatherUtil: Calling cancelLocationUpdate
07-23 14:13:57.964  3641  3641 I WeatherUtil: cancelLocationUpdate
07-23 14:13:57.974  3641  3641 I WeatherUtil: Broadcast received Intent { act=com.motorola.blur.weather.LOCATION_UPDATE_GUARD flg=0x4 (has extras) }
07-23 14:13:57.974  3641  3641 I WeatherUtil: Calling cancelLocationUpdate
07-23 14:13:57.974  3641  3641 I WeatherUtil: cancelLocationUpdate
07-23 14:13:57.974  3641  3641 I WeatherUtil: Broadcast received Intent { act=com.motorola.blur.weather.LOCATION_UPDATE_GUARD flg=0x4 (has extras) }
07-23 14:13:57.974  3641  3641 I WeatherUtil: Calling cancelLocationUpdate
07-23 14:13:57.974  3641  3641 I WeatherUtil: cancelLocationUpdate
07-23 14:13:57.974  3641  3641 I WeatherUtil: Broadcast received Intent { act=com.motorola.blur.weather.LOCATION_UPDATE_GUARD flg=0x4 (has extras) }
07-23 14:13:57.974  3641  3641 I WeatherUtil: Calling cancelLocationUpdate
07-23 14:13:57.974  3641  3641 I WeatherUtil: cancelLocationUpdate
07-23 14:13:57.984  3641  3641 I WeatherUtil: Broadcast received Intent { act=com.motorola.blur.weather.LOCATION_UPDATE_GUARD flg=0x4 (has extras) }
07-23 14:13:57.984  3641  3641 I WeatherUtil: Calling cancelLocationUpdate
07-23 14:13:57.984  3641  3641 I WeatherUtil: cancelLocationUpdate
07-23 14:13:57.984  3641  3641 I WeatherUtil: Broadcast received Intent { act=com.motorola.blur.weather.LOCATION_UPDATE_GUARD flg=0x4 (has extras) }
07-23 14:13:57.984  3641  3641 I WeatherUtil: Calling cancelLocationUpdate
07-23 14:13:57.984  3641  3641 I WeatherUtil: cancelLocationUpdate
07-23 14:13:58.244  1833  1833 D RawRadioSignalLevel: mSignalStrength=SignalStrength: 8 -1 -1 -1 -1 -1 -1 gsm 0 0 0 5 -98 -13, numBars=5
07-23 14:13:58.244  1833  1833 D RawRadioSignalLevel: raw_sig_level=-98,raw_ecno_ber=-13,raw_rat=5
07-23 14:13:58.244  1833  1833 D RawRadioSignalLevel: rscp_iconLevel=3, ecno_iconLevel=3
07-23 14:13:58.244  1833  1833 D RawRadioSignalLevel: iconLevel = 3
07-23 14:13:59.615  1466  1646 D         : NVRM_DAEMON(479): queue_dispatch_thread() running
07-23 14:13:59.624  1456  1456 I /system/bin/nvrm_daemon: NVRM_DAEMON(479): queue_dispatch_thread() running
07-23 14:13:59.944  1466  1658 I         : odm_disp_esd_thread is running(521) state=1
07-23 14:14:00.014  2141  2141 I SYS_MPP : WebtopStatusHandler	Time change action: android.intent.action.TIME_TICK
07-23 14:14:00.014  2141  2141 I SYS_MPP : WebtopStatusHandler	xxxxxxx Date long format=Wednesday, July 23, 2014
07-23 14:14:01.254  1833  1833 D RawRadioSignalLevel: mSignalStrength=SignalStrength: 9 -1 -1 -1 -1 -1 -1 gsm 0 0 0 5 -95 -15, numBars=5
07-23 14:14:01.254  1833  1833 D RawRadioSignalLevel: raw_sig_level=-95,raw_ecno_ber=-15,raw_rat=5
07-23 14:14:01.254  1833  1833 D RawRadioSignalLevel: rscp_iconLevel=3, ecno_iconLevel=2
07-23 14:14:01.254  1833  1833 D RawRadioSignalLevel: iconLevel = 2
07-23 14:14:04.224  1833  1833 D RawRadioSignalLevel: mSignalStrength=SignalStrength: 10 -1 -1 -1 -1 -1 -1 gsm 0 0 0 5 -94 -15, numBars=5
07-23 14:14:04.224  1833  1833 D RawRadioSignalLevel: raw_sig_level=-94,raw_ecno_ber=-15,raw_rat=5
07-23 14:14:04.224  1833  1833 D RawRadioSignalLevel: rscp_iconLevel=3, ecno_iconLevel=2
07-23 14:14:04.224  1833  1833 D RawRadioSignalLevel: iconLevel = 2
07-23 14:14:08.695  1466  1658 I         : odm_disp_esd_thread is running(521) state=1
07-23 14:14:09.414  2141  2354 I SYS_MPP : WebtopStatusHandler	onDataActivity()...direction=2
07-23 14:14:09.414  2141  2354 I SYS_MPP : WebtopStatusHandler	updateDataIcon()
07-23 14:14:09.454  2010  2010 D PollingManager: phone state: 0 home domestic AT&T AT&T 310410  UMTS CSS not supported -1 -1RoamInd: -1DefRoamInd: -1EmergOnly: false
07-23 14:14:09.454  2141  2354 I SYS_MPP : WebtopStatusHandler	updateDataIcon()
07-23 14:14:09.454  1637  2120 I TelephonyRegistry: notifyServiceState: 0 home domestic AT&T AT&T 310410  UMTS CSS not supported -1 -1RoamInd: -1DefRoamInd: -1EmergOnly: false
07-23 14:14:09.494  1637  2062 I TelephonyRegistry: notifyDataConnection: state=2 isDataConnectivityPossible=true reason=nwTypeChanged interfaceName=ppp0 networkType=3
07-23 14:14:09.504  2141  2354 I SYS_MPP : WebtopStatusHandler	updateDataIcon()
07-23 14:14:09.524  2004  2004 D PhoneApp: [NotificationMgr] updateNetworkSelection()...state = 0 new network 
07-23 14:14:09.534  3555  3555 I TransactionService: MMS-STATUS - start transaction service, app version=STABLE4.user.4.5.141.2.3.6.Blur_Version.4.5.141.MB860.ATT.en.US.Mon Dec 12 12:42:46 CST 2011 (log=false) (apn=false) (config=false)
07-23 14:14:09.534  3555  3555 I SmsReceiverService: MMS-STATUS - start sms receiver service, app version=STABLE4.user.4.5.141.2.3.6.Blur_Version.4.5.141.MB860.ATT.en.US.Mon Dec 12 12:42:46 CST 2011 (log=false) (apn=false) (config=false)
07-23 14:14:09.544  1637  1665 D MobileDataStateTracker: replacing old mInterfaceName (ppp0) with ppp0 for hipri
07-23 14:14:09.554  2004  2004 D PhoneApp: [NotificationMgr] hideDataDisconnectedRoaming()...
07-23 14:14:09.554  1637  1665 D MobileDataStateTracker: replacing old mInterfaceName (ppp0) with ppp0 for fota
07-23 14:14:09.554  1833  1833 D StatusBarPolicy: ERI alert sound is disabled.
07-23 14:14:09.564  5762  5762 D NetStatUtils: Receive a broadcast: android.intent.action.ANY_DATA_STATE
07-23 14:14:09.564  5762  5762 D NetStatUtils: Received android.intent.action.ANY_DATA_STATE broadcast - state = CONNECTED, unavailable = false
07-23 14:14:09.564  5762  5762 D NetStatUtils: The APN name is: phone and the interface is: ppp0
07-23 14:14:09.564  5762  5762 D NetStatUtils: This APN has been recorded before yet.
07-23 14:14:09.564  5762  5762 D NetStatUtils: This APN has been active yet. the corresponding interface is: ppp0
07-23 14:14:09.564  1833  1833 D RawRadioSignalLevel: mSignalStrength=SignalStrength: 10 -1 -1 -1 -1 -1 -1 gsm 0 0 0 5 -94 -15, numBars=5
07-23 14:14:09.574  1637  1665 D MobileDataStateTracker: replacing old mInterfaceName (ppp0) with ppp0 for agps
07-23 14:14:09.574  1833  1833 D RawRadioSignalLevel: raw_sig_level=-94,raw_ecno_ber=-15,raw_rat=5
07-23 14:14:09.574  1833  1833 D RawRadioSignalLevel: rscp_iconLevel=3, ecno_iconLevel=2
07-23 14:14:09.574  1833  1833 D RawRadioSignalLevel: iconLevel = 2
07-23 14:14:09.574  1637  1665 D MobileDataStateTracker: replacing old mInterfaceName (ppp0) with ppp0 for dun
07-23 14:14:09.584  1637  1665 D MobileDataStateTracker: replacing old mInterfaceName (ppp0) with ppp0 for supl
07-23 14:14:09.594  1637  1665 D MobileDataStateTracker: default Received state= CONNECTED, old= CONNECTED, reason= nwTypeChanged, apnTypeList= default,supl,agps,fota,dun
07-23 14:14:09.594  1637  1665 D NetworkStateTracker: setDetailed state, old =CONNECTED and new state=CONNECTED
07-23 14:14:10.424  2141  2354 I SYS_MPP : WebtopStatusHandler	onDataActivity()...direction=0
07-23 14:14:10.424  2141  2354 I SYS_MPP : WebtopStatusHandler	updateDataIcon()
07-23 14:14:10.484  1833  1833 D RawRadioSignalLevel: mSignalStrength=SignalStrength: 11 -1 -1 -1 -1 -1 -1 gsm 0 0 0 5 -92 -10, numBars=5
07-23 14:14:10.484  1833  1833 D RawRadioSignalLevel: raw_sig_level=-92,raw_ecno_ber=-10,raw_rat=5
07-23 14:14:10.484  1833  1833 D RawRadioSignalLevel: rscp_iconLevel=3, ecno_iconLevel=4
07-23 14:14:10.484  1833  1833 D RawRadioSignalLevel: iconLevel = 3
07-23 14:14:11.214  1637  2375 I TelephonyRegistry: notifyServiceState: 0 home domestic AT&T AT&T 310410  HSPA CSS not supported -1 -1RoamInd: -1DefRoamInd: -1EmergOnly: false
07-23 14:14:11.224  2010  2010 D PollingManager: phone state: 0 home domestic AT&T AT&T 310410  HSPA CSS not supported -1 -1RoamInd: -1DefRoamInd: -1EmergOnly: false
07-23 14:14:11.224  2141  2354 I SYS_MPP : WebtopStatusHandler	updateDataIcon()
07-23 14:14:11.224  1833  1833 D RawRadioSignalLevel: mSignalStrength=SignalStrength: 11 -1 -1 -1 -1 -1 -1 gsm 0 0 0 5 -92 -10, numBars=5
07-23 14:14:11.224  1833  1833 D RawRadioSignalLevel: raw_sig_level=-92,raw_ecno_ber=-10,raw_rat=5
07-23 14:14:11.224  1833  1833 D RawRadioSignalLevel: rscp_iconLevel=3, ecno_iconLevel=4
07-23 14:14:11.224  1833  1833 D RawRadioSignalLevel: iconLevel = 3
07-23 14:14:11.224  1833  1833 D StatusBarPolicy: ERI alert sound is disabled.
07-23 14:14:11.254  1637  2376 I TelephonyRegistry: notifyDataConnection: state=2 isDataConnectivityPossible=true reason=nwTypeChanged interfaceName=ppp0 networkType=10
07-23 14:14:11.264  2141  2354 I SYS_MPP : WebtopStatusHandler	updateDataIcon()
07-23 14:14:11.284  3555  3555 I TransactionService: MMS-STATUS - start transaction service, app version=STABLE4.user.4.5.141.2.3.6.Blur_Version.4.5.141.MB860.ATT.en.US.Mon Dec 12 12:42:46 CST 2011 (log=false) (apn=false) (config=false)
07-23 14:14:11.284  3555  3555 I SmsReceiverService: MMS-STATUS - start sms receiver service, app version=STABLE4.user.4.5.141.2.3.6.Blur_Version.4.5.141.MB860.ATT.en.US.Mon Dec 12 12:42:46 CST 2011 (log=false) (apn=false) (config=false)
07-23 14:14:11.284  2004  2004 D PhoneApp: [NotificationMgr] updateNetworkSelection()...state = 0 new network 
07-23 14:14:11.314  2004  2004 D PhoneApp: [NotificationMgr] hideDataDisconnectedRoaming()...
07-23 14:14:11.314  1637  1665 D MobileDataStateTracker: replacing old mInterfaceName (ppp0) with ppp0 for hipri
07-23 14:14:11.324  5762  5762 D NetStatUtils: Receive a broadcast: android.intent.action.ANY_DATA_STATE
07-23 14:14:11.324  1637  1665 D MobileDataStateTracker: replacing old mInterfaceName (ppp0) with ppp0 for fota
07-23 14:14:11.324  5762  5762 D NetStatUtils: Received android.intent.action.ANY_DATA_STATE broadcast - state = CONNECTED, unavailable = false
07-23 14:14:11.324  5762  5762 D NetStatUtils: The APN name is: phone and the interface is: ppp0
07-23 14:14:11.324  5762  5762 D NetStatUtils: This APN has been recorded before yet.
07-23 14:14:11.334  1637  1665 D MobileDataStateTracker: replacing old mInterfaceName (ppp0) with ppp0 for agps
07-23 14:14:11.334  5762  5762 D NetStatUtils: This APN has been active yet. the corresponding interface is: ppp0
07-23 14:14:11.334  1637  1665 D MobileDataStateTracker: replacing old mInterfaceName (ppp0) with ppp0 for dun
07-23 14:14:11.344  1637  1665 D MobileDataStateTracker: replacing old mInterfaceName (ppp0) with ppp0 for supl
07-23 14:14:11.344  1637  1665 D MobileDataStateTracker: default Received state= CONNECTED, old= CONNECTED, reason= nwTypeChanged, apnTypeList= default,supl,agps,fota,dun
07-23 14:14:11.344  1637  1665 D NetworkStateTracker: setDetailed state, old =CONNECTED and new state=CONNECTED
07-23 14:14:11.434  2141  2354 I SYS_MPP : WebtopStatusHandler	onDataActivity()...direction=3
07-23 14:14:11.434  2141  2354 I SYS_MPP : WebtopStatusHandler	updateDataIcon()
07-23 14:14:13.234  2343  8622 I GCM     : GCM message GSYNC_TICKLE 0:1406139109130011%e7a71353318775cd
07-23 14:14:13.234  1637  2370 D ConnectivityService: reportNetworkCondition(0, 100)
07-23 14:14:13.234  1637  1786 D ConnectivityService: Inet connectivity change, net=0, condition=100,mActiveDefaultNetwork=0
07-23 14:14:13.234  1637  1786 D ConnectivityService: starting a change hold
07-23 14:14:13.314  8627  8710 I Gmail   : MainSyncRequestProto: lowestBkwdConvoId: 0, highestHandledServerOp: 3805261, normalSync: true
07-23 14:14:13.744  1637  1786 D ConnectivityService: Inet hold end, net=0, condition =100, published condition =100
07-23 14:14:13.744  1637  1786 D ConnectivityService: no change in condition - aborting
07-23 14:14:14.594  8627  8630 D dalvikvm: GC_CONCURRENT freed 958K, 53% free 3437K/7175K, external 2357K/2773K, paused 1ms+3ms
07-23 14:14:15.064  8627  8630 D dalvikvm: GC_CONCURRENT freed 922K, 53% free 3417K/7175K, external 2357K/2773K, paused 3ms+3ms
07-23 14:14:15.444  2141  2354 I SYS_MPP : WebtopStatusHandler	onDataActivity()...direction=0
07-23 14:14:15.444  2141  2354 I SYS_MPP : WebtopStatusHandler	updateDataIcon()
07-23 14:14:15.604  8627  8630 D dalvikvm: GC_CONCURRENT freed 866K, 52% free 3452K/7175K, external 2357K/2773K, paused 2ms+3ms
07-23 14:14:16.244  1833  1833 D RawRadioSignalLevel: mSignalStrength=SignalStrength: 12 -1 -1 -1 -1 -1 -1 gsm 0 0 0 5 -90 -9, numBars=5
07-23 14:14:16.244  1833  1833 D RawRadioSignalLevel: raw_sig_level=-90,raw_ecno_ber=-9,raw_rat=5
07-23 14:14:16.244  1833  1833 D RawRadioSignalLevel: rscp_iconLevel=3, ecno_iconLevel=5
07-23 14:14:16.244  1833  1833 D RawRadioSignalLevel: iconLevel = 3
07-23 14:14:16.414  8627  8630 D dalvikvm: GC_CONCURRENT freed 896K, 52% free 3476K/7175K, external 2357K/2773K, paused 2ms+3ms
07-23 14:14:16.514  1466  1646 D         : NVRM_DAEMON(479): queue_dispatch_thread() running
07-23 14:14:16.524  1456  1456 I /system/bin/nvrm_daemon: NVRM_DAEMON(479): queue_dispatch_thread() running
07-23 14:14:17.444  1466  1658 I         : odm_disp_esd_thread is running(515) state=1
07-23 14:14:18.064  8627  8630 D dalvikvm: GC_CONCURRENT freed 886K, 52% free 3508K/7175K, external 2357K/2773K, paused 2ms+2ms
07-23 14:14:19.094  8627  8710 D dalvikvm: GC_EXPLICIT freed 43K, 52% free 3483K/7175K, external 2357K/2773K, paused 70ms
07-23 14:14:19.094  8627  8710 I Gmail   : MainSyncRequestProto: lowestBkwdConvoId: 0, highestHandledServerOp: 3805345, normalSync: true
07-23 14:14:19.154  8627  8710 I Gmail   : Sending notification intent: Intent { act=android.intent.action.PROVIDER_CHANGED dat=content://gmail-ls/unread/^i (has extras) }
07-23 14:14:19.184  1469  1469 I AwesomePlayer: pause_l 0
07-23 14:14:19.184  1469  1508 I AwesomePlayer: reset_l
07-23 14:14:19.184  1469  1508 I ExtendFileSource: release pFilename = 0x30d68
07-23 14:14:19.184  1469  1508 I AwesomePlayer: reset_l
07-23 14:14:19.184  1469  1508 I AwesomePlayer: reset_l
07-23 14:14:19.184  1637  8712 I AudioService:  AudioFocus  abandonAudioFocus() from android.media.AudioManager@40b26580
07-23 14:14:21.304  1637  1642 D ConnectivityService: getMobileDataEnabled returning true
07-23 14:14:21.324  1637  2222 D ConnectivityService: stopUsingNetworkFeature for net 0: enableMMS
07-23 14:14:21.324  1637  2222 D ConnectivityService: ignoring stopUsingNetworkFeature - not a live request
07-23 14:14:24.244  8627  8627 D dalvikvm: GC_EXPLICIT freed 260K, 52% free 3485K/7175K, external 2357K/2773K, paused 73ms
07-23 14:14:25.044  2010  2010 D PollingManager: phone state: 0 home domestic AT&T AT&T 310410  UMTS CSS not supported -1 -1RoamInd: -1DefRoamInd: -1EmergOnly: false
07-23 14:14:25.044  1637  2376 I TelephonyRegistry: notifyServiceState: 0 home domestic AT&T AT&T 310410  UMTS CSS not supported -1 -1RoamInd: -1DefRoamInd: -1EmergOnly: false
07-23 14:14:25.054  2141  2354 I SYS_MPP : WebtopStatusHandler	updateDataIcon()
07-23 14:14:25.054  1833  1833 D RawRadioSignalLevel: mSignalStrength=SignalStrength: 12 -1 -1 -1 -1 -1 -1 gsm 0 0 0 5 -90 -9, numBars=5
07-23 14:14:25.054  1833  1833 D RawRadioSignalLevel: raw_sig_level=-90,raw_ecno_ber=-9,raw_rat=5
07-23 14:14:25.054  1833  1833 D RawRadioSignalLevel: rscp_iconLevel=3, ecno_iconLevel=5
07-23 14:14:25.054  1833  1833 D RawRadioSignalLevel: iconLevel = 3
07-23 14:14:25.054  1833  1833 D StatusBarPolicy: ERI alert sound is disabled.
07-23 14:14:25.084  1637  2370 I TelephonyRegistry: notifyDataConnection: state=2 isDataConnectivityPossible=true reason=nwTypeChanged interfaceName=ppp0 networkType=3
07-23 14:14:25.094  2141  2354 I SYS_MPP : WebtopStatusHandler	updateDataIcon()
07-23 14:14:25.114  3555  3555 I TransactionService: MMS-STATUS - start transaction service, app version=STABLE4.user.4.5.141.2.3.6.Blur_Version.4.5.141.MB860.ATT.en.US.Mon Dec 12 12:42:46 CST 2011 (log=false) (apn=false) (config=false)
07-23 14:14:25.114  3555  3555 I SmsReceiverService: MMS-STATUS - start sms receiver service, app version=STABLE4.user.4.5.141.2.3.6.Blur_Version.4.5.141.MB860.ATT.en.US.Mon Dec 12 12:42:46 CST 2011 (log=false) (apn=false) (config=false)
07-23 14:14:25.124  2004  2004 D PhoneApp: [NotificationMgr] updateNetworkSelection()...state = 0 new network 
07-23 14:14:25.134  1637  1665 D MobileDataStateTracker: replacing old mInterfaceName (ppp0) with ppp0 for hipri
07-23 14:14:25.144  2004  2004 D PhoneApp: [NotificationMgr] hideDataDisconnectedRoaming()...
07-23 14:14:25.144  1637  1665 D MobileDataStateTracker: replacing old mInterfaceName (ppp0) with ppp0 for fota
07-23 14:14:25.144  5762  5762 D NetStatUtils: Receive a broadcast: android.intent.action.ANY_DATA_STATE
07-23 14:14:25.144  5762  5762 D NetStatUtils: Received android.intent.action.ANY_DATA_STATE broadcast - state = CONNECTED, unavailable = false
07-23 14:14:25.144  5762  5762 D NetStatUtils: The APN name is: phone and the interface is: ppp0
07-23 14:14:25.144  5762  5762 D NetStatUtils: This APN has been recorded before yet.
07-23 14:14:25.144  5762  5762 D NetStatUtils: This APN has been active yet. the corresponding interface is: ppp0
07-23 14:14:25.154  1637  1665 D MobileDataStateTracker: replacing old mInterfaceName (ppp0) with ppp0 for agps
07-23 14:14:25.164  1637  1665 D MobileDataStateTracker: replacing old mInterfaceName (ppp0) with ppp0 for dun
07-23 14:14:25.164  1637  1665 D MobileDataStateTracker: replacing old mInterfaceName (ppp0) with ppp0 for supl
07-23 14:14:25.164  1637  1665 D MobileDataStateTracker: default Received state= CONNECTED, old= CONNECTED, reason= nwTypeChanged, apnTypeList= default,supl,agps,fota,dun
07-23 14:14:25.174  1637  1665 D NetworkStateTracker: setDetailed state, old =CONNECTED and new state=CONNECTED
07-23 14:14:25.264  1833  1833 D RawRadioSignalLevel: mSignalStrength=SignalStrength: 11 -1 -1 -1 -1 -1 -1 gsm 0 0 0 5 -92 -13, numBars=5
07-23 14:14:25.264  1833  1833 D RawRadioSignalLevel: raw_sig_level=-92,raw_ecno_ber=-13,raw_rat=5
07-23 14:14:25.264  1833  1833 D RawRadioSignalLevel: rscp_iconLevel=3, ecno_iconLevel=3
07-23 14:14:25.264  1833  1833 D RawRadioSignalLevel: iconLevel = 3
07-23 14:14:25.424  2010  2010 D PollingManager: phone state: 0 home domestic AT&T AT&T 310410  HSPA CSS not supported -1 -1RoamInd: -1DefRoamInd: -1EmergOnly: false
07-23 14:14:25.424  2141  2354 I SYS_MPP : WebtopStatusHandler	updateDataIcon()
07-23 14:14:25.424  1833  1833 D RawRadioSignalLevel: mSignalStrength=SignalStrength: 11 -1 -1 -1 -1 -1 -1 gsm 0 0 0 5 -92 -13, numBars=5
07-23 14:14:25.424  1833  1833 D RawRadioSignalLevel: raw_sig_level=-92,raw_ecno_ber=-13,raw_rat=5
07-23 14:14:25.424  1833  1833 D RawRadioSignalLevel: rscp_iconLevel=3, ecno_iconLevel=3
07-23 14:14:25.424  1833  1833 D RawRadioSignalLevel: iconLevel = 3
07-23 14:14:25.424  1637  2370 I TelephonyRegistry: notifyServiceState: 0 home domestic AT&T AT&T 310410  HSPA CSS not supported -1 -1RoamInd: -1DefRoamInd: -1EmergOnly: false
07-23 14:14:25.424  1833  1833 D StatusBarPolicy: ERI alert sound is disabled.
07-23 14:14:25.434  1637  2062 I TelephonyRegistry: notifyDataConnection: state=2 isDataConnectivityPossible=true reason=nwTypeChanged interfaceName=ppp0 networkType=10
07-23 14:14:25.444  2141  2354 I SYS_MPP : WebtopStatusHandler	updateDataIcon()
07-23 14:14:25.464  2004  2004 D PhoneApp: [NotificationMgr] updateNetworkSelection()...state = 0 new network 
07-23 14:14:25.474  2004  2004 D PhoneApp: [NotificationMgr] hideDataDisconnectedRoaming()...
07-23 14:14:25.474  5762  5762 D NetStatUtils: Receive a broadcast: android.intent.action.ANY_DATA_STATE
07-23 14:14:25.474  5762  5762 D NetStatUtils: Received android.intent.action.ANY_DATA_STATE broadcast - state = CONNECTED, unavailable = false
07-23 14:14:25.474  5762  5762 D NetStatUtils: The APN name is: phone and the interface is: ppp0
07-23 14:14:25.474  5762  5762 D NetStatUtils: This APN has been recorded before yet.
07-23 14:14:25.474  5762  5762 D NetStatUtils: This APN has been active yet. the corresponding interface is: ppp0
07-23 14:14:25.494  1637  1665 D MobileDataStateTracker: replacing old mInterfaceName (ppp0) with ppp0 for hipri
07-23 14:14:25.504  3555  3555 I TransactionService: MMS-STATUS - start transaction service, app version=STABLE4.user.4.5.141.2.3.6.Blur_Version.4.5.141.MB860.ATT.en.US.Mon Dec 12 12:42:46 CST 2011 (log=false) (apn=false) (config=false)
07-23 14:14:25.514  3555  3555 I SmsReceiverService: MMS-STATUS - start sms receiver service, app version=STABLE4.user.4.5.141.2.3.6.Blur_Version.4.5.141.MB860.ATT.en.US.Mon Dec 12 12:42:46 CST 2011 (log=false) (apn=false) (config=false)
07-23 14:14:25.534  1637  1665 D MobileDataStateTracker: replacing old mInterfaceName (ppp0) with ppp0 for fota
07-23 14:14:25.534  1637  1665 D MobileDataStateTracker: replacing old mInterfaceName (ppp0) with ppp0 for agps
07-23 14:14:25.544  1637  1665 D MobileDataStateTracker: replacing old mInterfaceName (ppp0) with ppp0 for dun
07-23 14:14:25.544  1637  1665 D MobileDataStateTracker: replacing old mInterfaceName (ppp0) with ppp0 for supl
07-23 14:14:25.544  1637  1665 D MobileDataStateTracker: default Received state= CONNECTED, old= CONNECTED, reason= nwTypeChanged, apnTypeList= default,supl,agps,fota,dun
07-23 14:14:25.544  1637  1665 D NetworkStateTracker: setDetailed state, old =CONNECTED and new state=CONNECTED
07-23 14:14:26.196  1466  1658 I         : odm_disp_esd_thread is running(517) state=1
07-23 14:14:31.244  1833  1833 D RawRadioSignalLevel: mSignalStrength=SignalStrength: 10 -1 -1 -1 -1 -1 -1 gsm 0 0 0 5 -94 -13, numBars=5
07-23 14:14:31.244  1833  1833 D RawRadioSignalLevel: raw_sig_level=-94,raw_ecno_ber=-13,raw_rat=5
07-23 14:14:31.244  1833  1833 D RawRadioSignalLevel: rscp_iconLevel=3, ecno_iconLevel=3
07-23 14:14:31.244  1833  1833 D RawRadioSignalLevel: iconLevel = 3
07-23 14:14:33.364  1466  1646 D         : NVRM_DAEMON(479): queue_dispatch_thread() running
07-23 14:14:33.374  1456  1456 I /system/bin/nvrm_daemon: NVRM_DAEMON(479): queue_dispatch_thread() running
07-23 14:14:34.244  1833  1833 D RawRadioSignalLevel: mSignalStrength=SignalStrength: 9 -1 -1 -1 -1 -1 -1 gsm 0 0 0 5 -96 -22, numBars=5
07-23 14:14:34.244  1833  1833 D RawRadioSignalLevel: raw_sig_level=-96,raw_ecno_ber=-22,raw_rat=5
07-23 14:14:34.244  1833  1833 D RawRadioSignalLevel: rscp_iconLevel=3, ecno_iconLevel=1
07-23 14:14:34.244  1833  1833 D RawRadioSignalLevel: iconLevel = 1
07-23 14:14:34.945  1466  1658 I         : odm_disp_esd_thread is running(522) state=1
07-23 14:14:35.524  1637  1637 D ConnectivityService: getMobileDataEnabled returning true
07-23 14:14:35.554  1637  1642 D ConnectivityService: stopUsingNetworkFeature for net 0: enableMMS
07-23 14:14:35.554  1637  1642 D ConnectivityService: ignoring stopUsingNetworkFeature - not a live request
07-23 14:14:40.654  3555  3555 D dalvikvm: GC_EXPLICIT freed 169K, 48% free 3355K/6407K, external 3329K/4157K, paused 70ms
07-23 14:14:42.424  2004  2011 D dalvikvm: GC_CONCURRENT freed 1999K, 53% free 4064K/8583K, external 8094K/9939K, paused 6ms+3ms
07-23 14:14:43.234  1833  1833 D RawRadioSignalLevel: mSignalStrength=SignalStrength: 8 -1 -1 -1 -1 -1 -1 gsm 0 0 0 5 -98 -13, numBars=5
07-23 14:14:43.234  1833  1833 D RawRadioSignalLevel: raw_sig_level=-98,raw_ecno_ber=-13,raw_rat=5
07-23 14:14:43.234  1833  1833 D RawRadioSignalLevel: rscp_iconLevel=3, ecno_iconLevel=3
07-23 14:14:43.244  1833  1833 D RawRadioSignalLevel: iconLevel = 3
07-23 14:14:43.694  1466  1658 I         : odm_disp_esd_thread is running(522) state=1
07-23 14:14:46.254  1833  1833 D RawRadioSignalLevel: mSignalStrength=SignalStrength: 9 -1 -1 -1 -1 -1 -1 gsm 0 0 0 5 -95 -13, numBars=5
07-23 14:14:46.254  1833  1833 D RawRadioSignalLevel: raw_sig_level=-95,raw_ecno_ber=-13,raw_rat=5
07-23 14:14:46.254  1833  1833 D RawRadioSignalLevel: rscp_iconLevel=3, ecno_iconLevel=3
07-23 14:14:46.254  1833  1833 D RawRadioSignalLevel: iconLevel = 3
07-23 14:14:49.254  1833  1833 D RawRadioSignalLevel: mSignalStrength=SignalStrength: 10 -1 -1 -1 -1 -1 -1 gsm 0 0 0 5 -94 -13, numBars=5
07-23 14:14:49.254  1833  1833 D RawRadioSignalLevel: raw_sig_level=-94,raw_ecno_ber=-13,raw_rat=5
07-23 14:14:49.254  1833  1833 D RawRadioSignalLevel: rscp_iconLevel=3, ecno_iconLevel=3
07-23 14:14:49.254  1833  1833 D RawRadioSignalLevel: iconLevel = 3
07-23 14:14:50.134  1466  1646 D         : NVRM_DAEMON(479): queue_dispatch_thread() running
07-23 14:14:50.144  1456  1456 I /system/bin/nvrm_daemon: NVRM_DAEMON(479): queue_dispatch_thread() running
07-23 14:14:52.446  1466  1658 I         : odm_disp_esd_thread is running(521) state=1
07-23 14:14:55.274  1833  1833 D RawRadioSignalLevel: mSignalStrength=SignalStrength: 9 -1 -1 -1 -1 -1 -1 gsm 0 0 0 5 -96 -13, numBars=5
07-23 14:14:55.274  1833  1833 D RawRadioSignalLevel: raw_sig_level=-96,raw_ecno_ber=-13,raw_rat=5
07-23 14:14:55.274  1833  1833 D RawRadioSignalLevel: rscp_iconLevel=3, ecno_iconLevel=3
07-23 14:14:55.274  1833  1833 D RawRadioSignalLevel: iconLevel = 3
07-23 14:15:00.014  2141  2141 I SYS_MPP : WebtopStatusHandler	Time change action: android.intent.action.TIME_TICK
07-23 14:15:00.014  2141  2141 I SYS_MPP : WebtopStatusHandler	xxxxxxx Date long format=Wednesday, July 23, 2014
07-23 14:15:01.194  1466  1658 I         : odm_disp_esd_thread is running(522) state=1
07-23 14:15:01.244  1833  1833 D RawRadioSignalLevel: mSignalStrength=SignalStrength: 10 -1 -1 -1 -1 -1 -1 gsm 0 0 0 5 -93 -13, numBars=5
07-23 14:15:01.254  1833  1833 D RawRadioSignalLevel: raw_sig_level=-93,raw_ecno_ber=-13,raw_rat=5
07-23 14:15:01.254  1833  1833 D RawRadioSignalLevel: rscp_iconLevel=3, ecno_iconLevel=3
07-23 14:15:01.254  1833  1833 D RawRadioSignalLevel: iconLevel = 3
07-23 14:15:04.264  1833  1833 D RawRadioSignalLevel: mSignalStrength=SignalStrength: 11 -1 -1 -1 -1 -1 -1 gsm 0 0 0 5 -92 -12, numBars=5
07-23 14:15:04.264  1833  1833 D RawRadioSignalLevel: raw_sig_level=-92,raw_ecno_ber=-12,raw_rat=5
07-23 14:15:04.264  1833  1833 D RawRadioSignalLevel: rscp_iconLevel=3, ecno_iconLevel=3
07-23 14:15:04.264  1833  1833 D RawRadioSignalLevel: iconLevel = 3
07-23 14:15:06.906  1466  1646 D         : NVRM_DAEMON(479): queue_dispatch_thread() running
07-23 14:15:06.914  1456  1456 I /system/bin/nvrm_daemon: NVRM_DAEMON(479): queue_dispatch_thread() running
07-23 14:15:09.944  1466  1658 I         : odm_disp_esd_thread is running(522) state=1
07-23 14:15:18.695  1466  1658 I         : odm_disp_esd_thread is running(522) state=1
07-23 14:15:19.904  8507  8693 I Docking : View/Animation gamecrash input Left to gamecrash
07-23 14:15:19.934  8507  8693 I Docking : View/Animation gamecrash eval Database GameEndPrev returned gamecrash
07-23 14:15:20.454  8507  8693 I Docking : View/Animation gamecrash input Right to gamecrash
07-23 14:15:20.544  8507  8510 D dalvikvm: GC_CONCURRENT freed 1230K, 57% free 3123K/7175K, external 3272K/3817K, paused 3ms+4ms
07-23 14:15:20.544  8507  8693 I Docking : View/Animation gamecrash eval Database GameEndNext returned gamecrash
07-23 14:15:20.934  8507  8693 I Docking : View/Animation gamecrash input Left to gamecrash
07-23 14:15:20.954  8507  8693 I Docking : View/Animation gamecrash eval Database GameEndPrev returned gamecrash
07-23 14:15:21.584  8507  8693 I Docking : View/Animation gamecrash input Left to gamecrash
07-23 14:15:21.614  8507  8693 I Docking : View/Animation gamecrash eval Database GameEndPrev returned gamecrash
07-23 14:15:22.265  8507  8693 I Docking : View/Animation gamecrash input Left to gamecrash
07-23 14:15:22.274  8507  8693 I Docking : View/Animation gamecrash eval Database GameEndPrev returned gamecrash
07-23 14:15:22.304  1833  1833 D RawRadioSignalLevel: mSignalStrength=SignalStrength: 10 -1 -1 -1 -1 -1 -1 gsm 0 0 0 5 -93 -12, numBars=5
07-23 14:15:22.304  1833  1833 D RawRadioSignalLevel: raw_sig_level=-93,raw_ecno_ber=-12,raw_rat=5
07-23 14:15:22.304  1833  1833 D RawRadioSignalLevel: rscp_iconLevel=3, ecno_iconLevel=3
07-23 14:15:22.304  1833  1833 D RawRadioSignalLevel: iconLevel = 3
07-23 14:15:22.704  8507  8693 I Docking : View/Animation gamecrash input Right to gamecrash
07-23 14:15:22.744  8507  8693 I Docking : View/Animation gamecrash eval Database GameEndNext returned gamecrash
07-23 14:15:23.144  8507  8693 I Docking : View/Animation gamecrash input Right to gamecrash
07-23 14:15:23.164  8507  8693 I Docking : View/Animation gamecrash eval Database GameEndNext returned gamecrash
07-23 14:15:23.694  8507  8693 I Docking : View/Animation gamecrash input Right to gamecrash
07-23 14:15:23.704  8507  8693 I Docking : View/Animation gamecrash eval Database GameEndNext returned gamecrash
07-23 14:15:23.724  1466  1646 D         : NVRM_DAEMON(479): queue_dispatch_thread() running
07-23 14:15:23.734  1456  1456 I /system/bin/nvrm_daemon: NVRM_DAEMON(479): queue_dispatch_thread() running
07-23 14:15:25.254  1833  1833 D RawRadioSignalLevel: mSignalStrength=SignalStrength: 9 -1 -1 -1 -1 -1 -1 gsm 0 0 0 5 -95 -12, numBars=5
07-23 14:15:25.264  1833  1833 D RawRadioSignalLevel: raw_sig_level=-95,raw_ecno_ber=-12,raw_rat=5
07-23 14:15:25.264  1833  1833 D RawRadioSignalLevel: rscp_iconLevel=3, ecno_iconLevel=3
07-23 14:15:25.264  1833  1833 D RawRadioSignalLevel: iconLevel = 3
07-23 14:15:27.446  1466  1658 I         : odm_disp_esd_thread is running(518) state=1
07-23 14:15:27.644  8507  8507 W KeyCharacterMap: Can't open keycharmap file
07-23 14:15:27.644  8507  8507 W KeyCharacterMap: Error loading keycharmap file '/data/usr/keychars/qtouch-obp-ts.kcm.bin'. hw.keyboards.131072.devname='qtouch-obp-ts'
07-23 14:15:27.644  8507  8507 W KeyCharacterMap: Can't open keycharmap file
07-23 14:15:27.644  8507  8507 W KeyCharacterMap: Error loading keycharmap file '/system/usr/keychars/qtouch-obp-ts.kcm.bin'. hw.keyboards.131072.devname='qtouch-obp-ts'
07-23 14:15:27.644  8507  8507 W KeyCharacterMap: Can't open keycharmap file
07-23 14:15:27.644  8507  8507 W KeyCharacterMap: Using default keymap: /system/usr/keychars/qwerty.kcm.bin
07-23 14:15:27.774  8507  8693 I Docking : View/Animation gamecrash returning
07-23 14:15:27.824  8507  8721 I Docking : View/Animation start running
07-23 14:15:27.864  8507  8721 I Docking : View/Animation start eval Database Init returned <null>
07-23 14:15:28.584  8507  8721 I Docking : View/Animation start returning
