--------- beginning of /dev/log/main
07-25 18:05:08.787 18594 18594 I ActivityThread: Pub com.google.android.maps.LocalSuggestionProvider: com.google.googlenav.provider.LocalSuggestionProvider
07-25 18:05:08.787 18594 18594 I ActivityThread: Pub com.google.android.maps.NavigationAvailabilityProvider: com.google.googlenav.provider.NavigationAvailabilityProvider
--------- beginning of /dev/log/system
07-25 18:05:08.797  1657  1683 D WifiService: ACTION_SCREEN_ON -- Checked by Moto
07-25 18:05:08.817  2046  2046 D PortalService: Portal onReceive: 
07-25 18:05:08.817  2046  2311 I PortalService: onHandleIntent() action android.intent.action.SCREEN_ON
07-25 18:05:08.817  2046  2311 D PortalService: Android Display On
07-25 18:05:08.817  2046  2311 D PortalHdmiHelper: setDetection: true
07-25 18:05:08.817  2046  2311 E PortalHdmiHelper: setDetection: enableing 
07-25 18:05:08.817  2062  2121 D ExtDispService: handleControlDetection: hdmi/true
07-25 18:05:08.817  2062  2121 E ExtDispService: getStandardSetting: moveToFirst failed
07-25 18:05:08.817  2062  2121 I ExtDispService: setHdmiStandard with automatic
07-25 18:05:08.817  2062  2121 D extdisp : HDMI SetStandard (0)
07-25 18:05:08.817  2062  2121 D extdisp : HDMI Adjusted Standard (0)
07-25 18:05:08.817  2062  2121 D HDMI    : HDMI_SetStandard 0
07-25 18:05:08.817  2062  2121 D HDMI    : HDMI_SetDetection (1)
07-25 18:05:08.817  2062  2121 D HDMINVDM: hdmiNvdm_SetPwrState: Off -> On
07-25 18:05:08.817  2062  2121 D HDMINVDM: hdmiNvdm_enableEvents
07-25 18:05:08.817  2062  2121 D HDMINVDM: hdmiNvdm_suspend: 0
07-25 18:05:08.817  1499  3691 I         : DispMgr recv'd NvDispMgrDisplayAttr_Suspend
07-25 18:05:08.817  1499  3691 I         : called NvDispMgrAttrSetTranslate() from attr_common err=0
07-25 18:05:08.817  1499  3691 I         : DispMgr recv'd NvDispMgrDisplayAttr_Suspend
07-25 18:05:08.817  1499  3691 I         : called NvDispMgrAttrSetTranslate() from attr_common err=0
07-25 18:05:08.817  2062  2121 D ExtDispService: SendMsg: STATUS_DETECTION hdmi/true
07-25 18:05:08.827  2062 18614 D HDMINVDM: hdmiNvdm_GlClientActive: Active 0
07-25 18:05:08.827  2062 18614 D HDMINVDM: hdmiNvdm_DetermineUseMode: !attached
07-25 18:05:08.827  2062 18614 D HDMINVDM: hdmiNvdm_DetermineUseMode/0/0
07-25 18:05:08.827  2062 18614 D HDMINVDM: hdmiNvdm_setActiveDesktop: Enter - sUseMode = 0
07-25 18:05:08.827  1499  1578 D         : nvrm_daemon: rt_exist from client: 2
07-25 18:05:08.827  1499  1578 D         : rt_exist=2, add client ref
07-25 18:05:08.827  1499  1578 D         : nvrm_daemon: rt_exist to client: 2
07-25 18:05:08.827  1499  1578 D         : NVRM_DAEMON(1011): master_dispatch_thread() running
07-25 18:05:08.827  2046 18612 E PortalHdmiHelper: setDetection: enable Thread Done
07-25 18:05:08.827  2046  2046 D PortalHdmiHelper: HDMI onReceive: 
07-25 18:05:08.827  2046  2046 D PortalHdmiHelper:   STATUS_DETECTION = true
07-25 18:05:08.827  1499  1578 D         : nvrm_daemon: rt_exist from client: 2
07-25 18:05:08.827  1499  1578 D         : rt_exist=2, add client ref
07-25 18:05:08.827  1499  1578 D         : nvrm_daemon: rt_exist to client: 2
07-25 18:05:08.827  1499  1578 D         : NVRM_DAEMON(1011): master_dispatch_thread() running
07-25 18:05:08.827  2062 18613 D HDMINVDM: hdmiNvdm_eventLoop: Entering
07-25 18:05:08.827  2062 18614 D ExtDispJni: SendMsg: EXTDISP_NOTIFY_STATUSCHANGED what/300 ext1/2 ext2/0
07-25 18:05:08.827  2062 18614 D HDMI    : Waiting for HDMI EGL Client ...
07-25 18:05:08.827  2062  2062 D ExtDispService: onReceive enter
07-25 18:05:08.827  2062  2062 D ExtDispService: NOTIFY_STATUSCHANGED
07-25 18:05:08.827  2062  2062 I ExtDispService: handleMessageNotifyStatusChanged: GLES Client Disconnect
07-25 18:05:08.827  2062  2062 D ExtDispService: SendMsg: STATUS_GLESCLIENT hdmi/false
07-25 18:05:08.827  2046  2046 D PortalService: Portal onReceive: 
07-25 18:05:08.827  2046  2311 I PortalService: onHandleIntent() action com.motorola.intent.action.EXTDISP_STATUS_GLESCLIENT
07-25 18:05:08.827  2046  2311 D PortalService: EXTDISP_STATUS_GLESCLIENT
07-25 18:05:08.827  2046  2046 D AutoSignInService: AutoSignIn onReceive: action=android.intent.action.SCREEN_ON
07-25 18:05:08.827  2046  2046 V AutoSignInService: onReceive while Webtop INACTIVE
07-25 18:05:08.837  1456  1456 I /system/bin/nvrm_daemon: nvrm_daemon: rt_exist from client: 2
07-25 18:05:08.837  1456  1456 I /system/bin/nvrm_daemon: rt_exist=2, add client ref
07-25 18:05:08.837  1456  1456 I /system/bin/nvrm_daemon: nvrm_daemon: rt_exist to client: 2
07-25 18:05:08.837  1456  1456 I /system/bin/nvrm_daemon: NVRM_DAEMON(1011): master_dispatch_thread() running
07-25 18:05:08.837  1456  1456 I /system/bin/nvrm_daemon: nvrm_daemon: rt_exist from client: 2
07-25 18:05:08.837  1456  1456 I /system/bin/nvrm_daemon: rt_exist=2, add client ref
07-25 18:05:08.837  1456  1456 I /system/bin/nvrm_daemon: nvrm_daemon: rt_exist to client: 2
07-25 18:05:08.837  1456  1456 I /system/bin/nvrm_daemon: NVRM_DAEMON(1011): master_dispatch_thread() running
07-25 18:05:08.837  2072  2072 D PowerProfileSvc: Receiver: Screen On
07-25 18:05:08.837  2072  3132 D PowerProfileSvc: Start: Received action: android.intent.action.batteryprofile.SCR_ON
07-25 18:05:08.837  2072  3132 D PowerProfileSvc: Algo:Run: current state --> 0Arg --> 2
07-25 18:05:08.837  2072  3132 D PowerProfileSvc: Algo:Run: new state is --> 0
07-25 18:05:08.837 13371 13371 I TrueSuiteMobile: <GfxService> GfxService: ACTION_SCREEN_ON
07-25 18:05:08.847  1657  1657 I ActivityManager: Start proc com.nuance.android.vsuite.vsuiteapp for broadcast com.nuance.android.vsuite.vsuiteapp/com.nuance.android.vsuite.shortcut.PackageChangeReceiver: pid=18618 uid=10069 gids={3001, 3002, 3003}
07-25 18:05:08.847  1450  1461 E NetlinkEvent: NetlinkEvent::FindParam(): Parameter 'UDEV_LOG' not found
07-25 18:05:08.847  1452  1514 E NetlinkListener: ignoring non-kernel netlink multicast message
07-25 18:05:08.847  1450  1461 E NetlinkListener: ignoring non-kernel netlink multicast message
07-25 18:05:08.877 18618 18618 D VST-ProjectConfig: getStreamId() scoStreamId = public static final int android.media.AudioManager.STREAM_BLUETOOTH_SCO = 6
07-25 18:05:08.877 18618 18618 D VST-VSuiteApplication: onCreate()
07-25 18:05:08.877 18618 18618 D VST-VSuiteApplication: onCreate, allInApk = false
07-25 18:05:08.877 18618 18618 D VST-ReflectionFactory: getField class android.telephony.TelephonyManager field name NETWORK_TYPE_EHRPD
07-25 18:05:08.877 18618 18618 D VST-ReflectionFactory: getField class android.telephony.TelephonyManager field name NETWORK_TYPE_LTE
07-25 18:05:08.887 18618 18618 D VST-VSuiteConfigurationFactory: Reading XML configuration file.
07-25 18:05:08.887 18618 18618 D VST_ANDROID: PathnameValueStrategy::valueFromString() /system/tts/nuance/
07-25 18:05:08.887 18618 18618 D VST-VSuiteConfigurationImpl: setPlayListPickerIntent = android.intent.action.PICK
07-25 18:05:08.887 18618 18618 D VST-LocationMap: addLocation() d = {class com.nuance.android.vsuite.phonebook.location.PhoneLocationDescriptor kind = 1 type = 2} l = {class com.nuance.android.vsuite.phonebook.location.MobileLocation textMap = {EN_GB=Mobile, ES_MX=Celular, DE_DE=Handy, FR_CA=Mobile, PT_PT=Telemóvel, EN_US=Mobile, PT_BR=Celular, FI_FI=Matkapuhelin, KO_KR=휴대폰, ZH_TW=手機, FR_FR=Mobile, JA_JP=携帯, ZH_CN=手机, EN_AU=Mobile, ZH_HK=手機, IT_IT=Cellulare, ES_ES=Móvil} synonymMap = {EN_US=Cell, ES_MX=Cel}}
07-25 18:05:08.887 18618 18618 D VST-LocationMap: addLocation() d = {class com.nuance.android.vsuite.phonebook.location.PhoneLocationDescriptor kind = 1 type = 3} l = {class com.nuance.android.vsuite.phonebook.location.WorkLocation textMap = {EN_GB=Work, ES_MX=Trabajo, DE_DE=Arbeit, FR_CA=Travail, PT_PT=Trabalho, EN_US=Work, PT_BR=Trabalho, FI_FI=Työ, KO_KR=회사, ZH_TW=公司, FR_FR=Travail, JA_JP=会社, ZH_CN=工作, EN_AU=Work, ZH_HK=公司, IT_IT=Lavoro, ES_ES=Trabajo} synonymMap = {}}
07-25 18:05:08.887 18618 18618 D VST-LocationMap: addLocation() d = {class com.nuance.android.vsuite.phonebook.location.PhoneLocationDescriptor kind = 1 type = 1} l = {class com.nuance.android.vsuite.phonebook.location.HomeLocation textMap = {EN_GB=Home, ES_MX=Casa, DE_DE=Privat, FR_CA=Domicile, PT_PT=Casa, EN_US=Home, PT_BR=Casa, FI_FI=Koti, KO_KR=집, ZH_TW=家, FR_FR=Domicile, JA_JP=自宅, ZH_CN=家, EN_AU=Home, ZH_HK=屋企, IT_IT=Casa, ES_ES=Casa} synonymMap = {}}
07-25 18:05:08.887 18618 18618 D VST-LocationMap: addLocation() d = {class com.nuance.android.vsuite.phonebook.location.PhoneLocationDescriptor kind = 1 type = 6} l = {class com.nuance.android.vsuite.phonebook.location.PagerLocation textMap = {EN_GB=Pager, ES_MX=Pager, DE_DE=Pager, FR_CA=Téléavertisseur, PT_PT=Pager, EN_US=Pager, PT_BR=Pager, FI_FI=Kaukohaku, KO_KR=팩스, ZH_TW=傳真, FR_FR=Alphapage, JA_JP=ファックス, ZH_CN=传真, EN_AU=Pager, ZH_HK=傳真, IT_IT=Cercapersone, ES_ES=Pager} synonymMap = {}}
07-25 18:05:08.887 18618 18618 D VST-LocationMap: addLocation() d = {class com.nuance.android.vsuite.phonebook.location.PhoneLocationDescriptor kind = 1 type = 7} l = {class com.nuance.android.vsuite.phonebook.location.OtherLocation textMap = {EN_GB=Other, ES_MX=Adicional, DE_DE=Andere, FR_CA=Autre, PT_PT=Outro, EN_US=Other, PT_BR=Outro, FI_FI=Muu, KO_KR=기타, ZH_TW=其它, FR_FR=Autre, JA_JP=その他, ZH_CN=其它, EN_AU=Other, ZH_HK=其它, IT_IT=Altro, ES_ES=Adicional} synonymMap = {}}
07-25 18:05:08.897 18618 18618 D VST-LocationMap: addLocation() d = {class com.nuance.android.vsuite.phonebook.location.SIMLocationDescriptor kind = 3 type = -1} l = {class com.nuance.android.vsuite.phonebook.location.SIMLocation textMap = {EN_GB=SIM, ES_MX=SIM, DE_DE=SIM, FR_CA=SIM, PT_PT=SIM, EN_US=SIM, PT_BR=SIM, FI_FI=SIM, KO_KR=SIM, ZH_TW=SIM, FR_FR=SIM, JA_JP=SIM, ZH_CN=SIM, EN_AU=SIM, ZH_HK=SIM, IT_IT=SIM, ES_ES=SIM} synonymMap = {}}
07-25 18:05:08.897 18618 18618 D VST-LocationMap: addLocation() d = {class com.nuance.android.vsuite.phonebook.location.EmailLocationDescriptor kind = 2 type = -1} l = {class com.nuance.android.vsuite.phonebook.location.EmailLocation textMap = {EN_GB=Email, ES_MX=Correo electronico, DE_DE=E-Mail, FR_CA=Courriel, PT_PT=Email, EN_US=Email, PT_BR=Email, FI_FI=Sähköposti, KO_KR=이메일, ZH_TW=電子郵件, FR_FR=Email, JA_JP=Eメール, ZH_CN=电子邮件, EN_AU=Email, ZH_HK=電子郵件, IT_IT=Email, ES_ES=Correo electrónico} synonymMap = {}}
07-25 18:05:08.897 18618 18618 D VST-LocationMap: LocationMap() vsuiteTypes = {class com.nuance.android.vsuite.phonebook.location.PhoneLocationDescriptor kind = 1 type = 2=1, class com.nuance.android.vsuite.phonebook.location.PhoneLocationDescriptor kind = 1 type = 3=3, class com.nuance.android.vsuite.phonebook.location.EmailLocationDescriptor kind = 2 type = -1=5, class com.nuance.android.vsuite.phonebook.location.SIMLocationDescriptor kind = 3 type = -1=4, class com.nuance.android.vsuite.phonebook.location.PhoneLocationDescriptor kind = 1 type = 1=2, class com.nuance.android.vsuite.phonebook.location.PhoneLocationDescriptor kind = 1 type = 6=6, class com.nuance.android.vsuite.phonebook.location.PhoneLocationDescriptor kind = 1 type = 7=7}
07-25 18:05:08.897 18618 18618 D VST-LocationMap: 		 locations = {1=class com.nuance.android.vsuite.phonebook.location.MobileLocation textMap = {EN_GB=Mobile, ES_MX=Celular, DE_DE=Handy, FR_CA=Mobile, PT_PT=Telemóvel, EN_US=Mobile, PT_BR=Celular, FI_FI=Matkapuhelin, KO_KR=휴대폰, ZH_TW=手機, FR_FR=Mobile, JA_JP=携帯, ZH_CN=手机, EN_AU=Mobile, ZH_HK=手機, IT_IT=Cellulare, ES_ES=Móvil} synonymMap = {EN_US=Cell, ES_MX=Cel}, 2=class com.nuance.android.vsuite.phonebook.location.HomeLocation textMap = {EN_GB=Home, ES_MX=Casa, DE_DE=Privat, FR_CA=Domicile, PT_PT=Casa, EN_US=Home, PT_BR=Casa, FI_FI=Koti, KO_KR=집, ZH_TW=家, FR_FR=Domicile, JA_JP=自宅, ZH_CN=家, EN_AU=Home, ZH_HK=屋企, IT_IT=Casa, ES_ES=Casa} synonymMap = {}, 3=class com.nuance.android.vsuite.phonebook.location.WorkLocation textMap = {EN_GB=Work, ES_MX=Trabajo, DE_DE=Arbeit, FR_CA=Travail, PT_PT=Trabalho, EN_US=Work, PT_BR=Trabalho, FI_FI=Työ, KO_KR=회사, ZH_TW=公司, FR_FR=Travail, JA_JP=会社, ZH_CN=工作, EN_AU=Work, ZH_HK=公司, IT_IT=Lavoro, ES_ES=Trabajo} synonymMap = {}, 4=class com.nuance.android.vsuite.phonebook.location.SIMLocation textMap = {EN_GB=SIM, ES_MX=SIM, DE_DE=SIM, FR_CA=SIM, PT_PT=SIM, EN_US=SIM, PT_BR=SIM, FI_FI=SIM, KO_KR=SIM, ZH_TW=SIM, FR_FR=SIM, JA_JP=SIM, ZH_CN=SIM, EN_AU=SIM, ZH_HK=SIM, IT_IT=SIM, ES_ES=SIM} synonymMap = {}, 5=class com.nuance.android.vsuite.phonebook.location.EmailLocation textMap = {EN_GB=Email, ES_MX=Correo electronico, DE_DE=E-Mail, FR_CA=Courriel, PT_PT=Email, EN_US=Email, PT_BR=Email, FI_FI=Sähköposti, KO_KR=이메일, ZH_TW=電子郵件, FR_FR=Email, JA_JP=Eメール, ZH_CN=电子邮件, EN_AU=Email, ZH_HK=電子郵件, IT_IT=Email, ES_ES=Correo electrónico} synonymMap = {}, 6=class com.nuance.android.vsuite.phonebook.location.PagerLocation textMap = {EN_GB=Pager, ES_MX=Pager, DE_DE=Pager, FR_CA=Téléavertisseur, PT_PT=Pager, EN_US=Pager, PT_BR=Pager, FI_FI=Kaukohaku, KO_KR=팩스, ZH_TW=傳真, FR_FR=Alphapage, JA_JP=ファックス, ZH_CN=传真, EN_AU=Pager, ZH_HK=傳真, IT_IT=Cercapersone, ES_ES=Pager} synonymMap = {}, 7=class com.nuance.android.vsuite.phonebook.location.OtherLocation textMap = {EN_GB=Other, ES_MX=Adicional, DE_DE=Andere, FR_CA=Autre, PT_PT=Outro, EN_US=Other, PT_BR=Outro, FI_FI=Muu, KO_KR=기타, ZH_TW=其它, FR_FR=Autre, JA_JP=その他, ZH_CN=其它, EN_AU=Other, ZH_HK=其它, IT_IT=Altro, ES_ES=Adicional} synonymMap = {}}
07-25 18:05:08.897 18618 18618 D VST-PhonebookMaster: handleApplicationOnCreate
07-25 18:05:08.897 18618 18618 D VST-PhonebookMaster: doBindToPhonebookService()
07-25 18:05:08.897 18618 18618 D VST-ShortcutListBuilder: Adding ShortcutListBuild listener: com.nuance.android.vsuite.shortcut.ShortcutListSync@4056d9d0
07-25 18:05:08.897 18618 18618 D VST-ShortcutListBuilder: Num Audio Playback listeners is 1
07-25 18:05:08.897 18618 18626 D VST-ShortcutListBuilder: VSuite applist recache START
07-25 18:05:08.897 18618 18626 D VST-ShortcutListBuilder: rebuildAppList Start rebuild
07-25 18:05:08.897 18618 18626 D VST-ShortcutListBuilder: queryActivitiesByIntent
07-25 18:05:08.907 18618 18618 D VST-BTMaster: BTMaster()
07-25 18:05:08.907 18618 18618 D VST-BTMaster: connectToService
07-25 18:05:08.907 18618 18627 D VST-BTMaster: doConnectToService
07-25 18:05:08.907 18618 18627 D VST-ReflectionFactory: getMethodFromStrings(String, String, String[]) getState
07-25 18:05:08.907 18618 18627 D VST-ReflectionFactory: Exception received - java.lang.NoSuchMethodException: getState
07-25 18:05:08.907 18618 18627 W System.err: java.lang.NoSuchMethodException: getState
07-25 18:05:08.907 18618 18627 W System.err: 	at java.lang.ClassCache.findMethodByName(ClassCache.java:247)
07-25 18:05:08.907 18618 18627 W System.err: 	at java.lang.Class.getMethod(Class.java:962)
07-25 18:05:08.907 18618 18627 W System.err: 	at com.nuance.android.vsuite.env.ReflectionFactory.getMethodFromStrings(ReflectionFactory.java:90)
07-25 18:05:08.907 18618 18627 W System.err: 	at com.nuance.android.vsuite.bt.BluetoothHeadsetAdapter.initGetStateMethod(BluetoothHeadsetAdapter.java:45)
07-25 18:05:08.907 18618 18627 W System.err: 	at com.nuance.android.vsuite.bt.BluetoothHeadsetAdapter.<clinit>(BluetoothHeadsetAdapter.java:71)
07-25 18:05:08.907 18618 18627 W System.err: 	at com.nuance.android.vsuite.bt.BTMaster.doConnectToService(BTMaster.java:381)
07-25 18:05:08.907 18618 18627 W System.err: 	at com.nuance.android.vsuite.bt.BTMaster.access$300(BTMaster.java:49)
07-25 18:05:08.907 18618 18627 W System.err: 	at com.nuance.android.vsuite.bt.BTMaster$2.run(BTMaster.java:199)
07-25 18:05:08.907 18618 18627 W System.err: 	at android.os.Handler.handleCallback(Handler.java:587)
07-25 18:05:08.907 18618 18627 W System.err: 	at android.os.Handler.dispatchMessage(Handler.java:92)
07-25 18:05:08.907 18618 18627 W System.err: 	at android.os.Looper.loop(Looper.java:130)
07-25 18:05:08.907 18618 18627 W System.err: 	at android.os.HandlerThread.run(HandlerThread.java:60)
07-25 18:05:08.907 18618 18627 D VST-ReflectionFactory: getMethodFromStrings(String, String, String[]) getState
07-25 18:05:08.917 18618 18618 D VST-PackageChangeReceiver: onReceive()
07-25 18:05:08.917 18618 18618 D VST-PackageChangeReceiver: onReceive(), action = android.intent.action.PACKAGE_REMOVED
07-25 18:05:08.917 18618 18618 D VST-ShortcutListSync: onChange, mNumTimesResyncStarted = 0
07-25 18:05:08.917 18618 18618 D VST-StatusMaster: onMessageWaitingIndicatorChanged, newVoicemails = false
07-25 18:05:08.917 18618 18618 D VST-VSuitePhonebookService: onBind
07-25 18:05:08.917 18618 18618 D VST-ContactNameList: getContactNames()
07-25 18:05:08.917 18618 18618 D VST-ContactNameList: Getting 0 names.
07-25 18:05:08.917 18618 18618 D VST-PhonebookCrc: calcCheckSum BEGIN CRC
07-25 18:05:08.917 18618 18618 D VST-PhonebookCrc: calcCheckSum END CRC
07-25 18:05:08.917 18618 18618 D VST-ContactNameList: calculateUniqueCode UniqueCode value is 0.0
07-25 18:05:08.917 18618 18618 D VST-PhonebookSync: Adding Phonebook listener: com.nuance.android.vsuite.phonebook.VSuitePhonebookService@40580ba0
07-25 18:05:08.917 18618 18618 D VST-PhonebookSync: Num Audio Playback listeners is 1
07-25 18:05:08.917 18618 18618 D VST-PhonebookSync: init
07-25 18:05:08.917 18618 18627 D VST-ReflectionFactory: getMethodFromStrings(String, String, String[]) getCurrentHeadset
07-25 18:05:08.917 18618 18618 D VST-PhonebookSync: start registerContentObserver
07-25 18:05:08.917 18618 18618 D VST-PhonebookSync: end registerContentObserver
07-25 18:05:08.917 18618 18618 D VST-VSuitePhonebookService: onBind
07-25 18:05:08.917 18618 18628 D VST-PhonebookBuilder: VSuite pb recache START
07-25 18:05:08.917 18618 18628 D VST-PhonebookBuilder: startPhonebookBuilder Start rebuild
07-25 18:05:08.937  1657  2132 I ActivityManager: Start proc com.motorola.cardock for broadcast com.motorola.cardock/.receiver.CustomAppUninstallReceiver: pid=18629 uid=10007 gids={3002, 3001, 3003}
07-25 18:05:08.937  1450  1461 E NetlinkEvent: NetlinkEvent::FindParam(): Parameter 'UDEV_LOG' not found
07-25 18:05:08.937  1452  1514 E NetlinkListener: ignoring non-kernel netlink multicast message
07-25 18:05:08.937  1450  1461 E NetlinkListener: ignoring non-kernel netlink multicast message
07-25 18:05:08.947  1657  2132 I ActivityManager: No longer want com.authentec.TrueSuiteMobile (pid 13371): hidden #21
07-25 18:05:08.957 18618 18618 D VST-PhonebookMaster: onServiceConnected Service name ComponentInfo{com.nuance.android.vsuite.vsuiteapp/com.nuance.android.vsuite.phonebook.VSuitePhonebookService}
07-25 18:05:08.957 18618 18618 D VST-VSuitePhonebookService: Adding Phonebook listener: com.nuance.android.vsuite.phonebook.PhonebookMaster@4052fe90
07-25 18:05:08.957 18618 18618 D VST-VSuitePhonebookService: Num Phonebook listeners is 1
07-25 18:05:08.957 18618 18618 D VST-BTMaster: BluetoothHeadsetAdapter.ServiceListener called with onServiceConnected
07-25 18:05:08.957  1657  2364 W ActivityManager: Scheduling restart of crashed service com.authentec.TrueSuiteMobile/com.authentec.GfxEngine.Control.GfxService in 5000ms
07-25 18:05:08.967 18618 18627 D VST-BTMaster: checkBluetoothCapability() btAdapter = android.bluetooth.BluetoothAdapter@40589c00
07-25 18:05:08.967 18618 18627 D VST-BTMaster: btAdapter().getBondedDevices() []
07-25 18:05:08.967 18618 18627 D VST-BTMaster: deviceSet.size() = 0
07-25 18:05:08.967 18618 18627 D VST-BTMaster: btAdapter.isEnabled() false
07-25 18:05:08.967 18618 18627 D VST-BTMaster: registerBroadcastReceiver for intent BluetoothHeadsetAdapter.ACTION_AUDIO_STATE_CHANGED
07-25 18:05:08.977 18618 18627 D VST-BtStateServiceConnecting: onBtServiceConnected()
07-25 18:05:08.977 18618 18627 D VST-BTMaster: notifyBtIsReady, status = false mInitCallback = null
07-25 18:05:08.997  1657  2048 I ActivityManager: No longer want com.android.settings (pid 13404): hidden #21
07-25 18:05:09.007  1657  6821 I TelephonyRegistry: notifyServiceState: 0 home domestic AT&T AT&T 310410  UMTS CSS not supported -1 -1RoamInd: -1DefRoamInd: -1EmergOnly: false
07-25 18:05:09.017  1853  1853 D RawRadioSignalLevel: mSignalStrength=SignalStrength: 8 -1 -1 -1 -1 -1 -1 gsm 0 0 0 5 -98 -9, numBars=5
07-25 18:05:09.017  1853  1853 D RawRadioSignalLevel: raw_sig_level=-98,raw_ecno_ber=-9,raw_rat=5
07-25 18:05:09.017  1853  1853 D RawRadioSignalLevel: rscp_iconLevel=3, ecno_iconLevel=5
07-25 18:05:09.017  1853  1853 D RawRadioSignalLevel: iconLevel = 3
07-25 18:05:09.017  2025  2025 D PollingManager: phone state: 0 home domestic AT&T AT&T 310410  UMTS CSS not supported -1 -1RoamInd: -1DefRoamInd: -1EmergOnly: false
07-25 18:05:09.017  2071  2298 I SYS_MPP : WebtopStatusHandler	updateDataIcon()
07-25 18:05:09.017  2074  2074 D PMAppInfoManager: Not removing pkg as cache is not set
07-25 18:05:09.017  1853  1853 D StatusBarPolicy: ERI alert sound is disabled.
07-25 18:05:09.027  1657  1657 I TelephonyRegistry: notifyDataConnection: state=2 isDataConnectivityPossible=true reason=nwTypeChanged interfaceName=ppp0 networkType=3
07-25 18:05:09.037  2071  2298 I SYS_MPP : WebtopStatusHandler	updateDataIcon()
07-25 18:05:09.057 13603 13603 D NetStatUtils: Receive a broadcast: android.intent.action.ANY_DATA_STATE
07-25 18:05:09.057 13603 13603 D NetStatUtils: Received android.intent.action.ANY_DATA_STATE broadcast - state = CONNECTED, unavailable = false
07-25 18:05:09.057 13603 13603 D NetStatUtils: The APN name is: phone and the interface is: ppp0
07-25 18:05:09.057 13603 13603 D NetStatUtils: This APN has been recorded before yet.
07-25 18:05:09.057 13603 13603 D NetStatUtils: This APN has been active yet. the corresponding interface is: ppp0
07-25 18:05:09.057  1657  1683 D MobileDataStateTracker: replacing old mInterfaceName (ppp0) with ppp0 for hipri
07-25 18:05:09.077  2013  2013 D PhoneApp: [NotificationMgr] updateNetworkSelection()...state = 0 new network 
07-25 18:05:09.077  1853  1853 D RawRadioSignalLevel: mSignalStrength=SignalStrength: 7 -1 -1 -1 -1 -1 -1 gsm 0 0 0 5 -99 -23, numBars=5
07-25 18:05:09.077  1853  1853 D RawRadioSignalLevel: raw_sig_level=-99,raw_ecno_ber=-23,raw_rat=5
07-25 18:05:09.077  1853  1853 D RawRadioSignalLevel: rscp_iconLevel=3, ecno_iconLevel=1
07-25 18:05:09.077  1853  1853 D RawRadioSignalLevel: iconLevel = 1
07-25 18:05:09.077  2013  2013 D PhoneApp: [NotificationMgr] hideDataDisconnectedRoaming()...
07-25 18:05:09.107  1657  1683 D MobileDataStateTracker: replacing old mInterfaceName (ppp0) with ppp0 for fota
07-25 18:05:09.117  1657  1683 D MobileDataStateTracker: replacing old mInterfaceName (ppp0) with ppp0 for agps
07-25 18:05:09.117  1657  1683 D MobileDataStateTracker: replacing old mInterfaceName (ppp0) with ppp0 for dun
07-25 18:05:09.117  1657  1683 D MobileDataStateTracker: replacing old mInterfaceName (ppp0) with ppp0 for supl
07-25 18:05:09.127  1657  1683 D MobileDataStateTracker: default Received state= CONNECTED, old= CONNECTED, reason= nwTypeChanged, apnTypeList= default,supl,agps,fota,dun
07-25 18:05:09.127  1657  1683 D NetworkStateTracker: setDetailed state, old =CONNECTED and new state=CONNECTED
07-25 18:05:09.237 18618 18628 D VST-ContactNameList: getContactNames()
07-25 18:05:09.237 18618 18628 D VST-ContactNameList: Getting 421 names.
07-25 18:05:09.237 18618 18628 D VST-PhonebookCrc: calcCheckSum BEGIN CRC
07-25 18:05:09.257 18639 18639 D AndroidRuntime: 
07-25 18:05:09.257 18639 18639 D AndroidRuntime: >>>>>> AndroidRuntime START com.android.internal.os.RuntimeInit <<<<<<
07-25 18:05:09.257 18639 18639 D AndroidRuntime: CheckJNI is OFF
07-25 18:05:09.257 18639 18639 D dalvikvm: creating instr width table
07-25 18:05:09.267 18618 18628 D VST-PhonebookCrc: calcCheckSum END CRC
07-25 18:05:09.267 18618 18628 D VST-ContactNameList: calculateUniqueCode UniqueCode value is 1.817352525E9
07-25 18:05:09.267 18618 18628 D VST-PhonebookBuilder: Total number of phonebook contacts = 421
07-25 18:05:09.267 18618 18618 D VST-PhonebookSync: Rebuild complete, mNumTimesResyncStarted = 0
07-25 18:05:09.267 18618 18618 D VST-VSuitePhonebookService: onPhonebookChanged
07-25 18:05:09.267 18618 18618 D VST-VSuitePhonebookService: fireOnNewPhonebook() listeners = [com.nuance.android.vsuite.phonebook.PhonebookMaster@4052fe90]
07-25 18:05:09.267 18618 18618 D VST-VSuitePhonebookService: fireOnNewPhonebook() listener = com.nuance.android.vsuite.phonebook.PhonebookMaster@4052fe90
07-25 18:05:09.267 18618 18618 D VST-PhonebookMaster: onPhonebookChanged mWaitForPhonebookSync true
07-25 18:05:09.267 18618 18618 D VST-VSuitePhonebookService: updating the contact name list
07-25 18:05:09.267 18618 18618 D VST-PhonebookMaster: updating the contact name list
07-25 18:05:09.277  1657  2048 I ActivityManager: Start proc com.motorola.mediashare for broadcast com.motorola.mediashare/.HomeSyncReceiver: pid=18645 uid=10058 gids={3002, 3001}
07-25 18:05:09.277  1450  1461 E NetlinkEvent: NetlinkEvent::FindParam(): Parameter 'UDEV_LOG' not found
07-25 18:05:09.277  1452  1514 E NetlinkListener: ignoring non-kernel netlink multicast message
07-25 18:05:09.277  1450  1461 E NetlinkListener: ignoring non-kernel netlink multicast message
07-25 18:05:09.287 18618 18628 D VST-PhonebookBuilder: VSuite pb recache END
07-25 18:05:09.337 18645 18645 I HomeSyncReceiver: onReceive:USB conneted ......
07-25 18:05:09.337  1657  2070 I ActivityManager: No longer want com.motorola.blur.music (pid 13428): hidden #21
07-25 18:05:09.347 13603 13603 V DMSvc   : onStartCommand(Intent { act=android.intent.action.UID_REMOVED flg=0x10000000 cmp=com.motorola.android.datamanager/.DataManagerService (has extras) })
07-25 18:05:09.357  1657  2070 I ActivityManager: Start proc com.android.settings for broadcast com.android.settings/.deviceinfo.MediaSyncPreference$UsbReceiver: pid=18658 uid=1000 gids={3002, 3001, 3003, 1015, 2001, 1007, 3005}
07-25 18:05:09.377 18658 18658 W dalvikvm: Refusing to reopen boot DEX '/system/framework/com.motorola.android.frameworks.jar'
07-25 18:05:09.407  1657  2361 I ActivityManager: No longer want com.motorola.blur.home.other (pid 10513): hidden #21
07-25 18:05:09.417 17948 17948 D MotMediaScannerReceiver: getMode share=true
07-25 18:05:09.417 17948 17948 D MotMediaScannerReceiver: getMode shutdown=false
07-25 18:05:09.417  1657  1679 W ActivityManager: Scheduling restart of crashed service com.motorola.togglewidgets/.GpsToggle$UpdateService in 14536ms
07-25 18:05:09.457 18639 18639 D AndroidRuntime: Calling main entry com.android.commands.pm.Pm
07-25 18:05:09.467  1503 18560 I AwesomePlayer: pause_l 1
07-25 18:05:09.467  1657 18546 I AudioService:  AudioFocus  abandonAudioFocus() from android.media.AudioManager@40a84e38
07-25 18:05:09.467  1657  1688 I ActivityManager: Start proc com.android.defcontainer for service com.android.defcontainer/.DefaultContainerService: pid=18667 uid=10043 gids={1015, 2001}
07-25 18:05:09.467  1450  1461 E NetlinkEvent: NetlinkEvent::FindParam(): Parameter 'UDEV_LOG' not found
07-25 18:05:09.467  1452  1514 E NetlinkListener: ignoring non-kernel netlink multicast message
07-25 18:05:09.467  1450  1461 E NetlinkListener: ignoring non-kernel netlink multicast message
07-25 18:05:09.477 18618 18626 D VST-ShortcutListBuilder: VSuite applist recache END
07-25 18:05:09.477 18618 18626 D VST-ShortcutListBuilder: VSuite applist recache START
07-25 18:05:09.477 18618 18626 D VST-ShortcutListBuilder: rebuildAppList Start rebuild
07-25 18:05:09.477 18618 18626 D VST-ShortcutListBuilder: queryActivitiesByIntent
07-25 18:05:09.487 18618 18618 D VST-ShortcutListBuilder: fireOnShortcutListBuildComplete, rebuild complete
07-25 18:05:09.487 18618 18618 D VST-ShortcutListSync: Rebuild complete, size = 66
07-25 18:05:09.607 18667 18674 D dalvikvm: GC_EXPLICIT freed 46K, 49% free 2778K/5379K, external 2357K/2773K, paused 63ms
07-25 18:05:09.617 18618 18626 D VST-ShortcutListBuilder: VSuite applist recache END
07-25 18:05:09.617 18618 18618 D VST-ShortcutListBuilder: fireOnShortcutListBuildComplete, rebuild complete
07-25 18:05:09.617 18618 18618 D VST-ShortcutListSync: Rebuild complete, size = 66
07-25 18:05:09.627  1657  1659 D dalvikvm: GC_CONCURRENT freed 1854K, 34% free 9144K/13831K, external 7889K/9572K, paused 3ms+9ms
07-25 18:05:09.637  1657  1688 W ActivityManager: No content provider found for: 
07-25 18:05:09.660  1657  1688 D PackageParser: Scanning package: /data/app/vmdl-344248564.tmp
07-25 18:05:09.660  1503  1584 D AudioHardwareMot: AudioStreamOutMot::setParameters() fm_attenuate=0;fm_mute=0
07-25 18:05:09.660  1657  1688 W ActivityManager: No content provider found for: 
07-25 18:05:09.660  1657  1679 I ActivityManager: No longer want com.motorola.blur.contacts.data (pid 13551): hidden #21
07-25 18:05:09.737 10440 10440 I TransactionService: MMS-STATUS - start transaction service, app version=STABLE4.user.4.5.141.2.3.6.Blur_Version.4.5.141.MB860.ATT.en.US.Mon Dec 12 12:42:46 CST 2011 (log=false) (apn=false) (config=false)
07-25 18:05:09.757 10440 10440 I SmsReceiverService: MMS-STATUS - start sms receiver service, app version=STABLE4.user.4.5.141.2.3.6.Blur_Version.4.5.141.MB860.ATT.en.US.Mon Dec 12 12:42:46 CST 2011 (log=false) (apn=false) (config=false)
07-25 18:05:09.797  1657  1688 D PackageManager: Scanning package com.johnpritchard.docking
07-25 18:05:09.797  1505  1505 D installd: DexInv: --- BEGIN '/data/app/com.johnpritchard.docking-1.apk' ---
07-25 18:05:09.797  1657  1688 I PackageManager: Unpacking native libraries for /data/app/com.johnpritchard.docking-1.apk
07-25 18:05:09.797  1450  1461 E NetlinkEvent: NetlinkEvent::FindParam(): Parameter 'UDEV_LOG' not found
07-25 18:05:09.807  1452  1514 E NetlinkListener: ignoring non-kernel netlink multicast message
07-25 18:05:09.807  1450  1461 E NetlinkListener: ignoring non-kernel netlink multicast message
07-25 18:05:09.837 18683 18683 D dalvikvm: creating instr width table
07-25 18:05:09.967 18683 18683 D dalvikvm: DexOpt: load 14ms, verify+opt 90ms
07-25 18:05:09.997  2025  2025 D PollingManager: phone state: 0 home domestic AT&T AT&T 310410  HSPA CSS not supported -1 -1RoamInd: -1DefRoamInd: -1EmergOnly: false
07-25 18:05:09.997  2071  2298 I SYS_MPP : WebtopStatusHandler	updateDataIcon()
07-25 18:05:09.997  1657  2364 I TelephonyRegistry: notifyServiceState: 0 home domestic AT&T AT&T 310410  HSPA CSS not supported -1 -1RoamInd: -1DefRoamInd: -1EmergOnly: false
07-25 18:05:09.997  1657  2067 I TelephonyRegistry: notifyDataConnection: state=2 isDataConnectivityPossible=true reason=nwTypeChanged interfaceName=ppp0 networkType=10
07-25 18:05:10.007  1450  1461 E NetlinkEvent: NetlinkEvent::FindParam(): Parameter 'UDEV_LOG' not found
07-25 18:05:10.007  1452  1514 E NetlinkListener: ignoring non-kernel netlink multicast message
07-25 18:05:10.007  1450  1461 E NetlinkListener: ignoring non-kernel netlink multicast message
07-25 18:05:10.017  2071  2298 I SYS_MPP : WebtopStatusHandler	updateDataIcon()
07-25 18:05:10.027 10440 10440 I TransactionService: MMS-STATUS - start transaction service, app version=STABLE4.user.4.5.141.2.3.6.Blur_Version.4.5.141.MB860.ATT.en.US.Mon Dec 12 12:42:46 CST 2011 (log=false) (apn=false) (config=false)
07-25 18:05:10.037  1853  1853 D RawRadioSignalLevel: mSignalStrength=SignalStrength: 7 -1 -1 -1 -1 -1 -1 gsm 0 0 0 5 -99 -23, numBars=5
07-25 18:05:10.037  1853  1853 D RawRadioSignalLevel: raw_sig_level=-99,raw_ecno_ber=-23,raw_rat=5
07-25 18:05:10.037  1853  1853 D RawRadioSignalLevel: rscp_iconLevel=3, ecno_iconLevel=1
07-25 18:05:10.037  1853  1853 D RawRadioSignalLevel: iconLevel = 1
07-25 18:05:10.037 10440 10440 I SmsReceiverService: MMS-STATUS - start sms receiver service, app version=STABLE4.user.4.5.141.2.3.6.Blur_Version.4.5.141.MB860.ATT.en.US.Mon Dec 12 12:42:46 CST 2011 (log=false) (apn=false) (config=false)
07-25 18:05:10.037  2013  2013 D PhoneApp: [NotificationMgr] updateNetworkSelection()...state = 0 new network 
07-25 18:05:10.037 13603 13603 D NetStatUtils: Receive a broadcast: android.intent.action.ANY_DATA_STATE
07-25 18:05:10.037 13603 13603 D NetStatUtils: Received android.intent.action.ANY_DATA_STATE broadcast - state = CONNECTED, unavailable = false
07-25 18:05:10.037 13603 13603 D NetStatUtils: The APN name is: phone and the interface is: ppp0
07-25 18:05:10.037 13603 13603 D NetStatUtils: This APN has been recorded before yet.
07-25 18:05:10.037 13603 13603 D NetStatUtils: This APN has been active yet. the corresponding interface is: ppp0
07-25 18:05:10.037  1853  1853 D StatusBarPolicy: ERI alert sound is disabled.
07-25 18:05:10.047  2013  2013 D PhoneApp: [NotificationMgr] hideDataDisconnectedRoaming()...
07-25 18:05:10.047  1657  1683 D MobileDataStateTracker: replacing old mInterfaceName (ppp0) with ppp0 for hipri
07-25 18:05:10.057  1657  1683 D MobileDataStateTracker: replacing old mInterfaceName (ppp0) with ppp0 for fota
07-25 18:05:10.067  1657  1683 D MobileDataStateTracker: replacing old mInterfaceName (ppp0) with ppp0 for agps
07-25 18:05:10.067  1657  1683 D MobileDataStateTracker: replacing old mInterfaceName (ppp0) with ppp0 for dun
07-25 18:05:10.067  1657  1683 D MobileDataStateTracker: replacing old mInterfaceName (ppp0) with ppp0 for supl
07-25 18:05:10.067  1657  1683 D MobileDataStateTracker: default Received state= CONNECTED, old= CONNECTED, reason= nwTypeChanged, apnTypeList= default,supl,agps,fota,dun
07-25 18:05:10.067  1657  1683 D NetworkStateTracker: setDetailed state, old =CONNECTED and new state=CONNECTED
07-25 18:05:10.400  1450  1461 E NetlinkEvent: NetlinkEvent::FindParam(): Parameter 'UDEV_LOG' not found
07-25 18:05:10.400  1452  1514 E NetlinkListener: ignoring non-kernel netlink multicast message
07-25 18:05:10.400  1450  1461 E NetlinkListener: ignoring non-kernel netlink multicast message
07-25 18:05:10.677 18550 18587 I GoogleConversionPing: Ping responded with response code 200
07-25 18:05:10.837  2071  2298 I SYS_MPP : WebtopStatusHandler	onDataActivity()...direction=3
07-25 18:05:10.837  2071  2298 I SYS_MPP : WebtopStatusHandler	updateDataIcon()
07-25 18:05:11.817  1853  1853 D RawRadioSignalLevel: mSignalStrength=SignalStrength: 8 -1 -1 -1 -1 -1 -1 gsm 0 0 0 5 -98 -19, numBars=5
07-25 18:05:11.817  1853  1853 D RawRadioSignalLevel: raw_sig_level=-98,raw_ecno_ber=-19,raw_rat=5
07-25 18:05:11.817  1853  1853 D RawRadioSignalLevel: rscp_iconLevel=3, ecno_iconLevel=1
07-25 18:05:11.817  1853  1853 D RawRadioSignalLevel: iconLevel = 1
07-25 18:05:11.817  1505  1505 D installd: DexInv: --- END '/data/app/com.johnpritchard.docking-1.apk' (success) ---
07-25 18:05:11.827  1657  1688 D PackageManager: Registered content provider: com.johnpritchard.docking.provider.History, className = com.johnpritchard.docking.DockingDatabaseHistoryProvider, isSyncable = false
07-25 18:05:11.827  1657  1688 D PackageManager:   Providers: com.johnpritchard.docking.DockingDatabaseHistoryProvider
07-25 18:05:11.827  1657  1688 D PackageManager:   Activities: com.johnpritchard.docking.DockingActivity2D com.johnpritchard.docking.DockingActivity3D
07-25 18:05:11.827  1657  1685 I ActivityManager: Force stopping package com.johnpritchard.docking uid=10049
07-25 18:05:12.012  1499  1676 I         : odm_disp_esd_thread starting loop dispInit=1 state=1
07-25 18:05:12.012  1499  1676 I         : odm_disp_esd_thread is running(0) state=1
07-25 18:05:12.220  1503  1584 D AudioHardwareMot: AudioStreamOutMot::standby called
07-25 18:05:12.220  1503  1584 D AudioHardwareMot: Output 0x13648 entering standby
07-25 18:05:12.220  1503  1584 D AudioHardwareMot: Closing stereo device
07-25 18:05:12.230  1503  1584 D CpcapAudio:  0x200 = 65
07-25 18:05:12.230  1503  1584 D CpcapAudio:  0x201 = 8000
07-25 18:05:12.230  1503  1584 D CpcapAudio:  0x202 = 8603
07-25 18:05:12.230  1503  1584 D CpcapAudio:  0x203 = 8
07-25 18:05:12.230  1503  1584 D CpcapAudio:  0x204 = 3c
07-25 18:05:12.230  1503  1584 D CpcapAudio:  0x205 = 0
07-25 18:05:12.230  1503  1584 D CpcapAudio:  0x206 = 39c
07-25 18:05:12.230  1503  1584 D CpcapAudio:  0x207 = 0
07-25 18:05:12.230  1503  1584 D CpcapAudio:  0x208 = b2c
07-25 18:05:12.230  1503  1584 D CpcapAudio:  0x209 = 0
07-25 18:05:12.230  1503  1584 D CpcapAudio:  0x20A = 0
07-25 18:05:12.230  1503  1584 D CpcapAudio:  0x20B = 0
07-25 18:05:12.230  1503  1584 D CpcapAudio:  0x20D = 30
07-25 18:05:12.230  1503  1584 D AudioHardwareMot: disable configClock count = 0
07-25 18:05:12.230  1503  1584 D AudioHardwareMot: Disabling CPCAP input clock 
07-25 18:05:12.230  1503  1584 D AudioHardwareMot: NvOdmExternalClockConfig status 0x00000001 
07-25 18:05:12.230  1503  1584 D AudioHardwareMot: [int android::AudioHardwareMot::audioSelectSpeakers(int)] enter with spkr = 0
07-25 18:05:12.230  1503  1584 D AudioHardwareMot: spkr1 = 0, spkr2 = 0
07-25 18:05:12.230  1503  1584 D AudioHardwareMot: Setting STDAC speakers to none
07-25 18:05:12.230  1503  1584 D AudioHardwareMot: configPostProcessor() called with accy = 0
07-25 18:05:12.230  1503  1584 D AudioPostProcessor: configPostProcessing() called, inputAccy= 40, outputAccy= 0, sampleRate= 44100, ringtoneMode= 0
07-25 18:05:12.230  1503  1584 D AudioPostProcessor: updatePostProcessor: speakerConfig
07-25 18:05:12.230  1503  1584 D AudioPostProcessor: updatePostProcessor calling SuperAPI parser with: accy=8 config=0 SE_level_index=1
07-25 18:05:12.230  1503  1584 D AudioMgrRIL: Sending accessory : 3
07-25 18:05:12.230  1503  1584 D AudioPostProcessor: slider opened, coeffs device for handset =0
07-25 18:05:12.230  1503  1584 D AudioHardwareMot: doRouting devs: stereo 0, mono 0, input 0. Chose speaker None (gain 0) mic None (gain 0x1c1c)
07-25 18:05:12.230  1503  1584 D CpcapAudio:  0x200 = 65
07-25 18:05:12.230  1503  1584 D CpcapAudio:  0x201 = 8000
07-25 18:05:12.230  1503  1584 D CpcapAudio:  0x202 = 8603
07-25 18:05:12.230  1503  1584 D CpcapAudio:  0x203 = 8
07-25 18:05:12.230  1503  1584 D CpcapAudio:  0x204 = 3c
07-25 18:05:12.230  1503  1584 D CpcapAudio:  0x205 = 0
07-25 18:05:12.230  1503  1584 D CpcapAudio:  0x206 = 39c
07-25 18:05:12.230  1503  1584 D CpcapAudio:  0x207 = 0
07-25 18:05:12.230  1503  1584 D CpcapAudio:  0x208 = 0
07-25 18:05:12.230  1503  1584 D CpcapAudio:  0x209 = 0
07-25 18:05:12.230  1503  1584 D CpcapAudio:  0x20A = 0
07-25 18:05:12.230  1503  1584 D CpcapAudio:  0x20B = 0
07-25 18:05:12.230  1503  1584 D CpcapAudio:  0x20D = 30
07-25 18:05:12.338  1505  1505 I installd: move /data/dalvik-cache/data@app@com.johnpritchard.docking-1.apk@classes.dex -> /data/dalvik-cache/data@app@com.johnpritchard.docking-1.apk@classes.dex
07-25 18:05:12.338  1657  1688 D PackageManager: New package installed in /data/app/com.johnpritchard.docking-1.apk
07-25 18:05:12.338  2071  2298 I SYS_MPP : WebtopStatusHandler	onDataActivity()...direction=0
07-25 18:05:12.338  2071  2298 I SYS_MPP : WebtopStatusHandler	updateDataIcon()
07-25 18:05:12.347  1657  1688 W PackageManager: Unknown permission android.permission.READ_EXTERNAL_STORAGE in package com.johnpritchard.docking
07-25 18:05:12.900  1450  1461 E NetlinkEvent: NetlinkEvent::FindParam(): Parameter 'UDEV_LOG' not found
07-25 18:05:12.900  1452  1514 E NetlinkListener: ignoring non-kernel netlink multicast message
07-25 18:05:12.900  1450  1461 E NetlinkListener: ignoring non-kernel netlink multicast message
07-25 18:05:13.177  1657  1688 D dalvikvm: GC_EXPLICIT freed 1127K, 35% free 9087K/13831K, external 7883K/9572K, paused 107ms
07-25 18:05:13.187  1450  1501 D VoldCmdListener: storage users /mnt/sdcard
07-25 18:05:13.297  1657  1688 D dalvikvm: GC_EXPLICIT freed 146K, 36% free 8980K/13831K, external 7883K/9572K, paused 85ms
07-25 18:05:13.337 18639 18639 D AndroidRuntime: Shutting down VM
07-25 18:05:13.337 18618 18618 D VST-PackageChangeReceiver: onReceive()
07-25 18:05:13.337 18618 18618 D VST-PackageChangeReceiver: onReceive(), action = android.intent.action.PACKAGE_ADDED
07-25 18:05:13.337 18618 18618 D VST-ShortcutListSync: onChange, mNumTimesResyncStarted = 0
07-25 18:05:13.337 18618 18626 D VST-ShortcutListBuilder: VSuite applist recache START
07-25 18:05:13.337 18618 18626 D VST-ShortcutListBuilder: rebuildAppList Start rebuild
07-25 18:05:13.337 18618 18626 D VST-ShortcutListBuilder: queryActivitiesByIntent
07-25 18:05:13.337 18639 18654 D dalvikvm: GC_CONCURRENT freed 100K, 71% free 300K/1024K, external 0K/0K, paused 0ms+1ms
07-25 18:05:13.337 18639 18656 D jdwp    : adbd disconnected
07-25 18:05:13.347  1657  1662 I ActivityManager: Start proc com.google.android.partnersetup for broadcast com.google.android.partnersetup/.AppInstalledReceiver: pid=18706 uid=10011 gids={3003}
07-25 18:05:13.367  1450  1461 E NetlinkEvent: NetlinkEvent::FindParam(): Parameter 'UDEV_LOG' not found
07-25 18:05:13.367  1452  1514 E NetlinkListener: ignoring non-kernel netlink multicast message
07-25 18:05:13.367  1450  1461 E NetlinkListener: ignoring non-kernel netlink multicast message
07-25 18:05:13.437  1657  1683 D szipinf : Initializing inflate state
07-25 18:05:13.457 18618 18626 D VST-ShortcutListBuilder: VSuite applist recache END
07-25 18:05:13.457 18618 18618 D VST-ShortcutListBuilder: fireOnShortcutListBuildComplete, rebuild complete
07-25 18:05:13.457 18618 18618 D VST-ShortcutListSync: Rebuild complete, size = 67
07-25 18:05:13.467 18706 18706 I ActivityThread: Pub com.google.android.partnersetup.rlzprovider: com.google.android.partnersetup.RlzProvider
07-25 18:05:13.467 18706 18706 I ActivityThread: Pub com.google.android.partnersetup.rlzappprovider: com.google.android.partnersetup.RlzAppProvider
07-25 18:05:13.537  1657  1817 D dalvikvm: GC_EXPLICIT freed 177K, 36% free 8989K/13831K, external 7883K/9572K, paused 82ms
07-25 18:05:13.547  1450  1501 D VoldCmdListener: volume unmount /mnt/sdcard force
07-25 18:05:13.547  1450  1501 I Vold    : Unmounting ASEC awb.tov-2 (dependant on /mnt/sdcard)
07-25 18:05:13.557  1450  1461 E NetlinkEvent: NetlinkEvent::FindParam(): Parameter 'UDEV_LOG' not found
07-25 18:05:13.557  1452  1514 E NetlinkListener: ignoring non-kernel netlink multicast message
07-25 18:05:13.557  1450  1461 E NetlinkListener: ignoring non-kernel netlink multicast message
07-25 18:05:13.567  1657  6821 I ActivityManager: Start proc com.svox.pico for broadcast com.svox.pico/.VoiceDataInstallerReceiver: pid=18719 uid=10040 gids={}
07-25 18:05:13.567  1450  1461 E NetlinkEvent: NetlinkEvent::FindParam(): Parameter 'UDEV_LOG' not found
07-25 18:05:13.567  1452  1514 E NetlinkListener: ignoring non-kernel netlink multicast message
07-25 18:05:13.567  1450  1461 E NetlinkListener: ignoring non-kernel netlink multicast message
07-25 18:05:13.577  1657  6821 I ActivityManager: No longer want com.motorola.blur.suggestions.scheduler (pid 13510): hidden #21
07-25 18:05:13.577  1450  1501 I Vold    : Unmounting ASEC com.astra.solarapp-1 (dependant on /mnt/sdcard)
07-25 18:05:13.577  1450  1461 E NetlinkEvent: NetlinkEvent::FindParam(): Parameter 'UDEV_LOG' not found
07-25 18:05:13.577  1450  1461 E NetlinkEvent: NetlinkEvent::FindParam(): Parameter 'UDEV_LOG' not found
07-25 18:05:13.577  1452  1514 E NetlinkListener: ignoring non-kernel netlink multicast message
07-25 18:05:13.577  1450  1461 E NetlinkListener: ignoring non-kernel netlink multicast message
07-25 18:05:13.577  1452  1514 E NetlinkListener: ignoring non-kernel netlink multicast message
07-25 18:05:13.577  1450  1461 E NetlinkListener: ignoring non-kernel netlink multicast message
07-25 18:05:13.587  1657  2067 W ActivityManager: Scheduling restart of crashed service com.motorola.blur.suggestions.scheduler/.PollSchedulerService in 20368ms
07-25 18:05:13.597  1450  1461 E NetlinkEvent: NetlinkEvent::FindParam(): Parameter 'UDEV_LOG' not found
07-25 18:05:13.597  1452  1514 E NetlinkListener: ignoring non-kernel netlink multicast message
07-25 18:05:13.597  1450  1461 E NetlinkListener: ignoring non-kernel netlink multicast message
07-25 18:05:13.617 18719 18719 I ActivityThread: Pub com.svox.pico.providers.SettingsProvider: com.svox.pico.providers.SettingsProvider
07-25 18:05:13.627  1452  1514 E NetlinkListener: ignoring non-kernel netlink multicast message
07-25 18:05:13.627  1450  1461 E NetlinkListener: ignoring non-kernel netlink multicast message
07-25 18:05:13.627  1450  1461 E NetlinkEvent: NetlinkEvent::FindParam(): Parameter 'UDEV_LOG' not found
07-25 18:05:13.627  1450  1461 E NetlinkEvent: NetlinkEvent::FindParam(): Parameter 'UDEV_LOG' not found
07-25 18:05:13.627  1452  1514 E NetlinkListener: ignoring non-kernel netlink multicast message
07-25 18:05:13.627  1450  1461 E NetlinkListener: ignoring non-kernel netlink multicast message
07-25 18:05:13.627  1450  1501 D Vold    : Volume sdcard state changing 4 (Mounted) -> 5 (Unmounting)
07-25 18:05:13.637  2025  3215 D cUs     : AndroidClientUpgradeService.handleIntent: android.intent.action.MEDIA_EJECT
07-25 18:05:13.637  2025  3215 D cUs     : AndroidClientUpgradeService.handleIntent: file:///mnt/sdcard ejected
07-25 18:05:13.637  2025  3215 D cUs     : CusSM.onSDCardRemoved: file:///mnt/sdcard
07-25 18:05:13.637 17948 17948 D MediaProvider: get action android.intent.action.MEDIA_EJECT
07-25 18:05:13.637  1657  2207 I ActivityManager: No longer want com.motorola.blur.provider.suggestions (pid 13589): hidden #21
07-25 18:05:13.657  2271  2271 D GTalkService: handlePackageInstalled: re-initialize providers
07-25 18:05:13.657  2271  2271 D GTalkService: [RawStanzaProvidersMgr] ##### searchProvidersFromIntent
07-25 18:05:13.657  2271  2271 D GTalkService: [RawStanzaProvidersMgr] no intent receivers found
07-25 18:05:13.667  2074  2074 D PMAppInfoManager: Not adding pkg as cache is not set
07-25 18:05:13.687  2313  2313 D PackageAddedReceiver: package added com.johnpritchard.docking
07-25 18:05:13.717  1657  2067 I ActivityManager: Start proc com.google.android.apps.googlevoice for broadcast com.google.android.apps.googlevoice/.BootUpReceiver: pid=18736 uid=10101 gids={3003, 1015}
07-25 18:05:13.717  1450  1461 E NetlinkEvent: NetlinkEvent::FindParam(): Parameter 'UDEV_LOG' not found
07-25 18:05:13.717  1452  1514 E NetlinkListener: ignoring non-kernel netlink multicast message
07-25 18:05:13.717  1450  1461 E NetlinkListener: ignoring non-kernel netlink multicast message
07-25 18:05:13.967  1657  1685 I ActivityManager: Start proc com.authentec.TrueSuiteMobile for service com.authentec.TrueSuiteMobile/com.authentec.GfxEngine.Control.GfxService: pid=18748 uid=10062 gids={3003, 1015}
07-25 18:05:13.967  1452  1514 E NetlinkListener: ignoring non-kernel netlink multicast message
07-25 18:05:13.967  1450  1461 E NetlinkListener: ignoring non-kernel netlink multicast message
07-25 18:05:13.967  1450  1461 E NetlinkEvent: NetlinkEvent::FindParam(): Parameter 'UDEV_LOG' not found
07-25 18:05:14.007  1657  1663 W PackageManager: setEnabledSetting(ENABLED) - would have exited here
07-25 18:05:14.497  1657  1679 W PackageManager: setEnabledSetting(ENABLED) - would have exited here
07-25 18:05:14.510 18736 18736 E dalvikvm: Could not find class 'android.app.Notification$Builder', referenced from method com.google.android.apps.googlevoice.system.AndroidNotifier.getApplicationUpgradedNotificationJellyBean
07-25 18:05:14.510 18736 18736 W dalvikvm: VFY: unable to resolve new-instance 36 (Landroid/app/Notification$Builder;) in Lcom/google/android/apps/googlevoice/system/AndroidNotifier;
07-25 18:05:14.510 18736 18736 D dalvikvm: VFY: replacing opcode 0x22 at 0x0000
07-25 18:05:14.510 18736 18736 D dalvikvm: VFY: dead code 0x0002-004e in Lcom/google/android/apps/googlevoice/system/AndroidNotifier;.getApplicationUpgradedNotificationJellyBean (Landroid/app/PendingIntent;)Landroid/app/Notification;
07-25 18:05:14.627  1450  1501 I Vold    : /mnt/sdcard sucessfully unmounted
07-25 18:05:14.637  1450  1501 I Vold    : Unmounted ecryptfs on /mnt/sdcard
07-25 18:05:14.637  1450  1501 I Vold    : Moved mount /mnt/sdcard => /mnt/secure/staging
07-25 18:05:14.637  1450  1501 I Vold    : /mnt/secure/staging/.android_secure sucessfully unmounted
07-25 18:05:14.637  1450  1501 I Vold    : /mnt/secure/asec sucessfully unmounted
07-25 18:05:14.647 18748 18748 W TrueSuiteMobile: <GfxService> AuthenTec TrueSuiteMobile version: 7.5.0.46
07-25 18:05:14.657 18736 18736 E GoogleVoice: BackedUpCircularLog: Failed to close checkin logs file. Permission denied
07-25 18:05:14.657 18736 18736 E GoogleVoice: BackedUpCircularLog: Failed to close checkin logs file. Permission denied
07-25 18:05:14.667 18736 18736 D GoogleVoice: PushNotificationRegistrationService.register(): registering for inbox notifications
07-25 18:05:14.667 18736 18736 E GoogleVoice: BackedUpCircularLog: Failed to close checkin logs file. Permission denied
07-25 18:05:14.667  1450  1501 I Vold    : /mnt/secure/staging sucessfully unmounted
07-25 18:05:14.667  1450  1501 I Vold    : /mnt/sdcard unmounted sucessfully
07-25 18:05:14.667  1450  1501 D Vold    : Volume sdcard state changing 5 (Unmounting) -> 1 (Idle-Unmounted)
07-25 18:05:14.677  1657  1817 I PackageManager: Updating external media status from unmounted to unmounted
07-25 18:05:14.677  1450  1501 D VoldCmdListener: volume share /mnt/sdcard ums
07-25 18:05:14.677  1450  1501 D Vold    : Opened ums lunfile </sys/devices/platform/usb_mass_storage/lun0/file> with </dev/block/vold/179:18>
07-25 18:05:14.677  1450  1501 D Vold    : Volume sdcard state changing 1 (Idle-Unmounted) -> 7 (Shared-Unmounted)
07-25 18:05:14.677  1853  2269 I StorageNotification: Media {/mnt/sdcard} state changed from {mounted} -> {unmounted}
07-25 18:05:14.677  1853  2269 I StorageNotification: Now notify Internal storage event
07-25 18:05:14.697  1657  1662 W PackageManager: setEnabledSetting(DISABLED) - would have exited here
07-25 18:05:14.707  1450  1461 E NetlinkEvent: NetlinkEvent::FindParam(): Parameter 'UDEV_LOG' not found
07-25 18:05:14.707  1452  1514 E NetlinkListener: ignoring non-kernel netlink multicast message
07-25 18:05:14.707  1450  1461 E NetlinkListener: ignoring non-kernel netlink multicast message
07-25 18:05:14.707  1450  1501 D VoldCmdListener: volume shared /mnt/sdcard-ext ums
