07-26 19:54:10.937  1853  1853 D RawRadioSignalLevel: iconLevel = 2
07-26 19:54:10.947  1657  2363 I TelephonyRegistry: notifyDataConnection: state=2 isDataConnectivityPossible=true reason=nwTypeChanged interfaceName=ppp0 networkType=10
07-26 19:54:10.947  2071  2298 I SYS_MPP : WebtopStatusHandler	updateDataIcon()
07-26 19:54:10.967  1853  1853 D RawRadioSignalLevel: mSignalStrength=SignalStrength: 5 -1 -1 -1 -1 -1 -1 gsm 0 0 0 5 -103 -13, numBars=5
07-26 19:54:10.967  1853  1853 D RawRadioSignalLevel: raw_sig_level=-103,raw_ecno_ber=-13,raw_rat=5
07-26 19:54:10.967  1853  1853 D RawRadioSignalLevel: rscp_iconLevel=2, ecno_iconLevel=3
07-26 19:54:10.967  1853  1853 D RawRadioSignalLevel: iconLevel = 2
07-26 19:54:10.987  2013  2013 D PhoneApp: [NotificationMgr] updateNetworkSelection()...state = 0 new network 
07-26 19:54:10.997  2013  2013 D PhoneApp: [NotificationMgr] hideDataDisconnectedRoaming()...
07-26 19:54:10.997   959   959 D NetStatUtils: Receive a broadcast: android.intent.action.ANY_DATA_STATE
07-26 19:54:10.997   959   959 D NetStatUtils: Received android.intent.action.ANY_DATA_STATE broadcast - state = CONNECTED, unavailable = false
07-26 19:54:10.997   959   959 D NetStatUtils: The APN name is: phone and the interface is: ppp0
07-26 19:54:10.997   959   959 D NetStatUtils: This APN has been recorded before yet.
07-26 19:54:10.997   959   959 D NetStatUtils: This APN has been active yet. the corresponding interface is: ppp0
07-26 19:54:10.997  1657  1683 D MobileDataStateTracker: replacing old mInterfaceName (ppp0) with ppp0 for hipri
07-26 19:54:11.017  1657  1683 D MobileDataStateTracker: replacing old mInterfaceName (ppp0) with ppp0 for fota
07-26 19:54:11.017  1657  1683 D MobileDataStateTracker: replacing old mInterfaceName (ppp0) with ppp0 for agps
07-26 19:54:11.017  1657  1683 D MobileDataStateTracker: replacing old mInterfaceName (ppp0) with ppp0 for dun
07-26 19:54:11.037  1496  1496 I TransactionService: MMS-STATUS - start transaction service, app version=STABLE4.user.4.5.141.2.3.6.Blur_Version.4.5.141.MB860.ATT.en.US.Mon Dec 12 12:42:46 CST 2011 (log=false) (apn=false) (config=false)
07-26 19:54:11.047  1496  1496 I SmsReceiverService: MMS-STATUS - start sms receiver service, app version=STABLE4.user.4.5.141.2.3.6.Blur_Version.4.5.141.MB860.ATT.en.US.Mon Dec 12 12:42:46 CST 2011 (log=false) (apn=false) (config=false)
07-26 19:54:11.057  1657  1683 D MobileDataStateTracker: replacing old mInterfaceName (ppp0) with ppp0 for supl
07-26 19:54:11.067  1657  1683 D MobileDataStateTracker: default Received state= CONNECTED, old= CONNECTED, reason= nwTypeChanged, apnTypeList= default,supl,agps,fota,dun
07-26 19:54:11.067  1657  1683 D NetworkStateTracker: setDetailed state, old =CONNECTED and new state=CONNECTED
07-26 19:54:13.807  1853  1853 D RawRadioSignalLevel: mSignalStrength=SignalStrength: 2 -1 -1 -1 -1 -1 -1 gsm 0 0 0 5 -110 -22, numBars=5
07-26 19:54:13.817  1853  1853 D RawRadioSignalLevel: raw_sig_level=-110,raw_ecno_ber=-22,raw_rat=5
07-26 19:54:13.817  1853  1853 D RawRadioSignalLevel: rscp_iconLevel=1, ecno_iconLevel=1
07-26 19:54:13.817  1853  1853 D RawRadioSignalLevel: iconLevel = 1
07-26 19:54:16.488  1499  1676 I         : odm_disp_esd_thread is running(517) state=1
07-26 19:54:17.417  3694  3697 D dalvikvm: GC_CONCURRENT freed 1126K, 58% free 3082K/7175K, external 3298K/3817K, paused 3ms+3ms
07-26 19:54:19.817  1853  1853 D RawRadioSignalLevel: mSignalStrength=SignalStrength: 5 -1 -1 -1 -1 -1 -1 gsm 0 0 0 5 -104 -10, numBars=5
07-26 19:54:19.817  1853  1853 D RawRadioSignalLevel: raw_sig_level=-104,raw_ecno_ber=-10,raw_rat=5
07-26 19:54:19.817  1853  1853 D RawRadioSignalLevel: rscp_iconLevel=2, ecno_iconLevel=4
07-26 19:54:19.817  1853  1853 D RawRadioSignalLevel: iconLevel = 2
07-26 19:54:20.037  2071  2298 I SYS_MPP : WebtopStatusHandler	onDataActivity()...direction=2
07-26 19:54:20.037  2071  2298 I SYS_MPP : WebtopStatusHandler	updateDataIcon()
07-26 19:54:20.747  2025  2025 D PollingManager: phone state: 0 home domestic AT&T AT&T 310410  UMTS CSS not supported -1 -1RoamInd: -1DefRoamInd: -1EmergOnly: false
07-26 19:54:20.747  2071  2298 I SYS_MPP : WebtopStatusHandler	updateDataIcon()
07-26 19:54:20.747  1657  1662 I TelephonyRegistry: notifyServiceState: 0 home domestic AT&T AT&T 310410  UMTS CSS not supported -1 -1RoamInd: -1DefRoamInd: -1EmergOnly: false
07-26 19:54:20.757  1853  1853 D RawRadioSignalLevel: mSignalStrength=SignalStrength: 5 -1 -1 -1 -1 -1 -1 gsm 0 0 0 5 -104 -10, numBars=5
07-26 19:54:20.757  1853  1853 D RawRadioSignalLevel: raw_sig_level=-104,raw_ecno_ber=-10,raw_rat=5
07-26 19:54:20.757  1853  1853 D RawRadioSignalLevel: rscp_iconLevel=2, ecno_iconLevel=4
07-26 19:54:20.757  1853  1853 D RawRadioSignalLevel: iconLevel = 2
07-26 19:54:20.757  1853  1853 D StatusBarPolicy: ERI alert sound is disabled.
07-26 19:54:20.767  1657  2132 I TelephonyRegistry: notifyDataConnection: state=2 isDataConnectivityPossible=true reason=nwTypeChanged interfaceName=ppp0 networkType=3
07-26 19:54:20.777  2071  2298 I SYS_MPP : WebtopStatusHandler	updateDataIcon()
07-26 19:54:20.807  2013  2013 D PhoneApp: [NotificationMgr] updateNetworkSelection()...state = 0 new network 
07-26 19:54:20.807  1657  1683 D MobileDataStateTracker: replacing old mInterfaceName (ppp0) with ppp0 for hipri
07-26 19:54:20.817  1657  1683 D MobileDataStateTracker: replacing old mInterfaceName (ppp0) with ppp0 for fota
07-26 19:54:20.817  1657  1683 D MobileDataStateTracker: replacing old mInterfaceName (ppp0) with ppp0 for agps
07-26 19:54:20.827  1657  1683 D MobileDataStateTracker: replacing old mInterfaceName (ppp0) with ppp0 for dun
07-26 19:54:20.827  1657  1683 D MobileDataStateTracker: replacing old mInterfaceName (ppp0) with ppp0 for supl
07-26 19:54:20.827  1657  1683 D MobileDataStateTracker: default Received state= CONNECTED, old= CONNECTED, reason= nwTypeChanged, apnTypeList= default,supl,agps,fota,dun
07-26 19:54:20.827  1657  1683 D NetworkStateTracker: setDetailed state, old =CONNECTED and new state=CONNECTED
07-26 19:54:20.827  2013  2013 D PhoneApp: [NotificationMgr] hideDataDisconnectedRoaming()...
07-26 19:54:20.827   959   959 D NetStatUtils: Receive a broadcast: android.intent.action.ANY_DATA_STATE
07-26 19:54:20.827   959   959 D NetStatUtils: Received android.intent.action.ANY_DATA_STATE broadcast - state = CONNECTED, unavailable = false
07-26 19:54:20.827   959   959 D NetStatUtils: The APN name is: phone and the interface is: ppp0
07-26 19:54:20.827   959   959 D NetStatUtils: This APN has been recorded before yet.
07-26 19:54:20.827   959   959 D NetStatUtils: This APN has been active yet. the corresponding interface is: ppp0
07-26 19:54:20.847  1496  1496 I TransactionService: MMS-STATUS - start transaction service, app version=STABLE4.user.4.5.141.2.3.6.Blur_Version.4.5.141.MB860.ATT.en.US.Mon Dec 12 12:42:46 CST 2011 (log=false) (apn=false) (config=false)
07-26 19:54:20.867  1496  1496 I SmsReceiverService: MMS-STATUS - start sms receiver service, app version=STABLE4.user.4.5.141.2.3.6.Blur_Version.4.5.141.MB860.ATT.en.US.Mon Dec 12 12:42:46 CST 2011 (log=false) (apn=false) (config=false)
07-26 19:54:22.047  2071  2298 I SYS_MPP : WebtopStatusHandler	onDataActivity()...direction=0
07-26 19:54:22.047  2071  2298 I SYS_MPP : WebtopStatusHandler	updateDataIcon()
07-26 19:54:22.597  2025  2025 D PollingManager: phone state: 0 home domestic AT&T AT&T 310410  HSDPA CSS not supported -1 -1RoamInd: -1DefRoamInd: -1EmergOnly: false
07-26 19:54:22.597  2071  2298 I SYS_MPP : WebtopStatusHandler	updateDataIcon()
07-26 19:54:22.597  1853  1853 D RawRadioSignalLevel: mSignalStrength=SignalStrength: 5 -1 -1 -1 -1 -1 -1 gsm 0 0 0 5 -104 -10, numBars=5
07-26 19:54:22.597  1853  1853 D RawRadioSignalLevel: raw_sig_level=-104,raw_ecno_ber=-10,raw_rat=5
07-26 19:54:22.597  1853  1853 D RawRadioSignalLevel: rscp_iconLevel=2, ecno_iconLevel=4
07-26 19:54:22.597  1853  1853 D RawRadioSignalLevel: iconLevel = 2
07-26 19:54:22.597  1657  6821 I TelephonyRegistry: notifyServiceState: 0 home domestic AT&T AT&T 310410  HSDPA CSS not supported -1 -1RoamInd: -1DefRoamInd: -1EmergOnly: false
07-26 19:54:22.597  1853  1853 D StatusBarPolicy: ERI alert sound is disabled.
07-26 19:54:22.637  1657  2069 I TelephonyRegistry: notifyDataConnection: state=2 isDataConnectivityPossible=true reason=nwTypeChanged interfaceName=ppp0 networkType=8
07-26 19:54:22.647  2071  2298 I SYS_MPP : WebtopStatusHandler	updateDataIcon()
07-26 19:54:22.667  2013  2013 D PhoneApp: [NotificationMgr] updateNetworkSelection()...state = 0 new network 
07-26 19:54:22.677  2013  2013 D PhoneApp: [NotificationMgr] hideDataDisconnectedRoaming()...
07-26 19:54:22.697  1657  1683 D MobileDataStateTracker: replacing old mInterfaceName (ppp0) with ppp0 for hipri
07-26 19:54:22.697   959   959 D NetStatUtils: Receive a broadcast: android.intent.action.ANY_DATA_STATE
07-26 19:54:22.697   959   959 D NetStatUtils: Received android.intent.action.ANY_DATA_STATE broadcast - state = CONNECTED, unavailable = false
07-26 19:54:22.707   959   959 D NetStatUtils: The APN name is: phone and the interface is: ppp0
07-26 19:54:22.707   959   959 D NetStatUtils: This APN has been recorded before yet.
07-26 19:54:22.707   959   959 D NetStatUtils: This APN has been active yet. the corresponding interface is: ppp0
07-26 19:54:22.707  1657  1683 D MobileDataStateTracker: replacing old mInterfaceName (ppp0) with ppp0 for fota
07-26 19:54:22.717  1496  1496 I TransactionService: MMS-STATUS - start transaction service, app version=STABLE4.user.4.5.141.2.3.6.Blur_Version.4.5.141.MB860.ATT.en.US.Mon Dec 12 12:42:46 CST 2011 (log=false) (apn=false) (config=false)
07-26 19:54:22.727  1496  1496 I SmsReceiverService: MMS-STATUS - start sms receiver service, app version=STABLE4.user.4.5.141.2.3.6.Blur_Version.4.5.141.MB860.ATT.en.US.Mon Dec 12 12:42:46 CST 2011 (log=false) (apn=false) (config=false)
07-26 19:54:22.747  1657  1683 D MobileDataStateTracker: replacing old mInterfaceName (ppp0) with ppp0 for agps
07-26 19:54:22.747  1657  1683 D MobileDataStateTracker: replacing old mInterfaceName (ppp0) with ppp0 for dun
07-26 19:54:22.747  1657  1683 D MobileDataStateTracker: replacing old mInterfaceName (ppp0) with ppp0 for supl
07-26 19:54:22.747  1657  1683 D MobileDataStateTracker: default Received state= CONNECTED, old= CONNECTED, reason= nwTypeChanged, apnTypeList= default,supl,agps,fota,dun
07-26 19:54:22.757  1657  1683 D NetworkStateTracker: setDetailed state, old =CONNECTED and new state=CONNECTED
07-26 19:54:22.807  1853  1853 D RawRadioSignalLevel: mSignalStrength=SignalStrength: 6 -1 -1 -1 -1 -1 -1 gsm 0 0 0 5 -102 -10, numBars=5
07-26 19:54:22.807  1853  1853 D RawRadioSignalLevel: raw_sig_level=-102,raw_ecno_ber=-10,raw_rat=5
07-26 19:54:22.807  1853  1853 D RawRadioSignalLevel: rscp_iconLevel=2, ecno_iconLevel=4
07-26 19:54:22.807  1853  1853 D RawRadioSignalLevel: iconLevel = 2
07-26 19:54:23.289  1499  1666 D         : NVRM_DAEMON(479): queue_dispatch_thread() running
07-26 19:54:23.297  1456  1456 I /system/bin/nvrm_daemon: NVRM_DAEMON(479): queue_dispatch_thread() running
07-26 19:54:24.687  2025  2025 D PollingManager: phone state: 0 home domestic AT&T AT&T 310410  HSPA CSS not supported -1 -1RoamInd: -1DefRoamInd: -1EmergOnly: false
07-26 19:54:24.687  1657  1663 I TelephonyRegistry: notifyServiceState: 0 home domestic AT&T AT&T 310410  HSPA CSS not supported -1 -1RoamInd: -1DefRoamInd: -1EmergOnly: false
07-26 19:54:24.697  2071  2298 I SYS_MPP : WebtopStatusHandler	updateDataIcon()
07-26 19:54:24.697  1853  1853 D RawRadioSignalLevel: mSignalStrength=SignalStrength: 6 -1 -1 -1 -1 -1 -1 gsm 0 0 0 5 -102 -10, numBars=5
07-26 19:54:24.697  1853  1853 D RawRadioSignalLevel: raw_sig_level=-102,raw_ecno_ber=-10,raw_rat=5
07-26 19:54:24.697  1853  1853 D RawRadioSignalLevel: rscp_iconLevel=2, ecno_iconLevel=4
07-26 19:54:24.697  1853  1853 D RawRadioSignalLevel: iconLevel = 2
07-26 19:54:24.697  1853  1853 D StatusBarPolicy: ERI alert sound is disabled.
07-26 19:54:24.737  1657  2067 I TelephonyRegistry: notifyDataConnection: state=2 isDataConnectivityPossible=true reason=nwTypeChanged interfaceName=ppp0 networkType=10
07-26 19:54:24.747  2071  2298 I SYS_MPP : WebtopStatusHandler	updateDataIcon()
07-26 19:54:24.767  1496  1496 I TransactionService: MMS-STATUS - start transaction service, app version=STABLE4.user.4.5.141.2.3.6.Blur_Version.4.5.141.MB860.ATT.en.US.Mon Dec 12 12:42:46 CST 2011 (log=false) (apn=false) (config=false)
07-26 19:54:24.777  2013  2013 D PhoneApp: [NotificationMgr] updateNetworkSelection()...state = 0 new network 
07-26 19:54:24.787  1496  1496 I SmsReceiverService: MMS-STATUS - start sms receiver service, app version=STABLE4.user.4.5.141.2.3.6.Blur_Version.4.5.141.MB860.ATT.en.US.Mon Dec 12 12:42:46 CST 2011 (log=false) (apn=false) (config=false)
07-26 19:54:24.807  1657  1683 D MobileDataStateTracker: replacing old mInterfaceName (ppp0) with ppp0 for hipri
07-26 19:54:24.817  1657  1683 D MobileDataStateTracker: replacing old mInterfaceName (ppp0) with ppp0 for fota
07-26 19:54:24.817  1657  1683 D MobileDataStateTracker: replacing old mInterfaceName (ppp0) with ppp0 for agps
07-26 19:54:24.817  1657  1683 D MobileDataStateTracker: replacing old mInterfaceName (ppp0) with ppp0 for dun
07-26 19:54:24.827  1657  1683 D MobileDataStateTracker: replacing old mInterfaceName (ppp0) with ppp0 for supl
07-26 19:54:24.827  2013  2013 D PhoneApp: [NotificationMgr] hideDataDisconnectedRoaming()...
07-26 19:54:24.827   959   959 D NetStatUtils: Receive a broadcast: android.intent.action.ANY_DATA_STATE
07-26 19:54:24.827   959   959 D NetStatUtils: Received android.intent.action.ANY_DATA_STATE broadcast - state = CONNECTED, unavailable = false
07-26 19:54:24.827   959   959 D NetStatUtils: The APN name is: phone and the interface is: ppp0
07-26 19:54:24.827   959   959 D NetStatUtils: This APN has been recorded before yet.
07-26 19:54:24.827   959   959 D NetStatUtils: This APN has been active yet. the corresponding interface is: ppp0
07-26 19:54:24.837  1657  1683 D MobileDataStateTracker: default Received state= CONNECTED, old= CONNECTED, reason= nwTypeChanged, apnTypeList= default,supl,agps,fota,dun
07-26 19:54:24.837  1657  1683 D NetworkStateTracker: setDetailed state, old =CONNECTED and new state=CONNECTED
07-26 19:54:24.977  3694  3697 D dalvikvm: GC_CONCURRENT freed 1134K, 58% free 3082K/7175K, external 3302K/3817K, paused 4ms+2ms
07-26 19:54:25.237  1499  1676 I         : odm_disp_esd_thread is running(520) state=1
07-26 19:54:28.807  1853  1853 D RawRadioSignalLevel: mSignalStrength=SignalStrength: 5 -1 -1 -1 -1 -1 -1 gsm 0 0 0 5 -103 -15, numBars=5
07-26 19:54:28.807  1853  1853 D RawRadioSignalLevel: raw_sig_level=-103,raw_ecno_ber=-15,raw_rat=5
07-26 19:54:28.807  1853  1853 D RawRadioSignalLevel: rscp_iconLevel=2, ecno_iconLevel=2
07-26 19:54:28.807  1853  1853 D RawRadioSignalLevel: iconLevel = 2
07-26 19:54:30.267  3694  3694 W KeyCharacterMap: Can't open keycharmap file
07-26 19:54:30.267  3694  3694 W KeyCharacterMap: Error loading keycharmap file '/data/usr/keychars/qtouch-obp-ts.kcm.bin'. hw.keyboards.131072.devname='qtouch-obp-ts'
07-26 19:54:30.267  3694  3694 W KeyCharacterMap: Can't open keycharmap file
07-26 19:54:30.267  3694  3694 W KeyCharacterMap: Error loading keycharmap file '/system/usr/keychars/qtouch-obp-ts.kcm.bin'. hw.keyboards.131072.devname='qtouch-obp-ts'
07-26 19:54:30.267  3694  3694 W KeyCharacterMap: Can't open keycharmap file
07-26 19:54:30.267  3694  3694 W KeyCharacterMap: Using default keymap: /system/usr/keychars/qwerty.kcm.bin
07-26 19:54:30.797  1657  2070 I TelephonyRegistry: notifyServiceState: 0 home domestic AT&T AT&T 310410  HSDPA CSS not supported -1 -1RoamInd: -1DefRoamInd: -1EmergOnly: false
07-26 19:54:30.807  2025  2025 D PollingManager: phone state: 0 home domestic AT&T AT&T 310410  HSDPA CSS not supported -1 -1RoamInd: -1DefRoamInd: -1EmergOnly: false
07-26 19:54:30.807  2071  2298 I SYS_MPP : WebtopStatusHandler	updateDataIcon()
07-26 19:54:30.807  1853  1853 D RawRadioSignalLevel: mSignalStrength=SignalStrength: 5 -1 -1 -1 -1 -1 -1 gsm 0 0 0 5 -103 -15, numBars=5
07-26 19:54:30.807  1853  1853 D RawRadioSignalLevel: raw_sig_level=-103,raw_ecno_ber=-15,raw_rat=5
07-26 19:54:30.807  1853  1853 D RawRadioSignalLevel: rscp_iconLevel=2, ecno_iconLevel=2
07-26 19:54:30.807  1853  1853 D RawRadioSignalLevel: iconLevel = 2
07-26 19:54:30.807  1853  1853 D StatusBarPolicy: ERI alert sound is disabled.
07-26 19:54:30.817  1657  2364 I TelephonyRegistry: notifyDataConnection: state=2 isDataConnectivityPossible=true reason=nwTypeChanged interfaceName=ppp0 networkType=8
07-26 19:54:30.827  2071  2298 I SYS_MPP : WebtopStatusHandler	updateDataIcon()
07-26 19:54:30.847   959   959 D NetStatUtils: Receive a broadcast: android.intent.action.ANY_DATA_STATE
07-26 19:54:30.847   959   959 D NetStatUtils: Received android.intent.action.ANY_DATA_STATE broadcast - state = CONNECTED, unavailable = false
07-26 19:54:30.857   959   959 D NetStatUtils: The APN name is: phone and the interface is: ppp0
07-26 19:54:30.857   959   959 D NetStatUtils: This APN has been recorded before yet.
07-26 19:54:30.857   959   959 D NetStatUtils: This APN has been active yet. the corresponding interface is: ppp0
07-26 19:54:30.857  2013  2013 D PhoneApp: [NotificationMgr] updateNetworkSelection()...state = 0 new network 
07-26 19:54:30.867  2013  2013 D PhoneApp: [NotificationMgr] hideDataDisconnectedRoaming()...
07-26 19:54:30.867  1657  1683 D MobileDataStateTracker: replacing old mInterfaceName (ppp0) with ppp0 for hipri
07-26 19:54:30.867  1657  1683 D MobileDataStateTracker: replacing old mInterfaceName (ppp0) with ppp0 for fota
07-26 19:54:30.867  1657  1683 D MobileDataStateTracker: replacing old mInterfaceName (ppp0) with ppp0 for agps
07-26 19:54:30.867  1496  1496 I TransactionService: MMS-STATUS - start transaction service, app version=STABLE4.user.4.5.141.2.3.6.Blur_Version.4.5.141.MB860.ATT.en.US.Mon Dec 12 12:42:46 CST 2011 (log=false) (apn=false) (config=false)
07-26 19:54:30.877  1496  1496 I SmsReceiverService: MMS-STATUS - start sms receiver service, app version=STABLE4.user.4.5.141.2.3.6.Blur_Version.4.5.141.MB860.ATT.en.US.Mon Dec 12 12:42:46 CST 2011 (log=false) (apn=false) (config=false)
07-26 19:54:30.887  1657  1683 D MobileDataStateTracker: replacing old mInterfaceName (ppp0) with ppp0 for dun
07-26 19:54:30.897  1657  1683 D MobileDataStateTracker: replacing old mInterfaceName (ppp0) with ppp0 for supl
07-26 19:54:30.897  1657  1683 D MobileDataStateTracker: default Received state= CONNECTED, old= CONNECTED, reason= nwTypeChanged, apnTypeList= default,supl,agps,fota,dun
07-26 19:54:30.897  1657  1683 D NetworkStateTracker: setDetailed state, old =CONNECTED and new state=CONNECTED
07-26 19:54:33.992  1499  1676 I         : odm_disp_esd_thread is running(269) state=1
